                      :-) GROMACS - gmx mdrun, 2024.3 (-:

Copyright 1991-2024 The GROMACS Authors.
GROMACS is free software; you can redistribute it and/or modify it
under the terms of the GNU Lesser General Public License
as published by the Free Software Foundation; either version 2.1
of the License, or (at your option) any later version.

                         Current GROMACS contributors:
       Mark Abraham           Andrey Alekseenko           Vladimir Basov      
      Cathrine Bergh            Eliane Briand               Ania Brown        
      Mahesh Doijade            Giacomo Fiorin          Stefan Fleischmann    
      Sergey Gorelov         Gilles Gouaillardet            Alan Gray         
     M. Eric Irrgang         Farzaneh Jalalypour            Joe Jordan        
     Carsten Kutzner           Justin A. Lemkul          Magnus Lundborg      
       Pascal Merz              Vedran Miletic            Dmitry Morozov      
       Julien Nabet              Szilard Pall        Andrea Pasquadibisceglie 
    Michele Pellegrino          Hubert Santuz             Roland Schulz       
     Tatiana Shugaeva          Alexey Shvetsov            Philip Turner       
     Alessandra Villa      Sebastian Wingbermuehle  

                         Previous GROMACS contributors:
        Emile Apol             Rossen Apostolov           James Barnett       
        Paul Bauer          Herman J.C. Berendsen          Par Bjelkmar       
      Christian Blau          Viacheslav Bolnykh            Kevin Boyd        
    Aldert van Buuren          Carlo Camilloni           Rudi van Drunen      
      Anton Feenstra           Oliver Fleetwood            Vytas Gapsys       
       Gaurav Garg             Gerrit Groenhof            Bert de Groot       
      Anca Hamuraru           Vincent Hindriksen          Victor Holanda      
     Aleksei Iupinov          Christoph Junghans        Prashanth Kanduri     
   Dimitrios Karkoulis           Peter Kasson             Sebastian Kehl      
     Sebastian Keller             Jiri Kraus               Per Larsson        
      Viveca Lindahl            Erik Marklund           Pieter Meulenhoff     
      Teemu Murtola              Sander Pronk             Michael Shirts      
      Alfons Sijbers            Balint Soproni         David van der Spoel    
      Peter Tieleman            Carsten Uphoff             Jon Vincent        
     Teemu Virolainen         Christian Wennberg           Maarten Wolf       
      Artem Zhmurov       

                  Coordinated by the GROMACS project leaders:
                           Berk Hess and Erik Lindahl

GROMACS:      gmx mdrun, version 2024.3
Executable:   /users/cdohert4/gromacs-2024.3/bin/gmx
Data prefix:  /users/cdohert4/gromacs-2024.3
Working dir:  /oscar/home/cdohert4/Experimental Data/SOX2 Interaction with ES2 -- Test 3
Process ID:   4043337
Command line:
  gmx mdrun -v -deffnm md_0_10

GROMACS version:     2024.3
Precision:           mixed
Memory model:        64 bit
MPI library:         thread_mpi
OpenMP support:      enabled (GMX_OPENMP_MAX_THREADS = 128)
GPU support:         disabled
SIMD instructions:   AVX_512
CPU FFT library:     fftw-3.3.8-sse2-avx-avx2-avx2_128-avx512
GPU FFT library:     none
Multi-GPU FFT:       none
RDTSCP usage:        enabled
TNG support:         enabled
Hwloc support:       disabled
Tracing support:     disabled
C compiler:          /oscar/rt/9.2/software/0.20-generic/0.20.1/opt/spack/linux-rhel9-x86_64_v3/gcc-11.3.1/gcc-13.1.0-nvrtbp3ngdnok3fg22pzxxczitvtu7ge/bin/gcc GNU 13.1.0
C compiler flags:    -fexcess-precision=fast -funroll-all-loops -march=skylake-avx512 -Wno-missing-field-initializers -O3 -DNDEBUG
C++ compiler:        /oscar/rt/9.2/software/0.20-generic/0.20.1/opt/spack/linux-rhel9-x86_64_v3/gcc-11.3.1/gcc-13.1.0-nvrtbp3ngdnok3fg22pzxxczitvtu7ge/bin/g++ GNU 13.1.0
C++ compiler flags:  -fexcess-precision=fast -funroll-all-loops -march=skylake-avx512 -Wno-missing-field-initializers -Wno-cast-function-type-strict -fopenmp -O3 -DNDEBUG
BLAS library:        Internal
LAPACK library:      Internal


Running on 1 node with total 64 cores, 64 processing units
Hardware detected on host node2412.oscar.ccv.brown.edu:
  CPU info:
    Vendor: AMD
    Brand:  AMD EPYC 9684X 96-Core Processor               
    Family: 25   Model: 17   Stepping: 2
    Features: aes amd apic avx avx2 avx512f avx512cd avx512bw avx512vl avx512bf16 avx512secondFMA clfsh cmov cx8 cx16 f16c fma htt lahf misalignsse mmx msr nonstop_tsc pcid pclmuldq pdpe1gb popcnt pse rdrnd rdtscp sha sse2 sse3 sse4a sse4.1 sse4.2 ssse3
  Hardware topology: Basic
    Packages, cores, and logical processors:
    [indices refer to OS logical processors]
      Package  0: [  51] [  52] [  53] [  54] [  55] [  56] [  57] [  58] [  59] [  60] [  61] [  62] [  63]
      Package  1: [ 100] [ 101] [ 102] [ 103] [ 104] [ 105] [ 106] [ 107] [ 108] [ 109] [ 122] [ 123] [ 124] [ 125] [ 126] [ 127] [ 128] [ 129] [ 130] [ 131] [ 132] [ 133] [ 134] [ 135] [ 136] [ 149] [ 150] [ 151] [ 152] [ 153] [ 154] [ 155] [ 156] [ 157] [ 158] [ 159] [ 177] [ 178] [ 179] [ 180] [ 181] [ 182] [ 183] [ 184] [ 185] [ 186] [ 187] [ 188] [ 189] [ 190] [ 191]
    CPU limit set by OS: -1   Recommended max number of threads: 64


++++ PLEASE READ AND CITE THE FOLLOWING REFERENCE ++++
M. J. Abraham, T. Murtola, R. Schulz, S. Páll, J. C. Smith, B. Hess, E.
Lindahl
GROMACS: High performance molecular simulations through multi-level
parallelism from laptops to supercomputers
SoftwareX 1 (2015) pp. 19-25
-------- -------- --- Thank You --- -------- --------


++++ PLEASE READ AND CITE THE FOLLOWING REFERENCE ++++
S. Páll, M. J. Abraham, C. Kutzner, B. Hess, E. Lindahl
Tackling Exascale Software Challenges in Molecular Dynamics Simulations with
GROMACS
In S. Markidis & E. Laure (Eds.), Solving Software Challenges for Exascale 8759 (2015) pp. 3-27
-------- -------- --- Thank You --- -------- --------


++++ PLEASE READ AND CITE THE FOLLOWING REFERENCE ++++
S. Pronk, S. Páll, R. Schulz, P. Larsson, P. Bjelkmar, R. Apostolov, M. R.
Shirts, J. C. Smith, P. M. Kasson, D. van der Spoel, B. Hess, and E. Lindahl
GROMACS 4.5: a high-throughput and highly parallel open source molecular
simulation toolkit
Bioinformatics 29 (2013) pp. 845-54
-------- -------- --- Thank You --- -------- --------


++++ PLEASE READ AND CITE THE FOLLOWING REFERENCE ++++
B. Hess and C. Kutzner and D. van der Spoel and E. Lindahl
GROMACS 4: Algorithms for highly efficient, load-balanced, and scalable
molecular simulation
J. Chem. Theory Comput. 4 (2008) pp. 435-447
-------- -------- --- Thank You --- -------- --------


++++ PLEASE READ AND CITE THE FOLLOWING REFERENCE ++++
D. van der Spoel, E. Lindahl, B. Hess, G. Groenhof, A. E. Mark and H. J. C.
Berendsen
GROMACS: Fast, Flexible and Free
J. Comp. Chem. 26 (2005) pp. 1701-1719
-------- -------- --- Thank You --- -------- --------


++++ PLEASE READ AND CITE THE FOLLOWING REFERENCE ++++
E. Lindahl and B. Hess and D. van der Spoel
GROMACS 3.0: A package for molecular simulation and trajectory analysis
J. Mol. Mod. 7 (2001) pp. 306-317
-------- -------- --- Thank You --- -------- --------


++++ PLEASE READ AND CITE THE FOLLOWING REFERENCE ++++
H. J. C. Berendsen, D. van der Spoel and R. van Drunen
GROMACS: A message-passing parallel molecular dynamics implementation
Comp. Phys. Comm. 91 (1995) pp. 43-56
-------- -------- --- Thank You --- -------- --------


++++ PLEASE CITE THE DOI FOR THIS VERSION OF GROMACS ++++
https://doi.org/10.5281/zenodo.13456374
-------- -------- --- Thank You --- -------- --------

Input Parameters:
   integrator                     = md
   tinit                          = 0
   dt                             = 0.002
   nsteps                         = 500000
   init-step                      = 0
   simulation-part                = 1
   mts                            = false
   mass-repartition-factor        = 1
   comm-mode                      = Linear
   nstcomm                        = 100
   bd-fric                        = 0
   ld-seed                        = -571564834
   emtol                          = 10
   emstep                         = 0.01
   niter                          = 20
   fcstep                         = 0
   nstcgsteep                     = 1000
   nbfgscorr                      = 10
   rtpi                           = 0.05
   nstxout                        = 0
   nstvout                        = 0
   nstfout                        = 0
   nstlog                         = 5000
   nstcalcenergy                  = 100
   nstenergy                      = 5000
   nstxout-compressed             = 5000
   compressed-x-precision         = 1000
   cutoff-scheme                  = Verlet
   nstlist                        = 10
   pbc                            = xyz
   periodic-molecules             = false
   verlet-buffer-tolerance        = 0.005
   verlet-buffer-pressure-tolerance = 0.5
   rlist                          = 1
   coulombtype                    = PME
   coulomb-modifier               = Potential-shift
   rcoulomb-switch                = 0
   rcoulomb                       = 1
   epsilon-r                      = 1
   epsilon-rf                     = inf
   vdw-type                       = Cut-off
   vdw-modifier                   = Potential-shift
   rvdw-switch                    = 0
   rvdw                           = 1
   DispCorr                       = EnerPres
   table-extension                = 1
   fourierspacing                 = 0.16
   fourier-nx                     = 144
   fourier-ny                     = 144
   fourier-nz                     = 144
   pme-order                      = 4
   ewald-rtol                     = 1e-05
   ewald-rtol-lj                  = 0.001
   lj-pme-comb-rule               = Geometric
   ewald-geometry                 = 3d
   epsilon-surface                = 0
   ensemble-temperature-setting   = constant
   ensemble-temperature           = 10
   tcoupl                         = V-rescale
   nsttcouple                     = 10
   nh-chain-length                = 0
   print-nose-hoover-chain-variables = false
   pcoupl                         = Parrinello-Rahman
   pcoupltype                     = Isotropic
   nstpcouple                     = 50
   tau-p                          = 2
   compressibility (3x3):
      compressibility[    0]={ 4.50000e-05,  0.00000e+00,  0.00000e+00}
      compressibility[    1]={ 0.00000e+00,  4.50000e-05,  0.00000e+00}
      compressibility[    2]={ 0.00000e+00,  0.00000e+00,  4.50000e-05}
   ref-p (3x3):
      ref-p[    0]={ 1.00000e+00,  0.00000e+00,  0.00000e+00}
      ref-p[    1]={ 0.00000e+00,  1.00000e+00,  0.00000e+00}
      ref-p[    2]={ 0.00000e+00,  0.00000e+00,  1.00000e+00}
   refcoord-scaling               = No
   posres-com (3):
      posres-com[0]= 0.00000e+00
      posres-com[1]= 0.00000e+00
      posres-com[2]= 0.00000e+00
   posres-comB (3):
      posres-comB[0]= 0.00000e+00
      posres-comB[1]= 0.00000e+00
      posres-comB[2]= 0.00000e+00
   QMMM                           = false
qm-opts:
   ngQM                           = 0
   constraint-algorithm           = Lincs
   continuation                   = true
   Shake-SOR                      = false
   shake-tol                      = 0.0001
   lincs-order                    = 4
   lincs-iter                     = 1
   lincs-warnangle                = 30
   nwall                          = 0
   wall-type                      = 9-3
   wall-r-linpot                  = -1
   wall-atomtype[0]               = -1
   wall-atomtype[1]               = -1
   wall-density[0]                = 0
   wall-density[1]                = 0
   wall-ewald-zfac                = 3
   pull                           = false
   awh                            = false
   rotation                       = false
   interactiveMD                  = false
   disre                          = No
   disre-weighting                = Conservative
   disre-mixed                    = false
   dr-fc                          = 1000
   dr-tau                         = 0
   nstdisreout                    = 100
   orire-fc                       = 0
   orire-tau                      = 0
   nstorireout                    = 100
   free-energy                    = no
   cos-acceleration               = 0
   deform (3x3):
      deform[    0]={ 0.00000e+00,  0.00000e+00,  0.00000e+00}
      deform[    1]={ 0.00000e+00,  0.00000e+00,  0.00000e+00}
      deform[    2]={ 0.00000e+00,  0.00000e+00,  0.00000e+00}
   simulated-tempering            = false
   swapcoords                     = no
   userint1                       = 0
   userint2                       = 0
   userint3                       = 0
   userint4                       = 0
   userreal1                      = 0
   userreal2                      = 0
   userreal3                      = 0
   userreal4                      = 0
   applied-forces:
     electric-field:
       x:
         E0                       = 0
         omega                    = 0
         t0                       = 0
         sigma                    = 0
       y:
         E0                       = 0
         omega                    = 0
         t0                       = 0
         sigma                    = 0
       z:
         E0                       = 0
         omega                    = 0
         t0                       = 0
         sigma                    = 0
     density-guided-simulation:
       active                     = false
       group                      = protein
       similarity-measure         = inner-product
       atom-spreading-weight      = unity
       force-constant             = 1e+09
       gaussian-transform-spreading-width = 0.2
       gaussian-transform-spreading-range-in-multiples-of-width = 4
       reference-density-filename = reference.mrc
       nst                        = 1
       normalize-densities        = true
       adaptive-force-scaling     = false
       adaptive-force-scaling-time-constant = 4
       shift-vector               = 
       transformation-matrix      = 
     qmmm-cp2k:
       active                     = false
       qmgroup                    = System
       qmmethod                   = PBE
       qmfilenames                = 
       qmcharge                   = 0
       qmmultiplicity             = 1
     colvars:
       active                     = false
       configfile                 = 
       seed                       = -1
grpopts:
   nrdf:     3683.99  1.33491e+06
   ref-t:          10          10
   tau-t:         0.1         0.1
annealing:          No          No
annealing-npoints:           0           0
   acc:	           0           0           0
   nfreeze:           N           N           N
   energygrp-flags[  0]: 0

Changing nstlist from 10 to 100, rlist from 1 to 1.012


Initializing Domain Decomposition on 64 ranks
Dynamic load balancing: auto
Using update groups, nr 225855, average size 2.9 atoms, max. radius 0.103 nm
Minimum cell size due to atom displacement: 0.241 nm
Initial maximum distances in bonded interactions:
    two-body bonded interactions: 0.499 nm, LJ-14, atoms 11038 11062
  multi-body bonded interactions: 0.499 nm, Proper Dih., atoms 11038 11062
Minimum cell size due to bonded interactions: 0.549 nm
Scaling the initial minimum size with 1/0.8 (option -dds) = 1.25
Guess for relative PME load: 0.31
Will use 40 particle-particle and 24 PME only ranks
This is a guess, check the performance at the end of the log file
Using 24 separate PME ranks, as guessed by mdrun
Optimizing the DD grid for 40 cells with a minimum initial size of 0.686 nm
The maximum allowed number of cells is: X 24 Y 24 Z 21
Domain decomposition grid 5 x 4 x 2, separate PME ranks 24
PME domain decomposition: 24 x 1 x 1
Interleaving PP and PME ranks
This rank does only particle-particle work.
Domain decomposition rank 0, coordinates 0 0 0

The initial number of communication pulses is: X 1 Y 1 Z 1
The initial domain decomposition cell size is: X 3.40 nm Y 4.25 nm Z 7.36 nm

The maximum allowed distance for atom groups involved in interactions is:
                 non-bonded interactions           1.218 nm
(the following are initial values, they could change due to box deformation)
            two-body bonded interactions  (-rdd)   1.218 nm
          multi-body bonded interactions  (-rdd)   1.218 nm

When dynamic load balancing gets turned on, these settings will change to:
The maximum number of communication pulses is: X 1 Y 1 Z 1
The minimum size for domain decomposition cells is 1.218 nm
The requested allowed shrink of DD cells (option -dds) is: 0.80
The allowed shrink of domain decomposition cells is: X 0.36 Y 0.29 Z 0.17
The maximum allowed distance for atom groups involved in interactions is:
                 non-bonded interactions           1.218 nm
            two-body bonded interactions  (-rdd)   1.218 nm
          multi-body bonded interactions  (-rdd)   1.218 nm

Using 64 MPI threads

Non-default thread affinity set, disabling internal thread affinity

Using 1 OpenMP thread per tMPI thread

System total charge: -0.000
Will do PME sum in reciprocal space for electrostatic interactions.

++++ PLEASE READ AND CITE THE FOLLOWING REFERENCE ++++
U. Essmann, L. Perera, M. L. Berkowitz, T. Darden, H. Lee and L. G. Pedersen 
A smooth particle mesh Ewald method
J. Chem. Phys. 103 (1995) pp. 8577-8592
-------- -------- --- Thank You --- -------- --------

Using a Gaussian width (1/beta) of 0.320163 nm for Ewald
Potential shift: LJ r^-12: -1.000e+00 r^-6: -1.000e+00, Ewald -1.000e-05
Initialized non-bonded Coulomb Ewald tables, spacing: 9.33e-04 size: 1073

Generated table with 1006 data points for 1-4 COUL.
Tabscale = 500 points/nm
Generated table with 1006 data points for 1-4 LJ6.
Tabscale = 500 points/nm
Generated table with 1006 data points for 1-4 LJ12.
Tabscale = 500 points/nm
Long Range LJ corr.: <C6> 2.8944e-04


Using SIMD2xMM 4x8 nonbonded short-range kernels

Using a 4x8 pair-list setup:
  updated every 100 steps, buffer 0.012 nm, rlist 1.012 nm
At tolerance 0.005 kJ/mol/ps per atom, equivalent classical 1x1 list would be:
  updated every 100 steps, buffer 0.050 nm, rlist 1.050 nm

The average pressure is off by at most 0.22 bar due to missing LJ interactions

Using Lorentz-Berthelot Lennard-Jones combination rule

Linking all bonded interactions to atoms


Initializing LINear Constraint Solver

++++ PLEASE READ AND CITE THE FOLLOWING REFERENCE ++++
B. Hess and H. Bekker and H. J. C. Berendsen and J. G. E. M. Fraaije
LINCS: A Linear Constraint Solver for molecular simulations
J. Comp. Chem. 18 (1997) pp. 1463-1472
-------- -------- --- Thank You --- -------- --------

The number of constraints is 4549

++++ PLEASE READ AND CITE THE FOLLOWING REFERENCE ++++
S. Miyamoto and P. A. Kollman
SETTLE: An Analytical Version of the SHAKE and RATTLE Algorithms for Rigid
Water Models
J. Comp. Chem. 13 (1992) pp. 952-962
-------- -------- --- Thank You --- -------- --------


Intra-simulation communication will occur every 10 steps.

++++ PLEASE READ AND CITE THE FOLLOWING REFERENCE ++++
G. Bussi, D. Donadio and M. Parrinello
Canonical sampling through velocity rescaling
J. Chem. Phys. 126 (2007) pp. 014101
-------- -------- --- Thank You --- -------- --------

There are: 665026 Atoms
Atom distribution over 40 domains: av 16625 stddev 175 min 16362 max 16823
Center of mass motion removal mode is Linear
We have the following groups for center of mass motion removal:
  0:  rest

Started mdrun on rank 0 Sat Nov 29 15:00:02 2025

           Step           Time
              0        0.00000

   Energies (kJ/mol)
           Bond          Angle    Proper Dih. Per. Imp. Dih.          LJ-14
    8.63149e+03    9.74161e+03    3.75769e+04    2.07764e+02    1.37347e+04
     Coulomb-14        LJ (SR)  Disper. corr.   Coulomb (SR)   Coul. recip.
   -1.40372e+05    2.37732e+06   -8.39094e+04   -1.38546e+07    2.50767e+04
      Potential    Kinetic En.   Total Energy  Conserved En.    Temperature
   -1.16066e+07    5.56986e+04   -1.15509e+07   -1.15505e+07    1.00090e+01
 Pres. DC (bar) Pressure (bar)   Constr. rmsd
   -2.18547e+02   -3.87334e+02    4.44961e-06


DD  step 99 load imb.: force  3.2%  pme mesh/force 0.756

step 300 Turning on dynamic load balancing, because the performance loss due to load imbalance is 2.9 %.
step 1100: timed with pme grid 144 144 144, coulomb cutoff 1.000: 1913.4 M-cycles
step 1300: timed with pme grid 120 120 120, coulomb cutoff 1.084: 2239.1 M-cycles
step 1500: timed with pme grid 128 128 128, coulomb cutoff 1.017: 1886.2 M-cycles
step 1700: timed with pme grid 144 144 144, coulomb cutoff 1.000: 1767.1 M-cycles
step 1900: timed with pme grid 128 128 128, coulomb cutoff 1.017: 1906.7 M-cycles
step 2000 Turning off dynamic load balancing, because it is degrading performance.
Atom distribution over 40 domains: av 16625 stddev 177 min 16423 max 16893
step 2100: timed with pme grid 144 144 144, coulomb cutoff 1.000: 1838.7 M-cycles
              optimal pme grid 144 144 144, coulomb cutoff 1.000

DD  step 4999 load imb.: force  3.0%  pme mesh/force 0.710
           Step           Time
           5000       10.00000

   Energies (kJ/mol)
           Bond          Angle    Proper Dih. Per. Imp. Dih.          LJ-14
    8.65502e+03    9.60671e+03    3.75359e+04    2.19657e+02    1.37369e+04
     Coulomb-14        LJ (SR)  Disper. corr.   Coulomb (SR)   Coul. recip.
   -1.40690e+05    2.41824e+06   -8.45144e+04   -1.38983e+07    2.47233e+04
      Potential    Kinetic En.   Total Energy  Conserved En.    Temperature
   -1.16108e+07    5.57975e+04   -1.15550e+07   -1.15393e+07    1.00268e+01
 Pres. DC (bar) Pressure (bar)   Constr. rmsd
   -2.21706e+02    7.79629e+01    4.38717e-06


DD  step 9999 load imb.: force  3.5%  pme mesh/force 0.735
           Step           Time
          10000       20.00000

   Energies (kJ/mol)
           Bond          Angle    Proper Dih. Per. Imp. Dih.          LJ-14
    8.67405e+03    9.64427e+03    3.75406e+04    2.21286e+02    1.38753e+04
     Coulomb-14        LJ (SR)  Disper. corr.   Coulomb (SR)   Coul. recip.
   -1.40542e+05    2.44743e+06   -8.50960e+04   -1.39279e+07    2.44250e+04
      Potential    Kinetic En.   Total Energy  Conserved En.    Temperature
   -1.16118e+07    5.57975e+04   -1.15560e+07   -1.15252e+07    1.00268e+01
 Pres. DC (bar) Pressure (bar)   Constr. rmsd
   -2.24764e+02    4.62815e+02    4.33877e-06


DD  step 14999 load imb.: force  3.6%  pme mesh/force 0.739
           Step           Time
          15000       30.00000

   Energies (kJ/mol)
           Bond          Angle    Proper Dih. Per. Imp. Dih.          LJ-14
    8.50001e+03    9.64450e+03    3.75707e+04    2.23097e+02    1.38812e+04
     Coulomb-14        LJ (SR)  Disper. corr.   Coulomb (SR)   Coul. recip.
   -1.40588e+05    2.40012e+06   -8.44251e+04   -1.38837e+07    2.44364e+04
      Potential    Kinetic En.   Total Energy  Conserved En.    Temperature
   -1.16143e+07    5.60379e+04   -1.15583e+07   -1.15031e+07    1.00700e+01
 Pres. DC (bar) Pressure (bar)   Constr. rmsd
   -2.21239e+02   -6.58096e+01    4.30799e-06


DD  step 19999 load imb.: force  3.8%  pme mesh/force 0.758

step 20000 Turning on dynamic load balancing, because the performance loss due to load imbalance is 3.6 %.
           Step           Time
          20000       40.00000

   Energies (kJ/mol)
           Bond          Angle    Proper Dih. Per. Imp. Dih.          LJ-14
    8.67996e+03    9.73490e+03    3.75927e+04    2.11284e+02    1.37278e+04
     Coulomb-14        LJ (SR)  Disper. corr.   Coulomb (SR)   Coul. recip.
   -1.40667e+05    2.34065e+06   -8.36253e+04   -1.38256e+07    2.45027e+04
      Potential    Kinetic En.   Total Energy  Conserved En.    Temperature
   -1.16148e+07    5.56437e+04   -1.15592e+07   -1.14687e+07    9.99915e+00
 Pres. DC (bar) Pressure (bar)   Constr. rmsd
   -2.17071e+02   -7.32533e+02    4.32235e-06

step 22000 Turning off dynamic load balancing, because it is degrading performance.
Atom distribution over 40 domains: av 16625 stddev 174 min 16409 max 16829

DD  step 24999 load imb.: force  3.6%  pme mesh/force 0.742
           Step           Time
          25000       50.00000

   Energies (kJ/mol)
           Bond          Angle    Proper Dih. Per. Imp. Dih.          LJ-14
    8.90974e+03    9.73858e+03    3.75680e+04    2.24399e+02    1.37532e+04
     Coulomb-14        LJ (SR)  Disper. corr.   Coulomb (SR)   Coul. recip.
   -1.40770e+05    2.47155e+06   -8.57037e+04   -1.39570e+07    2.36920e+04
      Potential    Kinetic En.   Total Energy  Conserved En.    Temperature
   -1.16180e+07    5.65038e+04   -1.15615e+07   -1.14092e+07    1.01537e+01
 Pres. DC (bar) Pressure (bar)   Constr. rmsd
   -2.27982e+02    7.65017e+02    4.26039e-06


DD  step 29999 load imb.: force  3.3%  pme mesh/force 0.732

step 30000 Will no longer try dynamic load balancing, as it degraded performance.
           Step           Time
          30000       60.00000

   Energies (kJ/mol)
           Bond          Angle    Proper Dih. Per. Imp. Dih.          LJ-14
    8.56368e+03    9.92208e+03    3.76116e+04    2.16058e+02    1.39548e+04
     Coulomb-14        LJ (SR)  Disper. corr.   Coulomb (SR)   Coul. recip.
   -1.40667e+05    2.39126e+06   -8.46631e+04   -1.38858e+07    2.35425e+04
      Potential    Kinetic En.   Total Energy  Conserved En.    Temperature
   -1.16261e+07    5.72606e+04   -1.15688e+07   -1.13290e+07    1.02897e+01
 Pres. DC (bar) Pressure (bar)   Constr. rmsd
   -2.22486e+02   -9.64637e+01    4.29846e-06


DD  step 34999 load imb.: force  3.5%  pme mesh/force 0.756
           Step           Time
          35000       70.00000

   Energies (kJ/mol)
           Bond          Angle    Proper Dih. Per. Imp. Dih.          LJ-14
    8.95423e+03    9.93028e+03    3.74779e+04    2.21354e+02    1.36793e+04
     Coulomb-14        LJ (SR)  Disper. corr.   Coulomb (SR)   Coul. recip.
   -1.40865e+05    2.36596e+06   -8.42843e+04   -1.38654e+07    2.32536e+04
      Potential    Kinetic En.   Total Energy  Conserved En.    Temperature
   -1.16311e+07    5.62642e+04   -1.15748e+07   -1.12350e+07    1.01107e+01
 Pres. DC (bar) Pressure (bar)   Constr. rmsd
   -2.20502e+02   -4.51852e+02    4.21316e-06


DD  step 39999 load imb.: force  4.0%  pme mesh/force 0.667
           Step           Time
          40000       80.00000

   Energies (kJ/mol)
           Bond          Angle    Proper Dih. Per. Imp. Dih.          LJ-14
    8.67774e+03    9.97513e+03    3.76010e+04    2.16044e+02    1.40046e+04
     Coulomb-14        LJ (SR)  Disper. corr.   Coulomb (SR)   Coul. recip.
   -1.40550e+05    2.46128e+06   -8.58546e+04   -1.39638e+07    2.26240e+04
      Potential    Kinetic En.   Total Energy  Conserved En.    Temperature
   -1.16358e+07    5.71276e+04   -1.15786e+07   -1.11336e+07    1.02658e+01
 Pres. DC (bar) Pressure (bar)   Constr. rmsd
   -2.28785e+02    7.08075e+02    4.22115e-06


DD  step 44999 load imb.: force  6.3%  pme mesh/force 0.706
           Step           Time
          45000       90.00000

   Energies (kJ/mol)
           Bond          Angle    Proper Dih. Per. Imp. Dih.          LJ-14
    8.86278e+03    1.00070e+04    3.74992e+04    2.22150e+02    1.36612e+04
     Coulomb-14        LJ (SR)  Disper. corr.   Coulomb (SR)   Coul. recip.
   -1.40898e+05    2.33002e+06   -8.39467e+04   -1.38374e+07    2.29755e+04
      Potential    Kinetic En.   Total Energy  Conserved En.    Temperature
   -1.16390e+07    5.60826e+04   -1.15830e+07   -1.10172e+07    1.00780e+01
 Pres. DC (bar) Pressure (bar)   Constr. rmsd
   -2.18741e+02   -8.37593e+02    4.29208e-06


DD  step 49999 load imb.: force  5.0%  pme mesh/force 0.715
           Step           Time
          50000      100.00000

   Energies (kJ/mol)
           Bond          Angle    Proper Dih. Per. Imp. Dih.          LJ-14
    8.61582e+03    1.00235e+04    3.76155e+04    2.22353e+02    1.40411e+04
     Coulomb-14        LJ (SR)  Disper. corr.   Coulomb (SR)   Coul. recip.
   -1.40658e+05    2.46015e+06   -8.59197e+04   -1.39701e+07    2.22546e+04
      Potential    Kinetic En.   Total Energy  Conserved En.    Temperature
   -1.16437e+07    5.74534e+04   -1.15863e+07   -1.08857e+07    1.03244e+01
 Pres. DC (bar) Pressure (bar)   Constr. rmsd
   -2.29132e+02    6.99729e+02    4.29436e-06


DD  step 54999 load imb.: force  3.5%  pme mesh/force 0.774
           Step           Time
          55000      110.00000

   Energies (kJ/mol)
           Bond          Angle    Proper Dih. Per. Imp. Dih.          LJ-14
    9.04629e+03    1.00004e+04    3.74775e+04    2.30815e+02    1.36243e+04
     Coulomb-14        LJ (SR)  Disper. corr.   Coulomb (SR)   Coul. recip.
   -1.40967e+05    2.39012e+06   -8.48369e+04   -1.39047e+07    2.24447e+04
      Potential    Kinetic En.   Total Energy  Conserved En.    Temperature
   -1.16476e+07    5.68716e+04   -1.15907e+07   -1.07336e+07    1.02198e+01
 Pres. DC (bar) Pressure (bar)   Constr. rmsd
   -2.23399e+02   -1.97525e+02    4.35944e-06


DD  step 59999 load imb.: force  2.7%  pme mesh/force 0.760
           Step           Time
          60000      120.00000

   Energies (kJ/mol)
           Bond          Angle    Proper Dih. Per. Imp. Dih.          LJ-14
    8.60760e+03    1.01282e+04    3.76214e+04    2.18613e+02    1.39575e+04
     Coulomb-14        LJ (SR)  Disper. corr.   Coulomb (SR)   Coul. recip.
   -1.40703e+05    2.33928e+06   -8.42579e+04   -1.38574e+07    2.23622e+04
      Potential    Kinetic En.   Total Energy  Conserved En.    Temperature
   -1.16502e+07    5.86233e+04   -1.15916e+07   -1.05591e+07    1.05346e+01
 Pres. DC (bar) Pressure (bar)   Constr. rmsd
   -2.20364e+02   -6.71221e+02    4.32151e-06


DD  step 64999 load imb.: force  3.4%  pme mesh/force 0.752
           Step           Time
          65000      130.00000

   Energies (kJ/mol)
           Bond          Angle    Proper Dih. Per. Imp. Dih.          LJ-14
    9.04598e+03    1.00213e+04    3.74891e+04    2.26631e+02    1.38164e+04
     Coulomb-14        LJ (SR)  Disper. corr.   Coulomb (SR)   Coul. recip.
   -1.40635e+05    2.54284e+06   -8.72233e+04   -1.40514e+07    2.15700e+04
      Potential    Kinetic En.   Total Energy  Conserved En.    Temperature
   -1.16443e+07    5.75608e+04   -1.15867e+07   -1.03751e+07    1.03437e+01
 Pres. DC (bar) Pressure (bar)   Constr. rmsd
   -2.36130e+02    1.65132e+03    4.30089e-06


DD  step 69999 load imb.: force 13.4%  pme mesh/force 2.594
           Step           Time
          70000      140.00000

   Energies (kJ/mol)
           Bond          Angle    Proper Dih. Per. Imp. Dih.          LJ-14
    8.80910e+03    1.02329e+04    3.75812e+04    2.15758e+02    1.36438e+04
     Coulomb-14        LJ (SR)  Disper. corr.   Coulomb (SR)   Coul. recip.
   -1.40859e+05    2.24062e+06   -8.30538e+04   -1.37576e+07    2.23257e+04
      Potential    Kinetic En.   Total Energy  Conserved En.    Temperature
   -1.16480e+07    5.65544e+04   -1.15915e+07   -1.01608e+07    1.01628e+01
 Pres. DC (bar) Pressure (bar)   Constr. rmsd
   -2.14118e+02   -1.75092e+03    4.27900e-06


DD  step 74999 load imb.: force  3.8%  pme mesh/force 0.716
           Step           Time
          75000      150.00000

   Energies (kJ/mol)
           Bond          Angle    Proper Dih. Per. Imp. Dih.          LJ-14
    8.65703e+03    1.02567e+04    3.76069e+04    2.21746e+02    1.40589e+04
     Coulomb-14        LJ (SR)  Disper. corr.   Coulomb (SR)   Coul. recip.
   -1.40775e+05    2.43083e+06   -8.56878e+04   -1.39557e+07    2.15653e+04
      Potential    Kinetic En.   Total Energy  Conserved En.    Temperature
   -1.16590e+07    5.96191e+04   -1.15994e+07   -9.92332e+06    1.07135e+01
 Pres. DC (bar) Pressure (bar)   Constr. rmsd
   -2.27898e+02    3.66770e+02    4.41824e-06


DD  step 79999 load imb.: force  3.9%  pme mesh/force 0.729
           Step           Time
          80000      160.00000

   Energies (kJ/mol)
           Bond          Angle    Proper Dih. Per. Imp. Dih.          LJ-14
    9.14136e+03    1.01209e+04    3.74568e+04    2.34051e+02    1.38209e+04
     Coulomb-14        LJ (SR)  Disper. corr.   Coulomb (SR)   Coul. recip.
   -1.40889e+05    2.53735e+06   -8.71462e+04   -1.40527e+07    2.13209e+04
      Potential    Kinetic En.   Total Energy  Conserved En.    Temperature
   -1.16513e+07    5.82778e+04   -1.15930e+07   -9.66702e+06    1.04725e+01
 Pres. DC (bar) Pressure (bar)   Constr. rmsd
   -2.35713e+02    1.56233e+03    4.29999e-06

Writing checkpoint, step 80800 at Sat Nov 29 15:15:03 2025



DD  step 84999 load imb.: force  3.5%  pme mesh/force 0.749
           Step           Time
          85000      170.00000

   Energies (kJ/mol)
           Bond          Angle    Proper Dih. Per. Imp. Dih.          LJ-14
    8.91270e+03    1.02911e+04    3.75544e+04    2.18630e+02    1.36107e+04
     Coulomb-14        LJ (SR)  Disper. corr.   Coulomb (SR)   Coul. recip.
   -1.41046e+05    2.23381e+06   -8.30312e+04   -1.37558e+07    2.20682e+04
      Potential    Kinetic En.   Total Energy  Conserved En.    Temperature
   -1.16535e+07    5.68615e+04   -1.15966e+07   -9.42082e+06    1.02180e+01
 Pres. DC (bar) Pressure (bar)   Constr. rmsd
   -2.14001e+02   -1.82915e+03    4.31564e-06


DD  step 89999 load imb.: force  4.0%  pme mesh/force 0.728
           Step           Time
          90000      180.00000

   Energies (kJ/mol)
           Bond          Angle    Proper Dih. Per. Imp. Dih.          LJ-14
    8.64353e+03    1.03055e+04    3.76484e+04    2.21895e+02    1.39809e+04
     Coulomb-14        LJ (SR)  Disper. corr.   Coulomb (SR)   Coul. recip.
   -1.40783e+05    2.39318e+06   -8.52279e+04   -1.39239e+07    2.14789e+04
      Potential    Kinetic En.   Total Energy  Conserved En.    Temperature
   -1.16644e+07    6.01971e+04   -1.16042e+07   -9.15720e+06    1.08174e+01
 Pres. DC (bar) Pressure (bar)   Constr. rmsd
   -2.25461e+02   -6.14137e+01    4.37740e-06


DD  step 94999 load imb.: force  4.3%  pme mesh/force 0.719
           Step           Time
          95000      190.00000

   Energies (kJ/mol)
           Bond          Angle    Proper Dih. Per. Imp. Dih.          LJ-14
    9.12235e+03    1.01412e+04    3.74830e+04    2.31378e+02    1.38845e+04
     Coulomb-14        LJ (SR)  Disper. corr.   Coulomb (SR)   Coul. recip.
   -1.40918e+05    2.56801e+06   -8.77311e+04   -1.40838e+07    2.09700e+04
      Potential    Kinetic En.   Total Energy  Conserved En.    Temperature
   -1.16526e+07    5.79810e+04   -1.15946e+07   -8.89708e+06    1.04192e+01
 Pres. DC (bar) Pressure (bar)   Constr. rmsd
   -2.38884e+02    1.97776e+03    4.24947e-06


DD  step 99999 load imb.: force  4.2%  pme mesh/force 0.739
           Step           Time
         100000      200.00000

   Energies (kJ/mol)
           Bond          Angle    Proper Dih. Per. Imp. Dih.          LJ-14
    9.11610e+03    1.02885e+04    3.74333e+04    2.27961e+02    1.35726e+04
     Coulomb-14        LJ (SR)  Disper. corr.   Coulomb (SR)   Coul. recip.
   -1.41071e+05    2.29206e+06   -8.38377e+04   -1.38228e+07    2.18306e+04
      Potential    Kinetic En.   Total Energy  Conserved En.    Temperature
   -1.16632e+07    5.68344e+04   -1.16064e+07   -8.64069e+06    1.02131e+01
 Pres. DC (bar) Pressure (bar)   Constr. rmsd
   -2.18174e+02   -1.25637e+03    4.31698e-06


DD  step 104999 load imb.: force  3.7%  pme mesh/force 0.724
           Step           Time
         105000      210.00000

   Energies (kJ/mol)
           Bond          Angle    Proper Dih. Per. Imp. Dih.          LJ-14
    8.63656e+03    1.03099e+04    3.76507e+04    2.18402e+02    1.38749e+04
     Coulomb-14        LJ (SR)  Disper. corr.   Coulomb (SR)   Coul. recip.
   -1.40696e+05    2.27615e+06   -8.36748e+04   -1.38074e+07    2.16450e+04
      Potential    Kinetic En.   Total Energy  Conserved En.    Temperature
   -1.16632e+07    5.98978e+04   -1.16034e+07   -8.35009e+06    1.07636e+01
 Pres. DC (bar) Pressure (bar)   Constr. rmsd
   -2.17328e+02   -1.34555e+03    4.41961e-06


DD  step 109999 load imb.: force  3.5%  pme mesh/force 0.702
           Step           Time
         110000      220.00000

   Energies (kJ/mol)
           Bond          Angle    Proper Dih. Per. Imp. Dih.          LJ-14
    9.01233e+03    1.03527e+04    3.75728e+04    2.31892e+02    1.40640e+04
     Coulomb-14        LJ (SR)  Disper. corr.   Coulomb (SR)   Coul. recip.
   -1.40769e+05    2.55175e+06   -8.76269e+04   -1.40757e+07    2.07641e+04
      Potential    Kinetic En.   Total Energy  Conserved En.    Temperature
   -1.16604e+07    5.81976e+04   -1.16022e+07   -8.08054e+06    1.04581e+01
 Pres. DC (bar) Pressure (bar)   Constr. rmsd
   -2.38317e+02    1.82091e+03    4.26436e-06


DD  step 114999 load imb.: force  3.0%  pme mesh/force 0.779
           Step           Time
         115000      230.00000

   Energies (kJ/mol)
           Bond          Angle    Proper Dih. Per. Imp. Dih.          LJ-14
    9.32966e+03    1.03621e+04    3.74557e+04    2.35636e+02    1.37117e+04
     Coulomb-14        LJ (SR)  Disper. corr.   Coulomb (SR)   Coul. recip.
   -1.41106e+05    2.49386e+06   -8.65168e+04   -1.40240e+07    2.10338e+04
      Potential    Kinetic En.   Total Energy  Conserved En.    Temperature
   -1.16657e+07    5.87589e+04   -1.16069e+07   -7.77739e+06    1.05590e+01
 Pres. DC (bar) Pressure (bar)   Constr. rmsd
   -2.32324e+02    9.85400e+02    4.31307e-06


DD  step 119999 load imb.: force  3.2%  pme mesh/force 0.763
           Step           Time
         120000      240.00000

   Energies (kJ/mol)
           Bond          Angle    Proper Dih. Per. Imp. Dih.          LJ-14
    8.95980e+03    1.03825e+04    3.74671e+04    2.21644e+02    1.35816e+04
     Coulomb-14        LJ (SR)  Disper. corr.   Coulomb (SR)   Coul. recip.
   -1.41096e+05    2.21792e+06   -8.29594e+04   -1.37481e+07    2.17138e+04
      Potential    Kinetic En.   Total Energy  Conserved En.    Temperature
   -1.16619e+07    5.69844e+04   -1.16049e+07   -7.48685e+06    1.02401e+01
 Pres. DC (bar) Pressure (bar)   Constr. rmsd
   -2.13632e+02   -2.00357e+03    4.36899e-06


DD  step 124999 load imb.: force  3.4%  pme mesh/force 0.738
           Step           Time
         125000      250.00000

   Energies (kJ/mol)
           Bond          Angle    Proper Dih. Per. Imp. Dih.          LJ-14
    8.64168e+03    1.04127e+04    3.76279e+04    2.19712e+02    1.39829e+04
     Coulomb-14        LJ (SR)  Disper. corr.   Coulomb (SR)   Coul. recip.
   -1.40671e+05    2.30670e+06   -8.41431e+04   -1.38445e+07    2.12771e+04
      Potential    Kinetic En.   Total Energy  Conserved En.    Temperature
   -1.16704e+07    6.08056e+04   -1.16096e+07   -7.16576e+06    1.09267e+01
 Pres. DC (bar) Pressure (bar)   Constr. rmsd
   -2.19764e+02   -1.01316e+03    4.36004e-06


DD  step 129999 load imb.: force  5.9%  pme mesh/force 0.681
           Step           Time
         130000      260.00000

   Energies (kJ/mol)
           Bond          Angle    Proper Dih. Per. Imp. Dih.          LJ-14
    8.96848e+03    1.03139e+04    3.75651e+04    2.27986e+02    1.40813e+04
     Coulomb-14        LJ (SR)  Disper. corr.   Coulomb (SR)   Coul. recip.
   -1.40765e+05    2.55387e+06   -8.76902e+04   -1.40824e+07    2.05654e+04
      Potential    Kinetic En.   Total Energy  Conserved En.    Temperature
   -1.16653e+07    5.86805e+04   -1.16066e+07   -6.87144e+06    1.05449e+01
 Pres. DC (bar) Pressure (bar)   Constr. rmsd
   -2.38662e+02    1.84440e+03    4.35858e-06


DD  step 134999 load imb.: force  3.0%  pme mesh/force 0.745
           Step           Time
         135000      270.00000

   Energies (kJ/mol)
           Bond          Angle    Proper Dih. Per. Imp. Dih.          LJ-14
    9.26642e+03    1.02240e+04    3.74650e+04    2.37271e+02    1.37733e+04
     Coulomb-14        LJ (SR)  Disper. corr.   Coulomb (SR)   Coul. recip.
   -1.40975e+05    2.53596e+06   -8.71808e+04   -1.40655e+07    2.07006e+04
      Potential    Kinetic En.   Total Energy  Conserved En.    Temperature
   -1.16660e+07    5.90534e+04   -1.16070e+07   -6.54989e+06    1.06119e+01
 Pres. DC (bar) Pressure (bar)   Constr. rmsd
   -2.35900e+02    1.50620e+03    4.33613e-06


DD  step 139999 load imb.: force  7.3%  pme mesh/force 0.695
           Step           Time
         140000      280.00000

   Energies (kJ/mol)
           Bond          Angle    Proper Dih. Per. Imp. Dih.          LJ-14
    9.13841e+03    1.04223e+04    3.73939e+04    2.23078e+02    1.35415e+04
     Coulomb-14        LJ (SR)  Disper. corr.   Coulomb (SR)   Coul. recip.
   -1.41173e+05    2.25119e+06   -8.34384e+04   -1.37878e+07    2.14605e+04
      Potential    Kinetic En.   Total Energy  Conserved En.    Temperature
   -1.16690e+07    5.67305e+04   -1.16123e+07   -6.24564e+06    1.01944e+01
 Pres. DC (bar) Pressure (bar)   Constr. rmsd
   -2.16103e+02   -1.67995e+03    4.29227e-06


DD  step 144999 load imb.: force  4.0%  pme mesh/force 0.675
           Step           Time
         145000      290.00000

   Energies (kJ/mol)
           Bond          Angle    Proper Dih. Per. Imp. Dih.          LJ-14
    8.68763e+03    1.04319e+04    3.76929e+04    2.22718e+02    1.38695e+04
     Coulomb-14        LJ (SR)  Disper. corr.   Coulomb (SR)   Coul. recip.
   -1.40807e+05    2.22941e+06   -8.31707e+04   -1.37643e+07    2.13725e+04
      Potential    Kinetic En.   Total Energy  Conserved En.    Temperature
   -1.16666e+07    5.99781e+04   -1.16066e+07   -5.89291e+06    1.07781e+01
 Pres. DC (bar) Pressure (bar)   Constr. rmsd
   -2.14720e+02   -1.83208e+03    4.37221e-06


DD  step 149999 load imb.: force  4.6%  pme mesh/force 0.727
           Step           Time
         150000      300.00000

   Energies (kJ/mol)
           Bond          Angle    Proper Dih. Per. Imp. Dih.          LJ-14
    8.82769e+03    1.04446e+04    3.76219e+04    2.24040e+02    1.41608e+04
     Coulomb-14        LJ (SR)  Disper. corr.   Coulomb (SR)   Coul. recip.
   -1.40762e+05    2.48288e+06   -8.66582e+04   -1.40229e+07    2.05316e+04
      Potential    Kinetic En.   Total Energy  Conserved En.    Temperature
   -1.16756e+07    6.06900e+04   -1.16149e+07   -5.55479e+06    1.09060e+01
 Pres. DC (bar) Pressure (bar)   Constr. rmsd
   -2.33083e+02    9.83714e+02    4.33189e-06


DD  step 154999 load imb.: force  4.1%  pme mesh/force 0.759
           Step           Time
         155000      310.00000

   Energies (kJ/mol)
           Bond          Angle    Proper Dih. Per. Imp. Dih.          LJ-14
    9.25584e+03    1.03237e+04    3.75364e+04    2.40768e+02    1.39588e+04
     Coulomb-14        LJ (SR)  Disper. corr.   Coulomb (SR)   Coul. recip.
   -1.40940e+05    2.60771e+06   -8.84456e+04   -1.41286e+07    2.02270e+04
      Potential    Kinetic En.   Total Energy  Conserved En.    Temperature
   -1.16587e+07    5.89018e+04   -1.15998e+07   -5.18591e+06    1.05846e+01
 Pres. DC (bar) Pressure (bar)   Constr. rmsd
   -2.42786e+02    2.49166e+03    4.32225e-06


DD  step 159999 load imb.: force  3.8%  pme mesh/force 0.777
           Step           Time
         160000      320.00000

   Energies (kJ/mol)
           Bond          Angle    Proper Dih. Per. Imp. Dih.          LJ-14
    9.45557e+03    1.04606e+04    3.74041e+04    2.27081e+02    1.35981e+04
     Coulomb-14        LJ (SR)  Disper. corr.   Coulomb (SR)   Coul. recip.
   -1.41236e+05    2.42312e+06   -8.56404e+04   -1.39646e+07    2.08375e+04
      Potential    Kinetic En.   Total Energy  Conserved En.    Temperature
   -1.16764e+07    5.88456e+04   -1.16176e+07   -4.81009e+06    1.05745e+01
 Pres. DC (bar) Pressure (bar)   Constr. rmsd
   -2.27646e+02    1.41493e+02    4.37228e-06

Writing checkpoint, step 161700 at Sat Nov 29 15:30:03 2025



DD  step 164999 load imb.: force  4.1%  pme mesh/force 0.746
           Step           Time
         165000      330.00000

   Energies (kJ/mol)
           Bond          Angle    Proper Dih. Per. Imp. Dih.          LJ-14
    9.05921e+03    1.04810e+04    3.74963e+04    2.10425e+02    1.35613e+04
     Coulomb-14        LJ (SR)  Disper. corr.   Coulomb (SR)   Coul. recip.
   -1.41092e+05    2.18306e+06   -8.26266e+04   -1.37165e+07    2.14220e+04
      Potential    Kinetic En.   Total Energy  Conserved En.    Temperature
   -1.16649e+07    5.73443e+04   -1.16076e+07   -4.42265e+06    1.03048e+01
 Pres. DC (bar) Pressure (bar)   Constr. rmsd
   -2.11923e+02   -2.35693e+03    4.36196e-06


DD  step 169999 load imb.: force  3.8%  pme mesh/force 0.753
           Step           Time
         170000      340.00000

   Energies (kJ/mol)
           Bond          Angle    Proper Dih. Per. Imp. Dih.          LJ-14
    8.67255e+03    1.05060e+04    3.76633e+04    2.18997e+02    1.39417e+04
     Coulomb-14        LJ (SR)  Disper. corr.   Coulomb (SR)   Coul. recip.
   -1.40611e+05    2.25007e+06   -8.35030e+04   -1.37907e+07    2.10553e+04
      Potential    Kinetic En.   Total Energy  Conserved En.    Temperature
   -1.16727e+07    6.11395e+04   -1.16116e+07   -4.01137e+06    1.09867e+01
 Pres. DC (bar) Pressure (bar)   Constr. rmsd
   -2.16438e+02   -1.61114e+03    4.37074e-06


DD  step 174999 load imb.: force  4.0%  pme mesh/force 0.734
           Step           Time
         175000      350.00000

   Energies (kJ/mol)
           Bond          Angle    Proper Dih. Per. Imp. Dih.          LJ-14
    8.86076e+03    1.05010e+04    3.76303e+04    2.27418e+02    1.41688e+04
     Coulomb-14        LJ (SR)  Disper. corr.   Coulomb (SR)   Coul. recip.
   -1.40771e+05    2.50084e+06   -8.69501e+04   -1.40428e+07    2.02991e+04
      Potential    Kinetic En.   Total Energy  Conserved En.    Temperature
   -1.16780e+07    6.07238e+04   -1.16173e+07   -3.64197e+06    1.09120e+01
 Pres. DC (bar) Pressure (bar)   Constr. rmsd
   -2.34654e+02    1.19660e+03    4.30957e-06


DD  step 179999 load imb.: force  4.2%  pme mesh/force 0.754
           Step           Time
         180000      360.00000

   Energies (kJ/mol)
           Bond          Angle    Proper Dih. Per. Imp. Dih.          LJ-14
    9.16231e+03    1.03717e+04    3.75246e+04    2.38686e+02    1.39878e+04
     Coulomb-14        LJ (SR)  Disper. corr.   Coulomb (SR)   Coul. recip.
   -1.40919e+05    2.61813e+06   -8.86260e+04   -1.41410e+07    2.00685e+04
      Potential    Kinetic En.   Total Energy  Conserved En.    Temperature
   -1.16611e+07    5.92490e+04   -1.16018e+07   -3.23315e+06    1.06470e+01
 Pres. DC (bar) Pressure (bar)   Constr. rmsd
   -2.43777e+02    2.62689e+03    4.27142e-06


DD  step 184999 load imb.: force  4.1%  pme mesh/force 0.765
           Step           Time
         185000      370.00000

   Energies (kJ/mol)
           Bond          Angle    Proper Dih. Per. Imp. Dih.          LJ-14
    9.49599e+03    1.04560e+04    3.73886e+04    2.34885e+02    1.36196e+04
     Coulomb-14        LJ (SR)  Disper. corr.   Coulomb (SR)   Coul. recip.
   -1.41178e+05    2.46403e+06   -8.61977e+04   -1.40069e+07    2.05742e+04
      Potential    Kinetic En.   Total Energy  Conserved En.    Temperature
   -1.16785e+07    5.94824e+04   -1.16190e+07   -2.82846e+06    1.06890e+01
 Pres. DC (bar) Pressure (bar)   Constr. rmsd
   -2.30615e+02    6.04331e+02    4.39742e-06


DD  step 189999 load imb.: force  4.2%  pme mesh/force 0.774
           Step           Time
         190000      380.00000

   Energies (kJ/mol)
           Bond          Angle    Proper Dih. Per. Imp. Dih.          LJ-14
    9.14915e+03    1.04391e+04    3.74426e+04    2.20784e+02    1.34906e+04
     Coulomb-14        LJ (SR)  Disper. corr.   Coulomb (SR)   Coul. recip.
   -1.41044e+05    2.20763e+06   -8.29625e+04   -1.37471e+07    2.11690e+04
      Potential    Kinetic En.   Total Energy  Conserved En.    Temperature
   -1.16716e+07    5.71705e+04   -1.16144e+07   -2.43575e+06    1.02735e+01
 Pres. DC (bar) Pressure (bar)   Constr. rmsd
   -2.13648e+02   -2.13261e+03    4.38643e-06


DD  step 194999 load imb.: force  4.1%  pme mesh/force 0.748
           Step           Time
         195000      390.00000

   Energies (kJ/mol)
           Bond          Angle    Proper Dih. Per. Imp. Dih.          LJ-14
    8.70150e+03    1.04508e+04    3.76415e+04    2.13863e+02    1.38395e+04
     Coulomb-14        LJ (SR)  Disper. corr.   Coulomb (SR)   Coul. recip.
   -1.40710e+05    2.20371e+06   -8.29118e+04   -1.37421e+07    2.11163e+04
      Potential    Kinetic En.   Total Energy  Conserved En.    Temperature
   -1.16701e+07    6.03852e+04   -1.16097e+07   -2.01662e+06    1.08512e+01
 Pres. DC (bar) Pressure (bar)   Constr. rmsd
   -2.13387e+02   -2.09902e+03    4.36152e-06


DD  step 199999 load imb.: force  3.8%  pme mesh/force 0.736
           Step           Time
         200000      400.00000

   Energies (kJ/mol)
           Bond          Angle    Proper Dih. Per. Imp. Dih.          LJ-14
    8.81785e+03    1.05801e+04    3.75931e+04    2.19135e+02    1.41676e+04
     Coulomb-14        LJ (SR)  Disper. corr.   Coulomb (SR)   Coul. recip.
   -1.40717e+05    2.42631e+06   -8.58925e+04   -1.39755e+07    2.03982e+04
      Potential    Kinetic En.   Total Energy  Conserved En.    Temperature
   -1.16840e+07    6.21885e+04   -1.16218e+07   -1.61408e+06    1.11753e+01
 Pres. DC (bar) Pressure (bar)   Constr. rmsd
   -2.28987e+02    3.19637e+02    4.30578e-06


DD  step 204999 load imb.: force  4.3%  pme mesh/force 0.744
           Step           Time
         205000      410.00000

   Energies (kJ/mol)
           Bond          Angle    Proper Dih. Per. Imp. Dih.          LJ-14
    9.08247e+03    1.03249e+04    3.75781e+04    2.39796e+02    1.41075e+04
     Coulomb-14        LJ (SR)  Disper. corr.   Coulomb (SR)   Coul. recip.
   -1.40851e+05    2.60534e+06   -8.85570e+04   -1.41339e+07    1.99896e+04
      Potential    Kinetic En.   Total Energy  Conserved En.    Temperature
   -1.16666e+07    5.90577e+04   -1.16076e+07   -1.19968e+06    1.06126e+01
 Pres. DC (bar) Pressure (bar)   Constr. rmsd
   -2.43398e+02    2.50509e+03    4.36380e-06


DD  step 209999 load imb.: force  3.9%  pme mesh/force 0.745
           Step           Time
         210000      420.00000

   Energies (kJ/mol)
           Bond          Angle    Proper Dih. Per. Imp. Dih.          LJ-14
    9.41543e+03    1.03744e+04    3.74104e+04    2.35434e+02    1.37869e+04
     Coulomb-14        LJ (SR)  Disper. corr.   Coulomb (SR)   Coul. recip.
   -1.41054e+05    2.56739e+06   -8.76834e+04   -1.41014e+07    2.01843e+04
      Potential    Kinetic En.   Total Energy  Conserved En.    Temperature
   -1.16713e+07    6.02694e+04   -1.16110e+07   -7.73505e+05    1.08304e+01
 Pres. DC (bar) Pressure (bar)   Constr. rmsd
   -2.38625e+02    1.87885e+03    4.33382e-06


DD  step 214999 load imb.: force  3.9%  pme mesh/force 0.775
           Step           Time
         215000      430.00000

   Energies (kJ/mol)
           Bond          Angle    Proper Dih. Per. Imp. Dih.          LJ-14
    9.36364e+03    1.05372e+04    3.73655e+04    2.20368e+02    1.35253e+04
     Coulomb-14        LJ (SR)  Disper. corr.   Coulomb (SR)   Coul. recip.
   -1.41159e+05    2.31503e+06   -8.43080e+04   -1.38633e+07    2.08430e+04
      Potential    Kinetic En.   Total Energy  Conserved En.    Temperature
   -1.16818e+07    5.77257e+04   -1.16241e+07   -3.63601e+05    1.03733e+01
 Pres. DC (bar) Pressure (bar)   Constr. rmsd
   -2.20626e+02   -1.05153e+03    4.38279e-06


DD  step 219999 load imb.: force  3.6%  pme mesh/force 0.763
           Step           Time
         220000      440.00000

   Energies (kJ/mol)
           Bond          Angle    Proper Dih. Per. Imp. Dih.          LJ-14
    8.88496e+03    1.04082e+04    3.75133e+04    2.09718e+02    1.36057e+04
     Coulomb-14        LJ (SR)  Disper. corr.   Coulomb (SR)   Coul. recip.
   -1.40869e+05    2.15824e+06   -8.23744e+04   -1.36937e+07    2.11627e+04
      Potential    Kinetic En.   Total Energy  Conserved En.    Temperature
   -1.16669e+07    5.81632e+04   -1.16087e+07    7.45200e+04    1.04519e+01
 Pres. DC (bar) Pressure (bar)   Constr. rmsd
   -2.10633e+02   -2.58913e+03    4.32964e-06


DD  step 224999 load imb.: force  3.8%  pme mesh/force 0.732
           Step           Time
         225000      450.00000

   Energies (kJ/mol)
           Bond          Angle    Proper Dih. Per. Imp. Dih.          LJ-14
    8.68008e+03    1.05401e+04    3.76464e+04    2.20816e+02    1.39905e+04
     Coulomb-14        LJ (SR)  Disper. corr.   Coulomb (SR)   Coul. recip.
   -1.40708e+05    2.26478e+06   -8.37338e+04   -1.38114e+07    2.08070e+04
      Potential    Kinetic En.   Total Energy  Conserved En.    Temperature
   -1.16792e+07    6.24279e+04   -1.16168e+07    5.20933e+05    1.12183e+01
 Pres. DC (bar) Pressure (bar)   Constr. rmsd
   -2.17634e+02   -1.45753e+03    4.33218e-06


DD  step 229999 load imb.: force  3.6%  pme mesh/force 0.722
           Step           Time
         230000      460.00000

   Energies (kJ/mol)
           Bond          Angle    Proper Dih. Per. Imp. Dih.          LJ-14
    8.88202e+03    1.05716e+04    3.76294e+04    2.33735e+02    1.41505e+04
     Coulomb-14        LJ (SR)  Disper. corr.   Coulomb (SR)   Coul. recip.
   -1.40776e+05    2.50225e+06   -8.70033e+04   -1.40484e+07    2.01585e+04
      Potential    Kinetic En.   Total Energy  Conserved En.    Temperature
   -1.16823e+07    6.16116e+04   -1.16207e+07    9.52021e+05    1.10716e+01
 Pres. DC (bar) Pressure (bar)   Constr. rmsd
   -2.34941e+02    1.21092e+03    4.31056e-06


DD  step 234999 load imb.: force  3.4%  pme mesh/force 0.727
           Step           Time
         235000      470.00000

   Energies (kJ/mol)
           Bond          Angle    Proper Dih. Per. Imp. Dih.          LJ-14
    9.15227e+03    1.03394e+04    3.75997e+04    2.45624e+02    1.40283e+04
     Coulomb-14        LJ (SR)  Disper. corr.   Coulomb (SR)   Coul. recip.
   -1.40846e+05    2.62888e+06   -8.88687e+04   -1.41542e+07    1.98513e+04
      Potential    Kinetic En.   Total Energy  Conserved En.    Temperature
   -1.16638e+07    5.92987e+04   -1.16045e+07    1.41342e+06    1.06560e+01
 Pres. DC (bar) Pressure (bar)   Constr. rmsd
   -2.45113e+02    2.78813e+03    4.24124e-06


DD  step 239999 load imb.: force  3.3%  pme mesh/force 0.762
           Step           Time
         240000      480.00000

   Energies (kJ/mol)
           Bond          Angle    Proper Dih. Per. Imp. Dih.          LJ-14
    9.49044e+03    1.04827e+04    3.73582e+04    2.38374e+02    1.37431e+04
     Coulomb-14        LJ (SR)  Disper. corr.   Coulomb (SR)   Coul. recip.
   -1.41091e+05    2.54190e+06   -8.73029e+04   -1.40814e+07    2.01794e+04
      Potential    Kinetic En.   Total Energy  Conserved En.    Temperature
   -1.16764e+07    6.04510e+04   -1.16159e+07    1.86502e+06    1.08630e+01
 Pres. DC (bar) Pressure (bar)   Constr. rmsd
   -2.36561e+02    1.54819e+03    4.37793e-06

Writing checkpoint, step 242900 at Sat Nov 29 15:45:03 2025



DD  step 244999 load imb.: force  3.5%  pme mesh/force 0.766
           Step           Time
         245000      490.00000

   Energies (kJ/mol)
           Bond          Angle    Proper Dih. Per. Imp. Dih.          LJ-14
    9.35807e+03    1.05319e+04    3.73873e+04    2.22852e+02    1.35243e+04
     Coulomb-14        LJ (SR)  Disper. corr.   Coulomb (SR)   Coul. recip.
   -1.41222e+05    2.29474e+06   -8.40756e+04   -1.38442e+07    2.08127e+04
      Potential    Kinetic En.   Total Energy  Conserved En.    Temperature
   -1.16830e+07    5.76337e+04   -1.16253e+07    2.27889e+06    1.03568e+01
 Pres. DC (bar) Pressure (bar)   Constr. rmsd
   -2.19413e+02   -1.26220e+03    4.43370e-06


DD  step 249999 load imb.: force  3.1%  pme mesh/force 0.766
           Step           Time
         250000      500.00000

   Energies (kJ/mol)
           Bond          Angle    Proper Dih. Per. Imp. Dih.          LJ-14
    8.90204e+03    1.04481e+04    3.75308e+04    2.19185e+02    1.35777e+04
     Coulomb-14        LJ (SR)  Disper. corr.   Coulomb (SR)   Coul. recip.
   -1.40878e+05    2.16156e+06   -8.24336e+04   -1.36996e+07    2.10203e+04
      Potential    Kinetic En.   Total Energy  Conserved En.    Temperature
   -1.16697e+07    5.79506e+04   -1.16117e+07    2.70871e+06    1.04137e+01
 Pres. DC (bar) Pressure (bar)   Constr. rmsd
   -2.10936e+02   -2.56227e+03    4.39414e-06


DD  step 254999 load imb.: force  3.1%  pme mesh/force 0.677
           Step           Time
         255000      510.00000

   Energies (kJ/mol)
           Bond          Angle    Proper Dih. Per. Imp. Dih.          LJ-14
    8.68584e+03    1.05046e+04    3.77085e+04    2.22851e+02    1.39341e+04
     Coulomb-14        LJ (SR)  Disper. corr.   Coulomb (SR)   Coul. recip.
   -1.40642e+05    2.25278e+06   -8.35937e+04   -1.38009e+07    2.06837e+04
      Potential    Kinetic En.   Total Energy  Conserved En.    Temperature
   -1.16806e+07    6.18647e+04   -1.16188e+07    3.13723e+06    1.11171e+01
 Pres. DC (bar) Pressure (bar)   Constr. rmsd
   -2.16907e+02   -1.59723e+03    4.38758e-06


DD  step 259999 load imb.: force  2.8%  pme mesh/force 0.679
           Step           Time
         260000      520.00000

   Energies (kJ/mol)
           Bond          Angle    Proper Dih. Per. Imp. Dih.          LJ-14
    8.83779e+03    1.05908e+04    3.76151e+04    2.30476e+02    1.41769e+04
     Coulomb-14        LJ (SR)  Disper. corr.   Coulomb (SR)   Coul. recip.
   -1.40733e+05    2.46321e+06   -8.64348e+04   -1.40153e+07    2.01405e+04
      Potential    Kinetic En.   Total Energy  Conserved En.    Temperature
   -1.16876e+07    6.17560e+04   -1.16259e+07    3.53778e+06    1.10975e+01
 Pres. DC (bar) Pressure (bar)   Constr. rmsd
   -2.31884e+02    7.35254e+02    4.30135e-06


DD  step 264999 load imb.: force  6.1%  pme mesh/force 0.709
           Step           Time
         265000      530.00000

   Energies (kJ/mol)
           Bond          Angle    Proper Dih. Per. Imp. Dih.          LJ-14
    9.04693e+03    1.02846e+04    3.75457e+04    2.36726e+02    1.41092e+04
     Coulomb-14        LJ (SR)  Disper. corr.   Coulomb (SR)   Coul. recip.
   -1.40879e+05    2.60753e+06   -8.85780e+04   -1.41402e+07    1.98213e+04
      Potential    Kinetic En.   Total Energy  Conserved En.    Temperature
   -1.16711e+07    5.90717e+04   -1.16120e+07    3.94783e+06    1.06152e+01
 Pres. DC (bar) Pressure (bar)   Constr. rmsd
   -2.43513e+02    2.51550e+03    4.26226e-06


DD  step 269999 load imb.: force  6.5%  pme mesh/force 0.704
           Step           Time
         270000      540.00000

   Energies (kJ/mol)
           Bond          Angle    Proper Dih. Per. Imp. Dih.          LJ-14
    9.35763e+03    1.03652e+04    3.74333e+04    2.32662e+02    1.38284e+04
     Coulomb-14        LJ (SR)  Disper. corr.   Coulomb (SR)   Coul. recip.
   -1.41020e+05    2.58204e+06   -8.79371e+04   -1.41184e+07    1.99767e+04
      Potential    Kinetic En.   Total Energy  Conserved En.    Temperature
   -1.16741e+07    5.99683e+04   -1.16142e+07    4.35908e+06    1.07763e+01
 Pres. DC (bar) Pressure (bar)   Constr. rmsd
   -2.40006e+02    2.07287e+03    4.27763e-06


DD  step 274999 load imb.: force  6.2%  pme mesh/force 0.734
           Step           Time
         275000      550.00000

   Energies (kJ/mol)
           Bond          Angle    Proper Dih. Per. Imp. Dih.          LJ-14
    9.45697e+03    1.04737e+04    3.73652e+04    2.24494e+02    1.35800e+04
     Coulomb-14        LJ (SR)  Disper. corr.   Coulomb (SR)   Coul. recip.
   -1.41189e+05    2.38033e+06   -8.51479e+04   -1.39333e+07    2.04788e+04
      Potential    Kinetic En.   Total Energy  Conserved En.    Temperature
   -1.16877e+07    5.83092e+04   -1.16294e+07    4.74316e+06    1.04781e+01
 Pres. DC (bar) Pressure (bar)   Constr. rmsd
   -2.25038e+02   -3.53469e+02    4.38420e-06


DD  step 279999 load imb.: force  3.1%  pme mesh/force 0.773
           Step           Time
         280000      560.00000

   Energies (kJ/mol)
           Bond          Angle    Proper Dih. Per. Imp. Dih.          LJ-14
    9.04306e+03    1.04714e+04    3.74118e+04    2.14297e+02    1.35295e+04
     Coulomb-14        LJ (SR)  Disper. corr.   Coulomb (SR)   Coul. recip.
   -1.41011e+05    2.19729e+06   -8.28723e+04   -1.37418e+07    2.08507e+04
      Potential    Kinetic En.   Total Energy  Conserved En.    Temperature
   -1.16769e+07    5.70912e+04   -1.16198e+07    5.12954e+06    1.02593e+01
 Pres. DC (bar) Pressure (bar)   Constr. rmsd
   -2.13184e+02   -2.23854e+03    4.37827e-06


DD  step 284999 load imb.: force  3.1%  pme mesh/force 0.751
           Step           Time
         285000      570.00000

   Energies (kJ/mol)
           Bond          Angle    Proper Dih. Per. Imp. Dih.          LJ-14
    8.71396e+03    1.03918e+04    3.75979e+04    2.08898e+02    1.38322e+04
     Coulomb-14        LJ (SR)  Disper. corr.   Coulomb (SR)   Coul. recip.
   -1.40641e+05    2.20726e+06   -8.29964e+04   -1.37524e+07    2.07773e+04
      Potential    Kinetic En.   Total Energy  Conserved En.    Temperature
   -1.16772e+07    6.00784e+04   -1.16171e+07    5.52565e+06    1.07961e+01
 Pres. DC (bar) Pressure (bar)   Constr. rmsd
   -2.13822e+02   -2.08396e+03    4.36476e-06


DD  step 289999 load imb.: force  3.0%  pme mesh/force 0.729
           Step           Time
         290000      580.00000

   Energies (kJ/mol)
           Bond          Angle    Proper Dih. Per. Imp. Dih.          LJ-14
    8.73803e+03    1.05336e+04    3.76542e+04    2.22753e+02    1.41410e+04
     Coulomb-14        LJ (SR)  Disper. corr.   Coulomb (SR)   Coul. recip.
   -1.40583e+05    2.39541e+06   -8.54707e+04   -1.39514e+07    2.02108e+04
      Potential    Kinetic En.   Total Energy  Conserved En.    Temperature
   -1.16906e+07    6.19341e+04   -1.16286e+07    5.89755e+06    1.11295e+01
 Pres. DC (bar) Pressure (bar)   Constr. rmsd
   -2.26746e+02   -5.83061e+01    4.28713e-06


DD  step 294999 load imb.: force  2.8%  pme mesh/force 0.742
           Step           Time
         295000      590.00000

   Energies (kJ/mol)
           Bond          Angle    Proper Dih. Per. Imp. Dih.          LJ-14
    9.02599e+03    1.03944e+04    3.75616e+04    2.31893e+02    1.41021e+04
     Coulomb-14        LJ (SR)  Disper. corr.   Coulomb (SR)   Coul. recip.
   -1.40814e+05    2.57394e+06   -8.80672e+04   -1.41149e+07    1.98199e+04
      Potential    Kinetic En.   Total Energy  Conserved En.    Temperature
   -1.16787e+07    5.93308e+04   -1.16194e+07    6.27004e+06    1.06617e+01
 Pres. DC (bar) Pressure (bar)   Constr. rmsd
   -2.40716e+02    2.07673e+03    4.29439e-06


DD  step 299999 load imb.: force  3.1%  pme mesh/force 0.750
           Step           Time
         300000      600.00000

   Energies (kJ/mol)
           Bond          Angle    Proper Dih. Per. Imp. Dih.          LJ-14
    9.29160e+03    1.03374e+04    3.75020e+04    2.40803e+02    1.38882e+04
     Coulomb-14        LJ (SR)  Disper. corr.   Coulomb (SR)   Coul. recip.
   -1.41069e+05    2.60603e+06   -8.83931e+04   -1.41396e+07    1.98323e+04
      Potential    Kinetic En.   Total Energy  Conserved En.    Temperature
   -1.16719e+07    5.93574e+04   -1.16126e+07    6.66728e+06    1.06665e+01
 Pres. DC (bar) Pressure (bar)   Constr. rmsd
   -2.42499e+02    2.42117e+03    4.32616e-06


DD  step 304999 load imb.: force  5.9%  pme mesh/force 0.713
           Step           Time
         305000      610.00000

   Energies (kJ/mol)
           Bond          Angle    Proper Dih. Per. Imp. Dih.          LJ-14
    9.41943e+03    1.04926e+04    3.73828e+04    2.29809e+02    1.36221e+04
     Coulomb-14        LJ (SR)  Disper. corr.   Coulomb (SR)   Coul. recip.
   -1.41112e+05    2.45192e+06   -8.60664e+04   -1.40037e+07    2.02701e+04
      Potential    Kinetic En.   Total Energy  Conserved En.    Temperature
   -1.16876e+07    5.90944e+04   -1.16285e+07    7.04330e+06    1.06192e+01
 Pres. DC (bar) Pressure (bar)   Constr. rmsd
   -2.29914e+02    4.47391e+02    4.34417e-06


DD  step 309999 load imb.: force  6.1%  pme mesh/force 0.714
           Step           Time
         310000      620.00000

   Energies (kJ/mol)
           Bond          Angle    Proper Dih. Per. Imp. Dih.          LJ-14
    9.17512e+03    1.05809e+04    3.73741e+04    2.16214e+02    1.34963e+04
     Coulomb-14        LJ (SR)  Disper. corr.   Coulomb (SR)   Coul. recip.
   -1.41171e+05    2.23684e+06   -8.33701e+04   -1.37864e+07    2.07865e+04
      Potential    Kinetic En.   Total Energy  Conserved En.    Temperature
   -1.16825e+07    5.70266e+04   -1.16254e+07    7.41549e+06    1.02477e+01
 Pres. DC (bar) Pressure (bar)   Constr. rmsd
   -2.15750e+02   -1.85933e+03    4.42685e-06


DD  step 314999 load imb.: force  6.4%  pme mesh/force 0.709
           Step           Time
         315000      630.00000

   Energies (kJ/mol)
           Bond          Angle    Proper Dih. Per. Imp. Dih.          LJ-14
    8.81414e+03    1.04026e+04    3.75756e+04    2.13383e+02    1.36878e+04
     Coulomb-14        LJ (SR)  Disper. corr.   Coulomb (SR)   Coul. recip.
   -1.40801e+05    2.17538e+06   -8.26069e+04   -1.37179e+07    2.08304e+04
      Potential    Kinetic En.   Total Energy  Conserved En.    Temperature
   -1.16744e+07    5.87877e+04   -1.16156e+07    7.81082e+06    1.05641e+01
 Pres. DC (bar) Pressure (bar)   Constr. rmsd
   -2.11822e+02   -2.41900e+03    4.39991e-06


DD  step 319999 load imb.: force  6.0%  pme mesh/force 0.698
           Step           Time
         320000      640.00000

   Energies (kJ/mol)
           Bond          Angle    Proper Dih. Per. Imp. Dih.          LJ-14
    8.69277e+03    1.05600e+04    3.76748e+04    2.20559e+02    1.40118e+04
     Coulomb-14        LJ (SR)  Disper. corr.   Coulomb (SR)   Coul. recip.
   -1.40712e+05    2.30722e+06   -8.42965e+04   -1.38619e+07    2.04130e+04
      Potential    Kinetic En.   Total Energy  Conserved En.    Temperature
   -1.16881e+07    6.23372e+04   -1.16258e+07    8.21087e+06    1.12020e+01
 Pres. DC (bar) Pressure (bar)   Constr. rmsd
   -2.20566e+02   -1.02834e+03    4.39221e-06

Writing checkpoint, step 324000 at Sat Nov 29 16:00:03 2025



DD  step 324999 load imb.: force  6.5%  pme mesh/force 0.672
           Step           Time
         325000      650.00000

   Energies (kJ/mol)
           Bond          Angle    Proper Dih. Per. Imp. Dih.          LJ-14
    8.89761e+03    1.05144e+04    3.76016e+04    2.27787e+02    1.41338e+04
     Coulomb-14        LJ (SR)  Disper. corr.   Coulomb (SR)   Coul. recip.
   -1.40733e+05    2.50585e+06   -8.70465e+04   -1.40576e+07    1.98896e+04
      Potential    Kinetic En.   Total Energy  Conserved En.    Temperature
   -1.16883e+07    6.12196e+04   -1.16270e+07    8.60458e+06    1.10011e+01
 Pres. DC (bar) Pressure (bar)   Constr. rmsd
   -2.35174e+02    1.22920e+03    4.30734e-06


DD  step 329999 load imb.: force  5.6%  pme mesh/force 0.673
           Step           Time
         330000      660.00000

   Energies (kJ/mol)
           Bond          Angle    Proper Dih. Per. Imp. Dih.          LJ-14
    9.09447e+03    1.03294e+04    3.75212e+04    2.39844e+02    1.40708e+04
     Coulomb-14        LJ (SR)  Disper. corr.   Coulomb (SR)   Coul. recip.
   -1.40934e+05    2.61835e+06   -8.87211e+04   -1.41514e+07    1.97304e+04
      Potential    Kinetic En.   Total Energy  Conserved En.    Temperature
   -1.16717e+07    5.90352e+04   -1.16127e+07    9.02599e+06    1.06086e+01
 Pres. DC (bar) Pressure (bar)   Constr. rmsd
   -2.44300e+02    2.64061e+03    4.31946e-06

Writing checkpoint, step 334900 at Sat Nov 29 16:15:21 2025



DD  step 334999 load imb.: force 31.3%  pme mesh/force 6.210
           Step           Time
         335000      670.00000

   Energies (kJ/mol)
           Bond          Angle    Proper Dih. Per. Imp. Dih.          LJ-14
    9.42420e+03    1.03888e+04    3.74468e+04    2.40525e+02    1.38203e+04
     Coulomb-14        LJ (SR)  Disper. corr.   Coulomb (SR)   Coul. recip.
   -1.41046e+05    2.58544e+06   -8.79678e+04   -1.41237e+07    1.99206e+04
      Potential    Kinetic En.   Total Energy  Conserved En.    Temperature
   -1.16760e+07    6.03905e+04   -1.16156e+07    9.46414e+06    1.08522e+01
 Pres. DC (bar) Pressure (bar)   Constr. rmsd
   -2.40174e+02    2.09976e+03    4.37529e-06

Writing checkpoint, step 337000 at Sat Nov 29 16:30:36 2025



DD  step 339999 load imb.: force  3.6%  pme mesh/force 0.780
           Step           Time
         340000      680.00000

   Energies (kJ/mol)
           Bond          Angle    Proper Dih. Per. Imp. Dih.          LJ-14
    9.52329e+03    1.05803e+04    3.73708e+04    2.26378e+02    1.35395e+04
     Coulomb-14        LJ (SR)  Disper. corr.   Coulomb (SR)   Coul. recip.
   -1.41212e+05    2.39090e+06   -8.52948e+04   -1.39460e+07    2.04192e+04
      Potential    Kinetic En.   Total Energy  Conserved En.    Temperature
   -1.16899e+07    5.89195e+04   -1.16310e+07    9.89547e+06    1.05878e+01
 Pres. DC (bar) Pressure (bar)   Constr. rmsd
   -2.25815e+02   -2.50665e+02    4.36577e-06


DD  step 344999 load imb.: force  5.7%  pme mesh/force 0.702
           Step           Time
         345000      690.00000

   Energies (kJ/mol)
           Bond          Angle    Proper Dih. Per. Imp. Dih.          LJ-14
    9.16651e+03    1.05313e+04    3.74120e+04    2.13222e+02    1.34760e+04
     Coulomb-14        LJ (SR)  Disper. corr.   Coulomb (SR)   Coul. recip.
   -1.41051e+05    2.19588e+06   -8.29033e+04   -1.37425e+07    2.07864e+04
      Potential    Kinetic En.   Total Energy  Conserved En.    Temperature
   -1.16790e+07    5.72916e+04   -1.16217e+07    1.03390e+07    1.02953e+01
 Pres. DC (bar) Pressure (bar)   Constr. rmsd
   -2.13343e+02   -2.26234e+03    4.35541e-06


DD  step 349999 load imb.: force  5.6%  pme mesh/force 0.673
           Step           Time
         350000      700.00000

   Energies (kJ/mol)
           Bond          Angle    Proper Dih. Per. Imp. Dih.          LJ-14
    8.81432e+03    1.04309e+04    3.75771e+04    2.10913e+02    1.37104e+04
     Coulomb-14        LJ (SR)  Disper. corr.   Coulomb (SR)   Coul. recip.
   -1.40732e+05    2.15887e+06   -8.24305e+04   -1.37001e+07    2.08167e+04
      Potential    Kinetic En.   Total Energy  Conserved En.    Temperature
   -1.16728e+07    5.94881e+04   -1.16133e+07    1.08054e+07    1.06900e+01
 Pres. DC (bar) Pressure (bar)   Constr. rmsd
   -2.10920e+02   -2.57143e+03    4.37538e-06


DD  step 354999 load imb.: force  6.3%  pme mesh/force 0.665
           Step           Time
         355000      710.00000

   Energies (kJ/mol)
           Bond          Angle    Proper Dih. Per. Imp. Dih.          LJ-14
    8.74893e+03    1.06282e+04    3.76469e+04    2.23591e+02    1.40496e+04
     Coulomb-14        LJ (SR)  Disper. corr.   Coulomb (SR)   Coul. recip.
   -1.40708e+05    2.29156e+06   -8.41172e+04   -1.38464e+07    2.03990e+04
      Potential    Kinetic En.   Total Energy  Conserved En.    Temperature
   -1.16879e+07    6.29962e+04   -1.16249e+07    1.12598e+07    1.13204e+01
 Pres. DC (bar) Pressure (bar)   Constr. rmsd
   -2.19629e+02   -1.18783e+03    4.34636e-06


DD  step 359999 load imb.: force  6.6%  pme mesh/force 0.683
           Step           Time
         360000      720.00000

   Energies (kJ/mol)
           Bond          Angle    Proper Dih. Per. Imp. Dih.          LJ-14
    8.88805e+03    1.05778e+04    3.76411e+04    2.31248e+02    1.41902e+04
     Coulomb-14        LJ (SR)  Disper. corr.   Coulomb (SR)   Coul. recip.
   -1.40847e+05    2.48762e+06   -8.68112e+04   -1.40415e+07    1.99037e+04
      Potential    Kinetic En.   Total Energy  Conserved En.    Temperature
   -1.16901e+07    6.21148e+04   -1.16280e+07    1.17028e+07    1.11620e+01
 Pres. DC (bar) Pressure (bar)   Constr. rmsd
   -2.33906e+02    1.02211e+03    4.46519e-06


DD  step 364999 load imb.: force  5.7%  pme mesh/force 0.670
           Step           Time
         365000      730.00000

   Energies (kJ/mol)
           Bond          Angle    Proper Dih. Per. Imp. Dih.          LJ-14
    9.10361e+03    1.04550e+04    3.75620e+04    2.41893e+02    1.41355e+04
     Coulomb-14        LJ (SR)  Disper. corr.   Coulomb (SR)   Coul. recip.
   -1.40896e+05    2.61683e+06   -8.87493e+04   -1.41513e+07    1.96279e+04
      Potential    Kinetic En.   Total Energy  Conserved En.    Temperature
   -1.16730e+07    5.95767e+04   -1.16134e+07    1.21633e+07    1.07059e+01
 Pres. DC (bar) Pressure (bar)   Constr. rmsd
   -2.44455e+02    2.64393e+03    4.34613e-06


DD  step 369999 load imb.: force  5.8%  pme mesh/force 0.717
           Step           Time
         370000      740.00000

   Energies (kJ/mol)
           Bond          Angle    Proper Dih. Per. Imp. Dih.          LJ-14
    9.34992e+03    1.03154e+04    3.74871e+04    2.37177e+02    1.38975e+04
     Coulomb-14        LJ (SR)  Disper. corr.   Coulomb (SR)   Coul. recip.
   -1.41030e+05    2.61758e+06   -8.85156e+04   -1.41510e+07    1.97327e+04
      Potential    Kinetic En.   Total Energy  Conserved En.    Temperature
   -1.16720e+07    6.03320e+04   -1.16116e+07    1.26345e+07    1.08416e+01
 Pres. DC (bar) Pressure (bar)   Constr. rmsd
   -2.43170e+02    2.54915e+03    4.41186e-06


DD  step 374999 load imb.: force  3.2%  pme mesh/force 0.801
           Step           Time
         375000      750.00000

   Energies (kJ/mol)
           Bond          Angle    Proper Dih. Per. Imp. Dih.          LJ-14
    9.47144e+03    1.04704e+04    3.74067e+04    2.29559e+02    1.36112e+04
     Coulomb-14        LJ (SR)  Disper. corr.   Coulomb (SR)   Coul. recip.
   -1.41117e+05    2.45938e+06   -8.61904e+04   -1.40125e+07    2.01662e+04
      Potential    Kinetic En.   Total Energy  Conserved En.    Temperature
   -1.16891e+07    5.97793e+04   -1.16293e+07    1.30809e+07    1.07423e+01
 Pres. DC (bar) Pressure (bar)   Constr. rmsd
   -2.30576e+02    5.29654e+02    4.34561e-06


DD  step 379999 load imb.: force  4.4%  pme mesh/force 0.780
           Step           Time
         380000      760.00000

   Energies (kJ/mol)
           Bond          Angle    Proper Dih. Per. Imp. Dih.          LJ-14
    9.33116e+03    1.05677e+04    3.73920e+04    2.21029e+02    1.34426e+04
     Coulomb-14        LJ (SR)  Disper. corr.   Coulomb (SR)   Coul. recip.
   -1.41164e+05    2.24622e+06   -8.35321e+04   -1.37987e+07    2.06191e+04
      Potential    Kinetic En.   Total Energy  Conserved En.    Temperature
   -1.16856e+07    5.73393e+04   -1.16283e+07    1.35321e+07    1.03039e+01
 Pres. DC (bar) Pressure (bar)   Constr. rmsd
   -2.16588e+02   -1.77567e+03    4.41572e-06


DD  step 384999 load imb.: force  3.2%  pme mesh/force 0.747
           Step           Time
         385000      770.00000

   Energies (kJ/mol)
           Bond          Angle    Proper Dih. Per. Imp. Dih.          LJ-14
    8.89164e+03    1.04264e+04    3.75114e+04    2.09840e+02    1.36092e+04
     Coulomb-14        LJ (SR)  Disper. corr.   Coulomb (SR)   Coul. recip.
   -1.40795e+05    2.14238e+06   -8.22509e+04   -1.36828e+07    2.08191e+04
      Potential    Kinetic En.   Total Energy  Conserved En.    Temperature
   -1.16720e+07    5.84764e+04   -1.16136e+07    1.40158e+07    1.05082e+01
 Pres. DC (bar) Pressure (bar)   Constr. rmsd
   -2.10003e+02   -2.75509e+03    4.40020e-06


DD  step 389999 load imb.: force  3.7%  pme mesh/force 0.773
           Step           Time
         390000      780.00000

   Energies (kJ/mol)
           Bond          Angle    Proper Dih. Per. Imp. Dih.          LJ-14
    8.76936e+03    1.05362e+04    3.76547e+04    2.16124e+02    1.38889e+04
     Coulomb-14        LJ (SR)  Disper. corr.   Coulomb (SR)   Coul. recip.
   -1.40782e+05    2.20163e+06   -8.29887e+04   -1.37492e+07    2.04989e+04
      Potential    Kinetic En.   Total Energy  Conserved En.    Temperature
   -1.16798e+07    6.18126e+04   -1.16180e+07    1.45125e+07    1.11077e+01
 Pres. DC (bar) Pressure (bar)   Constr. rmsd
   -2.13782e+02   -2.12714e+03    4.39539e-06


DD  step 394999 load imb.: force  4.0%  pme mesh/force 0.754
           Step           Time
         395000      790.00000

   Energies (kJ/mol)
           Bond          Angle    Proper Dih. Per. Imp. Dih.          LJ-14
    8.74843e+03    1.06753e+04    3.76657e+04    2.24334e+02    1.41509e+04
     Coulomb-14        LJ (SR)  Disper. corr.   Coulomb (SR)   Coul. recip.
   -1.40624e+05    2.37820e+06   -8.52749e+04   -1.39374e+07    2.00512e+04
      Potential    Kinetic En.   Total Energy  Conserved En.    Temperature
   -1.16936e+07    6.37948e+04   -1.16298e+07    1.49909e+07    1.14639e+01
 Pres. DC (bar) Pressure (bar)   Constr. rmsd
   -2.25709e+02   -2.47189e+02    4.28326e-06

Writing checkpoint, step 396700 at Sat Nov 29 16:45:04 2025



DD  step 399999 load imb.: force  5.2%  pme mesh/force 0.758
           Step           Time
         400000      800.00000

   Energies (kJ/mol)
           Bond          Angle    Proper Dih. Per. Imp. Dih.          LJ-14
    9.00868e+03    1.05729e+04    3.76463e+04    2.37108e+02    1.42371e+04
     Coulomb-14        LJ (SR)  Disper. corr.   Coulomb (SR)   Coul. recip.
   -1.40803e+05    2.55348e+06   -8.77946e+04   -1.41015e+07    1.96248e+04
      Potential    Kinetic En.   Total Energy  Conserved En.    Temperature
   -1.16853e+07    6.12044e+04   -1.16241e+07    1.54688e+07    1.09984e+01
 Pres. DC (bar) Pressure (bar)   Constr. rmsd
   -2.39230e+02    1.83240e+03    4.32924e-06


DD  step 404999 load imb.: force  4.5%  pme mesh/force 0.722
           Step           Time
         405000      810.00000

   Energies (kJ/mol)
           Bond          Angle    Proper Dih. Per. Imp. Dih.          LJ-14
    9.23598e+03    1.04256e+04    3.75621e+04    2.39777e+02    1.41104e+04
     Coulomb-14        LJ (SR)  Disper. corr.   Coulomb (SR)   Coul. recip.
   -1.40968e+05    2.64390e+06   -8.91297e+04   -1.41731e+07    1.94872e+04
      Potential    Kinetic En.   Total Energy  Conserved En.    Temperature
   -1.16682e+07    5.99029e+04   -1.16083e+07    1.59803e+07    1.07645e+01
 Pres. DC (bar) Pressure (bar)   Constr. rmsd
   -2.46553e+02    2.98765e+03    4.25311e-06


DD  step 409999 load imb.: force  7.0%  pme mesh/force 0.787
           Step           Time
         410000      820.00000

   Energies (kJ/mol)
           Bond          Angle    Proper Dih. Per. Imp. Dih.          LJ-14
    9.51229e+03    1.04073e+04    3.74733e+04    2.40486e+02    1.38883e+04
     Coulomb-14        LJ (SR)  Disper. corr.   Coulomb (SR)   Coul. recip.
   -1.41072e+05    2.61300e+06   -8.83830e+04   -1.41487e+07    1.96851e+04
      Potential    Kinetic En.   Total Energy  Conserved En.    Temperature
   -1.16739e+07    6.11700e+04   -1.16128e+07    1.65032e+07    1.09922e+01
 Pres. DC (bar) Pressure (bar)   Constr. rmsd
   -2.42443e+02    2.45814e+03    4.34502e-06


DD  step 414999 load imb.: force  5.1%  pme mesh/force 0.783
           Step           Time
         415000      830.00000

   Energies (kJ/mol)
           Bond          Angle    Proper Dih. Per. Imp. Dih.          LJ-14
    9.67909e+03    1.06479e+04    3.73910e+04    2.34849e+02    1.36370e+04
     Coulomb-14        LJ (SR)  Disper. corr.   Coulomb (SR)   Coul. recip.
   -1.41239e+05    2.45595e+06   -8.61384e+04   -1.40103e+07    2.01132e+04
      Potential    Kinetic En.   Total Energy  Conserved En.    Temperature
   -1.16900e+07    6.03276e+04   -1.16297e+07    1.70013e+07    1.08408e+01
 Pres. DC (bar) Pressure (bar)   Constr. rmsd
   -2.30298e+02    4.83360e+02    4.35043e-06


DD  step 419999 load imb.: force  7.0%  pme mesh/force 0.742
           Step           Time
         420000      840.00000

   Energies (kJ/mol)
           Bond          Angle    Proper Dih. Per. Imp. Dih.          LJ-14
    9.43654e+03    1.06393e+04    3.73682e+04    2.19726e+02    1.34646e+04
     Coulomb-14        LJ (SR)  Disper. corr.   Coulomb (SR)   Coul. recip.
   -1.41230e+05    2.25735e+06   -8.36937e+04   -1.38118e+07    2.05429e+04
      Potential    Kinetic En.   Total Energy  Conserved En.    Temperature
   -1.16877e+07    5.79053e+04   -1.16298e+07    1.74998e+07    1.04056e+01
 Pres. DC (bar) Pressure (bar)   Constr. rmsd
   -2.17426e+02   -1.66544e+03    4.39187e-06


DD  step 424999 load imb.: force  5.3%  pme mesh/force 0.713
           Step           Time
         425000      850.00000

   Energies (kJ/mol)
           Bond          Angle    Proper Dih. Per. Imp. Dih.          LJ-14
    9.04352e+03    1.05248e+04    3.74962e+04    2.14139e+02    1.35302e+04
     Coulomb-14        LJ (SR)  Disper. corr.   Coulomb (SR)   Coul. recip.
   -1.40944e+05    2.14186e+06   -8.22768e+04   -1.36840e+07    2.07544e+04
      Potential    Kinetic En.   Total Energy  Conserved En.    Temperature
   -1.16738e+07    5.80559e+04   -1.16158e+07    1.80230e+07    1.04326e+01
 Pres. DC (bar) Pressure (bar)   Constr. rmsd
   -2.10135e+02   -2.77558e+03    4.29781e-06


DD  step 429999 load imb.: force  7.7%  pme mesh/force 0.693
           Step           Time
         430000      860.00000

   Energies (kJ/mol)
           Bond          Angle    Proper Dih. Per. Imp. Dih.          LJ-14
    8.79895e+03    1.05320e+04    3.76312e+04    2.14913e+02    1.37627e+04
     Coulomb-14        LJ (SR)  Disper. corr.   Coulomb (SR)   Coul. recip.
   -1.40679e+05    2.15681e+06   -8.24475e+04   -1.37003e+07    2.06204e+04
      Potential    Kinetic En.   Total Energy  Conserved En.    Temperature
   -1.16751e+07    6.07624e+04   -1.16143e+07    1.85532e+07    1.09190e+01
 Pres. DC (bar) Pressure (bar)   Constr. rmsd
   -2.11007e+02   -2.58522e+03    4.36170e-06


DD  step 434999 load imb.: force  6.1%  pme mesh/force 0.716
           Step           Time
         435000      870.00000

   Energies (kJ/mol)
           Bond          Angle    Proper Dih. Per. Imp. Dih.          LJ-14
    8.74803e+03    1.06698e+04    3.76848e+04    2.24860e+02    1.40817e+04
     Coulomb-14        LJ (SR)  Disper. corr.   Coulomb (SR)   Coul. recip.
   -1.40627e+05    2.28174e+06   -8.40230e+04   -1.38382e+07    2.02423e+04
      Potential    Kinetic En.   Total Energy  Conserved En.    Temperature
   -1.16895e+07    6.38586e+04   -1.16256e+07    1.90643e+07    1.14754e+01
 Pres. DC (bar) Pressure (bar)   Constr. rmsd
   -2.19138e+02   -1.28812e+03    4.31456e-06


DD  step 439999 load imb.: force  5.7%  pme mesh/force 0.752
           Step           Time
         440000      880.00000

   Energies (kJ/mol)
           Bond          Angle    Proper Dih. Per. Imp. Dih.          LJ-14
    8.88461e+03    1.06921e+04    3.76860e+04    2.37890e+02    1.41914e+04
     Coulomb-14        LJ (SR)  Disper. corr.   Coulomb (SR)   Coul. recip.
   -1.40727e+05    2.45892e+06   -8.64144e+04   -1.40175e+07    1.97687e+04
      Potential    Kinetic En.   Total Energy  Conserved En.    Temperature
   -1.16942e+07    6.33766e+04   -1.16309e+07    1.95656e+07    1.13887e+01
 Pres. DC (bar) Pressure (bar)   Constr. rmsd
   -2.31775e+02    6.79106e+02    4.42240e-06


DD  step 444999 load imb.: force  5.5%  pme mesh/force 0.710
           Step           Time
         445000      890.00000

   Energies (kJ/mol)
           Bond          Angle    Proper Dih. Per. Imp. Dih.          LJ-14
    9.11994e+03    1.04716e+04    3.75939e+04    2.41101e+02    1.42096e+04
     Coulomb-14        LJ (SR)  Disper. corr.   Coulomb (SR)   Coul. recip.
   -1.40876e+05    2.59372e+06   -8.84103e+04   -1.41361e+07    1.95103e+04
      Potential    Kinetic En.   Total Energy  Conserved En.    Temperature
   -1.16806e+07    6.04035e+04   -1.16201e+07    2.00646e+07    1.08545e+01
 Pres. DC (bar) Pressure (bar)   Constr. rmsd
   -2.42593e+02    2.34265e+03    4.35588e-06


DD  step 449999 load imb.: force  8.0%  pme mesh/force 0.769
           Step           Time
         450000      900.00000

   Energies (kJ/mol)
           Bond          Angle    Proper Dih. Per. Imp. Dih.          LJ-14
    9.31350e+03    1.03265e+04    3.75644e+04    2.43701e+02    1.40424e+04
     Coulomb-14        LJ (SR)  Disper. corr.   Coulomb (SR)   Coul. recip.
   -1.40953e+05    2.64594e+06   -8.90944e+04   -1.41759e+07    1.94344e+04
      Potential    Kinetic En.   Total Energy  Conserved En.    Temperature
   -1.16691e+07    5.99802e+04   -1.16091e+07    2.05735e+07    1.07784e+01
 Pres. DC (bar) Pressure (bar)   Constr. rmsd
   -2.46357e+02    2.97969e+03    4.29732e-06


DD  step 454999 load imb.: force  8.0%  pme mesh/force 0.785
           Step           Time
         455000      910.00000

   Energies (kJ/mol)
           Bond          Angle    Proper Dih. Per. Imp. Dih.          LJ-14
    9.59491e+03    1.04942e+04    3.74673e+04    2.38196e+02    1.38246e+04
     Coulomb-14        LJ (SR)  Disper. corr.   Coulomb (SR)   Coul. recip.
   -1.41096e+05    2.59944e+06   -8.81682e+04   -1.41388e+07    1.96996e+04
      Potential    Kinetic En.   Total Energy  Conserved En.    Temperature
   -1.16773e+07    6.14020e+04   -1.16159e+07    2.10778e+07    1.10339e+01
 Pres. DC (bar) Pressure (bar)   Constr. rmsd
   -2.41268e+02    2.26686e+03    4.29689e-06


DD  step 459999 load imb.: force  4.4%  pme mesh/force 0.796
           Step           Time
         460000      920.00000

   Energies (kJ/mol)
           Bond          Angle    Proper Dih. Per. Imp. Dih.          LJ-14
    9.64074e+03    1.06789e+04    3.73744e+04    2.35722e+02    1.35984e+04
     Coulomb-14        LJ (SR)  Disper. corr.   Coulomb (SR)   Coul. recip.
   -1.41273e+05    2.44740e+06   -8.60215e+04   -1.40034e+07    2.00734e+04
      Potential    Kinetic En.   Total Energy  Conserved En.    Temperature
   -1.16917e+07    6.01027e+04   -1.16316e+07    2.15692e+07    1.08004e+01
 Pres. DC (bar) Pressure (bar)   Constr. rmsd
   -2.29674e+02    3.77921e+02    4.41159e-06


DD  step 464999 load imb.: force  5.9%  pme mesh/force 0.786
           Step           Time
         465000      930.00000

   Energies (kJ/mol)
           Bond          Angle    Proper Dih. Per. Imp. Dih.          LJ-14
    9.50888e+03    1.07172e+04    3.73290e+04    2.25991e+02    1.34319e+04
     Coulomb-14        LJ (SR)  Disper. corr.   Coulomb (SR)   Coul. recip.
   -1.41219e+05    2.26131e+06   -8.37563e+04   -1.38171e+07    2.04810e+04
      Potential    Kinetic En.   Total Energy  Conserved En.    Temperature
   -1.16891e+07    5.78540e+04   -1.16312e+07    2.20669e+07    1.03963e+01
 Pres. DC (bar) Pressure (bar)   Constr. rmsd
   -2.17751e+02   -1.63023e+03    4.47498e-06


DD  step 469999 load imb.: force  5.6%  pme mesh/force 0.787
           Step           Time
         470000      940.00000

   Energies (kJ/mol)
           Bond          Angle    Proper Dih. Per. Imp. Dih.          LJ-14
    9.13993e+03    1.05909e+04    3.74780e+04    2.14480e+02    1.35044e+04
     Coulomb-14        LJ (SR)  Disper. corr.   Coulomb (SR)   Coul. recip.
   -1.40940e+05    2.14550e+06   -8.23348e+04   -1.36896e+07    2.06825e+04
      Potential    Kinetic En.   Total Energy  Conserved En.    Temperature
   -1.16758e+07    5.78973e+04   -1.16179e+07    2.25913e+07    1.04041e+01
 Pres. DC (bar) Pressure (bar)   Constr. rmsd
   -2.10431e+02   -2.75051e+03    4.42595e-06

Writing checkpoint, step 474700 at Sat Nov 29 17:00:03 2025



DD  step 474999 load imb.: force  7.3%  pme mesh/force 0.789
           Step           Time
         475000      950.00000

   Energies (kJ/mol)
           Bond          Angle    Proper Dih. Per. Imp. Dih.          LJ-14
    8.90896e+03    1.05647e+04    3.75765e+04    2.13662e+02    1.37122e+04
     Coulomb-14        LJ (SR)  Disper. corr.   Coulomb (SR)   Coul. recip.
   -1.40763e+05    2.13788e+06   -8.22314e+04   -1.36798e+07    2.06430e+04
      Potential    Kinetic En.   Total Energy  Conserved En.    Temperature
   -1.16733e+07    6.03107e+04   -1.16130e+07    2.31297e+07    1.08378e+01
 Pres. DC (bar) Pressure (bar)   Constr. rmsd
   -2.09903e+02   -2.78040e+03    4.46269e-06


DD  step 479999 load imb.: force  5.0%  pme mesh/force 0.774
           Step           Time
         480000      960.00000

   Energies (kJ/mol)
           Bond          Angle    Proper Dih. Per. Imp. Dih.          LJ-14
    8.85135e+03    1.06467e+04    3.76500e+04    2.18702e+02    1.39708e+04
     Coulomb-14        LJ (SR)  Disper. corr.   Coulomb (SR)   Coul. recip.
   -1.40724e+05    2.22456e+06   -8.33032e+04   -1.37770e+07    2.03517e+04
      Potential    Kinetic En.   Total Energy  Conserved En.    Temperature
   -1.16848e+07    6.32489e+04   -1.16216e+07    2.36627e+07    1.13658e+01
 Pres. DC (bar) Pressure (bar)   Constr. rmsd
   -2.15404e+02   -1.88990e+03    4.41244e-06


DD  step 484999 load imb.: force  6.3%  pme mesh/force 0.666
           Step           Time
         485000      970.00000

   Energies (kJ/mol)
           Bond          Angle    Proper Dih. Per. Imp. Dih.          LJ-14
    8.88104e+03    1.07259e+04    3.76768e+04    2.23855e+02    1.41784e+04
     Coulomb-14        LJ (SR)  Disper. corr.   Coulomb (SR)   Coul. recip.
   -1.40682e+05    2.37165e+06   -8.51946e+04   -1.39331e+07    2.00051e+04
      Potential    Kinetic En.   Total Energy  Conserved En.    Temperature
   -1.16957e+07    6.42977e+04   -1.16314e+07    2.41785e+07    1.15543e+01
 Pres. DC (bar) Pressure (bar)   Constr. rmsd
   -2.25285e+02   -3.21610e+02    4.37271e-06


DD  step 489999 load imb.: force  4.6%  pme mesh/force 0.675
           Step           Time
         490000      980.00000

   Energies (kJ/mol)
           Bond          Angle    Proper Dih. Per. Imp. Dih.          LJ-14
    9.04050e+03    1.06796e+04    3.76534e+04    2.34341e+02    1.42373e+04
     Coulomb-14        LJ (SR)  Disper. corr.   Coulomb (SR)   Coul. recip.
   -1.40811e+05    2.52159e+06   -8.73239e+04   -1.40761e+07    1.95985e+04
      Potential    Kinetic En.   Total Energy  Conserved En.    Temperature
   -1.16912e+07    6.24708e+04   -1.16287e+07    2.46834e+07    1.12260e+01
 Pres. DC (bar) Pressure (bar)   Constr. rmsd
   -2.36674e+02    1.43147e+03    4.35666e-06


DD  step 494999 load imb.: force  6.2%  pme mesh/force 0.732
           Step           Time
         495000      990.00000

   Energies (kJ/mol)
           Bond          Angle    Proper Dih. Per. Imp. Dih.          LJ-14
    9.16375e+03    1.04758e+04    3.75681e+04    2.42989e+02    1.41650e+04
     Coulomb-14        LJ (SR)  Disper. corr.   Coulomb (SR)   Coul. recip.
   -1.40897e+05    2.62038e+06   -8.88104e+04   -1.41582e+07    1.93482e+04
      Potential    Kinetic En.   Total Energy  Conserved En.    Temperature
   -1.16766e+07    6.00869e+04   -1.16165e+07    2.52006e+07    1.07976e+01
 Pres. DC (bar) Pressure (bar)   Constr. rmsd
   -2.44791e+02    2.68402e+03    4.31131e-06


DD  step 499999 load imb.: force  6.2%  pme mesh/force 0.744
           Step           Time
         500000     1000.00000

Writing checkpoint, step 500000 at Sat Nov 29 17:04:54 2025


   Energies (kJ/mol)
           Bond          Angle    Proper Dih. Per. Imp. Dih.          LJ-14
    9.33964e+03    1.03120e+04    3.75386e+04    2.41159e+02    1.39976e+04
     Coulomb-14        LJ (SR)  Disper. corr.   Coulomb (SR)   Coul. recip.
   -1.40924e+05    2.64820e+06   -8.90911e+04   -1.41789e+07    1.94288e+04
      Potential    Kinetic En.   Total Energy  Conserved En.    Temperature
   -1.16699e+07    6.04423e+04   -1.16094e+07    2.57208e+07    1.08615e+01
 Pres. DC (bar) Pressure (bar)   Constr. rmsd
   -2.46340e+02    2.99131e+03    4.35275e-06


Energy conservation over simulation part #1 of length 1000 ps, time 0 to 1000 ps
  Conserved energy drift: 5.60e-02 kJ/mol/ps per atom


	<======  ###############  ==>
	<====  A V E R A G E S  ====>
	<==  ###############  ======>

	Statistics over 500001 steps using 5001 frames

   Energies (kJ/mol)
           Bond          Angle    Proper Dih. Per. Imp. Dih.          LJ-14
    9.03796e+03    1.03775e+04    3.75348e+04    2.26138e+02    1.38426e+04
     Coulomb-14        LJ (SR)  Disper. corr.   Coulomb (SR)   Coul. recip.
   -1.40881e+05    2.39815e+06   -8.54260e+04   -1.39329e+07    2.08889e+04
      Potential    Kinetic En.   Total Energy  Conserved En.    Temperature
   -1.16692e+07    5.93086e+04   -1.16099e+07    3.62027e+06    1.06577e+01
 Pres. DC (bar) Pressure (bar)   Constr. rmsd
   -2.26650e+02    1.56679e+01    0.00000e+00

          Box-X          Box-Y          Box-Z
    2.07004e+01    2.07004e+01    1.46374e+01

   Total Virial (kJ/mol)
    2.97792e+04   -1.62264e+04    5.81110e+03
   -1.61775e+04    1.70553e+04   -1.00853e+03
    5.82993e+03   -9.83956e+02    2.82996e+04

   Pressure (bar)
   -8.88028e+00    8.55026e+01   -3.07134e+01
    8.52437e+01    5.83055e+01    5.08041e+00
   -3.08131e+01    4.95032e+00   -2.42163e+00

      T-Protein  T-non-Protein
    1.37407e+01    1.06492e+01


	M E G A - F L O P S   A C C O U N T I N G

 NB=Group-cutoff nonbonded kernels    NxN=N-by-N cluster Verlet kernels
 RF=Reaction-Field  VdW=Van der Waals  QSTab=quadratic-spline table
 W3=SPC/TIP3p  W4=TIP4p (single or pairs)
 V&F=Potential and force  V=Potential only  F=Force only

 Computing:                               M-Number         M-Flops  % Flops
-----------------------------------------------------------------------------
 Pair Search distance check         1245276.703142    11207490.328     0.1
 NxN Ewald Elec. + LJ [F]          94610610.960624  6244300323.401    48.7
 NxN Ewald Elec. + LJ [V&F]          955860.889696   102277115.197     0.8
 NxN Ewald Elec. [F]               91201605.519024  5563297936.660    43.4
 NxN Ewald Elec. [V&F]               921419.304640    77399221.590     0.6
 1,4 nonbonded interactions           16339.532679     1470557.941     0.0
 Calc Weights                        997540.995078    35911475.823     0.3
 Spread Q Bspline                  21280874.561664    42561749.123     0.3
 Gather F Bspline                  21280874.561664   127685247.370     1.0
 3D-FFT                            64200451.326084   513603610.609     4.0
 Solve PME                           756558.940928    48419772.219     0.4
 Reset In Box                          3323.799948        9971.400     0.0
 CG-CoM                                3325.795026        9977.385     0.0
 Bonds                                 4544.509089      268126.036     0.0
 Angles                               12232.024464     2054980.110     0.0
 Propers                              21374.542749     4894770.290     0.0
 Impropers                             1166.502333      242632.485     0.0
 Virial                                6668.926826      120040.683     0.0
 Stop-CM                               3325.795026       33257.950     0.0
 Calc-Ekin                            66503.930052     1795606.111     0.0
 Lincs                                 2274.504549      136470.273     0.0
 Lincs-Mat                             5622.011244       22488.045     0.0
 Constraint-V                        330516.161031     2974645.449     0.0
 Constraint-Vir                        6565.476482      157571.436     0.0
 Settle                              108655.717311    40202615.405     0.3
-----------------------------------------------------------------------------
 Total                                             12821057653.321   100.0
-----------------------------------------------------------------------------


    D O M A I N   D E C O M P O S I T I O N   S T A T I S T I C S

 av. #atoms communicated per step for force:  2 x 471119.8


Dynamic load balancing report:
 DLB got disabled because it was unsuitable to use.
 Average load imbalance: 6.8%.
 The balanceable part of the MD step is 71%, load imbalance is computed from this.
 Part of the total run time spent waiting due to load imbalance: 4.8%.
 Average PME mesh/force load: 1.044
 Part of the total run time spent waiting due to PP/PME imbalance: 2.0 %


      R E A L   C Y C L E   A N D   T I M E   A C C O U N T I N G

On 40 MPI ranks doing PP, and
on 24 MPI ranks doing PME

 Activity:              Num   Num      Call    Wall time         Giga-Cycles
                        Ranks Threads  Count      (s)         total sum    %
--------------------------------------------------------------------------------
 Domain decomp.           40    1       5000      46.235       4715.972   0.4
 DD comm. load            40    1       4999       1.628        166.054   0.0
 DD comm. bounds          40    1         37       0.018          1.793   0.0
 Send X to PME            40    1     500001      58.142       5930.427   0.5
 Neighbor search          40    1       5001     141.620      14445.197   1.2
 Comm. coord.             40    1     495000     384.715      39240.694   3.2
 Force                    40    1     500001    4665.140     475841.572  38.9
 Wait + Comm. F           40    1     500001     481.029      49064.632   4.0
 PME mesh *               24    1     500001    5182.516     317168.199  25.9
 PME wait for PP *                              2310.400     141395.703  11.6
 Wait + Recv. PME F       40    1     500001    1428.962     145753.297  11.9
 NB X/F buffer ops.       40    1    1490001      52.285       5333.032   0.4
 Write traj.              40    1        109       0.653         66.640   0.0
 Update                   40    1     500001      72.773       7422.783   0.6
 Constraints              40    1     500001      76.047       7756.721   0.6
 Comm. energies           40    1      50001      63.620       6489.236   0.5
 Rest                                             20.108       2050.975   0.2
--------------------------------------------------------------------------------
 Total                                          7492.974    1222846.439 100.0
--------------------------------------------------------------------------------
(*) Note that with separate PME ranks, the walltime column actually sums to
    twice the total reported, but the cycle count total and % are correct.
--------------------------------------------------------------------------------
 Breakdown of PME mesh activities
--------------------------------------------------------------------------------
 PME redist. X/F          24    1    1000002    2585.510     158232.324  12.9
 PME spread               24    1     500001     708.050      43332.412   3.5
 PME gather               24    1     500001     932.200      57050.318   4.7
 PME 3D-FFT               24    1    1000002     482.830      29549.020   2.4
 PME 3D-FFT Comm.         24    1    1000002     443.566      27146.085   2.2
 PME solve Elec           24    1     500001      29.580       1810.264   0.1
--------------------------------------------------------------------------------

               Core t (s)   Wall t (s)        (%)
       Time:   479549.791     7492.974     6400.0
                         2h04:52
                 (ns/day)    (hour/ns)
Performance:       11.531        2.081
Finished mdrun on rank 0 Sat Nov 29 17:04:55 2025

