                      :-) GROMACS - gmx mdrun, 2024.3 (-:

Copyright 1991-2024 The GROMACS Authors.
GROMACS is free software; you can redistribute it and/or modify it
under the terms of the GNU Lesser General Public License
as published by the Free Software Foundation; either version 2.1
of the License, or (at your option) any later version.

                         Current GROMACS contributors:
       Mark Abraham           Andrey Alekseenko           Vladimir Basov      
      Cathrine Bergh            Eliane Briand               Ania Brown        
      Mahesh Doijade            Giacomo Fiorin          Stefan Fleischmann    
      Sergey Gorelov         Gilles Gouaillardet            Alan Gray         
     M. Eric Irrgang         Farzaneh Jalalypour            Joe Jordan        
     Carsten Kutzner           Justin A. Lemkul          Magnus Lundborg      
       Pascal Merz              Vedran Miletic            Dmitry Morozov      
       Julien Nabet              Szilard Pall        Andrea Pasquadibisceglie 
    Michele Pellegrino          Hubert Santuz             Roland Schulz       
     Tatiana Shugaeva          Alexey Shvetsov            Philip Turner       
     Alessandra Villa      Sebastian Wingbermuehle  

                         Previous GROMACS contributors:
        Emile Apol             Rossen Apostolov           James Barnett       
        Paul Bauer          Herman J.C. Berendsen          Par Bjelkmar       
      Christian Blau          Viacheslav Bolnykh            Kevin Boyd        
    Aldert van Buuren          Carlo Camilloni           Rudi van Drunen      
      Anton Feenstra           Oliver Fleetwood            Vytas Gapsys       
       Gaurav Garg             Gerrit Groenhof            Bert de Groot       
      Anca Hamuraru           Vincent Hindriksen          Victor Holanda      
     Aleksei Iupinov          Christoph Junghans        Prashanth Kanduri     
   Dimitrios Karkoulis           Peter Kasson             Sebastian Kehl      
     Sebastian Keller             Jiri Kraus               Per Larsson        
      Viveca Lindahl            Erik Marklund           Pieter Meulenhoff     
      Teemu Murtola              Sander Pronk             Michael Shirts      
      Alfons Sijbers            Balint Soproni         David van der Spoel    
      Peter Tieleman            Carsten Uphoff             Jon Vincent        
     Teemu Virolainen         Christian Wennberg           Maarten Wolf       
      Artem Zhmurov       

                  Coordinated by the GROMACS project leaders:
                           Berk Hess and Erik Lindahl

GROMACS:      gmx mdrun, version 2024.3
Executable:   /users/cdohert4/gromacs-2024.3/bin/gmx
Data prefix:  /users/cdohert4/gromacs-2024.3
Working dir:  /oscar/home/cdohert4/Experimental Data/SOX2 Interaction with ES2 -- Test 5
Process ID:   125255
Command line:
  gmx mdrun -v -deffnm md_0_10

GROMACS version:     2024.3
Precision:           mixed
Memory model:        64 bit
MPI library:         thread_mpi
OpenMP support:      enabled (GMX_OPENMP_MAX_THREADS = 128)
GPU support:         disabled
SIMD instructions:   AVX_512
CPU FFT library:     fftw-3.3.8-sse2-avx-avx2-avx2_128-avx512
GPU FFT library:     none
Multi-GPU FFT:       none
RDTSCP usage:        enabled
TNG support:         enabled
Hwloc support:       disabled
Tracing support:     disabled
C compiler:          /oscar/rt/9.2/software/0.20-generic/0.20.1/opt/spack/linux-rhel9-x86_64_v3/gcc-11.3.1/gcc-13.1.0-nvrtbp3ngdnok3fg22pzxxczitvtu7ge/bin/gcc GNU 13.1.0
C compiler flags:    -fexcess-precision=fast -funroll-all-loops -march=skylake-avx512 -Wno-missing-field-initializers -O3 -DNDEBUG
C++ compiler:        /oscar/rt/9.2/software/0.20-generic/0.20.1/opt/spack/linux-rhel9-x86_64_v3/gcc-11.3.1/gcc-13.1.0-nvrtbp3ngdnok3fg22pzxxczitvtu7ge/bin/g++ GNU 13.1.0
C++ compiler flags:  -fexcess-precision=fast -funroll-all-loops -march=skylake-avx512 -Wno-missing-field-initializers -Wno-cast-function-type-strict -fopenmp -O3 -DNDEBUG
BLAS library:        Internal
LAPACK library:      Internal


Running on 1 node with total 64 cores, 64 processing units
Hardware detected on host node2412.oscar.ccv.brown.edu:
  CPU info:
    Vendor: AMD
    Brand:  AMD EPYC 9684X 96-Core Processor               
    Family: 25   Model: 17   Stepping: 2
    Features: aes amd apic avx avx2 avx512f avx512cd avx512bw avx512vl avx512bf16 avx512secondFMA clfsh cmov cx8 cx16 f16c fma htt lahf misalignsse mmx msr nonstop_tsc pcid pclmuldq pdpe1gb popcnt pse rdrnd rdtscp sha sse2 sse3 sse4a sse4.1 sse4.2 ssse3
  Hardware topology: Basic
    Packages, cores, and logical processors:
    [indices refer to OS logical processors]
      Package  0: [  51] [  52] [  53] [  54] [  55] [  56] [  57] [  58] [  59] [  60] [  61] [  62] [  63]
      Package  1: [ 100] [ 101] [ 102] [ 103] [ 104] [ 105] [ 106] [ 107] [ 108] [ 109] [ 122] [ 123] [ 124] [ 125] [ 126] [ 127] [ 128] [ 129] [ 130] [ 131] [ 132] [ 133] [ 134] [ 135] [ 136] [ 149] [ 150] [ 151] [ 152] [ 153] [ 154] [ 155] [ 156] [ 157] [ 158] [ 159] [ 177] [ 178] [ 179] [ 180] [ 181] [ 182] [ 183] [ 184] [ 185] [ 186] [ 187] [ 188] [ 189] [ 190] [ 191]
    CPU limit set by OS: -1   Recommended max number of threads: 64


++++ PLEASE READ AND CITE THE FOLLOWING REFERENCE ++++
M. J. Abraham, T. Murtola, R. Schulz, S. Páll, J. C. Smith, B. Hess, E.
Lindahl
GROMACS: High performance molecular simulations through multi-level
parallelism from laptops to supercomputers
SoftwareX 1 (2015) pp. 19-25
-------- -------- --- Thank You --- -------- --------


++++ PLEASE READ AND CITE THE FOLLOWING REFERENCE ++++
S. Páll, M. J. Abraham, C. Kutzner, B. Hess, E. Lindahl
Tackling Exascale Software Challenges in Molecular Dynamics Simulations with
GROMACS
In S. Markidis & E. Laure (Eds.), Solving Software Challenges for Exascale 8759 (2015) pp. 3-27
-------- -------- --- Thank You --- -------- --------


++++ PLEASE READ AND CITE THE FOLLOWING REFERENCE ++++
S. Pronk, S. Páll, R. Schulz, P. Larsson, P. Bjelkmar, R. Apostolov, M. R.
Shirts, J. C. Smith, P. M. Kasson, D. van der Spoel, B. Hess, and E. Lindahl
GROMACS 4.5: a high-throughput and highly parallel open source molecular
simulation toolkit
Bioinformatics 29 (2013) pp. 845-54
-------- -------- --- Thank You --- -------- --------


++++ PLEASE READ AND CITE THE FOLLOWING REFERENCE ++++
B. Hess and C. Kutzner and D. van der Spoel and E. Lindahl
GROMACS 4: Algorithms for highly efficient, load-balanced, and scalable
molecular simulation
J. Chem. Theory Comput. 4 (2008) pp. 435-447
-------- -------- --- Thank You --- -------- --------


++++ PLEASE READ AND CITE THE FOLLOWING REFERENCE ++++
D. van der Spoel, E. Lindahl, B. Hess, G. Groenhof, A. E. Mark and H. J. C.
Berendsen
GROMACS: Fast, Flexible and Free
J. Comp. Chem. 26 (2005) pp. 1701-1719
-------- -------- --- Thank You --- -------- --------


++++ PLEASE READ AND CITE THE FOLLOWING REFERENCE ++++
E. Lindahl and B. Hess and D. van der Spoel
GROMACS 3.0: A package for molecular simulation and trajectory analysis
J. Mol. Mod. 7 (2001) pp. 306-317
-------- -------- --- Thank You --- -------- --------


++++ PLEASE READ AND CITE THE FOLLOWING REFERENCE ++++
H. J. C. Berendsen, D. van der Spoel and R. van Drunen
GROMACS: A message-passing parallel molecular dynamics implementation
Comp. Phys. Comm. 91 (1995) pp. 43-56
-------- -------- --- Thank You --- -------- --------


++++ PLEASE CITE THE DOI FOR THIS VERSION OF GROMACS ++++
https://doi.org/10.5281/zenodo.13456374
-------- -------- --- Thank You --- -------- --------

Input Parameters:
   integrator                     = md
   tinit                          = 0
   dt                             = 0.002
   nsteps                         = 500000
   init-step                      = 0
   simulation-part                = 1
   mts                            = false
   mass-repartition-factor        = 1
   comm-mode                      = Linear
   nstcomm                        = 100
   bd-fric                        = 0
   ld-seed                        = 507346407
   emtol                          = 10
   emstep                         = 0.01
   niter                          = 20
   fcstep                         = 0
   nstcgsteep                     = 1000
   nbfgscorr                      = 10
   rtpi                           = 0.05
   nstxout                        = 0
   nstvout                        = 0
   nstfout                        = 0
   nstlog                         = 5000
   nstcalcenergy                  = 100
   nstenergy                      = 5000
   nstxout-compressed             = 5000
   compressed-x-precision         = 1000
   cutoff-scheme                  = Verlet
   nstlist                        = 10
   pbc                            = xyz
   periodic-molecules             = false
   verlet-buffer-tolerance        = 0.005
   verlet-buffer-pressure-tolerance = 0.5
   rlist                          = 1
   coulombtype                    = PME
   coulomb-modifier               = Potential-shift
   rcoulomb-switch                = 0
   rcoulomb                       = 1
   epsilon-r                      = 1
   epsilon-rf                     = inf
   vdw-type                       = Cut-off
   vdw-modifier                   = Potential-shift
   rvdw-switch                    = 0
   rvdw                           = 1
   DispCorr                       = EnerPres
   table-extension                = 1
   fourierspacing                 = 0.16
   fourier-nx                     = 160
   fourier-ny                     = 160
   fourier-nz                     = 160
   pme-order                      = 4
   ewald-rtol                     = 1e-05
   ewald-rtol-lj                  = 0.001
   lj-pme-comb-rule               = Geometric
   ewald-geometry                 = 3d
   epsilon-surface                = 0
   ensemble-temperature-setting   = constant
   ensemble-temperature           = 10
   tcoupl                         = V-rescale
   nsttcouple                     = 10
   nh-chain-length                = 0
   print-nose-hoover-chain-variables = false
   pcoupl                         = Parrinello-Rahman
   pcoupltype                     = Isotropic
   nstpcouple                     = 50
   tau-p                          = 2
   compressibility (3x3):
      compressibility[    0]={ 4.50000e-05,  0.00000e+00,  0.00000e+00}
      compressibility[    1]={ 0.00000e+00,  4.50000e-05,  0.00000e+00}
      compressibility[    2]={ 0.00000e+00,  0.00000e+00,  4.50000e-05}
   ref-p (3x3):
      ref-p[    0]={ 1.00000e+00,  0.00000e+00,  0.00000e+00}
      ref-p[    1]={ 0.00000e+00,  1.00000e+00,  0.00000e+00}
      ref-p[    2]={ 0.00000e+00,  0.00000e+00,  1.00000e+00}
   refcoord-scaling               = No
   posres-com (3):
      posres-com[0]= 0.00000e+00
      posres-com[1]= 0.00000e+00
      posres-com[2]= 0.00000e+00
   posres-comB (3):
      posres-comB[0]= 0.00000e+00
      posres-comB[1]= 0.00000e+00
      posres-comB[2]= 0.00000e+00
   QMMM                           = false
qm-opts:
   ngQM                           = 0
   constraint-algorithm           = Lincs
   continuation                   = true
   Shake-SOR                      = false
   shake-tol                      = 0.0001
   lincs-order                    = 4
   lincs-iter                     = 1
   lincs-warnangle                = 30
   nwall                          = 0
   wall-type                      = 9-3
   wall-r-linpot                  = -1
   wall-atomtype[0]               = -1
   wall-atomtype[1]               = -1
   wall-density[0]                = 0
   wall-density[1]                = 0
   wall-ewald-zfac                = 3
   pull                           = false
   awh                            = false
   rotation                       = false
   interactiveMD                  = false
   disre                          = No
   disre-weighting                = Conservative
   disre-mixed                    = false
   dr-fc                          = 1000
   dr-tau                         = 0
   nstdisreout                    = 100
   orire-fc                       = 0
   orire-tau                      = 0
   nstorireout                    = 100
   free-energy                    = no
   cos-acceleration               = 0
   deform (3x3):
      deform[    0]={ 0.00000e+00,  0.00000e+00,  0.00000e+00}
      deform[    1]={ 0.00000e+00,  0.00000e+00,  0.00000e+00}
      deform[    2]={ 0.00000e+00,  0.00000e+00,  0.00000e+00}
   simulated-tempering            = false
   swapcoords                     = no
   userint1                       = 0
   userint2                       = 0
   userint3                       = 0
   userint4                       = 0
   userreal1                      = 0
   userreal2                      = 0
   userreal3                      = 0
   userreal4                      = 0
   applied-forces:
     electric-field:
       x:
         E0                       = 0
         omega                    = 0
         t0                       = 0
         sigma                    = 0
       y:
         E0                       = 0
         omega                    = 0
         t0                       = 0
         sigma                    = 0
       z:
         E0                       = 0
         omega                    = 0
         t0                       = 0
         sigma                    = 0
     density-guided-simulation:
       active                     = false
       group                      = protein
       similarity-measure         = inner-product
       atom-spreading-weight      = unity
       force-constant             = 1e+09
       gaussian-transform-spreading-width = 0.2
       gaussian-transform-spreading-range-in-multiples-of-width = 4
       reference-density-filename = reference.mrc
       nst                        = 1
       normalize-densities        = true
       adaptive-force-scaling     = false
       adaptive-force-scaling-time-constant = 4
       shift-vector               = 
       transformation-matrix      = 
     qmmm-cp2k:
       active                     = false
       qmgroup                    = System
       qmmethod                   = PBE
       qmfilenames                = 
       qmcharge                   = 0
       qmmultiplicity             = 1
     colvars:
       active                     = false
       configfile                 = 
       seed                       = -1
grpopts:
   nrdf:     3683.99  2.04444e+06
   ref-t:          10          10
   tau-t:         0.1         0.1
annealing:          No          No
annealing-npoints:           0           0
   acc:	           0           0           0
   nfreeze:           N           N           N
   energygrp-flags[  0]: 0

Changing nstlist from 10 to 100, rlist from 1 to 1.011


Initializing Domain Decomposition on 64 ranks
Dynamic load balancing: auto
Using update groups, nr 344111, average size 3.0 atoms, max. radius 0.103 nm
Minimum cell size due to atom displacement: 0.241 nm
Initial maximum distances in bonded interactions:
    two-body bonded interactions: 0.423 nm, LJ-14, atoms 461 469
  multi-body bonded interactions: 0.423 nm, Proper Dih., atoms 461 469
Minimum cell size due to bonded interactions: 0.466 nm
Scaling the initial minimum size with 1/0.8 (option -dds) = 1.25
Guess for relative PME load: 0.30
Will use 40 particle-particle and 24 PME only ranks
This is a guess, check the performance at the end of the log file
Using 24 separate PME ranks, as guessed by mdrun
Optimizing the DD grid for 40 cells with a minimum initial size of 0.582 nm
The maximum allowed number of cells is: X 33 Y 33 Z 29
Domain decomposition grid 8 x 5 x 1, separate PME ranks 24
PME domain decomposition: 8 x 3 x 1
Interleaving PP and PME ranks
This rank does only particle-particle work.
Domain decomposition rank 0, coordinates 0 0 0

The initial number of communication pulses is: X 1 Y 1
The initial domain decomposition cell size is: X 2.44 nm Y 3.91 nm

The maximum allowed distance for atom groups involved in interactions is:
                 non-bonded interactions           1.217 nm
(the following are initial values, they could change due to box deformation)
            two-body bonded interactions  (-rdd)   1.217 nm
          multi-body bonded interactions  (-rdd)   1.217 nm

When dynamic load balancing gets turned on, these settings will change to:
The maximum number of communication pulses is: X 1 Y 1
The minimum size for domain decomposition cells is 1.217 nm
The requested allowed shrink of DD cells (option -dds) is: 0.80
The allowed shrink of domain decomposition cells is: X 0.50 Y 0.31
The maximum allowed distance for atom groups involved in interactions is:
                 non-bonded interactions           1.217 nm
            two-body bonded interactions  (-rdd)   1.217 nm
          multi-body bonded interactions  (-rdd)   1.217 nm

Using 64 MPI threads

Non-default thread affinity set, disabling internal thread affinity

Using 1 OpenMP thread per tMPI thread

System total charge: -0.000
Will do PME sum in reciprocal space for electrostatic interactions.

++++ PLEASE READ AND CITE THE FOLLOWING REFERENCE ++++
U. Essmann, L. Perera, M. L. Berkowitz, T. Darden, H. Lee and L. G. Pedersen 
A smooth particle mesh Ewald method
J. Chem. Phys. 103 (1995) pp. 8577-8592
-------- -------- --- Thank You --- -------- --------

Using a Gaussian width (1/beta) of 0.320163 nm for Ewald
Potential shift: LJ r^-12: -1.000e+00 r^-6: -1.000e+00, Ewald -1.000e-05
Initialized non-bonded Coulomb Ewald tables, spacing: 9.33e-04 size: 1073

Generated table with 1005 data points for 1-4 COUL.
Tabscale = 500 points/nm
Generated table with 1005 data points for 1-4 LJ6.
Tabscale = 500 points/nm
Generated table with 1005 data points for 1-4 LJ12.
Tabscale = 500 points/nm
Long Range LJ corr.: <C6> 2.8495e-04


Using SIMD2xMM 4x8 nonbonded short-range kernels

Using a 4x8 pair-list setup:
  updated every 100 steps, buffer 0.011 nm, rlist 1.011 nm
At tolerance 0.005 kJ/mol/ps per atom, equivalent classical 1x1 list would be:
  updated every 100 steps, buffer 0.050 nm, rlist 1.050 nm

The average pressure is off by at most 0.25 bar due to missing LJ interactions

Using Lorentz-Berthelot Lennard-Jones combination rule

Linking all bonded interactions to atoms


Initializing LINear Constraint Solver

++++ PLEASE READ AND CITE THE FOLLOWING REFERENCE ++++
B. Hess and H. Bekker and H. J. C. Berendsen and J. G. E. M. Fraaije
LINCS: A Linear Constraint Solver for molecular simulations
J. Comp. Chem. 18 (1997) pp. 1463-1472
-------- -------- --- Thank You --- -------- --------

The number of constraints is 4549

++++ PLEASE READ AND CITE THE FOLLOWING REFERENCE ++++
S. Miyamoto and P. A. Kollman
SETTLE: An Analytical Version of the SHAKE and RATTLE Algorithms for Rigid
Water Models
J. Comp. Chem. 13 (1992) pp. 952-962
-------- -------- --- Thank You --- -------- --------


Intra-simulation communication will occur every 10 steps.

++++ PLEASE READ AND CITE THE FOLLOWING REFERENCE ++++
G. Bussi, D. Donadio and M. Parrinello
Canonical sampling through velocity rescaling
J. Chem. Phys. 126 (2007) pp. 014101
-------- -------- --- Thank You --- -------- --------

There are: 1019794 Atoms
Atom distribution over 40 domains: av 25494 stddev 244 min 25146 max 25713
Center of mass motion removal mode is Linear
We have the following groups for center of mass motion removal:
  0:  rest

Started mdrun on rank 0 Sun Nov 30 17:43:55 2025

           Step           Time
              0        0.00000

   Energies (kJ/mol)
           Bond          Angle    Proper Dih. Per. Imp. Dih.          LJ-14
    2.86873e+03    9.64309e+03    3.68102e+04    2.01591e+02    1.36683e+04
     Coulomb-14        LJ (SR)  Disper. corr.   Coulomb (SR)   Coul. recip.
   -1.40950e+05    3.72923e+06   -1.27676e+05   -2.12219e+07    3.52998e+04
      Potential    Kinetic En.   Total Energy  Conserved En.    Temperature
   -1.76628e+07    8.50422e+04   -1.75778e+07   -1.75772e+07    9.98787e+00
 Pres. DC (bar) Pressure (bar)   Constr. rmsd
   -2.18561e+02   -4.14681e+01    4.80533e-06


DD  step 99 load imb.: force  3.7%  pme mesh/force 0.742

step 300 Turning on dynamic load balancing, because the performance loss due to load imbalance is 2.8 %.
step 4000 Turning off dynamic load balancing, because it is degrading performance.
Atom distribution over 40 domains: av 25494 stddev 241 min 25228 max 25692

DD  step 4999 load imb.: force  2.9%  pme mesh/force 0.483
           Step           Time
           5000       10.00000

   Energies (kJ/mol)
           Bond          Angle    Proper Dih. Per. Imp. Dih.          LJ-14
    2.90809e+03    9.68794e+03    3.67782e+04    2.13798e+02    1.37142e+04
     Coulomb-14        LJ (SR)  Disper. corr.   Coulomb (SR)   Coul. recip.
   -1.41382e+05    3.73399e+06   -1.27779e+05   -2.12287e+07    3.51114e+04
      Potential    Kinetic En.   Total Energy  Conserved En.    Temperature
   -1.76655e+07    8.51473e+04   -1.75803e+07   -1.75769e+07    1.00002e+01
 Pres. DC (bar) Pressure (bar)   Constr. rmsd
   -2.18912e+02    8.10835e+00    4.87388e-06


DD  step 9999 load imb.: force  3.4%  pme mesh/force 0.541
           Step           Time
          10000       20.00000

   Energies (kJ/mol)
           Bond          Angle    Proper Dih. Per. Imp. Dih.          LJ-14
    2.90822e+03    9.69445e+03    3.67243e+04    2.15705e+02    1.37174e+04
     Coulomb-14        LJ (SR)  Disper. corr.   Coulomb (SR)   Coul. recip.
   -1.41312e+05    3.73608e+06   -1.27840e+05   -2.12313e+07    3.51248e+04
      Potential    Kinetic En.   Total Energy  Conserved En.    Temperature
   -1.76660e+07    8.51140e+04   -1.75809e+07   -1.75766e+07    9.99631e+00
 Pres. DC (bar) Pressure (bar)   Constr. rmsd
   -2.19121e+02    2.67405e+01    4.82832e-06


DD  step 14999 load imb.: force  4.8%  pme mesh/force 0.495
           Step           Time
          15000       30.00000

   Energies (kJ/mol)
           Bond          Angle    Proper Dih. Per. Imp. Dih.          LJ-14
    2.91169e+03    9.69150e+03    3.67694e+04    2.19816e+02    1.37277e+04
     Coulomb-14        LJ (SR)  Disper. corr.   Coulomb (SR)   Coul. recip.
   -1.41426e+05    3.75030e+06   -1.28046e+05   -2.12452e+07    3.51619e+04
      Potential    Kinetic En.   Total Energy  Conserved En.    Temperature
   -1.76659e+07    8.51124e+04   -1.75808e+07   -1.75756e+07    9.99612e+00
 Pres. DC (bar) Pressure (bar)   Constr. rmsd
   -2.19829e+02    1.28787e+02    4.80939e-06


DD  step 19999 load imb.: force  2.9%  pme mesh/force 0.515

step 20000 Turning on dynamic load balancing, because the performance loss due to load imbalance is 3.0 %.
           Step           Time
          20000       40.00000

   Energies (kJ/mol)
           Bond          Angle    Proper Dih. Per. Imp. Dih.          LJ-14
    2.94005e+03    9.63094e+03    3.67704e+04    2.13279e+02    1.37241e+04
     Coulomb-14        LJ (SR)  Disper. corr.   Coulomb (SR)   Coul. recip.
   -1.41313e+05    3.75353e+06   -1.28090e+05   -2.12487e+07    3.51096e+04
      Potential    Kinetic En.   Total Energy  Conserved En.    Temperature
   -1.76662e+07    8.52559e+04   -1.75809e+07   -1.75733e+07    1.00130e+01
 Pres. DC (bar) Pressure (bar)   Constr. rmsd
   -2.19977e+02    1.53524e+02    4.86132e-06

step 22000 Turning off dynamic load balancing, because it is degrading performance.
Atom distribution over 40 domains: av 25494 stddev 241 min 25229 max 25697

DD  step 24999 load imb.: force  4.8%  pme mesh/force 0.486
           Step           Time
          25000       50.00000

   Energies (kJ/mol)
           Bond          Angle    Proper Dih. Per. Imp. Dih.          LJ-14
    2.85865e+03    9.66632e+03    3.67600e+04    2.08748e+02    1.37573e+04
     Coulomb-14        LJ (SR)  Disper. corr.   Coulomb (SR)   Coul. recip.
   -1.41336e+05    3.72859e+06   -1.27750e+05   -2.12240e+07    3.51367e+04
      Potential    Kinetic En.   Total Energy  Conserved En.    Temperature
   -1.76661e+07    8.52432e+04   -1.75809e+07   -1.75689e+07    1.00115e+01
 Pres. DC (bar) Pressure (bar)   Constr. rmsd
   -2.18813e+02   -2.10984e+01    4.90057e-06


DD  step 29999 load imb.: force  2.6%  pme mesh/force 0.511

step 30000 Will no longer try dynamic load balancing, as it degraded performance.
           Step           Time
          30000       60.00000

   Energies (kJ/mol)
           Bond          Angle    Proper Dih. Per. Imp. Dih.          LJ-14
    2.85060e+03    9.67749e+03    3.67773e+04    2.11850e+02    1.37269e+04
     Coulomb-14        LJ (SR)  Disper. corr.   Coulomb (SR)   Coul. recip.
   -1.41305e+05    3.70152e+06   -1.27330e+05   -2.11976e+07    3.52265e+04
      Potential    Kinetic En.   Total Energy  Conserved En.    Temperature
   -1.76662e+07    8.53819e+04   -1.75808e+07   -1.75626e+07    1.00278e+01
 Pres. DC (bar) Pressure (bar)   Constr. rmsd
   -2.17378e+02   -2.23350e+02    4.83362e-06


DD  step 34999 load imb.: force  4.5%  pme mesh/force 0.490
           Step           Time
          35000       70.00000

   Energies (kJ/mol)
           Bond          Angle    Proper Dih. Per. Imp. Dih.          LJ-14
    2.92359e+03    9.68784e+03    3.67492e+04    2.17059e+02    1.36591e+04
     Coulomb-14        LJ (SR)  Disper. corr.   Coulomb (SR)   Coul. recip.
   -1.41299e+05    3.70707e+06   -1.27455e+05   -2.12034e+07    3.52211e+04
      Potential    Kinetic En.   Total Energy  Conserved En.    Temperature
   -1.76666e+07    8.51344e+04   -1.75815e+07   -1.75548e+07    9.99870e+00
 Pres. DC (bar) Pressure (bar)   Constr. rmsd
   -2.17804e+02   -1.85072e+02    4.84886e-06


DD  step 39999 load imb.: force  1.9%  pme mesh/force 0.478
           Step           Time
          40000       80.00000

   Energies (kJ/mol)
           Bond          Angle    Proper Dih. Per. Imp. Dih.          LJ-14
    2.99386e+03    9.66118e+03    3.67465e+04    2.15748e+02    1.36863e+04
     Coulomb-14        LJ (SR)  Disper. corr.   Coulomb (SR)   Coul. recip.
   -1.41379e+05    3.75202e+06   -1.28181e+05   -2.12483e+07    3.49312e+04
      Potential    Kinetic En.   Total Energy  Conserved En.    Temperature
   -1.76676e+07    8.53786e+04   -1.75822e+07   -1.75452e+07    1.00274e+01
 Pres. DC (bar) Pressure (bar)   Constr. rmsd
   -2.20292e+02    1.55978e+02    4.85108e-06


DD  step 44999 load imb.: force  3.0%  pme mesh/force 0.509
           Step           Time
          45000       90.00000

   Energies (kJ/mol)
           Bond          Angle    Proper Dih. Per. Imp. Dih.          LJ-14
    2.96387e+03    9.69481e+03    3.67109e+04    2.23532e+02    1.37333e+04
     Coulomb-14        LJ (SR)  Disper. corr.   Coulomb (SR)   Coul. recip.
   -1.41433e+05    3.77981e+06   -1.28666e+05   -2.12757e+07    3.47333e+04
      Potential    Kinetic En.   Total Energy  Conserved En.    Temperature
   -1.76679e+07    8.52314e+04   -1.75826e+07   -1.75327e+07    1.00101e+01
 Pres. DC (bar) Pressure (bar)   Constr. rmsd
   -2.21960e+02    3.76460e+02    4.87432e-06

Writing checkpoint, step 48500 at Sun Nov 30 17:58:56 2025



DD  step 49999 load imb.: force  3.1%  pme mesh/force 0.534
           Step           Time
          50000      100.00000

   Energies (kJ/mol)
           Bond          Angle    Proper Dih. Per. Imp. Dih.          LJ-14
    2.85006e+03    9.69085e+03    3.67622e+04    2.15067e+02    1.37618e+04
     Coulomb-14        LJ (SR)  Disper. corr.   Coulomb (SR)   Coul. recip.
   -1.41308e+05    3.72076e+06   -1.27817e+05   -2.12194e+07    3.48279e+04
      Potential    Kinetic En.   Total Energy  Conserved En.    Temperature
   -1.76697e+07    8.54925e+04   -1.75842e+07   -1.75146e+07    1.00408e+01
 Pres. DC (bar) Pressure (bar)   Constr. rmsd
   -2.19042e+02   -5.55898e+01    4.91089e-06


DD  step 54999 load imb.: force  2.6%  pme mesh/force 0.508
           Step           Time
          55000      110.00000

   Energies (kJ/mol)
           Bond          Angle    Proper Dih. Per. Imp. Dih.          LJ-14
    2.90795e+03    9.70539e+03    3.67550e+04    2.14054e+02    1.36673e+04
     Coulomb-14        LJ (SR)  Disper. corr.   Coulomb (SR)   Coul. recip.
   -1.41333e+05    3.67457e+06   -1.27132e+05   -2.11746e+07    3.48844e+04
      Potential    Kinetic En.   Total Energy  Conserved En.    Temperature
   -1.76704e+07    8.50627e+04   -1.75853e+07   -1.74961e+07    9.99028e+00
 Pres. DC (bar) Pressure (bar)   Constr. rmsd
   -2.16704e+02   -3.99730e+02    4.78169e-06


DD  step 59999 load imb.: force  2.3%  pme mesh/force 0.510
           Step           Time
          60000      120.00000

   Energies (kJ/mol)
           Bond          Angle    Proper Dih. Per. Imp. Dih.          LJ-14
    2.96592e+03    9.66248e+03    3.67124e+04    2.12960e+02    1.36955e+04
     Coulomb-14        LJ (SR)  Disper. corr.   Coulomb (SR)   Coul. recip.
   -1.41273e+05    3.75176e+06   -1.28340e+05   -2.12529e+07    3.45054e+04
      Potential    Kinetic En.   Total Energy  Conserved En.    Temperature
   -1.76730e+07    8.55672e+04   -1.75875e+07   -1.74768e+07    1.00495e+01
 Pres. DC (bar) Pressure (bar)   Constr. rmsd
   -2.20836e+02    1.68867e+02    4.77146e-06


DD  step 64999 load imb.: force  3.9%  pme mesh/force 0.551
           Step           Time
          65000      130.00000

   Energies (kJ/mol)
           Bond          Angle    Proper Dih. Per. Imp. Dih.          LJ-14
    2.89152e+03    9.72786e+03    3.67150e+04    2.14303e+02    1.37913e+04
     Coulomb-14        LJ (SR)  Disper. corr.   Coulomb (SR)   Coul. recip.
   -1.41376e+05    3.77829e+06   -1.28778e+05   -2.12802e+07    3.43134e+04
      Potential    Kinetic En.   Total Energy  Conserved En.    Temperature
   -1.76744e+07    8.54685e+04   -1.75889e+07   -1.74583e+07    1.00379e+01
 Pres. DC (bar) Pressure (bar)   Constr. rmsd
   -2.22344e+02    3.80241e+02    4.75275e-06


DD  step 69999 load imb.: force  4.7%  pme mesh/force 0.493
           Step           Time
          70000      140.00000

   Energies (kJ/mol)
           Bond          Angle    Proper Dih. Per. Imp. Dih.          LJ-14
    2.80875e+03    9.67962e+03    3.67491e+04    2.13095e+02    1.37232e+04
     Coulomb-14        LJ (SR)  Disper. corr.   Coulomb (SR)   Coul. recip.
   -1.41273e+05    3.68415e+06   -1.27391e+05   -2.11890e+07    3.45231e+04
      Potential    Kinetic En.   Total Energy  Conserved En.    Temperature
   -1.76759e+07    8.55600e+04   -1.75903e+07   -1.74365e+07    1.00487e+01
 Pres. DC (bar) Pressure (bar)   Constr. rmsd
   -2.17588e+02   -3.19130e+02    4.74791e-06


DD  step 74999 load imb.: force  2.9%  pme mesh/force 0.525
           Step           Time
          75000      150.00000

   Energies (kJ/mol)
           Bond          Angle    Proper Dih. Per. Imp. Dih.          LJ-14
    2.91755e+03    9.69883e+03    3.66990e+04    2.08730e+02    1.36588e+04
     Coulomb-14        LJ (SR)  Disper. corr.   Coulomb (SR)   Coul. recip.
   -1.41382e+05    3.69847e+06   -1.27600e+05   -2.12047e+07    3.43694e+04
      Potential    Kinetic En.   Total Energy  Conserved En.    Temperature
   -1.76776e+07    8.53139e+04   -1.75923e+07   -1.74138e+07    1.00198e+01
 Pres. DC (bar) Pressure (bar)   Constr. rmsd
   -2.18299e+02   -2.26966e+02    4.74163e-06


DD  step 79999 load imb.: force  4.1%  pme mesh/force 0.487
           Step           Time
          80000      160.00000

   Energies (kJ/mol)
           Bond          Angle    Proper Dih. Per. Imp. Dih.          LJ-14
    2.94643e+03    9.68460e+03    3.67212e+04    2.12886e+02    1.37623e+04
     Coulomb-14        LJ (SR)  Disper. corr.   Coulomb (SR)   Coul. recip.
   -1.41285e+05    3.79913e+06   -1.29226e+05   -2.13041e+07    3.39552e+04
      Potential    Kinetic En.   Total Energy  Conserved En.    Temperature
   -1.76782e+07    8.54700e+04   -1.75928e+07   -1.73849e+07    1.00381e+01
 Pres. DC (bar) Pressure (bar)   Constr. rmsd
   -2.23892e+02    5.50490e+02    4.72978e-06


DD  step 84999 load imb.: force  2.5%  pme mesh/force 0.502
           Step           Time
          85000      170.00000

   Energies (kJ/mol)
           Bond          Angle    Proper Dih. Per. Imp. Dih.          LJ-14
    2.79651e+03    9.63914e+03    3.67913e+04    2.03957e+02    1.37758e+04
     Coulomb-14        LJ (SR)  Disper. corr.   Coulomb (SR)   Coul. recip.
   -1.41212e+05    3.69506e+06   -1.27691e+05   -2.12052e+07    3.41338e+04
      Potential    Kinetic En.   Total Energy  Conserved En.    Temperature
   -1.76817e+07    8.59976e+04   -1.75957e+07   -1.73503e+07    1.01001e+01
 Pres. DC (bar) Pressure (bar)   Constr. rmsd
   -2.18613e+02   -2.24524e+02    4.61619e-06


DD  step 89999 load imb.: force  4.7%  pme mesh/force 0.485
           Step           Time
          90000      180.00000

   Energies (kJ/mol)
           Bond          Angle    Proper Dih. Per. Imp. Dih.          LJ-14
    2.90104e+03    9.72674e+03    3.67177e+04    2.07663e+02    1.36506e+04
     Coulomb-14        LJ (SR)  Disper. corr.   Coulomb (SR)   Coul. recip.
   -1.41262e+05    3.68369e+06   -1.27530e+05   -2.11954e+07    3.41006e+04
      Potential    Kinetic En.   Total Energy  Conserved En.    Temperature
   -1.76832e+07    8.53205e+04   -1.75978e+07   -1.73121e+07    1.00206e+01
 Pres. DC (bar) Pressure (bar)   Constr. rmsd
   -2.18063e+02   -3.24647e+02    4.71073e-06


DD  step 94999 load imb.: force  2.6%  pme mesh/force 0.498
           Step           Time
          95000      190.00000

   Energies (kJ/mol)
           Bond          Angle    Proper Dih. Per. Imp. Dih.          LJ-14
    2.91422e+03    9.66868e+03    3.67407e+04    2.15670e+02    1.37251e+04
     Coulomb-14        LJ (SR)  Disper. corr.   Coulomb (SR)   Coul. recip.
   -1.41375e+05    3.80727e+06   -1.29450e+05   -2.13175e+07    3.35244e+04
      Potential    Kinetic En.   Total Energy  Conserved En.    Temperature
   -1.76842e+07    8.54952e+04   -1.75987e+07   -1.72722e+07    1.00411e+01
 Pres. DC (bar) Pressure (bar)   Constr. rmsd
   -2.24669e+02    6.16900e+02    4.64611e-06

Writing checkpoint, step 96900 at Sun Nov 30 18:13:56 2025



DD  step 99999 load imb.: force  3.1%  pme mesh/force 0.519
           Step           Time
         100000      200.00000

   Energies (kJ/mol)
           Bond          Angle    Proper Dih. Per. Imp. Dih.          LJ-14
    2.76916e+03    9.66631e+03    3.67172e+04    1.99792e+02    1.37361e+04
     Coulomb-14        LJ (SR)  Disper. corr.   Coulomb (SR)   Coul. recip.
   -1.41248e+05    3.66562e+06   -1.27363e+05   -2.11809e+07    3.38102e+04
      Potential    Kinetic En.   Total Energy  Conserved En.    Temperature
   -1.76870e+07    8.56989e+04   -1.76013e+07   -1.72346e+07    1.00650e+01
 Pres. DC (bar) Pressure (bar)   Constr. rmsd
   -2.17493e+02   -4.38009e+02    4.69415e-06


DD  step 104999 load imb.: force  2.9%  pme mesh/force 0.504
           Step           Time
         105000      210.00000

   Energies (kJ/mol)
           Bond          Angle    Proper Dih. Per. Imp. Dih.          LJ-14
    2.91008e+03    9.63043e+03    3.66736e+04    2.07072e+02    1.36475e+04
     Coulomb-14        LJ (SR)  Disper. corr.   Coulomb (SR)   Coul. recip.
   -1.41354e+05    3.73189e+06   -1.28289e+05   -2.12482e+07    3.36706e+04
      Potential    Kinetic En.   Total Energy  Conserved En.    Temperature
   -1.76893e+07    8.54796e+04   -1.76038e+07   -1.72018e+07    1.00392e+01
 Pres. DC (bar) Pressure (bar)   Constr. rmsd
   -2.20662e+02    2.41730e+01    4.60456e-06


DD  step 109999 load imb.: force  4.9%  pme mesh/force 0.529
           Step           Time
         110000      220.00000

   Energies (kJ/mol)
           Bond          Angle    Proper Dih. Per. Imp. Dih.          LJ-14
    2.85105e+03    9.60840e+03    3.67138e+04    2.04391e+02    1.37720e+04
     Coulomb-14        LJ (SR)  Disper. corr.   Coulomb (SR)   Coul. recip.
   -1.41249e+05    3.77665e+06   -1.29049e+05   -2.12938e+07    3.34696e+04
      Potential    Kinetic En.   Total Energy  Conserved En.    Temperature
   -1.76908e+07    8.56130e+04   -1.76052e+07   -1.71705e+07    1.00549e+01
 Pres. DC (bar) Pressure (bar)   Constr. rmsd
   -2.23281e+02    3.81824e+02    4.61607e-06


DD  step 114999 load imb.: force  5.1%  pme mesh/force 0.490
           Step           Time
         115000      230.00000

   Energies (kJ/mol)
           Bond          Angle    Proper Dih. Per. Imp. Dih.          LJ-14
    2.80389e+03    9.62840e+03    3.67435e+04    1.98588e+02    1.36850e+04
     Coulomb-14        LJ (SR)  Disper. corr.   Coulomb (SR)   Coul. recip.
   -1.41251e+05    3.65326e+06   -1.27188e+05   -2.11727e+07    3.38546e+04
      Potential    Kinetic En.   Total Energy  Conserved En.    Temperature
   -1.76910e+07    8.51757e+04   -1.76058e+07   -1.71393e+07    1.00035e+01
 Pres. DC (bar) Pressure (bar)   Constr. rmsd
   -2.16896e+02   -5.44931e+02    4.67796e-06


DD  step 119999 load imb.: force  2.7%  pme mesh/force 0.521
           Step           Time
         120000      240.00000

   Energies (kJ/mol)
           Bond          Angle    Proper Dih. Per. Imp. Dih.          LJ-14
    2.91379e+03    9.62583e+03    3.67371e+04    2.09579e+02    1.36815e+04
     Coulomb-14        LJ (SR)  Disper. corr.   Coulomb (SR)   Coul. recip.
   -1.41347e+05    3.78461e+06   -1.29124e+05   -2.13032e+07    3.33721e+04
      Potential    Kinetic En.   Total Energy  Conserved En.    Temperature
   -1.76925e+07    8.55494e+04   -1.76070e+07   -1.71057e+07    1.00474e+01
 Pres. DC (bar) Pressure (bar)   Constr. rmsd
   -2.23539e+02    4.22774e+02    4.66091e-06


DD  step 124999 load imb.: force  4.6%  pme mesh/force 0.490
           Step           Time
         125000      250.00000

   Energies (kJ/mol)
           Bond          Angle    Proper Dih. Per. Imp. Dih.          LJ-14
    2.76760e+03    9.61825e+03    3.67294e+04    2.04145e+02    1.37813e+04
     Coulomb-14        LJ (SR)  Disper. corr.   Coulomb (SR)   Coul. recip.
   -1.41247e+05    3.72302e+06   -1.28258e+05   -2.12451e+07    3.35081e+04
      Potential    Kinetic En.   Total Energy  Conserved En.    Temperature
   -1.76950e+07    8.57596e+04   -1.76093e+07   -1.70715e+07    1.00721e+01
 Pres. DC (bar) Pressure (bar)   Constr. rmsd
   -2.20554e+02   -2.46616e+01    4.66222e-06


DD  step 129999 load imb.: force  2.8%  pme mesh/force 0.514
           Step           Time
         130000      260.00000

   Energies (kJ/mol)
           Bond          Angle    Proper Dih. Per. Imp. Dih.          LJ-14
    2.88312e+03    9.61001e+03    3.67136e+04    2.04395e+02    1.36450e+04
     Coulomb-14        LJ (SR)  Disper. corr.   Coulomb (SR)   Coul. recip.
   -1.41327e+05    3.67545e+06   -1.27559e+05   -2.11985e+07    3.36527e+04
      Potential    Kinetic En.   Total Energy  Conserved En.    Temperature
   -1.76952e+07    8.53092e+04   -1.76099e+07   -1.70349e+07    1.00192e+01
 Pres. DC (bar) Pressure (bar)   Constr. rmsd
   -2.18160e+02   -3.89485e+02    4.62562e-06


DD  step 134999 load imb.: force  4.1%  pme mesh/force 0.505
           Step           Time
         135000      270.00000

   Energies (kJ/mol)
           Bond          Angle    Proper Dih. Per. Imp. Dih.          LJ-14
    2.89535e+03    9.63148e+03    3.67098e+04    2.10532e+02    1.37599e+04
     Coulomb-14        LJ (SR)  Disper. corr.   Coulomb (SR)   Coul. recip.
   -1.41281e+05    3.81103e+06   -1.29602e+05   -2.13324e+07    3.31664e+04
      Potential    Kinetic En.   Total Energy  Conserved En.    Temperature
   -1.76958e+07    8.57877e+04   -1.76101e+07   -1.69946e+07    1.00754e+01
 Pres. DC (bar) Pressure (bar)   Constr. rmsd
   -2.25198e+02    6.35032e+02    4.60750e-06


DD  step 139999 load imb.: force  1.9%  pme mesh/force 0.484
           Step           Time
         140000      280.00000

   Energies (kJ/mol)
           Bond          Angle    Proper Dih. Per. Imp. Dih.          LJ-14
    2.81196e+03    9.66636e+03    3.67682e+04    2.01800e+02    1.37372e+04
     Coulomb-14        LJ (SR)  Disper. corr.   Coulomb (SR)   Coul. recip.
   -1.41332e+05    3.63478e+06   -1.27059e+05   -2.11595e+07    3.35866e+04
      Potential    Kinetic En.   Total Energy  Conserved En.    Temperature
   -1.76963e+07    8.55702e+04   -1.76108e+07   -1.69471e+07    1.00499e+01
 Pres. DC (bar) Pressure (bar)   Constr. rmsd
   -2.16454e+02   -6.62408e+02    4.66299e-06


DD  step 144999 load imb.: force  3.0%  pme mesh/force 0.510
           Step           Time
         145000      290.00000

   Energies (kJ/mol)
           Bond          Angle    Proper Dih. Per. Imp. Dih.          LJ-14
    2.98363e+03    9.63886e+03    3.66930e+04    2.08947e+02    1.37117e+04
     Coulomb-14        LJ (SR)  Disper. corr.   Coulomb (SR)   Coul. recip.
   -1.41318e+05    3.79766e+06   -1.29434e+05   -2.13215e+07    3.30846e+04
      Potential    Kinetic En.   Total Energy  Conserved En.    Temperature
   -1.76982e+07    8.56074e+04   -1.76126e+07   -1.68979e+07    1.00543e+01
 Pres. DC (bar) Pressure (bar)   Constr. rmsd
   -2.24613e+02    5.28304e+02    4.60563e-06

Writing checkpoint, step 145100 at Sun Nov 30 18:28:55 2025



DD  step 149999 load imb.: force  2.9%  pme mesh/force 0.502
           Step           Time
         150000      300.00000

   Energies (kJ/mol)
           Bond          Angle    Proper Dih. Per. Imp. Dih.          LJ-14
    2.76227e+03    9.69420e+03    3.67414e+04    2.05060e+02    1.37473e+04
     Coulomb-14        LJ (SR)  Disper. corr.   Coulomb (SR)   Coul. recip.
   -1.41240e+05    3.68111e+06   -1.27764e+05   -2.12094e+07    3.33004e+04
      Potential    Kinetic En.   Total Energy  Conserved En.    Temperature
   -1.77008e+07    8.61187e+04   -1.76147e+07   -1.68463e+07    1.01143e+01
 Pres. DC (bar) Pressure (bar)   Constr. rmsd
   -2.18863e+02   -3.23416e+02    4.62907e-06


DD  step 154999 load imb.: force  5.0%  pme mesh/force 0.550
           Step           Time
         155000      310.00000

   Energies (kJ/mol)
           Bond          Angle    Proper Dih. Per. Imp. Dih.          LJ-14
    2.99323e+03    9.66096e+03    3.66942e+04    2.07879e+02    1.36697e+04
     Coulomb-14        LJ (SR)  Disper. corr.   Coulomb (SR)   Coul. recip.
   -1.41345e+05    3.74496e+06   -1.28664e+05   -2.12736e+07    3.30569e+04
      Potential    Kinetic En.   Total Energy  Conserved En.    Temperature
   -1.77024e+07    8.58620e+04   -1.76165e+07   -1.67852e+07    1.00842e+01
 Pres. DC (bar) Pressure (bar)   Constr. rmsd
   -2.21953e+02    1.23120e+02    4.56353e-06


DD  step 159999 load imb.: force  5.2%  pme mesh/force 0.487
           Step           Time
         160000      320.00000

   Energies (kJ/mol)
           Bond          Angle    Proper Dih. Per. Imp. Dih.          LJ-14
    2.75919e+03    9.72896e+03    3.67673e+04    2.08296e+02    1.38234e+04
     Coulomb-14        LJ (SR)  Disper. corr.   Coulomb (SR)   Coul. recip.
   -1.41164e+05    3.74577e+06   -1.28777e+05   -2.12766e+07    3.28448e+04
      Potential    Kinetic En.   Total Energy  Conserved En.    Temperature
   -1.77047e+07    8.65006e+04   -1.76182e+07   -1.67155e+07    1.01592e+01
 Pres. DC (bar) Pressure (bar)   Constr. rmsd
   -2.22342e+02    1.58731e+02    4.66555e-06


DD  step 164999 load imb.: force  2.9%  pme mesh/force 0.527
           Step           Time
         165000      330.00000

   Energies (kJ/mol)
           Bond          Angle    Proper Dih. Per. Imp. Dih.          LJ-14
    2.94837e+03    9.65771e+03    3.67135e+04    2.05022e+02    1.36465e+04
     Coulomb-14        LJ (SR)  Disper. corr.   Coulomb (SR)   Coul. recip.
   -1.41252e+05    3.68467e+06   -1.27871e+05   -2.12169e+07    3.29102e+04
      Potential    Kinetic En.   Total Energy  Conserved En.    Temperature
   -1.77052e+07    8.55754e+04   -1.76197e+07   -1.66396e+07    1.00505e+01
 Pres. DC (bar) Pressure (bar)   Constr. rmsd
   -2.19227e+02   -3.14900e+02    4.64257e-06


DD  step 169999 load imb.: force  4.8%  pme mesh/force 0.507
           Step           Time
         170000      340.00000

   Energies (kJ/mol)
           Bond          Angle    Proper Dih. Per. Imp. Dih.          LJ-14
    2.82086e+03    9.77909e+03    3.67591e+04    2.09196e+02    1.38513e+04
     Coulomb-14        LJ (SR)  Disper. corr.   Coulomb (SR)   Coul. recip.
   -1.41252e+05    3.79047e+06   -1.29483e+05   -2.13230e+07    3.23457e+04
      Potential    Kinetic En.   Total Energy  Conserved En.    Temperature
   -1.77075e+07    8.63537e+04   -1.76212e+07   -1.65607e+07    1.01419e+01
 Pres. DC (bar) Pressure (bar)   Constr. rmsd
   -2.24785e+02    4.99386e+02    4.65411e-06


DD  step 174999 load imb.: force  2.8%  pme mesh/force 0.515
           Step           Time
         175000      350.00000

   Energies (kJ/mol)
           Bond          Angle    Proper Dih. Per. Imp. Dih.          LJ-14
    2.97271e+03    9.79195e+03    3.67256e+04    2.03644e+02    1.35889e+04
     Coulomb-14        LJ (SR)  Disper. corr.   Coulomb (SR)   Coul. recip.
   -1.41436e+05    3.63718e+06   -1.27298e+05   -2.11721e+07    3.27835e+04
      Potential    Kinetic En.   Total Energy  Conserved En.    Temperature
   -1.77076e+07    8.52631e+04   -1.76224e+07   -1.64734e+07    1.00138e+01
 Pres. DC (bar) Pressure (bar)   Constr. rmsd
   -2.17270e+02   -6.50646e+02    4.69103e-06


DD  step 179999 load imb.: force  3.4%  pme mesh/force 0.523
           Step           Time
         180000      360.00000

   Energies (kJ/mol)
           Bond          Angle    Proper Dih. Per. Imp. Dih.          LJ-14
    2.95436e+03    9.87451e+03    3.67679e+04    2.05457e+02    1.38452e+04
     Coulomb-14        LJ (SR)  Disper. corr.   Coulomb (SR)   Coul. recip.
   -1.41376e+05    3.82681e+06   -1.30130e+05   -2.13601e+07    3.19746e+04
      Potential    Kinetic En.   Total Energy  Conserved En.    Temperature
   -1.77092e+07    8.65040e+04   -1.76227e+07   -1.63695e+07    1.01596e+01
 Pres. DC (bar) Pressure (bar)   Constr. rmsd
   -2.27033e+02    7.89841e+02    4.61861e-06


DD  step 184999 load imb.: force  2.9%  pme mesh/force 0.515
           Step           Time
         185000      370.00000

   Energies (kJ/mol)
           Bond          Angle    Proper Dih. Per. Imp. Dih.          LJ-14
    3.03607e+03    9.92018e+03    3.67160e+04    2.02119e+02    1.35859e+04
     Coulomb-14        LJ (SR)  Disper. corr.   Coulomb (SR)   Coul. recip.
   -1.41430e+05    3.60899e+06   -1.27011e+05   -2.11472e+07    3.25050e+04
      Potential    Kinetic En.   Total Energy  Conserved En.    Temperature
   -1.77107e+07    8.54447e+04   -1.76253e+07   -1.62493e+07    1.00351e+01
 Pres. DC (bar) Pressure (bar)   Constr. rmsd
   -2.16291e+02   -8.43119e+02    4.60025e-06


DD  step 189999 load imb.: force  4.6%  pme mesh/force 0.528
           Step           Time
         190000      380.00000

   Energies (kJ/mol)
           Bond          Angle    Proper Dih. Per. Imp. Dih.          LJ-14
    2.93093e+03    9.96465e+03    3.67541e+04    2.14990e+02    1.38781e+04
     Coulomb-14        LJ (SR)  Disper. corr.   Coulomb (SR)   Coul. recip.
   -1.41277e+05    3.82706e+06   -1.30215e+05   -2.13650e+07    3.16751e+04
      Potential    Kinetic En.   Total Energy  Conserved En.    Temperature
   -1.77140e+07    8.70262e+04   -1.76270e+07   -1.61095e+07    1.02209e+01
 Pres. DC (bar) Pressure (bar)   Constr. rmsd
   -2.27331e+02    8.00098e+02    4.62776e-06

Writing checkpoint, step 193300 at Sun Nov 30 18:43:56 2025



DD  step 194999 load imb.: force  3.7%  pme mesh/force 0.484
           Step           Time
         195000      390.00000

   Energies (kJ/mol)
           Bond          Angle    Proper Dih. Per. Imp. Dih.          LJ-14
    3.10927e+03    9.94022e+03    3.67326e+04    2.07038e+02    1.35735e+04
     Coulomb-14        LJ (SR)  Disper. corr.   Coulomb (SR)   Coul. recip.
   -1.41432e+05    3.63242e+06   -1.27444e+05   -2.11757e+07    3.21929e+04
      Potential    Kinetic En.   Total Energy  Conserved En.    Temperature
   -1.77164e+07    8.58611e+04   -1.76306e+07   -1.59476e+07    1.00840e+01
 Pres. DC (bar) Pressure (bar)   Constr. rmsd
   -2.17767e+02   -6.77430e+02    4.65870e-06


DD  step 199999 load imb.: force  2.7%  pme mesh/force 0.498
           Step           Time
         200000      400.00000

   Energies (kJ/mol)
           Bond          Angle    Proper Dih. Per. Imp. Dih.          LJ-14
    2.85251e+03    9.92591e+03    3.68237e+04    2.09039e+02    1.38980e+04
     Coulomb-14        LJ (SR)  Disper. corr.   Coulomb (SR)   Coul. recip.
   -1.41168e+05    3.75333e+06   -1.29212e+05   -2.12996e+07    3.15690e+04
      Potential    Kinetic En.   Total Energy  Conserved En.    Temperature
   -1.77214e+07    8.78135e+04   -1.76336e+07   -1.57698e+07    1.03134e+01
 Pres. DC (bar) Pressure (bar)   Constr. rmsd
   -2.23845e+02    2.43675e+02    4.61341e-06


DD  step 204999 load imb.: force  4.6%  pme mesh/force 0.504
           Step           Time
         205000      410.00000

   Energies (kJ/mol)
           Bond          Angle    Proper Dih. Per. Imp. Dih.          LJ-14
    3.22143e+03    9.87491e+03    3.67296e+04    2.15828e+02    1.36300e+04
     Coulomb-14        LJ (SR)  Disper. corr.   Coulomb (SR)   Coul. recip.
   -1.41468e+05    3.76218e+06   -1.29266e+05   -2.13082e+07    3.14724e+04
      Potential    Kinetic En.   Total Energy  Conserved En.    Temperature
   -1.77216e+07    8.67101e+04   -1.76349e+07   -1.55883e+07    1.01838e+01
 Pres. DC (bar) Pressure (bar)   Constr. rmsd
   -2.24032e+02    2.66586e+02    4.71665e-06


DD  step 209999 load imb.: force  2.9%  pme mesh/force 0.507
           Step           Time
         210000      420.00000

   Energies (kJ/mol)
           Bond          Angle    Proper Dih. Per. Imp. Dih.          LJ-14
    2.80253e+03    9.92697e+03    3.68676e+04    2.04021e+02    1.38403e+04
     Coulomb-14        LJ (SR)  Disper. corr.   Coulomb (SR)   Coul. recip.
   -1.41088e+05    3.61646e+06   -1.27312e+05   -2.11673e+07    3.17971e+04
      Potential    Kinetic En.   Total Energy  Conserved En.    Temperature
   -1.77238e+07    8.81329e+04   -1.76356e+07   -1.54047e+07    1.03509e+01
 Pres. DC (bar) Pressure (bar)   Constr. rmsd
   -2.17318e+02   -7.58909e+02    4.65649e-06


DD  step 214999 load imb.: force  3.4%  pme mesh/force 0.528
           Step           Time
         215000      430.00000

   Energies (kJ/mol)
           Bond          Angle    Proper Dih. Per. Imp. Dih.          LJ-14
    3.25103e+03    9.88655e+03    3.66995e+04    2.12510e+02    1.38080e+04
     Coulomb-14        LJ (SR)  Disper. corr.   Coulomb (SR)   Coul. recip.
   -1.41551e+05    3.88911e+06   -1.31231e+05   -2.14304e+07    3.08766e+04
      Potential    Kinetic En.   Total Energy  Conserved En.    Temperature
   -1.77193e+07    8.68382e+04   -1.76325e+07   -1.52193e+07    1.01988e+01
 Pres. DC (bar) Pressure (bar)   Constr. rmsd
   -2.30888e+02    1.27424e+03    4.75552e-06


DD  step 219999 load imb.: force  2.7%  pme mesh/force 0.525
           Step           Time
         220000      440.00000

   Energies (kJ/mol)
           Bond          Angle    Proper Dih. Per. Imp. Dih.          LJ-14
    2.96387e+03    1.00931e+04    3.67413e+04    2.03574e+02    1.36263e+04
     Coulomb-14        LJ (SR)  Disper. corr.   Coulomb (SR)   Coul. recip.
   -1.41348e+05    3.52007e+06   -1.26099e+05   -2.10688e+07    3.18308e+04
      Potential    Kinetic En.   Total Energy  Conserved En.    Temperature
   -1.77207e+07    8.61863e+04   -1.76345e+07   -1.50249e+07    1.01222e+01
 Pres. DC (bar) Pressure (bar)   Constr. rmsd
   -2.13201e+02   -1.43754e+03    4.70657e-06


DD  step 224999 load imb.: force  2.9%  pme mesh/force 0.506
           Step           Time
         225000      450.00000

   Energies (kJ/mol)
           Bond          Angle    Proper Dih. Per. Imp. Dih.          LJ-14
    3.12136e+03    1.01265e+04    3.67644e+04    2.16818e+02    1.39340e+04
     Coulomb-14        LJ (SR)  Disper. corr.   Coulomb (SR)   Coul. recip.
   -1.41430e+05    3.88352e+06   -1.31311e+05   -2.14310e+07    3.06728e+04
      Potential    Kinetic En.   Total Energy  Conserved En.    Temperature
   -1.77254e+07    8.71872e+04   -1.76382e+07   -1.48204e+07    1.02398e+01
 Pres. DC (bar) Pressure (bar)   Constr. rmsd
   -2.31168e+02    1.25741e+03    4.67932e-06


DD  step 229999 load imb.: force  3.6%  pme mesh/force 0.493
           Step           Time
         230000      460.00000

   Energies (kJ/mol)
           Bond          Angle    Proper Dih. Per. Imp. Dih.          LJ-14
    3.15220e+03    1.00565e+04    3.67360e+04    2.09933e+02    1.35348e+04
     Coulomb-14        LJ (SR)  Disper. corr.   Coulomb (SR)   Coul. recip.
   -1.41440e+05    3.65748e+06   -1.27942e+05   -2.12158e+07    3.12687e+04
      Potential    Kinetic En.   Total Energy  Conserved En.    Temperature
   -1.77328e+07    8.61900e+04   -1.76466e+07   -1.46090e+07    1.01227e+01
 Pres. DC (bar) Pressure (bar)   Constr. rmsd
   -2.19469e+02   -5.07930e+02    4.63125e-06


DD  step 234999 load imb.: force  2.6%  pme mesh/force 0.493
           Step           Time
         235000      470.00000

   Energies (kJ/mol)
           Bond          Angle    Proper Dih. Per. Imp. Dih.          LJ-14
    2.81685e+03    1.00200e+04    3.68546e+04    2.06417e+02    1.38394e+04
     Coulomb-14        LJ (SR)  Disper. corr.   Coulomb (SR)   Coul. recip.
   -1.41273e+05    3.67248e+06   -1.28219e+05   -2.12342e+07    3.10894e+04
      Potential    Kinetic En.   Total Energy  Conserved En.    Temperature
   -1.77364e+07    8.85867e+04   -1.76478e+07   -1.44027e+07    1.04042e+01
 Pres. DC (bar) Pressure (bar)   Constr. rmsd
   -2.20422e+02   -3.61215e+02    4.76672e-06


DD  step 239999 load imb.: force  4.5%  pme mesh/force 0.488
           Step           Time
         240000      480.00000

   Energies (kJ/mol)
           Bond          Angle    Proper Dih. Per. Imp. Dih.          LJ-14
    3.23452e+03    9.88392e+03    3.66682e+04    2.13620e+02    1.37819e+04
     Coulomb-14        LJ (SR)  Disper. corr.   Coulomb (SR)   Coul. recip.
   -1.41473e+05    3.88292e+06   -1.31203e+05   -2.14341e+07    3.04272e+04
      Potential    Kinetic En.   Total Energy  Conserved En.    Temperature
   -1.77297e+07    8.73021e+04   -1.76424e+07   -1.42011e+07    1.02533e+01
 Pres. DC (bar) Pressure (bar)   Constr. rmsd
   -2.30790e+02    1.21075e+03    4.66483e-06

Writing checkpoint, step 241500 at Sun Nov 30 18:58:56 2025



DD  step 244999 load imb.: force  2.7%  pme mesh/force 0.496
           Step           Time
         245000      490.00000

   Energies (kJ/mol)
           Bond          Angle    Proper Dih. Per. Imp. Dih.          LJ-14
    3.00881e+03    1.00427e+04    3.67193e+04    1.99593e+02    1.36104e+04
     Coulomb-14        LJ (SR)  Disper. corr.   Coulomb (SR)   Coul. recip.
   -1.41239e+05    3.50920e+06   -1.26076e+05   -2.10665e+07    3.14345e+04
      Potential    Kinetic En.   Total Energy  Conserved En.    Temperature
   -1.77296e+07    8.62979e+04   -1.76433e+07   -1.39909e+07    1.01354e+01
 Pres. DC (bar) Pressure (bar)   Constr. rmsd
   -2.13122e+02   -1.51914e+03    4.68373e-06


DD  step 249999 load imb.: force  3.2%  pme mesh/force 0.509
           Step           Time
         250000      500.00000

   Energies (kJ/mol)
           Bond          Angle    Proper Dih. Per. Imp. Dih.          LJ-14
    3.09635e+03    1.01339e+04    3.67853e+04    2.10128e+02    1.39379e+04
     Coulomb-14        LJ (SR)  Disper. corr.   Coulomb (SR)   Coul. recip.
   -1.41402e+05    3.85259e+06   -1.30917e+05   -2.14121e+07    3.03312e+04
      Potential    Kinetic En.   Total Energy  Conserved En.    Temperature
   -1.77374e+07    8.77446e+04   -1.76496e+07   -1.37643e+07    1.03053e+01
 Pres. DC (bar) Pressure (bar)   Constr. rmsd
   -2.29784e+02    1.00501e+03    4.68594e-06


DD  step 254999 load imb.: force  3.4%  pme mesh/force 0.550
           Step           Time
         255000      510.00000

   Energies (kJ/mol)
           Bond          Angle    Proper Dih. Per. Imp. Dih.          LJ-14
    3.34833e+03    1.00808e+04    3.66704e+04    2.08873e+02    1.36076e+04
     Coulomb-14        LJ (SR)  Disper. corr.   Coulomb (SR)   Coul. recip.
   -1.41461e+05    3.75388e+06   -1.29318e+05   -2.13185e+07    3.06379e+04
      Potential    Kinetic En.   Total Energy  Conserved En.    Temperature
   -1.77409e+07    8.71668e+04   -1.76537e+07   -1.35253e+07    1.02374e+01
 Pres. DC (bar) Pressure (bar)   Constr. rmsd
   -2.24210e+02    1.85504e+02    4.68429e-06


DD  step 259999 load imb.: force  3.7%  pme mesh/force 0.557
           Step           Time
         260000      520.00000

   Energies (kJ/mol)
           Bond          Angle    Proper Dih. Per. Imp. Dih.          LJ-14
    2.84051e+03    1.00292e+04    3.68799e+04    2.04245e+02    1.37258e+04
     Coulomb-14        LJ (SR)  Disper. corr.   Coulomb (SR)   Coul. recip.
   -1.41236e+05    3.54219e+06   -1.26549e+05   -2.11060e+07    3.10581e+04
      Potential    Kinetic En.   Total Energy  Conserved En.    Temperature
   -1.77369e+07    8.79701e+04   -1.76489e+07   -1.32817e+07    1.03317e+01
 Pres. DC (bar) Pressure (bar)   Constr. rmsd
   -2.14724e+02   -1.28565e+03    4.67683e-06


DD  step 264999 load imb.: force  5.3%  pme mesh/force 0.495
           Step           Time
         265000      530.00000

   Energies (kJ/mol)
           Bond          Angle    Proper Dih. Per. Imp. Dih.          LJ-14
    3.17965e+03    1.00718e+04    3.67498e+04    2.15416e+02    1.39555e+04
     Coulomb-14        LJ (SR)  Disper. corr.   Coulomb (SR)   Coul. recip.
   -1.41453e+05    3.92270e+06   -1.32026e+05   -2.14778e+07    2.99651e+04
      Potential    Kinetic En.   Total Energy  Conserved En.    Temperature
   -1.77345e+07    8.71835e+04   -1.76473e+07   -1.30472e+07    1.02394e+01
 Pres. DC (bar) Pressure (bar)   Constr. rmsd
   -2.33691e+02    1.57209e+03    4.73887e-06


DD  step 269999 load imb.: force  2.8%  pme mesh/force 0.530
           Step           Time
         270000      540.00000

   Energies (kJ/mol)
           Bond          Angle    Proper Dih. Per. Imp. Dih.          LJ-14
    3.24961e+03    1.02042e+04    3.67001e+04    2.16641e+02    1.35478e+04
     Coulomb-14        LJ (SR)  Disper. corr.   Coulomb (SR)   Coul. recip.
   -1.41499e+05    3.65820e+06   -1.28108e+05   -2.12290e+07    3.06384e+04
      Potential    Kinetic En.   Total Energy  Conserved En.    Temperature
   -1.77459e+07    8.62768e+04   -1.76596e+07   -1.28066e+07    1.01329e+01
 Pres. DC (bar) Pressure (bar)   Constr. rmsd
   -2.20041e+02   -5.10103e+02    4.78482e-06


DD  step 274999 load imb.: force  4.8%  pme mesh/force 0.494
           Step           Time
         275000      550.00000

   Energies (kJ/mol)
           Bond          Angle    Proper Dih. Per. Imp. Dih.          LJ-14
    2.81656e+03    1.00897e+04    3.68871e+04    2.13938e+02    1.37382e+04
     Coulomb-14        LJ (SR)  Disper. corr.   Coulomb (SR)   Coul. recip.
   -1.41191e+05    3.58943e+06   -1.27200e+05   -2.11603e+07    3.07895e+04
      Potential    Kinetic En.   Total Energy  Conserved En.    Temperature
   -1.77447e+07    8.87668e+04   -1.76560e+07   -1.25650e+07    1.04253e+01
 Pres. DC (bar) Pressure (bar)   Constr. rmsd
   -2.16935e+02   -9.66425e+02    4.73796e-06


DD  step 279999 load imb.: force  2.8%  pme mesh/force 0.500
           Step           Time
         280000      560.00000

   Energies (kJ/mol)
           Bond          Angle    Proper Dih. Per. Imp. Dih.          LJ-14
    3.16808e+03    1.00152e+04    3.67103e+04    2.16245e+02    1.38710e+04
     Coulomb-14        LJ (SR)  Disper. corr.   Coulomb (SR)   Coul. recip.
   -1.41408e+05    3.93361e+06   -1.32158e+05   -2.14917e+07    2.97563e+04
      Potential    Kinetic En.   Total Energy  Conserved En.    Temperature
   -1.77379e+07    8.71912e+04   -1.76507e+07   -1.23306e+07    1.02403e+01
 Pres. DC (bar) Pressure (bar)   Constr. rmsd
   -2.34155e+02    1.64183e+03    4.74238e-06


DD  step 284999 load imb.: force  2.9%  pme mesh/force 0.517
           Step           Time
         285000      570.00000

   Energies (kJ/mol)
           Bond          Angle    Proper Dih. Per. Imp. Dih.          LJ-14
    3.27540e+03    1.01585e+04    3.66682e+04    2.10591e+02    1.35163e+04
     Coulomb-14        LJ (SR)  Disper. corr.   Coulomb (SR)   Coul. recip.
   -1.41504e+05    3.64698e+06   -1.28000e+05   -2.12212e+07    3.05269e+04
      Potential    Kinetic En.   Total Energy  Conserved En.    Temperature
   -1.77493e+07    8.63954e+04   -1.76629e+07   -1.20752e+07    1.01468e+01
 Pres. DC (bar) Pressure (bar)   Constr. rmsd
   -2.19671e+02   -5.94448e+02    4.74383e-06

Writing checkpoint, step 289500 at Sun Nov 30 19:13:56 2025



DD  step 289999 load imb.: force  2.3%  pme mesh/force 0.497
           Step           Time
         290000      580.00000

   Energies (kJ/mol)
           Bond          Angle    Proper Dih. Per. Imp. Dih.          LJ-14
    2.85108e+03    1.01848e+04    3.68788e+04    2.11442e+02    1.36933e+04
     Coulomb-14        LJ (SR)  Disper. corr.   Coulomb (SR)   Coul. recip.
   -1.41247e+05    3.55439e+06   -1.26824e+05   -2.11267e+07    3.07175e+04
      Potential    Kinetic En.   Total Energy  Conserved En.    Temperature
   -1.77459e+07    8.91582e+04   -1.76567e+07   -1.17944e+07    1.04713e+01
 Pres. DC (bar) Pressure (bar)   Constr. rmsd
   -2.15655e+02   -1.20468e+03    4.69940e-06


DD  step 294999 load imb.: force  1.8%  pme mesh/force 0.470
           Step           Time
         295000      590.00000

   Energies (kJ/mol)
           Bond          Angle    Proper Dih. Per. Imp. Dih.          LJ-14
    3.16636e+03    1.00690e+04    3.68109e+04    2.18180e+02    1.39925e+04
     Coulomb-14        LJ (SR)  Disper. corr.   Coulomb (SR)   Coul. recip.
   -1.41386e+05    3.92543e+06   -1.32096e+05   -2.14879e+07    2.96138e+04
      Potential    Kinetic En.   Total Energy  Conserved En.    Temperature
   -1.77421e+07    8.74367e+04   -1.76547e+07   -1.15373e+07    1.02691e+01
 Pres. DC (bar) Pressure (bar)   Constr. rmsd
   -2.33935e+02    1.58636e+03    4.70142e-06


DD  step 299999 load imb.: force  2.0%  pme mesh/force 0.507
           Step           Time
         300000      600.00000

   Energies (kJ/mol)
           Bond          Angle    Proper Dih. Per. Imp. Dih.          LJ-14
    3.36293e+03    1.01143e+04    3.67211e+04    2.20491e+02    1.35550e+04
     Coulomb-14        LJ (SR)  Disper. corr.   Coulomb (SR)   Coul. recip.
   -1.41571e+05    3.73678e+06   -1.29222e+05   -2.13125e+07    3.01599e+04
      Potential    Kinetic En.   Total Energy  Conserved En.    Temperature
   -1.77524e+07    8.71234e+04   -1.76653e+07   -1.12621e+07    1.02323e+01
 Pres. DC (bar) Pressure (bar)   Constr. rmsd
   -2.23880e+02    5.57135e+01    4.67571e-06


DD  step 304999 load imb.: force  1.9%  pme mesh/force 0.497
           Step           Time
         305000      610.00000

   Energies (kJ/mol)
           Bond          Angle    Proper Dih. Per. Imp. Dih.          LJ-14
    2.93035e+03    1.02151e+04    3.68309e+04    2.13373e+02    1.36353e+04
     Coulomb-14        LJ (SR)  Disper. corr.   Coulomb (SR)   Coul. recip.
   -1.41237e+05    3.49050e+06   -1.26016e+05   -2.10607e+07    3.07069e+04
      Potential    Kinetic En.   Total Energy  Conserved En.    Temperature
   -1.77429e+07    8.77418e+04   -1.76552e+07   -1.09780e+07    1.03049e+01
 Pres. DC (bar) Pressure (bar)   Constr. rmsd
   -2.12919e+02   -1.64741e+03    4.70273e-06


DD  step 309999 load imb.: force  2.1%  pme mesh/force 0.489
           Step           Time
         310000      620.00000

   Energies (kJ/mol)
           Bond          Angle    Proper Dih. Per. Imp. Dih.          LJ-14
    3.06299e+03    1.02084e+04    3.68190e+04    2.08706e+02    1.39301e+04
     Coulomb-14        LJ (SR)  Disper. corr.   Coulomb (SR)   Coul. recip.
   -1.41371e+05    3.85025e+06   -1.30978e+05   -2.14248e+07    2.97491e+04
      Potential    Kinetic En.   Total Energy  Conserved En.    Temperature
   -1.77529e+07    8.89979e+04   -1.76639e+07   -1.06965e+07    1.04525e+01
 Pres. DC (bar) Pressure (bar)   Constr. rmsd
   -2.29999e+02    9.74015e+02    4.71324e-06


DD  step 314999 load imb.: force  1.8%  pme mesh/force 0.488
           Step           Time
         315000      630.00000

   Energies (kJ/mol)
           Bond          Angle    Proper Dih. Per. Imp. Dih.          LJ-14
    3.35703e+03    1.00383e+04    3.67164e+04    2.19437e+02    1.37601e+04
     Coulomb-14        LJ (SR)  Disper. corr.   Coulomb (SR)   Coul. recip.
   -1.41459e+05    3.89599e+06   -1.31475e+05   -2.14642e+07    2.95552e+04
      Potential    Kinetic En.   Total Energy  Conserved En.    Temperature
   -1.77475e+07    8.82963e+04   -1.76592e+07   -1.03830e+07    1.03701e+01
 Pres. DC (bar) Pressure (bar)   Constr. rmsd
   -2.31745e+02    1.29128e+03    4.71472e-06


DD  step 319999 load imb.: force  1.8%  pme mesh/force 0.509
           Step           Time
         320000      640.00000

   Energies (kJ/mol)
           Bond          Angle    Proper Dih. Per. Imp. Dih.          LJ-14
    3.16041e+03    1.01929e+04    3.67289e+04    2.09280e+02    1.35145e+04
     Coulomb-14        LJ (SR)  Disper. corr.   Coulomb (SR)   Coul. recip.
   -1.41442e+05    3.49840e+06   -1.26176e+05   -2.10732e+07    3.05862e+04
      Potential    Kinetic En.   Total Energy  Conserved En.    Temperature
   -1.77480e+07    8.60600e+04   -1.76620e+07   -1.00925e+07    1.01074e+01
 Pres. DC (bar) Pressure (bar)   Constr. rmsd
   -2.13459e+02   -1.61270e+03    4.63512e-06


DD  step 324999 load imb.: force  1.8%  pme mesh/force 0.492
           Step           Time
         325000      650.00000

   Energies (kJ/mol)
           Bond          Angle    Proper Dih. Per. Imp. Dih.          LJ-14
    2.84598e+03    1.02278e+04    3.68378e+04    2.18718e+02    1.38375e+04
     Coulomb-14        LJ (SR)  Disper. corr.   Coulomb (SR)   Coul. recip.
   -1.41286e+05    3.64962e+06   -1.28149e+05   -2.12332e+07    3.00844e+04
      Potential    Kinetic En.   Total Energy  Conserved En.    Temperature
   -1.77590e+07    9.05551e+04   -1.76684e+07   -9.77464e+06    1.06353e+01
 Pres. DC (bar) Pressure (bar)   Constr. rmsd
   -2.20181e+02   -5.36903e+02    4.77755e-06


DD  step 329999 load imb.: force  2.0%  pme mesh/force 0.473
           Step           Time
         330000      660.00000

   Energies (kJ/mol)
           Bond          Angle    Proper Dih. Per. Imp. Dih.          LJ-14
    3.23664e+03    1.01020e+04    3.67736e+04    2.23904e+02    1.39417e+04
     Coulomb-14        LJ (SR)  Disper. corr.   Coulomb (SR)   Coul. recip.
   -1.41503e+05    3.96522e+06   -1.32715e+05   -2.15284e+07    2.92135e+04
      Potential    Kinetic En.   Total Energy  Conserved En.    Temperature
   -1.77439e+07    8.75524e+04   -1.76563e+07   -9.46363e+06    1.02827e+01
 Pres. DC (bar) Pressure (bar)   Constr. rmsd
   -2.36134e+02    1.90206e+03    4.67543e-06


DD  step 334999 load imb.: force  1.7%  pme mesh/force 0.509
           Step           Time
         335000      670.00000

   Energies (kJ/mol)
           Bond          Angle    Proper Dih. Per. Imp. Dih.          LJ-14
    3.40419e+03    1.01891e+04    3.66229e+04    2.15511e+02    1.35778e+04
     Coulomb-14        LJ (SR)  Disper. corr.   Coulomb (SR)   Coul. recip.
   -1.41444e+05    3.73560e+06   -1.29255e+05   -2.13182e+07    2.98521e+04
      Potential    Kinetic En.   Total Energy  Conserved En.    Temperature
   -1.77594e+07    8.76527e+04   -1.76718e+07   -9.13307e+06    1.02945e+01
 Pres. DC (bar) Pressure (bar)   Constr. rmsd
   -2.23992e+02    3.87488e+01    4.68450e-06

Writing checkpoint, step 338600 at Sun Nov 30 19:28:55 2025



DD  step 339999 load imb.: force  1.9%  pme mesh/force 0.476
           Step           Time
         340000      680.00000

   Energies (kJ/mol)
           Bond          Angle    Proper Dih. Per. Imp. Dih.          LJ-14
    2.93301e+03    1.01674e+04    3.68165e+04    2.07327e+02    1.35802e+04
     Coulomb-14        LJ (SR)  Disper. corr.   Coulomb (SR)   Coul. recip.
   -1.41256e+05    3.46159e+06   -1.25729e+05   -2.10363e+07    3.05482e+04
      Potential    Kinetic En.   Total Energy  Conserved En.    Temperature
   -1.77474e+07    8.73865e+04   -1.76600e+07   -8.79766e+06    1.02632e+01
 Pres. DC (bar) Pressure (bar)   Constr. rmsd
   -2.11952e+02   -1.84962e+03    4.65179e-06


DD  step 344999 load imb.: force  1.5%  pme mesh/force 0.481
           Step           Time
         345000      690.00000

   Energies (kJ/mol)
           Bond          Angle    Proper Dih. Per. Imp. Dih.          LJ-14
    2.92080e+03    1.01861e+04    3.68743e+04    2.07989e+02    1.39562e+04
     Coulomb-14        LJ (SR)  Disper. corr.   Coulomb (SR)   Coul. recip.
   -1.41285e+05    3.77187e+06   -1.29879e+05   -2.13581e+07    2.96125e+04
      Potential    Kinetic En.   Total Energy  Conserved En.    Temperature
   -1.77636e+07    9.02590e+04   -1.76734e+07   -8.48029e+06    1.06006e+01
 Pres. DC (bar) Pressure (bar)   Constr. rmsd
   -2.26160e+02    3.64933e+02    4.68175e-06


DD  step 349999 load imb.: force  2.2%  pme mesh/force 0.491
           Step           Time
         350000      700.00000

   Energies (kJ/mol)
           Bond          Angle    Proper Dih. Per. Imp. Dih.          LJ-14
    3.32410e+03    1.00466e+04    3.67157e+04    2.26497e+02    1.38949e+04
     Coulomb-14        LJ (SR)  Disper. corr.   Coulomb (SR)   Coul. recip.
   -1.41421e+05    3.96877e+06   -1.32695e+05   -2.15340e+07    2.90676e+04
      Potential    Kinetic En.   Total Energy  Conserved En.    Temperature
   -1.77460e+07    8.79813e+04   -1.76581e+07   -8.14487e+06    1.03331e+01
 Pres. DC (bar) Pressure (bar)   Constr. rmsd
   -2.36063e+02    1.90636e+03    4.66944e-06


DD  step 354999 load imb.: force  2.8%  pme mesh/force 0.485
           Step           Time
         355000      710.00000

   Energies (kJ/mol)
           Bond          Angle    Proper Dih. Per. Imp. Dih.          LJ-14
    3.33863e+03    1.02000e+04    3.66174e+04    2.09701e+02    1.34702e+04
     Coulomb-14        LJ (SR)  Disper. corr.   Coulomb (SR)   Coul. recip.
   -1.41421e+05    3.64140e+06   -1.28052e+05   -2.12284e+07    2.98840e+04
      Potential    Kinetic En.   Total Energy  Conserved En.    Temperature
   -1.77627e+07    8.69038e+04   -1.76758e+07   -7.81828e+06    1.02065e+01
 Pres. DC (bar) Pressure (bar)   Constr. rmsd
   -2.19847e+02   -6.51528e+02    4.70458e-06


DD  step 359999 load imb.: force  2.8%  pme mesh/force 0.509
           Step           Time
         360000      720.00000

   Energies (kJ/mol)
           Bond          Angle    Proper Dih. Per. Imp. Dih.          LJ-14
    2.91774e+03    1.01634e+04    3.68275e+04    2.03098e+02    1.36311e+04
     Coulomb-14        LJ (SR)  Disper. corr.   Coulomb (SR)   Coul. recip.
   -1.41193e+05    3.47072e+06   -1.25876e+05   -2.10494e+07    3.02998e+04
      Potential    Kinetic En.   Total Energy  Conserved En.    Temperature
   -1.77517e+07    8.82062e+04   -1.76635e+07   -7.46173e+06    1.03595e+01
 Pres. DC (bar) Pressure (bar)   Constr. rmsd
   -2.12447e+02   -1.78607e+03    4.67496e-06


DD  step 364999 load imb.: force  3.5%  pme mesh/force 0.532
           Step           Time
         365000      730.00000

   Energies (kJ/mol)
           Bond          Angle    Proper Dih. Per. Imp. Dih.          LJ-14
    2.99248e+03    1.02250e+04    3.67716e+04    2.03266e+02    1.39652e+04
     Coulomb-14        LJ (SR)  Disper. corr.   Coulomb (SR)   Coul. recip.
   -1.41299e+05    3.81076e+06   -1.30441e+05   -2.13985e+07    2.93859e+04
      Potential    Kinetic En.   Total Energy  Conserved En.    Temperature
   -1.77659e+07    9.04341e+04   -1.76755e+07   -7.12716e+06    1.06211e+01
 Pres. DC (bar) Pressure (bar)   Constr. rmsd
   -2.28119e+02    6.58113e+02    4.73800e-06


DD  step 369999 load imb.: force  3.1%  pme mesh/force 0.512
           Step           Time
         370000      740.00000

   Energies (kJ/mol)
           Bond          Angle    Proper Dih. Per. Imp. Dih.          LJ-14
    3.35029e+03    1.00319e+04    3.67208e+04    2.15310e+02    1.38418e+04
     Coulomb-14        LJ (SR)  Disper. corr.   Coulomb (SR)   Coul. recip.
   -1.41591e+05    3.97621e+06   -1.32778e+05   -2.15431e+07    2.89096e+04
      Potential    Kinetic En.   Total Energy  Conserved En.    Temperature
   -1.77482e+07    8.79773e+04   -1.76602e+07   -6.76922e+06    1.03326e+01
 Pres. DC (bar) Pressure (bar)   Constr. rmsd
   -2.36355e+02    1.95537e+03    4.66935e-06


DD  step 374999 load imb.: force  3.8%  pme mesh/force 0.564
           Step           Time
         375000      750.00000

   Energies (kJ/mol)
           Bond          Angle    Proper Dih. Per. Imp. Dih.          LJ-14
    3.41360e+03    1.02171e+04    3.66572e+04    2.15774e+02    1.35096e+04
     Coulomb-14        LJ (SR)  Disper. corr.   Coulomb (SR)   Coul. recip.
   -1.41421e+05    3.65246e+06   -1.28212e+05   -2.12423e+07    2.97588e+04
      Potential    Kinetic En.   Total Energy  Conserved En.    Temperature
   -1.77657e+07    8.70087e+04   -1.76787e+07   -6.42015e+06    1.02188e+01
 Pres. DC (bar) Pressure (bar)   Constr. rmsd
   -2.20397e+02   -5.74847e+02    4.81487e-06


DD  step 379999 load imb.: force  3.6%  pme mesh/force 0.500
           Step           Time
         380000      760.00000

   Energies (kJ/mol)
           Bond          Angle    Proper Dih. Per. Imp. Dih.          LJ-14
    2.92755e+03    1.01923e+04    3.68454e+04    2.09889e+02    1.35814e+04
     Coulomb-14        LJ (SR)  Disper. corr.   Coulomb (SR)   Coul. recip.
   -1.41162e+05    3.45318e+06   -1.25685e+05   -2.10331e+07    3.01547e+04
      Potential    Kinetic En.   Total Energy  Conserved En.    Temperature
   -1.77528e+07    8.80945e+04   -1.76647e+07   -6.04940e+06    1.03463e+01
 Pres. DC (bar) Pressure (bar)   Constr. rmsd
   -2.11805e+02   -1.90801e+03    4.59920e-06


DD  step 384999 load imb.: force  3.3%  pme mesh/force 0.508
           Step           Time
         385000      770.00000

   Energies (kJ/mol)
           Bond          Angle    Proper Dih. Per. Imp. Dih.          LJ-14
    2.91600e+03    1.02527e+04    3.68457e+04    2.12836e+02    1.39316e+04
     Coulomb-14        LJ (SR)  Disper. corr.   Coulomb (SR)   Coul. recip.
   -1.41226e+05    3.75047e+06   -1.29625e+05   -2.13431e+07    2.93644e+04
      Potential    Kinetic En.   Total Energy  Conserved En.    Temperature
   -1.77700e+07    9.12062e+04   -1.76788e+07   -5.69044e+06    1.07118e+01
 Pres. DC (bar) Pressure (bar)   Constr. rmsd
   -2.25277e+02    2.00276e+02    4.75124e-06

Writing checkpoint, step 387000 at Sun Nov 30 19:43:56 2025



DD  step 389999 load imb.: force  4.1%  pme mesh/force 0.497
           Step           Time
         390000      780.00000

   Energies (kJ/mol)
           Bond          Angle    Proper Dih. Per. Imp. Dih.          LJ-14
    3.29245e+03    1.00493e+04    3.67724e+04    2.14080e+02    1.39303e+04
     Coulomb-14        LJ (SR)  Disper. corr.   Coulomb (SR)   Coul. recip.
   -1.41412e+05    3.98949e+06   -1.33047e+05   -2.15578e+07    2.86925e+04
      Potential    Kinetic En.   Total Energy  Conserved En.    Temperature
   -1.77498e+07    8.79882e+04   -1.76618e+07   -5.32702e+06    1.03339e+01
 Pres. DC (bar) Pressure (bar)   Constr. rmsd
   -2.37314e+02    2.07709e+03    4.68912e-06


DD  step 394999 load imb.: force  2.0%  pme mesh/force 0.482
           Step           Time
         395000      790.00000

   Energies (kJ/mol)
           Bond          Angle    Proper Dih. Per. Imp. Dih.          LJ-14
    3.43330e+03    1.02442e+04    3.66581e+04    2.14386e+02    1.35348e+04
     Coulomb-14        LJ (SR)  Disper. corr.   Coulomb (SR)   Coul. recip.
   -1.41449e+05    3.73534e+06   -1.29312e+05   -2.13265e+07    2.94604e+04
      Potential    Kinetic En.   Total Energy  Conserved En.    Temperature
   -1.77683e+07    8.76222e+04   -1.76807e+07   -4.97288e+06    1.02909e+01
 Pres. DC (bar) Pressure (bar)   Constr. rmsd
   -2.24193e+02    2.44600e+01    4.70908e-06


DD  step 399999 load imb.: force  3.6%  pme mesh/force 0.497
           Step           Time
         400000      800.00000

   Energies (kJ/mol)
           Bond          Angle    Proper Dih. Per. Imp. Dih.          LJ-14
    3.02887e+03    1.02685e+04    3.67683e+04    2.02292e+02    1.35404e+04
     Coulomb-14        LJ (SR)  Disper. corr.   Coulomb (SR)   Coul. recip.
   -1.41270e+05    3.45295e+06   -1.25687e+05   -2.10348e+07    3.00472e+04
      Potential    Kinetic En.   Total Energy  Conserved En.    Temperature
   -1.77549e+07    8.72356e+04   -1.76677e+07   -4.62258e+06    1.02455e+01
 Pres. DC (bar) Pressure (bar)   Constr. rmsd
   -2.11810e+02   -1.91918e+03    4.69535e-06


DD  step 404999 load imb.: force  2.5%  pme mesh/force 0.466
           Step           Time
         405000      810.00000

   Energies (kJ/mol)
           Bond          Angle    Proper Dih. Per. Imp. Dih.          LJ-14
    2.88542e+03    1.02836e+04    3.67508e+04    2.06392e+02    1.38946e+04
     Coulomb-14        LJ (SR)  Disper. corr.   Coulomb (SR)   Coul. recip.
   -1.41218e+05    3.69642e+06   -1.28869e+05   -2.12915e+07    2.94225e+04
      Potential    Kinetic En.   Total Energy  Conserved En.    Temperature
   -1.77717e+07    9.12545e+04   -1.76804e+07   -4.26351e+06    1.07175e+01
 Pres. DC (bar) Pressure (bar)   Constr. rmsd
   -2.22659e+02   -2.08965e+02    4.68927e-06


DD  step 409999 load imb.: force  3.4%  pme mesh/force 0.520
           Step           Time
         410000      820.00000

   Energies (kJ/mol)
           Bond          Angle    Proper Dih. Per. Imp. Dih.          LJ-14
    3.24176e+03    1.01097e+04    3.66616e+04    2.14869e+02    1.39717e+04
     Coulomb-14        LJ (SR)  Disper. corr.   Coulomb (SR)   Coul. recip.
   -1.41541e+05    3.98288e+06   -1.33022e+05   -2.15543e+07    2.86637e+04
      Potential    Kinetic En.   Total Energy  Conserved En.    Temperature
   -1.77531e+07    8.80631e+04   -1.76650e+07   -3.90785e+06    1.03427e+01
 Pres. DC (bar) Pressure (bar)   Constr. rmsd
   -2.37224e+02    2.03469e+03    4.71927e-06


DD  step 414999 load imb.: force  3.2%  pme mesh/force 0.538
           Step           Time
         415000      830.00000

   Energies (kJ/mol)
           Bond          Angle    Proper Dih. Per. Imp. Dih.          LJ-14
    3.48355e+03    1.01838e+04    3.66685e+04    2.14222e+02    1.35904e+04
     Coulomb-14        LJ (SR)  Disper. corr.   Coulomb (SR)   Coul. recip.
   -1.41543e+05    3.81221e+06   -1.30364e+05   -2.14009e+07    2.91385e+04
      Potential    Kinetic En.   Total Energy  Conserved En.    Temperature
   -1.77673e+07    8.85907e+04   -1.76787e+07   -3.52924e+06    1.04046e+01
 Pres. DC (bar) Pressure (bar)   Constr. rmsd
   -2.27851e+02    6.03364e+02    4.72589e-06


DD  step 419999 load imb.: force  2.5%  pme mesh/force 0.511
           Step           Time
         420000      840.00000

   Energies (kJ/mol)
           Bond          Angle    Proper Dih. Per. Imp. Dih.          LJ-14
    3.13975e+03    1.01938e+04    3.67292e+04    2.04094e+02    1.35157e+04
     Coulomb-14        LJ (SR)  Disper. corr.   Coulomb (SR)   Coul. recip.
   -1.41293e+05    3.45966e+06   -1.25812e+05   -2.10444e+07    2.98750e+04
      Potential    Kinetic En.   Total Energy  Conserved En.    Temperature
   -1.77582e+07    8.65495e+04   -1.76716e+07   -3.15248e+06    1.01649e+01
 Pres. DC (bar) Pressure (bar)   Constr. rmsd
   -2.12232e+02   -1.88425e+03    4.75836e-06


DD  step 424999 load imb.: force  3.3%  pme mesh/force 0.519
           Step           Time
         425000      850.00000

   Energies (kJ/mol)
           Bond          Angle    Proper Dih. Per. Imp. Dih.          LJ-14
    2.87689e+03    1.02726e+04    3.68157e+04    2.08365e+02    1.38175e+04
     Coulomb-14        LJ (SR)  Disper. corr.   Coulomb (SR)   Coul. recip.
   -1.41106e+05    3.57386e+06   -1.27258e+05   -2.11667e+07    2.95548e+04
      Potential    Kinetic En.   Total Energy  Conserved En.    Temperature
   -1.77677e+07    9.15130e+04   -1.76762e+07   -2.74319e+06    1.07478e+01
 Pres. DC (bar) Pressure (bar)   Constr. rmsd
   -2.17134e+02   -1.07967e+03    4.72095e-06


DD  step 429999 load imb.: force  4.3%  pme mesh/force 0.544
           Step           Time
         430000      860.00000

   Energies (kJ/mol)
           Bond          Angle    Proper Dih. Per. Imp. Dih.          LJ-14
    3.14556e+03    1.02199e+04    3.67857e+04    2.08898e+02    1.39578e+04
     Coulomb-14        LJ (SR)  Disper. corr.   Coulomb (SR)   Coul. recip.
   -1.41486e+05    3.92633e+06   -1.32228e+05   -2.15095e+07    2.86703e+04
      Potential    Kinetic En.   Total Energy  Conserved En.    Temperature
   -1.77639e+07    8.93472e+04   -1.76746e+07   -2.35637e+06    1.04935e+01
 Pres. DC (bar) Pressure (bar)   Constr. rmsd
   -2.34405e+02    1.57354e+03    4.71836e-06


DD  step 434999 load imb.: force  3.6%  pme mesh/force 0.484
           Step           Time
         435000      870.00000

   Energies (kJ/mol)
           Bond          Angle    Proper Dih. Per. Imp. Dih.          LJ-14
    3.43171e+03    1.00898e+04    3.66737e+04    2.14629e+02    1.37503e+04
     Coulomb-14        LJ (SR)  Disper. corr.   Coulomb (SR)   Coul. recip.
   -1.41660e+05    3.95546e+06   -1.32401e+05   -2.15322e+07    2.86638e+04
      Potential    Kinetic En.   Total Energy  Conserved En.    Temperature
   -1.77580e+07    8.91548e+04   -1.76688e+07   -1.94059e+06    1.04709e+01
 Pres. DC (bar) Pressure (bar)   Constr. rmsd
   -2.35016e+02    1.75197e+03    4.69037e-06

Writing checkpoint, step 435100 at Sun Nov 30 19:58:56 2025



DD  step 439999 load imb.: force  2.1%  pme mesh/force 0.482
           Step           Time
         440000      880.00000

   Energies (kJ/mol)
           Bond          Angle    Proper Dih. Per. Imp. Dih.          LJ-14
    3.38200e+03    1.03076e+04    3.66123e+04    2.09328e+02    1.34624e+04
     Coulomb-14        LJ (SR)  Disper. corr.   Coulomb (SR)   Coul. recip.
   -1.41527e+05    3.58736e+06   -1.27456e+05   -2.11827e+07    2.95628e+04
      Potential    Kinetic En.   Total Energy  Conserved En.    Temperature
   -1.77708e+07    8.65209e+04   -1.76843e+07   -1.57836e+06    1.01615e+01
 Pres. DC (bar) Pressure (bar)   Constr. rmsd
   -2.17808e+02   -1.03606e+03    4.71120e-06


DD  step 444999 load imb.: force  4.1%  pme mesh/force 0.531
           Step           Time
         445000      890.00000

   Energies (kJ/mol)
           Bond          Angle    Proper Dih. Per. Imp. Dih.          LJ-14
    2.92259e+03    1.02728e+04    3.67898e+04    2.09785e+02    1.36186e+04
     Coulomb-14        LJ (SR)  Disper. corr.   Coulomb (SR)   Coul. recip.
   -1.41242e+05    3.45867e+06   -1.25790e+05   -2.10455e+07    2.98640e+04
      Potential    Kinetic En.   Total Energy  Conserved En.    Temperature
   -1.77602e+07    8.87873e+04   -1.76714e+07   -1.18801e+06    1.04277e+01
 Pres. DC (bar) Pressure (bar)   Constr. rmsd
   -2.12158e+02   -1.87809e+03    4.77201e-06


DD  step 449999 load imb.: force  2.8%  pme mesh/force 0.480
           Step           Time
         450000      900.00000

   Energies (kJ/mol)
           Bond          Angle    Proper Dih. Per. Imp. Dih.          LJ-14
    2.97660e+03    1.03774e+04    3.67990e+04    2.10483e+02    1.39530e+04
     Coulomb-14        LJ (SR)  Disper. corr.   Coulomb (SR)   Coul. recip.
   -1.41328e+05    3.76660e+06   -1.29861e+05   -2.13654e+07    2.90369e+04
      Potential    Kinetic En.   Total Energy  Conserved En.    Temperature
   -1.77766e+07    9.15716e+04   -1.76850e+07   -8.05988e+05    1.07547e+01
 Pres. DC (bar) Pressure (bar)   Constr. rmsd
   -2.26096e+02    3.10372e+02    4.72334e-06


DD  step 454999 load imb.: force  3.8%  pme mesh/force 0.501
           Step           Time
         455000      910.00000

   Energies (kJ/mol)
           Bond          Angle    Proper Dih. Per. Imp. Dih.          LJ-14
    3.25147e+03    1.01047e+04    3.67643e+04    2.16997e+02    1.39400e+04
     Coulomb-14        LJ (SR)  Disper. corr.   Coulomb (SR)   Coul. recip.
   -1.41360e+05    4.00095e+06   -1.33274e+05   -2.15745e+07    2.83899e+04
      Potential    Kinetic En.   Total Energy  Conserved En.    Temperature
   -1.77555e+07    8.82766e+04   -1.76673e+07   -4.03654e+05    1.03677e+01
 Pres. DC (bar) Pressure (bar)   Constr. rmsd
   -2.38122e+02    2.17140e+03    4.73145e-06


DD  step 459999 load imb.: force  2.6%  pme mesh/force 0.523
           Step           Time
         460000      920.00000

   Energies (kJ/mol)
           Bond          Angle    Proper Dih. Per. Imp. Dih.          LJ-14
    3.55440e+03    1.02588e+04    3.66309e+04    2.25142e+02    1.36142e+04
     Coulomb-14        LJ (SR)  Disper. corr.   Coulomb (SR)   Coul. recip.
   -1.41731e+05    3.84995e+06   -1.30858e+05   -2.14405e+07    2.88982e+04
      Potential    Kinetic En.   Total Energy  Conserved En.    Temperature
   -1.77699e+07    8.90700e+04   -1.76809e+07    1.21420e+04    1.04609e+01
 Pres. DC (bar) Pressure (bar)   Constr. rmsd
   -2.29576e+02    8.80601e+02    4.65984e-06


DD  step 464999 load imb.: force  3.1%  pme mesh/force 0.521
           Step           Time
         465000      930.00000

   Energies (kJ/mol)
           Bond          Angle    Proper Dih. Per. Imp. Dih.          LJ-14
    3.27318e+03    1.03847e+04    3.66266e+04    2.10296e+02    1.34518e+04
     Coulomb-14        LJ (SR)  Disper. corr.   Coulomb (SR)   Coul. recip.
   -1.41562e+05    3.48741e+06   -1.26237e+05   -2.10793e+07    2.96897e+04
      Potential    Kinetic En.   Total Energy  Conserved En.    Temperature
   -1.77661e+07    8.65880e+04   -1.76795e+07    4.22436e+05    1.01694e+01
 Pres. DC (bar) Pressure (bar)   Constr. rmsd
   -2.13666e+02   -1.70920e+03    4.66912e-06


DD  step 469999 load imb.: force  3.2%  pme mesh/force 0.515
           Step           Time
         470000      940.00000

   Energies (kJ/mol)
           Bond          Angle    Proper Dih. Per. Imp. Dih.          LJ-14
    2.90256e+03    1.03646e+04    3.67724e+04    2.04084e+02    1.36869e+04
     Coulomb-14        LJ (SR)  Disper. corr.   Coulomb (SR)   Coul. recip.
   -1.41196e+05    3.46554e+06   -1.25941e+05   -2.10549e+07    2.96862e+04
      Potential    Kinetic En.   Total Energy  Conserved En.    Temperature
   -1.77628e+07    8.99155e+04   -1.76729e+07    8.73216e+05    1.05602e+01
 Pres. DC (bar) Pressure (bar)   Constr. rmsd
   -2.12666e+02   -1.82078e+03    4.79431e-06


DD  step 474999 load imb.: force  3.2%  pme mesh/force 0.524
           Step           Time
         475000      950.00000

   Energies (kJ/mol)
           Bond          Angle    Proper Dih. Per. Imp. Dih.          LJ-14
    3.00511e+03    1.04066e+04    3.67936e+04    2.09480e+02    1.40030e+04
     Coulomb-14        LJ (SR)  Disper. corr.   Coulomb (SR)   Coul. recip.
   -1.41262e+05    3.79331e+06   -1.30283e+05   -2.13931e+07    2.88113e+04
      Potential    Kinetic En.   Total Energy  Conserved En.    Temperature
   -1.77781e+07    9.18789e+04   -1.76862e+07    1.29847e+06    1.07908e+01
 Pres. DC (bar) Pressure (bar)   Constr. rmsd
   -2.27568e+02    5.18413e+02    4.75882e-06


DD  step 479999 load imb.: force  2.9%  pme mesh/force 0.497
           Step           Time
         480000      960.00000

   Energies (kJ/mol)
           Bond          Angle    Proper Dih. Per. Imp. Dih.          LJ-14
    3.30649e+03    1.01601e+04    3.67284e+04    2.16711e+02    1.39404e+04
     Coulomb-14        LJ (SR)  Disper. corr.   Coulomb (SR)   Coul. recip.
   -1.41424e+05    4.01203e+06   -1.33445e+05   -2.15855e+07    2.83013e+04
      Potential    Kinetic En.   Total Energy  Conserved En.    Temperature
   -1.77557e+07    8.87508e+04   -1.76670e+07    1.74084e+06    1.04234e+01
 Pres. DC (bar) Pressure (bar)   Constr. rmsd
   -2.38736e+02    2.26198e+03    4.70242e-06

Writing checkpoint, step 483100 at Sun Nov 30 20:13:55 2025



DD  step 484999 load imb.: force  4.2%  pme mesh/force 0.551
           Step           Time
         485000      970.00000

   Energies (kJ/mol)
           Bond          Angle    Proper Dih. Per. Imp. Dih.          LJ-14
    3.52860e+03    1.02681e+04    3.66357e+04    2.19399e+02    1.36245e+04
     Coulomb-14        LJ (SR)  Disper. corr.   Coulomb (SR)   Coul. recip.
   -1.41650e+05    3.85127e+06   -1.30899e+05   -2.14436e+07    2.87811e+04
      Potential    Kinetic En.   Total Energy  Conserved En.    Temperature
   -1.77718e+07    8.90505e+04   -1.76828e+07    2.16786e+06    1.04586e+01
 Pres. DC (bar) Pressure (bar)   Constr. rmsd
   -2.29721e+02    8.91439e+02    4.75866e-06


DD  step 489999 load imb.: force  3.7%  pme mesh/force 0.498
           Step           Time
         490000      980.00000

   Energies (kJ/mol)
           Bond          Angle    Proper Dih. Per. Imp. Dih.          LJ-14
    3.25545e+03    1.03230e+04    3.66541e+04    2.06942e+02    1.34576e+04
     Coulomb-14        LJ (SR)  Disper. corr.   Coulomb (SR)   Coul. recip.
   -1.41451e+05    3.49833e+06   -1.26363e+05   -2.10933e+07    2.95783e+04
      Potential    Kinetic En.   Total Energy  Conserved En.    Temperature
   -1.77693e+07    8.65453e+04   -1.76828e+07    2.56335e+06    1.01644e+01
 Pres. DC (bar) Pressure (bar)   Constr. rmsd
   -2.14093e+02   -1.64104e+03    4.82996e-06


DD  step 494999 load imb.: force  2.2%  pme mesh/force 0.470
           Step           Time
         495000      990.00000

   Energies (kJ/mol)
           Bond          Angle    Proper Dih. Per. Imp. Dih.          LJ-14
    2.87974e+03    1.03290e+04    3.67616e+04    2.03156e+02    1.36435e+04
     Coulomb-14        LJ (SR)  Disper. corr.   Coulomb (SR)   Coul. recip.
   -1.41177e+05    3.47370e+06   -1.26036e+05   -2.10656e+07    2.95799e+04
      Potential    Kinetic En.   Total Energy  Conserved En.    Temperature
   -1.77658e+07    8.99415e+04   -1.76758e+07    2.98541e+06    1.05633e+01
 Pres. DC (bar) Pressure (bar)   Constr. rmsd
   -2.12986e+02   -1.77541e+03    4.71394e-06


DD  step 499999 load imb.: force  4.8%  pme mesh/force 0.509
           Step           Time
         500000     1000.00000

Writing checkpoint, step 500000 at Sun Nov 30 20:19:12 2025


   Energies (kJ/mol)
           Bond          Angle    Proper Dih. Per. Imp. Dih.          LJ-14
    2.98399e+03    1.04205e+04    3.67906e+04    2.06008e+02    1.39830e+04
     Coulomb-14        LJ (SR)  Disper. corr.   Coulomb (SR)   Coul. recip.
   -1.41266e+05    3.77826e+06   -1.30059e+05   -2.13807e+07    2.87883e+04
      Potential    Kinetic En.   Total Energy  Conserved En.    Temperature
   -1.77806e+07    9.16800e+04   -1.76889e+07    3.38612e+06    1.07675e+01
 Pres. DC (bar) Pressure (bar)   Constr. rmsd
   -2.26784e+02    3.94711e+02    4.74943e-06


Energy conservation over simulation part #1 of length 1000 ps, time 0 to 1000 ps
  Conserved energy drift: 2.06e-02 kJ/mol/ps per atom


	<======  ###############  ==>
	<====  A V E R A G E S  ====>
	<==  ###############  ======>

	Statistics over 500001 steps using 5001 frames

   Energies (kJ/mol)
           Bond          Angle    Proper Dih. Per. Imp. Dih.          LJ-14
    3.04288e+03    9.97643e+03    3.67471e+04    2.11233e+02    1.37324e+04
     Coulomb-14        LJ (SR)  Disper. corr.   Coulomb (SR)   Coul. recip.
   -1.41354e+05    3.72447e+06   -1.28796e+05   -2.12750e+07    3.14636e+04
      Potential    Kinetic En.   Total Energy  Conserved En.    Temperature
   -1.77255e+07    8.71908e+04   -1.76383e+07   -1.13373e+07    1.02402e+01
 Pres. DC (bar) Pressure (bar)   Constr. rmsd
   -2.22465e+02    1.77346e+01    0.00000e+00

          Box-X          Box-Y          Box-Z
    2.38796e+01    2.38796e+01    1.68854e+01

   Total Virial (kJ/mol)
    3.58849e+04   -1.75259e+04    1.82489e+04
   -1.74444e+04    9.16711e+03   -1.79862e+04
    1.82825e+04   -1.79857e+04    4.12243e+04

   Pressure (bar)
   -6.54896e+00    6.02381e+01   -6.23360e+01
    5.99568e+01    8.55370e+01    6.19126e+01
   -6.24519e+01    6.19111e+01   -2.57841e+01

      T-Protein  T-non-Protein
    1.10839e+01    1.02387e+01


	M E G A - F L O P S   A C C O U N T I N G

 NB=Group-cutoff nonbonded kernels    NxN=N-by-N cluster Verlet kernels
 RF=Reaction-Field  VdW=Van der Waals  QSTab=quadratic-spline table
 W3=SPC/TIP3p  W4=TIP4p (single or pairs)
 V&F=Potential and force  V=Potential only  F=Force only

 Computing:                               M-Number         M-Flops  % Flops
-----------------------------------------------------------------------------
 Pair Search distance check         1855270.929258    16697438.363     0.1
 NxN Ewald Elec. + LJ [F]         167243644.625904 11038080545.310    49.0
 NxN Ewald Elec. + LJ [V&F]         1689670.410800   180794733.956     0.8
 NxN Ewald Elec. [F]              163401148.955088  9967470086.260    44.3
 NxN Ewald Elec. [V&F]              1650849.552432   138671362.404     0.6
 1,4 nonbonded interactions           16339.532679     1470557.941     0.0
 Calc Weights                       1529694.059382    55068986.138     0.2
 Spread Q Bspline                  32633473.266816    65266946.534     0.3
 Gather F Bspline                  32633473.266816   195800839.601     0.9
 3D-FFT                            89972031.943704   719776255.550     3.2
 Solve PME                          1036802.073600    66355332.710     0.3
 Reset In Box                          5096.930412       15290.791     0.0
 CG-CoM                                5099.989794       15299.969     0.0
 Bonds                                 4544.509089      268126.036     0.0
 Angles                               12232.024464     2054980.110     0.0
 Propers                              21374.542749     4894770.290     0.0
 Impropers                             1166.502333      242632.485     0.0
 Virial                               10216.961594      183905.309     0.0
 Stop-CM                               5099.989794       50999.898     0.0
 Calc-Ekin                           101981.439588     2753498.869     0.0
 Lincs                                 2274.504549      136470.273     0.0
 Lincs-Mat                             5622.011244       22488.045     0.0
 Constraint-V                        507900.515799     4571104.642     0.0
 Constraint-Vir                       10113.511250      242724.270     0.0
 Settle                              167783.835567    62080019.160     0.3
-----------------------------------------------------------------------------
 Total                                             22522985394.914   100.0
-----------------------------------------------------------------------------


    D O M A I N   D E C O M P O S I T I O N   S T A T I S T I C S

 av. #atoms communicated per step for force:  2 x 893683.7


Dynamic load balancing report:
 DLB got disabled because it was unsuitable to use.
 Average load imbalance: 3.3%.
 The balanceable part of the MD step is 91%, load imbalance is computed from this.
 Part of the total run time spent waiting due to load imbalance: 3.0%.
 Average PME mesh/force load: 0.506
 Part of the total run time spent waiting due to PP/PME imbalance: 17.0 %

NOTE: 17.0 % performance was lost because the PME ranks
      had less work to do than the PP ranks.
      You might want to decrease the number of PME ranks
      or decrease the cut-off and the grid spacing.


      R E A L   C Y C L E   A N D   T I M E   A C C O U N T I N G

On 40 MPI ranks doing PP, and
on 24 MPI ranks doing PME

 Activity:              Num   Num      Call    Wall time         Giga-Cycles
                        Ranks Threads  Count      (s)         total sum    %
--------------------------------------------------------------------------------
 Domain decomp.           40    1       5000      41.266       4209.122   0.3
 DD comm. load            40    1       5000       1.797        183.301   0.0
 DD comm. bounds          40    1         57       0.018          1.814   0.0
 Send X to PME            40    1     500001      49.698       5069.146   0.3
 Neighbor search          40    1       5001     231.472      23609.993   1.6
 Comm. coord.             40    1     495000     273.962      27943.981   1.8
 Force                    40    1     500001    7893.785     805161.958  52.9
 Wait + Comm. F           40    1     500001     398.989      40696.651   2.7
 PME mesh *               24    1     500001    3952.693     241903.565  15.9
 PME wait for PP *                              5366.294     328415.520  21.6
 Wait + Recv. PME F       40    1     500001      22.567       2301.785   0.2
 NB X/F buffer ops.       40    1    1490001     101.587      10361.867   0.7
 Write traj.              40    1        111       0.682         69.513   0.0
 Update                   40    1     500001      99.855      10185.204   0.7
 Constraints              40    1     500001     113.034      11529.390   0.8
 Comm. energies           40    1      50001      68.637       7000.889   0.5
 Rest                                             21.713       2214.732   0.1
--------------------------------------------------------------------------------
 Total                                          9319.061    1520862.952 100.0
--------------------------------------------------------------------------------
(*) Note that with separate PME ranks, the walltime column actually sums to
    twice the total reported, but the cycle count total and % are correct.
--------------------------------------------------------------------------------
 Breakdown of PME mesh activities
--------------------------------------------------------------------------------
 PME redist. X/F          24    1    1000002     980.964      60034.660   3.9
 PME spread               24    1     500001     778.067      47617.451   3.1
 PME gather               24    1     500001     913.936      55932.616   3.7
 PME 3D-FFT               24    1    1000002     916.791      56107.342   3.7
 PME 3D-FFT Comm.         24    1    2000004     323.644      19806.894   1.3
 PME solve Elec           24    1     500001      38.515       2357.103   0.2
--------------------------------------------------------------------------------

               Core t (s)   Wall t (s)        (%)
       Time:   596419.402     9319.061     6400.0
                         2h35:19
                 (ns/day)    (hour/ns)
Performance:        9.271        2.589
Finished mdrun on rank 0 Sun Nov 30 20:19:14 2025

