                      :-) GROMACS - gmx mdrun, 2024.3 (-:

Copyright 1991-2024 The GROMACS Authors.
GROMACS is free software; you can redistribute it and/or modify it
under the terms of the GNU Lesser General Public License
as published by the Free Software Foundation; either version 2.1
of the License, or (at your option) any later version.

                         Current GROMACS contributors:
       Mark Abraham           Andrey Alekseenko           Vladimir Basov      
      Cathrine Bergh            Eliane Briand               Ania Brown        
      Mahesh Doijade            Giacomo Fiorin          Stefan Fleischmann    
      Sergey Gorelov         Gilles Gouaillardet            Alan Gray         
     M. Eric Irrgang         Farzaneh Jalalypour            Joe Jordan        
     Carsten Kutzner           Justin A. Lemkul          Magnus Lundborg      
       Pascal Merz              Vedran Miletic            Dmitry Morozov      
       Julien Nabet              Szilard Pall        Andrea Pasquadibisceglie 
    Michele Pellegrino          Hubert Santuz             Roland Schulz       
     Tatiana Shugaeva          Alexey Shvetsov            Philip Turner       
     Alessandra Villa      Sebastian Wingbermuehle  

                         Previous GROMACS contributors:
        Emile Apol             Rossen Apostolov           James Barnett       
        Paul Bauer          Herman J.C. Berendsen          Par Bjelkmar       
      Christian Blau          Viacheslav Bolnykh            Kevin Boyd        
    Aldert van Buuren          Carlo Camilloni           Rudi van Drunen      
      Anton Feenstra           Oliver Fleetwood            Vytas Gapsys       
       Gaurav Garg             Gerrit Groenhof            Bert de Groot       
      Anca Hamuraru           Vincent Hindriksen          Victor Holanda      
     Aleksei Iupinov          Christoph Junghans        Prashanth Kanduri     
   Dimitrios Karkoulis           Peter Kasson             Sebastian Kehl      
     Sebastian Keller             Jiri Kraus               Per Larsson        
      Viveca Lindahl            Erik Marklund           Pieter Meulenhoff     
      Teemu Murtola              Sander Pronk             Michael Shirts      
      Alfons Sijbers            Balint Soproni         David van der Spoel    
      Peter Tieleman            Carsten Uphoff             Jon Vincent        
     Teemu Virolainen         Christian Wennberg           Maarten Wolf       
      Artem Zhmurov       

                  Coordinated by the GROMACS project leaders:
                           Berk Hess and Erik Lindahl

GROMACS:      gmx mdrun, version 2024.3
Executable:   /users/cdohert4/gromacs-2024.3/bin/gmx
Data prefix:  /users/cdohert4/gromacs-2024.3
Working dir:  /oscar/home/cdohert4/Experimental Data/SOX2 Interaction with S100A14 -- Test 4
Process ID:   654066
Command line:
  gmx mdrun -v -deffnm md_0_10

GROMACS version:     2024.3
Precision:           mixed
Memory model:        64 bit
MPI library:         thread_mpi
OpenMP support:      enabled (GMX_OPENMP_MAX_THREADS = 128)
GPU support:         disabled
SIMD instructions:   AVX_512
CPU FFT library:     fftw-3.3.8-sse2-avx-avx2-avx2_128-avx512
GPU FFT library:     none
Multi-GPU FFT:       none
RDTSCP usage:        enabled
TNG support:         enabled
Hwloc support:       disabled
Tracing support:     disabled
C compiler:          /oscar/rt/9.2/software/0.20-generic/0.20.1/opt/spack/linux-rhel9-x86_64_v3/gcc-11.3.1/gcc-13.1.0-nvrtbp3ngdnok3fg22pzxxczitvtu7ge/bin/gcc GNU 13.1.0
C compiler flags:    -fexcess-precision=fast -funroll-all-loops -march=skylake-avx512 -Wno-missing-field-initializers -O3 -DNDEBUG
C++ compiler:        /oscar/rt/9.2/software/0.20-generic/0.20.1/opt/spack/linux-rhel9-x86_64_v3/gcc-11.3.1/gcc-13.1.0-nvrtbp3ngdnok3fg22pzxxczitvtu7ge/bin/g++ GNU 13.1.0
C++ compiler flags:  -fexcess-precision=fast -funroll-all-loops -march=skylake-avx512 -Wno-missing-field-initializers -Wno-cast-function-type-strict -fopenmp -O3 -DNDEBUG
BLAS library:        Internal
LAPACK library:      Internal


Running on 1 node with total 48 cores, 48 processing units
Hardware detected on host login009:
  CPU info:
    Vendor: Intel
    Brand:  Intel(R) Xeon(R) Platinum 8268 CPU @ 2.90GHz
    Family: 6   Model: 85   Stepping: 7
    Features: aes apic avx avx2 avx512f avx512cd avx512bw avx512vl avx512secondFMA clfsh cmov cx8 cx16 f16c fma htt intel lahf mmx msr nonstop_tsc pcid pclmuldq pdcm pdpe1gb popcnt pse rdrnd rdtscp sse2 sse3 sse4.1 sse4.2 ssse3 tdt x2apic
    Number of AVX-512 FMA units: 2
  Hardware topology: Basic
    Packages, cores, and logical processors:
    [indices refer to OS logical processors]
      Package  0: [   0] [   1] [   2] [   3] [   4] [   5] [   6] [   7] [   8] [   9] [  10] [  11] [  12] [  13] [  14] [  15] [  16] [  17] [  18] [  19] [  20] [  21] [  22] [  23]
      Package  1: [  24] [  25] [  26] [  27] [  28] [  29] [  30] [  31] [  32] [  33] [  34] [  35] [  36] [  37] [  38] [  39] [  40] [  41] [  42] [  43] [  44] [  45] [  46] [  47]
    CPU limit set by OS: 4   Recommended max number of threads: 4


++++ PLEASE READ AND CITE THE FOLLOWING REFERENCE ++++
M. J. Abraham, T. Murtola, R. Schulz, S. Páll, J. C. Smith, B. Hess, E.
Lindahl
GROMACS: High performance molecular simulations through multi-level
parallelism from laptops to supercomputers
SoftwareX 1 (2015) pp. 19-25
-------- -------- --- Thank You --- -------- --------


++++ PLEASE READ AND CITE THE FOLLOWING REFERENCE ++++
S. Páll, M. J. Abraham, C. Kutzner, B. Hess, E. Lindahl
Tackling Exascale Software Challenges in Molecular Dynamics Simulations with
GROMACS
In S. Markidis & E. Laure (Eds.), Solving Software Challenges for Exascale 8759 (2015) pp. 3-27
-------- -------- --- Thank You --- -------- --------


++++ PLEASE READ AND CITE THE FOLLOWING REFERENCE ++++
S. Pronk, S. Páll, R. Schulz, P. Larsson, P. Bjelkmar, R. Apostolov, M. R.
Shirts, J. C. Smith, P. M. Kasson, D. van der Spoel, B. Hess, and E. Lindahl
GROMACS 4.5: a high-throughput and highly parallel open source molecular
simulation toolkit
Bioinformatics 29 (2013) pp. 845-54
-------- -------- --- Thank You --- -------- --------


++++ PLEASE READ AND CITE THE FOLLOWING REFERENCE ++++
B. Hess and C. Kutzner and D. van der Spoel and E. Lindahl
GROMACS 4: Algorithms for highly efficient, load-balanced, and scalable
molecular simulation
J. Chem. Theory Comput. 4 (2008) pp. 435-447
-------- -------- --- Thank You --- -------- --------


++++ PLEASE READ AND CITE THE FOLLOWING REFERENCE ++++
D. van der Spoel, E. Lindahl, B. Hess, G. Groenhof, A. E. Mark and H. J. C.
Berendsen
GROMACS: Fast, Flexible and Free
J. Comp. Chem. 26 (2005) pp. 1701-1719
-------- -------- --- Thank You --- -------- --------


++++ PLEASE READ AND CITE THE FOLLOWING REFERENCE ++++
E. Lindahl and B. Hess and D. van der Spoel
GROMACS 3.0: A package for molecular simulation and trajectory analysis
J. Mol. Mod. 7 (2001) pp. 306-317
-------- -------- --- Thank You --- -------- --------


++++ PLEASE READ AND CITE THE FOLLOWING REFERENCE ++++
H. J. C. Berendsen, D. van der Spoel and R. van Drunen
GROMACS: A message-passing parallel molecular dynamics implementation
Comp. Phys. Comm. 91 (1995) pp. 43-56
-------- -------- --- Thank You --- -------- --------


++++ PLEASE CITE THE DOI FOR THIS VERSION OF GROMACS ++++
https://doi.org/10.5281/zenodo.13456374
-------- -------- --- Thank You --- -------- --------

Input Parameters:
   integrator                     = md
   tinit                          = 0
   dt                             = 0.002
   nsteps                         = 500000
   init-step                      = 0
   simulation-part                = 1
   mts                            = false
   mass-repartition-factor        = 1
   comm-mode                      = Linear
   nstcomm                        = 100
   bd-fric                        = 0
   ld-seed                        = -134283369
   emtol                          = 10
   emstep                         = 0.01
   niter                          = 20
   fcstep                         = 0
   nstcgsteep                     = 1000
   nbfgscorr                      = 10
   rtpi                           = 0.05
   nstxout                        = 0
   nstvout                        = 0
   nstfout                        = 0
   nstlog                         = 5000
   nstcalcenergy                  = 100
   nstenergy                      = 5000
   nstxout-compressed             = 5000
   compressed-x-precision         = 1000
   cutoff-scheme                  = Verlet
   nstlist                        = 10
   pbc                            = xyz
   periodic-molecules             = false
   verlet-buffer-tolerance        = 0.005
   verlet-buffer-pressure-tolerance = 0.5
   rlist                          = 1
   coulombtype                    = PME
   coulomb-modifier               = Potential-shift
   rcoulomb-switch                = 0
   rcoulomb                       = 1
   epsilon-r                      = 1
   epsilon-rf                     = inf
   vdw-type                       = Cut-off
   vdw-modifier                   = Potential-shift
   rvdw-switch                    = 0
   rvdw                           = 1
   DispCorr                       = EnerPres
   table-extension                = 1
   fourierspacing                 = 0.16
   fourier-nx                     = 84
   fourier-ny                     = 84
   fourier-nz                     = 84
   pme-order                      = 4
   ewald-rtol                     = 1e-05
   ewald-rtol-lj                  = 0.001
   lj-pme-comb-rule               = Geometric
   ewald-geometry                 = 3d
   epsilon-surface                = 0
   ensemble-temperature-setting   = constant
   ensemble-temperature           = 10
   tcoupl                         = V-rescale
   nsttcouple                     = 10
   nh-chain-length                = 0
   print-nose-hoover-chain-variables = false
   pcoupl                         = Parrinello-Rahman
   pcoupltype                     = Isotropic
   nstpcouple                     = 50
   tau-p                          = 2
   compressibility (3x3):
      compressibility[    0]={ 4.50000e-05,  0.00000e+00,  0.00000e+00}
      compressibility[    1]={ 0.00000e+00,  4.50000e-05,  0.00000e+00}
      compressibility[    2]={ 0.00000e+00,  0.00000e+00,  4.50000e-05}
   ref-p (3x3):
      ref-p[    0]={ 1.00000e+00,  0.00000e+00,  0.00000e+00}
      ref-p[    1]={ 0.00000e+00,  1.00000e+00,  0.00000e+00}
      ref-p[    2]={ 0.00000e+00,  0.00000e+00,  1.00000e+00}
   refcoord-scaling               = No
   posres-com (3):
      posres-com[0]= 0.00000e+00
      posres-com[1]= 0.00000e+00
      posres-com[2]= 0.00000e+00
   posres-comB (3):
      posres-comB[0]= 0.00000e+00
      posres-comB[1]= 0.00000e+00
      posres-comB[2]= 0.00000e+00
   QMMM                           = false
qm-opts:
   ngQM                           = 0
   constraint-algorithm           = Lincs
   continuation                   = true
   Shake-SOR                      = false
   shake-tol                      = 0.0001
   lincs-order                    = 4
   lincs-iter                     = 1
   lincs-warnangle                = 30
   nwall                          = 0
   wall-type                      = 9-3
   wall-r-linpot                  = -1
   wall-atomtype[0]               = -1
   wall-atomtype[1]               = -1
   wall-density[0]                = 0
   wall-density[1]                = 0
   wall-ewald-zfac                = 3
   pull                           = false
   awh                            = false
   rotation                       = false
   interactiveMD                  = false
   disre                          = No
   disre-weighting                = Conservative
   disre-mixed                    = false
   dr-fc                          = 1000
   dr-tau                         = 0
   nstdisreout                    = 100
   orire-fc                       = 0
   orire-tau                      = 0
   nstorireout                    = 100
   free-energy                    = no
   cos-acceleration               = 0
   deform (3x3):
      deform[    0]={ 0.00000e+00,  0.00000e+00,  0.00000e+00}
      deform[    1]={ 0.00000e+00,  0.00000e+00,  0.00000e+00}
      deform[    2]={ 0.00000e+00,  0.00000e+00,  0.00000e+00}
   simulated-tempering            = false
   swapcoords                     = no
   userint1                       = 0
   userint2                       = 0
   userint3                       = 0
   userint4                       = 0
   userreal1                      = 0
   userreal2                      = 0
   userreal3                      = 0
   userreal4                      = 0
   applied-forces:
     electric-field:
       x:
         E0                       = 0
         omega                    = 0
         t0                       = 0
         sigma                    = 0
       y:
         E0                       = 0
         omega                    = 0
         t0                       = 0
         sigma                    = 0
       z:
         E0                       = 0
         omega                    = 0
         t0                       = 0
         sigma                    = 0
     density-guided-simulation:
       active                     = false
       group                      = protein
       similarity-measure         = inner-product
       atom-spreading-weight      = unity
       force-constant             = 1e+09
       gaussian-transform-spreading-width = 0.2
       gaussian-transform-spreading-range-in-multiples-of-width = 4
       reference-density-filename = reference.mrc
       nst                        = 1
       normalize-densities        = true
       adaptive-force-scaling     = false
       adaptive-force-scaling-time-constant = 4
       shift-vector               = 
       transformation-matrix      = 
     qmmm-cp2k:
       active                     = false
       qmgroup                    = System
       qmmethod                   = PBE
       qmfilenames                = 
       qmcharge                   = 0
       qmmultiplicity             = 1
     colvars:
       active                     = false
       configfile                 = 
       seed                       = -1
grpopts:
   nrdf:     3683.96      309323
   ref-t:          10          10
   tau-t:         0.1         0.1
annealing:          No          No
annealing-npoints:           0           0
   acc:	           0           0           0
   nfreeze:           N           N           N
   energygrp-flags[  0]: 0

Changing nstlist from 10 to 100, rlist from 1 to 1.012


Initializing Domain Decomposition on 1 ranks
Dynamic load balancing: auto
Using update groups, nr 53372, average size 2.9 atoms, max. radius 0.103 nm
Minimum cell size due to atom displacement: 0.240 nm
Initial maximum distances in bonded interactions:
    two-body bonded interactions: 0.422 nm, LJ-14, atoms 1410 1418
  multi-body bonded interactions: 0.422 nm, Proper Dih., atoms 1410 1418
Minimum cell size due to bonded interactions: 0.464 nm
Using 0 separate PME ranks because: there are too few total ranks for efficient splitting
Optimizing the DD grid for 1 cells with a minimum initial size of 0.464 nm
The maximum allowed number of cells is: X 22 Y 22 Z 19
Domain decomposition grid 1 x 1 x 1, separate PME ranks 0
PME domain decomposition: 1 x 1 x 1

The initial number of communication pulses is:
The initial domain decomposition cell size is:

The maximum allowed distance for atom groups involved in interactions is:
                 non-bonded interactions           1.218 nm
(the following are initial values, they could change due to box deformation)
            two-body bonded interactions  (-rdd)   1.218 nm
          multi-body bonded interactions  (-rdd)   1.218 nm

When dynamic load balancing gets turned on, these settings will change to:
The maximum number of communication pulses is:
The minimum size for domain decomposition cells is 1.218 nm
The requested allowed shrink of DD cells (option -dds) is: 0.80
The allowed shrink of domain decomposition cells is:
The maximum allowed distance for atom groups involved in interactions is:
                 non-bonded interactions           1.218 nm
            two-body bonded interactions  (-rdd)   1.218 nm
          multi-body bonded interactions  (-rdd)   1.218 nm

Using 1 MPI thread
Using 4 OpenMP threads 

System total charge: -0.000
Will do PME sum in reciprocal space for electrostatic interactions.

++++ PLEASE READ AND CITE THE FOLLOWING REFERENCE ++++
U. Essmann, L. Perera, M. L. Berkowitz, T. Darden, H. Lee and L. G. Pedersen 
A smooth particle mesh Ewald method
J. Chem. Phys. 103 (1995) pp. 8577-8592
-------- -------- --- Thank You --- -------- --------

Using a Gaussian width (1/beta) of 0.320163 nm for Ewald
Potential shift: LJ r^-12: -1.000e+00 r^-6: -1.000e+00, Ewald -1.000e-05
Initialized non-bonded Coulomb Ewald tables, spacing: 9.33e-04 size: 1073

Generated table with 1006 data points for 1-4 COUL.
Tabscale = 500 points/nm
Generated table with 1006 data points for 1-4 LJ6.
Tabscale = 500 points/nm
Generated table with 1006 data points for 1-4 LJ12.
Tabscale = 500 points/nm
Long Range LJ corr.: <C6> 3.0208e-04


Using SIMD2xMM 4x8 nonbonded short-range kernels

Using a 4x8 pair-list setup:
  updated every 100 steps, buffer 0.012 nm, rlist 1.012 nm
At tolerance 0.005 kJ/mol/ps per atom, equivalent classical 1x1 list would be:
  updated every 100 steps, buffer 0.048 nm, rlist 1.048 nm

The average pressure is off by at most 0.24 bar due to missing LJ interactions

Using Lorentz-Berthelot Lennard-Jones combination rule

Linking all bonded interactions to atoms


NOTE: OS CPU limit is lower than logical cpu count, thread pinning disabled.

Initializing LINear Constraint Solver

++++ PLEASE READ AND CITE THE FOLLOWING REFERENCE ++++
B. Hess and H. Bekker and H. J. C. Berendsen and J. G. E. M. Fraaije
LINCS: A Linear Constraint Solver for molecular simulations
J. Comp. Chem. 18 (1997) pp. 1463-1472
-------- -------- --- Thank You --- -------- --------

The number of constraints is 2290

++++ PLEASE READ AND CITE THE FOLLOWING REFERENCE ++++
S. Miyamoto and P. A. Kollman
SETTLE: An Analytical Version of the SHAKE and RATTLE Algorithms for Rigid
Water Models
J. Comp. Chem. 13 (1992) pp. 952-962
-------- -------- --- Thank You --- -------- --------


++++ PLEASE READ AND CITE THE FOLLOWING REFERENCE ++++
G. Bussi, D. Donadio and M. Parrinello
Canonical sampling through velocity rescaling
J. Chem. Phys. 126 (2007) pp. 014101
-------- -------- --- Thank You --- -------- --------

There are: 154538 Atoms

Atom distribution over 1 domains: av 154538 stddev 0 min 154538 max 154538
Center of mass motion removal mode is Linear
We have the following groups for center of mass motion removal:
  0:  rest

Started mdrun on rank 0 Mon Nov 10 21:10:58 2025

           Step           Time
              0        0.00000

   Energies (kJ/mol)
           Bond          Angle    Proper Dih. Per. Imp. Dih.          LJ-14
    1.26353e+03    4.40181e+03    1.75629e+04    1.45800e+02    6.17113e+03
     Coulomb-14        LJ (SR)  Disper. corr.   Coulomb (SR)   Coul. recip.
   -4.18333e+04    5.36501e+05   -2.02800e+04   -3.24399e+06    6.97081e+03
      Potential    Kinetic En.   Total Energy  Conserved En.    Temperature
   -2.73308e+06    1.29856e+04   -2.72010e+06   -2.72001e+06    9.97939e+00
 Pres. DC (bar) Pressure (bar)   Constr. rmsd
   -2.26520e+02   -2.43186e+02    2.56914e-06

           Step           Time
           5000       10.00000

   Energies (kJ/mol)
           Bond          Angle    Proper Dih. Per. Imp. Dih.          LJ-14
    1.25568e+03    4.40537e+03    1.75446e+04    1.31714e+02    6.19148e+03
     Coulomb-14        LJ (SR)  Disper. corr.   Coulomb (SR)   Coul. recip.
   -4.18895e+04    5.38929e+05   -2.03399e+04   -3.24811e+06    6.79428e+03
      Potential    Kinetic En.   Total Energy  Conserved En.    Temperature
   -2.73508e+06    1.29952e+04   -2.72209e+06   -2.71885e+06    9.98678e+00
 Pres. DC (bar) Pressure (bar)   Constr. rmsd
   -2.27858e+02   -7.95803e+01    2.62353e-06

           Step           Time
          10000       20.00000

   Energies (kJ/mol)
           Bond          Angle    Proper Dih. Per. Imp. Dih.          LJ-14
    1.28022e+03    4.44346e+03    1.75360e+04    1.31268e+02    6.20007e+03
     Coulomb-14        LJ (SR)  Disper. corr.   Coulomb (SR)   Coul. recip.
   -4.19120e+04    5.40236e+05   -2.03611e+04   -3.24989e+06    6.73150e+03
      Potential    Kinetic En.   Total Energy  Conserved En.    Temperature
   -2.73561e+06    1.30571e+04   -2.72255e+06   -2.71796e+06    1.00344e+01
 Pres. DC (bar) Pressure (bar)   Constr. rmsd
   -2.28333e+02   -2.14121e+01    2.57777e-06

           Step           Time
          15000       30.00000

   Energies (kJ/mol)
           Bond          Angle    Proper Dih. Per. Imp. Dih.          LJ-14
    1.28933e+03    4.44020e+03    1.75602e+04    1.29741e+02    6.20998e+03
     Coulomb-14        LJ (SR)  Disper. corr.   Coulomb (SR)   Coul. recip.
   -4.19315e+04    5.43607e+05   -2.04314e+04   -3.25336e+06    6.71699e+03
      Potential    Kinetic En.   Total Energy  Conserved En.    Temperature
   -2.73577e+06    1.30128e+04   -2.72276e+06   -2.71716e+06    1.00003e+01
 Pres. DC (bar) Pressure (bar)   Constr. rmsd
   -2.29911e+02    1.61236e+02    2.57946e-06

           Step           Time
          20000       40.00000

   Energies (kJ/mol)
           Bond          Angle    Proper Dih. Per. Imp. Dih.          LJ-14
    1.27121e+03    4.42752e+03    1.75889e+04    1.38125e+02    6.21137e+03
     Coulomb-14        LJ (SR)  Disper. corr.   Coulomb (SR)   Coul. recip.
   -4.18399e+04    5.44620e+05   -2.04476e+04   -3.25451e+06    6.70866e+03
      Potential    Kinetic En.   Total Energy  Conserved En.    Temperature
   -2.73583e+06    1.29627e+04   -2.72287e+06   -2.71631e+06    9.96179e+00
 Pres. DC (bar) Pressure (bar)   Constr. rmsd
   -2.30275e+02    2.15307e+02    2.54971e-06

           Step           Time
          25000       50.00000

   Energies (kJ/mol)
           Bond          Angle    Proper Dih. Per. Imp. Dih.          LJ-14
    1.25917e+03    4.40742e+03    1.75744e+04    1.34308e+02    6.23541e+03
     Coulomb-14        LJ (SR)  Disper. corr.   Coulomb (SR)   Coul. recip.
   -4.18041e+04    5.43784e+05   -2.04252e+04   -3.25387e+06    6.69452e+03
      Potential    Kinetic En.   Total Energy  Conserved En.    Temperature
   -2.73601e+06    1.30825e+04   -2.72293e+06   -2.71517e+06    1.00539e+01
 Pres. DC (bar) Pressure (bar)   Constr. rmsd
   -2.29771e+02    1.64217e+02    2.59275e-06

           Step           Time
          30000       60.00000

   Energies (kJ/mol)
           Bond          Angle    Proper Dih. Per. Imp. Dih.          LJ-14
    1.26049e+03    4.43133e+03    1.75741e+04    1.34436e+02    6.23967e+03
     Coulomb-14        LJ (SR)  Disper. corr.   Coulomb (SR)   Coul. recip.
   -4.18363e+04    5.36882e+05   -2.03271e+04   -3.24710e+06    6.73073e+03
      Potential    Kinetic En.   Total Energy  Conserved En.    Temperature
   -2.73601e+06    1.30880e+04   -2.72292e+06   -2.71369e+06    1.00580e+01
 Pres. DC (bar) Pressure (bar)   Constr. rmsd
   -2.27571e+02   -1.61996e+02    2.61676e-06

           Step           Time
          35000       70.00000

   Energies (kJ/mol)
           Bond          Angle    Proper Dih. Per. Imp. Dih.          LJ-14
    1.31247e+03    4.47828e+03    1.75617e+04    1.31468e+02    6.21440e+03
     Coulomb-14        LJ (SR)  Disper. corr.   Coulomb (SR)   Coul. recip.
   -4.19493e+04    5.32184e+05   -2.02617e+04   -3.24236e+06    6.74285e+03
      Potential    Kinetic En.   Total Energy  Conserved En.    Temperature
   -2.73594e+06    1.29929e+04   -2.72295e+06   -2.71110e+06    9.98500e+00
 Pres. DC (bar) Pressure (bar)   Constr. rmsd
   -2.26112e+02   -3.66418e+02    2.62597e-06

Writing checkpoint, step 35100 at Mon Nov 10 21:26:00 2025


           Step           Time
          40000       80.00000

   Energies (kJ/mol)
           Bond          Angle    Proper Dih. Per. Imp. Dih.          LJ-14
    1.30768e+03    4.49081e+03    1.75540e+04    1.35631e+02    6.21451e+03
     Coulomb-14        LJ (SR)  Disper. corr.   Coulomb (SR)   Coul. recip.
   -4.19013e+04    5.34985e+05   -2.03058e+04   -3.24529e+06    6.71779e+03
      Potential    Kinetic En.   Total Energy  Conserved En.    Temperature
   -2.73610e+06    1.29231e+04   -2.72317e+06   -2.70829e+06    9.93133e+00
 Pres. DC (bar) Pressure (bar)   Constr. rmsd
   -2.27095e+02   -2.50041e+02    2.62473e-06

           Step           Time
          45000       90.00000

   Energies (kJ/mol)
           Bond          Angle    Proper Dih. Per. Imp. Dih.          LJ-14
    1.32037e+03    4.47487e+03    1.75433e+04    1.32332e+02    6.21731e+03
     Coulomb-14        LJ (SR)  Disper. corr.   Coulomb (SR)   Coul. recip.
   -4.19238e+04    5.40828e+05   -2.03970e+04   -3.25130e+06    6.68061e+03
      Potential    Kinetic En.   Total Energy  Conserved En.    Temperature
   -2.73643e+06    1.30381e+04   -2.72339e+06   -2.70517e+06    1.00198e+01
 Pres. DC (bar) Pressure (bar)   Constr. rmsd
   -2.29138e+02    3.33155e+01    2.58857e-06

           Step           Time
          50000      100.00000

   Energies (kJ/mol)
           Bond          Angle    Proper Dih. Per. Imp. Dih.          LJ-14
    1.33695e+03    4.46991e+03    1.75791e+04    1.30441e+02    6.23354e+03
     Coulomb-14        LJ (SR)  Disper. corr.   Coulomb (SR)   Coul. recip.
   -4.19170e+04    5.48840e+05   -2.05427e+04   -3.25919e+06    6.59755e+03
      Potential    Kinetic En.   Total Energy  Conserved En.    Temperature
   -2.73647e+06    1.30078e+04   -2.72346e+06   -2.70100e+06    9.99646e+00
 Pres. DC (bar) Pressure (bar)   Constr. rmsd
   -2.32420e+02    4.42670e+02    2.58665e-06

           Step           Time
          55000      110.00000

   Energies (kJ/mol)
           Bond          Angle    Proper Dih. Per. Imp. Dih.          LJ-14
    1.30958e+03    4.49350e+03    1.75641e+04    1.30464e+02    6.22609e+03
     Coulomb-14        LJ (SR)  Disper. corr.   Coulomb (SR)   Coul. recip.
   -4.17559e+04    5.48097e+05   -2.05493e+04   -3.25872e+06    6.53367e+03
      Potential    Kinetic En.   Total Energy  Conserved En.    Temperature
   -2.73667e+06    1.30697e+04   -2.72360e+06   -2.69543e+06    1.00440e+01
 Pres. DC (bar) Pressure (bar)   Constr. rmsd
   -2.32568e+02    4.16053e+02    2.59455e-06

           Step           Time
          60000      120.00000

   Energies (kJ/mol)
           Bond          Angle    Proper Dih. Per. Imp. Dih.          LJ-14
    1.29536e+03    4.46802e+03    1.75961e+04    1.28715e+02    6.21976e+03
     Coulomb-14        LJ (SR)  Disper. corr.   Coulomb (SR)   Coul. recip.
   -4.18254e+04    5.30392e+05   -2.02788e+04   -3.24162e+06    6.64025e+03
      Potential    Kinetic En.   Total Energy  Conserved En.    Temperature
   -2.73698e+06    1.31342e+04   -2.72385e+06   -2.68791e+06    1.00936e+01
 Pres. DC (bar) Pressure (bar)   Constr. rmsd
   -2.26494e+02   -4.29043e+02    2.60092e-06

           Step           Time
          65000      130.00000

   Energies (kJ/mol)
           Bond          Angle    Proper Dih. Per. Imp. Dih.          LJ-14
    1.34936e+03    4.50601e+03    1.75671e+04    1.30534e+02    6.22840e+03
     Coulomb-14        LJ (SR)  Disper. corr.   Coulomb (SR)   Coul. recip.
   -4.19477e+04    5.33820e+05   -2.03301e+04   -3.24506e+06    6.55451e+03
      Potential    Kinetic En.   Total Energy  Conserved En.    Temperature
   -2.73718e+06    1.30846e+04   -2.72409e+06   -2.67942e+06    1.00555e+01
 Pres. DC (bar) Pressure (bar)   Constr. rmsd
   -2.27639e+02   -2.75299e+02    2.50800e-06

Writing checkpoint, step 69900 at Mon Nov 10 21:40:58 2025


           Step           Time
          70000      140.00000

   Energies (kJ/mol)
           Bond          Angle    Proper Dih. Per. Imp. Dih.          LJ-14
    1.30051e+03    4.45096e+03    1.76055e+04    1.31247e+02    6.26104e+03
     Coulomb-14        LJ (SR)  Disper. corr.   Coulomb (SR)   Coul. recip.
   -4.18707e+04    5.54509e+05   -2.06747e+04   -3.26553e+06    6.42201e+03
      Potential    Kinetic En.   Total Energy  Conserved En.    Temperature
   -2.73739e+06    1.30486e+04   -2.72434e+06   -2.66801e+06    1.00278e+01
 Pres. DC (bar) Pressure (bar)   Constr. rmsd
   -2.35412e+02    7.72148e+02    2.56316e-06

           Step           Time
          75000      150.00000

   Energies (kJ/mol)
           Bond          Angle    Proper Dih. Per. Imp. Dih.          LJ-14
    1.28085e+03    4.46497e+03    1.75692e+04    1.24710e+02    6.24976e+03
     Coulomb-14        LJ (SR)  Disper. corr.   Coulomb (SR)   Coul. recip.
   -4.18246e+04    5.25961e+05   -2.02449e+04   -3.23829e+06    6.51966e+03
      Potential    Kinetic En.   Total Energy  Conserved En.    Temperature
   -2.73819e+06    1.33557e+04   -2.72483e+06   -2.65551e+06    1.02638e+01
 Pres. DC (bar) Pressure (bar)   Constr. rmsd
   -2.25736e+02   -6.12152e+02    2.58646e-06

           Step           Time
          80000      160.00000

   Energies (kJ/mol)
           Bond          Angle    Proper Dih. Per. Imp. Dih.          LJ-14
    1.36264e+03    4.49828e+03    1.75633e+04    1.28695e+02    6.22961e+03
     Coulomb-14        LJ (SR)  Disper. corr.   Coulomb (SR)   Coul. recip.
   -4.18809e+04    5.41111e+05   -2.04676e+04   -3.25346e+06    6.43327e+03
      Potential    Kinetic En.   Total Energy  Conserved En.    Temperature
   -2.73848e+06    1.31847e+04   -2.72530e+06   -2.64170e+06    1.01324e+01
 Pres. DC (bar) Pressure (bar)   Constr. rmsd
   -2.30725e+02    7.36174e+01    2.46395e-06

           Step           Time
          85000      170.00000

   Energies (kJ/mol)
           Bond          Angle    Proper Dih. Per. Imp. Dih.          LJ-14
    1.28228e+03    4.59226e+03    1.76022e+04    1.29382e+02    6.29161e+03
     Coulomb-14        LJ (SR)  Disper. corr.   Coulomb (SR)   Coul. recip.
   -4.17398e+04    5.46645e+05   -2.05990e+04   -3.25970e+06    6.35270e+03
      Potential    Kinetic En.   Total Energy  Conserved En.    Temperature
   -2.73915e+06    1.33069e+04   -2.72584e+06   -2.62056e+06    1.02263e+01
 Pres. DC (bar) Pressure (bar)   Constr. rmsd
   -2.33693e+02    4.22743e+02    2.58073e-06

           Step           Time
          90000      180.00000

   Energies (kJ/mol)
           Bond          Angle    Proper Dih. Per. Imp. Dih.          LJ-14
    1.39695e+03    4.60695e+03    1.75951e+04    1.29345e+02    6.21130e+03
     Coulomb-14        LJ (SR)  Disper. corr.   Coulomb (SR)   Coul. recip.
   -4.20157e+04    5.18006e+05   -2.01605e+04   -3.23144e+06    6.43881e+03
      Potential    Kinetic En.   Total Energy  Conserved En.    Temperature
   -2.73923e+06    1.30848e+04   -2.72614e+06   -2.59311e+06    1.00556e+01
 Pres. DC (bar) Pressure (bar)   Constr. rmsd
   -2.23861e+02   -9.95296e+02    2.46640e-06

           Step           Time
          95000      190.00000

   Energies (kJ/mol)
           Bond          Angle    Proper Dih. Per. Imp. Dih.          LJ-14
    1.31720e+03    4.57376e+03    1.76471e+04    1.35750e+02    6.30409e+03
     Coulomb-14        LJ (SR)  Disper. corr.   Coulomb (SR)   Coul. recip.
   -4.17625e+04    5.63026e+05   -2.08798e+04   -3.27628e+06    6.16052e+03
      Potential    Kinetic En.   Total Energy  Conserved En.    Temperature
   -2.73975e+06    1.33798e+04   -2.72637e+06   -2.55670e+06    1.02823e+01
 Pres. DC (bar) Pressure (bar)   Constr. rmsd
   -2.40101e+02    1.26346e+03    2.56134e-06

           Step           Time
         100000      200.00000

   Energies (kJ/mol)
           Bond          Angle    Proper Dih. Per. Imp. Dih.          LJ-14
    1.40892e+03    4.60639e+03    1.76055e+04    1.22652e+02    6.20647e+03
     Coulomb-14        LJ (SR)  Disper. corr.   Coulomb (SR)   Coul. recip.
   -4.19249e+04    5.07811e+05   -2.00533e+04   -3.22237e+06    6.34333e+03
      Potential    Kinetic En.   Total Energy  Conserved En.    Temperature
   -2.74024e+06    1.32631e+04   -2.72698e+06   -2.51484e+06    1.01927e+01
 Pres. DC (bar) Pressure (bar)   Constr. rmsd
   -2.21489e+02   -1.45427e+03    2.48811e-06

           Step           Time
         105000      210.00000

   Energies (kJ/mol)
           Bond          Angle    Proper Dih. Per. Imp. Dih.          LJ-14
    1.34187e+03    4.67055e+03    1.76833e+04    1.30746e+02    6.33363e+03
     Coulomb-14        LJ (SR)  Disper. corr.   Coulomb (SR)   Coul. recip.
   -4.18066e+04    5.64481e+05   -2.09438e+04   -3.27906e+06    6.02599e+03
      Potential    Kinetic En.   Total Energy  Conserved En.    Temperature
   -2.74115e+06    1.36569e+04   -2.72749e+06   -2.45595e+06    1.04953e+01
 Pres. DC (bar) Pressure (bar)   Constr. rmsd
   -2.41574e+02    1.41120e+03    2.58131e-06

Writing checkpoint, step 105100 at Mon Nov 10 21:56:01 2025


           Step           Time
         110000      220.00000

   Energies (kJ/mol)
           Bond          Angle    Proper Dih. Per. Imp. Dih.          LJ-14
    1.53783e+03    4.68051e+03    1.75889e+04    1.32748e+02    6.16218e+03
     Coulomb-14        LJ (SR)  Disper. corr.   Coulomb (SR)   Coul. recip.
   -4.19029e+04    5.26377e+05   -2.03274e+04   -3.24295e+06    6.21982e+03
      Potential    Kinetic En.   Total Energy  Conserved En.    Temperature
   -2.74248e+06    1.36619e+04   -2.72882e+06   -2.37303e+06    1.04992e+01
 Pres. DC (bar) Pressure (bar)   Constr. rmsd
   -2.27578e+02   -6.67061e+02    2.67442e-06

           Step           Time
         115000      230.00000

   Energies (kJ/mol)
           Bond          Angle    Proper Dih. Per. Imp. Dih.          LJ-14
    1.34573e+03    4.82708e+03    1.77281e+04    1.29870e+02    6.28310e+03
     Coulomb-14        LJ (SR)  Disper. corr.   Coulomb (SR)   Coul. recip.
   -4.19264e+04    5.09199e+05   -2.01459e+04   -3.22597e+06    6.15318e+03
      Potential    Kinetic En.   Total Energy  Conserved En.    Temperature
   -2.74238e+06    1.47280e+04   -2.72765e+06   -2.26099e+06    1.13184e+01
 Pres. DC (bar) Pressure (bar)   Constr. rmsd
   -2.23538e+02   -1.26851e+03    2.57616e-06

           Step           Time
         120000      240.00000

   Energies (kJ/mol)
           Bond          Angle    Proper Dih. Per. Imp. Dih.          LJ-14
    1.44909e+03    4.57256e+03    1.77286e+04    1.50683e+02    6.32821e+03
     Coulomb-14        LJ (SR)  Disper. corr.   Coulomb (SR)   Coul. recip.
   -4.16808e+04    5.86074e+05   -2.13014e+04   -3.29949e+06    5.87371e+03
      Potential    Kinetic En.   Total Energy  Conserved En.    Temperature
   -2.74029e+06    1.41946e+04   -2.72610e+06   -2.14557e+06    1.09085e+01
 Pres. DC (bar) Pressure (bar)   Constr. rmsd
   -2.49884e+02    2.55110e+03    2.53094e-06

           Step           Time
         125000      250.00000

   Energies (kJ/mol)
           Bond          Angle    Proper Dih. Per. Imp. Dih.          LJ-14
    1.51217e+03    4.73941e+03    1.75821e+04    1.32368e+02    6.18422e+03
     Coulomb-14        LJ (SR)  Disper. corr.   Coulomb (SR)   Coul. recip.
   -4.19803e+04    5.02637e+05   -2.00612e+04   -3.22058e+06    6.12657e+03
      Potential    Kinetic En.   Total Energy  Conserved En.    Temperature
   -2.74371e+06    1.33520e+04   -2.73036e+06   -2.04244e+06    1.02609e+01
 Pres. DC (bar) Pressure (bar)   Constr. rmsd
   -2.21663e+02   -1.71793e+03    2.54006e-06

           Step           Time
         130000      260.00000

   Energies (kJ/mol)
           Bond          Angle    Proper Dih. Per. Imp. Dih.          LJ-14
    1.34336e+03    4.80077e+03    1.77315e+04    1.31970e+02    6.32255e+03
     Coulomb-14        LJ (SR)  Disper. corr.   Coulomb (SR)   Coul. recip.
   -4.18009e+04    5.24603e+05   -2.03753e+04   -3.24465e+06    6.00984e+03
      Potential    Kinetic En.   Total Energy  Conserved En.    Temperature
   -2.74589e+06    1.45483e+04   -2.73134e+06   -1.94031e+06    1.11803e+01
 Pres. DC (bar) Pressure (bar)   Constr. rmsd
   -2.28650e+02   -5.90039e+02    2.62333e-06

           Step           Time
         135000      270.00000

   Energies (kJ/mol)
           Bond          Angle    Proper Dih. Per. Imp. Dih.          LJ-14
    1.48404e+03    4.63270e+03    1.76978e+04    1.55342e+02    6.27215e+03
     Coulomb-14        LJ (SR)  Disper. corr.   Coulomb (SR)   Coul. recip.
   -4.17646e+04    5.84424e+05   -2.12840e+04   -3.29962e+06    5.79081e+03
      Potential    Kinetic En.   Total Energy  Conserved En.    Temperature
   -2.74221e+06    1.41011e+04   -2.72811e+06   -1.83762e+06    1.08367e+01
 Pres. DC (bar) Pressure (bar)   Constr. rmsd
   -2.49476e+02    2.40050e+03    2.56050e-06

Writing checkpoint, step 137900 at Mon Nov 10 22:11:00 2025


           Step           Time
         140000      280.00000

   Energies (kJ/mol)
           Bond          Angle    Proper Dih. Per. Imp. Dih.          LJ-14
    1.52955e+03    4.76324e+03    1.75753e+04    1.31716e+02    6.16207e+03
     Coulomb-14        LJ (SR)  Disper. corr.   Coulomb (SR)   Coul. recip.
   -4.19965e+04    5.01092e+05   -2.00541e+04   -3.22011e+06    6.08148e+03
      Potential    Kinetic En.   Total Energy  Conserved En.    Temperature
   -2.74482e+06    1.32383e+04   -2.73158e+06   -1.73870e+06    1.01736e+01
 Pres. DC (bar) Pressure (bar)   Constr. rmsd
   -2.21506e+02   -1.79803e+03    2.53493e-06

           Step           Time
         145000      290.00000

   Energies (kJ/mol)
           Bond          Angle    Proper Dih. Per. Imp. Dih.          LJ-14
    1.36941e+03    4.80344e+03    1.77339e+04    1.33724e+02    6.32591e+03
     Coulomb-14        LJ (SR)  Disper. corr.   Coulomb (SR)   Coul. recip.
   -4.18943e+04    5.20327e+05   -2.03322e+04   -3.24112e+06    5.94496e+03
      Potential    Kinetic En.   Total Energy  Conserved En.    Temperature
   -2.74670e+06    1.46543e+04   -2.73205e+06   -1.63218e+06    1.12617e+01
 Pres. DC (bar) Pressure (bar)   Constr. rmsd
   -2.27686e+02   -7.80937e+02    2.62926e-06

           Step           Time
         150000      300.00000

   Energies (kJ/mol)
           Bond          Angle    Proper Dih. Per. Imp. Dih.          LJ-14
    1.45879e+03    4.67969e+03    1.77215e+04    1.50580e+02    6.31889e+03
     Coulomb-14        LJ (SR)  Disper. corr.   Coulomb (SR)   Coul. recip.
   -4.17888e+04    5.89067e+05   -2.13843e+04   -3.30442e+06    5.68089e+03
      Potential    Kinetic En.   Total Energy  Conserved En.    Temperature
   -2.74252e+06    1.41003e+04   -2.72842e+06   -1.52233e+06    1.08361e+01
 Pres. DC (bar) Pressure (bar)   Constr. rmsd
   -2.51831e+02    2.71103e+03    2.60409e-06

           Step           Time
         155000      310.00000

   Energies (kJ/mol)
           Bond          Angle    Proper Dih. Per. Imp. Dih.          LJ-14
    1.55768e+03    4.73214e+03    1.75327e+04    1.40370e+02    6.16279e+03
     Coulomb-14        LJ (SR)  Disper. corr.   Coulomb (SR)   Coul. recip.
   -4.20189e+04    5.21804e+05   -2.03379e+04   -3.24284e+06    5.97160e+03
      Potential    Kinetic En.   Total Energy  Conserved En.    Temperature
   -2.74730e+06    1.37181e+04   -2.73358e+06   -1.40685e+06    1.05423e+01
 Pres. DC (bar) Pressure (bar)   Constr. rmsd
   -2.27814e+02   -8.94807e+02    2.59590e-06

Writing checkpoint, step 158600 at Mon Nov 10 22:26:01 2025


           Step           Time
         160000      320.00000

   Energies (kJ/mol)
           Bond          Angle    Proper Dih. Per. Imp. Dih.          LJ-14
    1.38181e+03    4.68875e+03    1.77008e+04    1.26592e+02    6.26694e+03
     Coulomb-14        LJ (SR)  Disper. corr.   Coulomb (SR)   Coul. recip.
   -4.18602e+04    4.94556e+05   -1.99915e+04   -3.21436e+06    5.99022e+03
      Potential    Kinetic En.   Total Energy  Conserved En.    Temperature
   -2.74550e+06    1.43009e+04   -2.73120e+06   -1.29373e+06    1.09902e+01
 Pres. DC (bar) Pressure (bar)   Constr. rmsd
   -2.20129e+02   -1.97225e+03    2.60999e-06

           Step           Time
         165000      330.00000

   Energies (kJ/mol)
           Bond          Angle    Proper Dih. Per. Imp. Dih.          LJ-14
    1.42351e+03    4.67305e+03    1.77297e+04    1.44118e+02    6.34650e+03
     Coulomb-14        LJ (SR)  Disper. corr.   Coulomb (SR)   Coul. recip.
   -4.16991e+04    5.75683e+05   -2.12225e+04   -3.29471e+06    5.66124e+03
      Potential    Kinetic En.   Total Energy  Conserved En.    Temperature
   -2.74597e+06    1.40618e+04   -2.73190e+06   -1.18662e+06    1.08064e+01
 Pres. DC (bar) Pressure (bar)   Constr. rmsd
   -2.48038e+02    2.03348e+03    2.55919e-06

           Step           Time
         170000      340.00000

   Energies (kJ/mol)
           Bond          Angle    Proper Dih. Per. Imp. Dih.          LJ-14
    1.61840e+03    4.71493e+03    1.76004e+04    1.52751e+02    6.24322e+03
     Coulomb-14        LJ (SR)  Disper. corr.   Coulomb (SR)   Coul. recip.
   -4.19650e+04    5.59673e+05   -2.08648e+04   -3.28042e+06    5.76168e+03
      Potential    Kinetic En.   Total Energy  Conserved En.    Temperature
   -2.74748e+06    1.43911e+04   -2.73309e+06   -1.06608e+06    1.10595e+01
 Pres. DC (bar) Pressure (bar)   Constr. rmsd
   -2.39757e+02    9.47952e+02    2.56395e-06

           Step           Time
         175000      350.00000

   Energies (kJ/mol)
           Bond          Angle    Proper Dih. Per. Imp. Dih.          LJ-14
    1.48215e+03    4.64450e+03    1.76439e+04    1.26296e+02    6.17897e+03
     Coulomb-14        LJ (SR)  Disper. corr.   Coulomb (SR)   Coul. recip.
   -4.20428e+04    4.81416e+05   -1.98325e+04   -3.20030e+06    5.98090e+03
      Potential    Kinetic En.   Total Energy  Conserved En.    Temperature
   -2.74470e+06    1.37685e+04   -2.73093e+06   -9.50254e+05    1.05810e+01
 Pres. DC (bar) Pressure (bar)   Constr. rmsd
   -2.16645e+02   -2.59123e+03    2.64206e-06

Writing checkpoint, step 179200 at Mon Nov 10 22:41:00 2025


           Step           Time
         180000      360.00000

   Energies (kJ/mol)
           Bond          Angle    Proper Dih. Per. Imp. Dih.          LJ-14
    1.39856e+03    4.75964e+03    1.77437e+04    1.33273e+02    6.34673e+03
     Coulomb-14        LJ (SR)  Disper. corr.   Coulomb (SR)   Coul. recip.
   -4.18169e+04    5.42180e+05   -2.06857e+04   -3.26503e+06    5.73034e+03
      Potential    Kinetic En.   Total Energy  Conserved En.    Temperature
   -2.74924e+06    1.48448e+04   -2.73439e+06   -8.27528e+05    1.14082e+01
 Pres. DC (bar) Pressure (bar)   Constr. rmsd
   -2.35662e+02    2.78282e+02    2.58936e-06

           Step           Time
         185000      370.00000

   Energies (kJ/mol)
           Bond          Angle    Proper Dih. Per. Imp. Dih.          LJ-14
    1.53266e+03    4.65865e+03    1.77066e+04    1.57034e+02    6.32240e+03
     Coulomb-14        LJ (SR)  Disper. corr.   Coulomb (SR)   Coul. recip.
   -4.17818e+04    5.91913e+05   -2.14235e+04   -3.30834e+06    5.60442e+03
      Potential    Kinetic En.   Total Energy  Conserved En.    Temperature
   -2.74365e+06    1.43848e+04   -2.72927e+06   -6.96888e+05    1.10547e+01
 Pres. DC (bar) Pressure (bar)   Constr. rmsd
   -2.52753e+02    2.82722e+03    2.62427e-06

           Step           Time
         190000      380.00000

   Energies (kJ/mol)
           Bond          Angle    Proper Dih. Per. Imp. Dih.          LJ-14
    1.62664e+03    4.76764e+03    1.75477e+04    1.38748e+02    6.13010e+03
     Coulomb-14        LJ (SR)  Disper. corr.   Coulomb (SR)   Coul. recip.
   -4.20872e+04    5.19342e+05   -2.03185e+04   -3.24167e+06    5.86429e+03
      Potential    Kinetic En.   Total Energy  Conserved En.    Temperature
   -2.74866e+06    1.38186e+04   -2.73484e+06   -5.67885e+05    1.06196e+01
 Pres. DC (bar) Pressure (bar)   Constr. rmsd
   -2.27379e+02   -1.04527e+03    2.61954e-06

           Step           Time
         195000      390.00000

   Energies (kJ/mol)
           Bond          Angle    Proper Dih. Per. Imp. Dih.          LJ-14
    1.44851e+03    4.71114e+03    1.76716e+04    1.28706e+02    6.20930e+03
     Coulomb-14        LJ (SR)  Disper. corr.   Coulomb (SR)   Coul. recip.
   -4.19776e+04    4.79239e+05   -1.98155e+04   -3.19828e+06    5.89772e+03
      Potential    Kinetic En.   Total Energy  Conserved En.    Temperature
   -2.74477e+06    1.44591e+04   -2.73031e+06   -4.21041e+05    1.11118e+01
 Pres. DC (bar) Pressure (bar)   Constr. rmsd
   -2.16273e+02   -2.63426e+03    2.69463e-06

Writing checkpoint, step 199900 at Mon Nov 10 22:56:02 2025


           Step           Time
         200000      400.00000

   Energies (kJ/mol)
           Bond          Angle    Proper Dih. Per. Imp. Dih.          LJ-14
    1.43638e+03    4.82513e+03    1.77158e+04    1.33384e+02    6.34744e+03
     Coulomb-14        LJ (SR)  Disper. corr.   Coulomb (SR)   Coul. recip.
   -4.18687e+04    5.53811e+05   -2.08770e+04   -3.27664e+06    5.65077e+03
      Potential    Kinetic En.   Total Energy  Conserved En.    Temperature
   -2.74947e+06    1.48685e+04   -2.73460e+06   -2.80834e+05    1.14264e+01
 Pres. DC (bar) Pressure (bar)   Constr. rmsd
   -2.40037e+02    8.74327e+02    2.55944e-06

           Step           Time
         205000      410.00000

   Energies (kJ/mol)
           Bond          Angle    Proper Dih. Per. Imp. Dih.          LJ-14
    1.51346e+03    4.65799e+03    1.76707e+04    1.52750e+02    6.34718e+03
     Coulomb-14        LJ (SR)  Disper. corr.   Coulomb (SR)   Coul. recip.
   -4.17734e+04    5.93220e+05   -2.14592e+04   -3.30997e+06    5.48354e+03
      Potential    Kinetic En.   Total Energy  Conserved En.    Temperature
   -2.74416e+06    1.43086e+04   -2.72985e+06   -1.38586e+05    1.09961e+01
 Pres. DC (bar) Pressure (bar)   Constr. rmsd
   -2.53596e+02    2.93656e+03    2.47749e-06

           Step           Time
         210000      420.00000

   Energies (kJ/mol)
           Bond          Angle    Proper Dih. Per. Imp. Dih.          LJ-14
    1.64501e+03    4.77197e+03    1.75625e+04    1.41154e+02    6.12901e+03
     Coulomb-14        LJ (SR)  Disper. corr.   Coulomb (SR)   Coul. recip.
   -4.20672e+04    5.31644e+05   -2.04894e+04   -3.25487e+06    5.78541e+03
      Potential    Kinetic En.   Total Energy  Conserved En.    Temperature
   -2.74975e+06    1.41152e+04   -2.73563e+06   -1.38075e+03    1.08475e+01
 Pres. DC (bar) Pressure (bar)   Constr. rmsd
   -2.31216e+02   -4.85692e+02    2.60677e-06

           Step           Time
         215000      430.00000

   Energies (kJ/mol)
           Bond          Angle    Proper Dih. Per. Imp. Dih.          LJ-14
    1.50346e+03    4.70926e+03    1.76363e+04    1.22937e+02    6.16322e+03
     Coulomb-14        LJ (SR)  Disper. corr.   Coulomb (SR)   Coul. recip.
   -4.20680e+04    4.72816e+05   -1.97498e+04   -3.19156e+06    5.88173e+03
      Potential    Kinetic En.   Total Energy  Conserved En.    Temperature
   -2.74454e+06    1.39579e+04   -2.73058e+06    1.45929e+05    1.07266e+01
 Pres. DC (bar) Pressure (bar)   Constr. rmsd
   -2.14844e+02   -2.94457e+03    2.60461e-06

           Step           Time
         220000      440.00000

   Energies (kJ/mol)
           Bond          Angle    Proper Dih. Per. Imp. Dih.          LJ-14
    1.41903e+03    4.82786e+03    1.77344e+04    1.30801e+02    6.29462e+03
     Coulomb-14        LJ (SR)  Disper. corr.   Coulomb (SR)   Coul. recip.
   -4.19225e+04    5.17638e+05   -2.03611e+04   -3.24128e+06    5.71083e+03
      Potential    Kinetic En.   Total Energy  Conserved En.    Temperature
   -2.74981e+06    1.55566e+04   -2.73426e+06    3.03587e+05    1.19552e+01
 Pres. DC (bar) Pressure (bar)   Constr. rmsd
   -2.28332e+02   -8.85839e+02    2.65453e-06

Writing checkpoint, step 220500 at Mon Nov 10 23:11:00 2025


           Step           Time
         225000      450.00000

   Energies (kJ/mol)
           Bond          Angle    Proper Dih. Per. Imp. Dih.          LJ-14
    1.47627e+03    4.75714e+03    1.77501e+04    1.39204e+02    6.39471e+03
     Coulomb-14        LJ (SR)  Disper. corr.   Coulomb (SR)   Coul. recip.
   -4.18403e+04    5.84031e+05   -2.13732e+04   -3.30350e+06    5.51723e+03
      Potential    Kinetic En.   Total Energy  Conserved En.    Temperature
   -2.74665e+06    1.43466e+04   -2.73230e+06    4.54530e+05    1.10253e+01
 Pres. DC (bar) Pressure (bar)   Constr. rmsd
   -2.51569e+02    2.52610e+03    2.62497e-06

           Step           Time
         230000      460.00000

   Energies (kJ/mol)
           Bond          Angle    Proper Dih. Per. Imp. Dih.          LJ-14
    1.61854e+03    4.74331e+03    1.76511e+04    1.57940e+02    6.29601e+03
     Coulomb-14        LJ (SR)  Disper. corr.   Coulomb (SR)   Coul. recip.
   -4.18779e+04    5.91466e+05   -2.13886e+04   -3.30926e+06    5.49703e+03
      Potential    Kinetic En.   Total Energy  Conserved En.    Temperature
   -2.74510e+06    1.49764e+04   -2.73012e+06    6.19142e+05    1.15093e+01
 Pres. DC (bar) Pressure (bar)   Constr. rmsd
   -2.51932e+02    2.71594e+03    2.63093e-06

           Step           Time
         235000      470.00000

   Energies (kJ/mol)
           Bond          Angle    Proper Dih. Per. Imp. Dih.          LJ-14
    1.65674e+03    4.79165e+03    1.75470e+04    1.41889e+02    6.11755e+03
     Coulomb-14        LJ (SR)  Disper. corr.   Coulomb (SR)   Coul. recip.
   -4.21233e+04    5.19034e+05   -2.03401e+04   -3.24252e+06    5.74848e+03
      Potential    Kinetic En.   Total Energy  Conserved En.    Temperature
   -2.74994e+06    1.40269e+04   -2.73592e+06    7.70542e+05    1.07797e+01
 Pres. DC (bar) Pressure (bar)   Constr. rmsd
   -2.27862e+02   -1.06139e+03    2.64965e-06

           Step           Time
         240000      480.00000

   Energies (kJ/mol)
           Bond          Angle    Proper Dih. Per. Imp. Dih.          LJ-14
    1.46812e+03    4.73704e+03    1.76124e+04    1.27075e+02    6.17536e+03
     Coulomb-14        LJ (SR)  Disper. corr.   Coulomb (SR)   Coul. recip.
   -4.20961e+04    4.74265e+05   -1.97773e+04   -3.19384e+06    5.86160e+03
      Potential    Kinetic En.   Total Energy  Conserved En.    Temperature
   -2.74547e+06    1.39157e+04   -2.73156e+06    9.26832e+05    1.06942e+01
 Pres. DC (bar) Pressure (bar)   Constr. rmsd
   -2.15441e+02   -2.89023e+03    2.64605e-06

Writing checkpoint, step 241100 at Mon Nov 10 23:26:00 2025


           Step           Time
         245000      490.00000

   Energies (kJ/mol)
           Bond          Angle    Proper Dih. Per. Imp. Dih.          LJ-14
    1.41775e+03    4.76759e+03    1.77527e+04    1.30641e+02    6.30169e+03
     Coulomb-14        LJ (SR)  Disper. corr.   Coulomb (SR)   Coul. recip.
   -4.19799e+04    5.13051e+05   -2.03057e+04   -3.23705e+06    5.70481e+03
      Potential    Kinetic En.   Total Energy  Conserved En.    Temperature
   -2.75021e+06    1.54413e+04   -2.73477e+06    1.07666e+06    1.18666e+01
 Pres. DC (bar) Pressure (bar)   Constr. rmsd
   -2.27092e+02   -1.09449e+03    2.56521e-06

           Step           Time
         250000      500.00000

   Energies (kJ/mol)
           Bond          Angle    Proper Dih. Per. Imp. Dih.          LJ-14
    1.48624e+03    4.81633e+03    1.77624e+04    1.38893e+02    6.38735e+03
     Coulomb-14        LJ (SR)  Disper. corr.   Coulomb (SR)   Coul. recip.
   -4.18620e+04    5.79182e+05   -2.12969e+04   -3.30020e+06    5.52420e+03
      Potential    Kinetic En.   Total Energy  Conserved En.    Temperature
   -2.74807e+06    1.44611e+04   -2.73360e+06    1.22719e+06    1.11133e+01
 Pres. DC (bar) Pressure (bar)   Constr. rmsd
   -2.49778e+02    2.24376e+03    2.58306e-06

           Step           Time
         255000      510.00000

   Energies (kJ/mol)
           Bond          Angle    Proper Dih. Per. Imp. Dih.          LJ-14
    1.57292e+03    4.68457e+03    1.76861e+04    1.56643e+02    6.33687e+03
     Coulomb-14        LJ (SR)  Disper. corr.   Coulomb (SR)   Coul. recip.
   -4.18448e+04    5.93848e+05   -2.14454e+04   -3.31178e+06    5.48124e+03
      Potential    Kinetic En.   Total Energy  Conserved En.    Temperature
   -2.74530e+06    1.47921e+04   -2.73051e+06    1.38752e+06    1.13676e+01
 Pres. DC (bar) Pressure (bar)   Constr. rmsd
   -2.53271e+02    2.88709e+03    2.57189e-06

           Step           Time
         260000      520.00000

   Energies (kJ/mol)
           Bond          Angle    Proper Dih. Per. Imp. Dih.          LJ-14
    1.66307e+03    4.79084e+03    1.75506e+04    1.43766e+02    6.14135e+03
     Coulomb-14        LJ (SR)  Disper. corr.   Coulomb (SR)   Coul. recip.
   -4.21228e+04    5.34883e+05   -2.05556e+04   -3.25913e+06    5.69793e+03
      Potential    Kinetic En.   Total Energy  Conserved En.    Temperature
   -2.75094e+06    1.43497e+04   -2.73659e+06    1.53612e+06    1.10277e+01
 Pres. DC (bar) Pressure (bar)   Constr. rmsd
   -2.32710e+02   -3.28251e+02    2.65010e-06

Writing checkpoint, step 261900 at Mon Nov 10 23:41:03 2025


           Step           Time
         265000      530.00000

   Energies (kJ/mol)
           Bond          Angle    Proper Dih. Per. Imp. Dih.          LJ-14
    1.55192e+03    4.78758e+03    1.76039e+04    1.29332e+02    6.14738e+03
     Coulomb-14        LJ (SR)  Disper. corr.   Coulomb (SR)   Coul. recip.
   -4.20716e+04    4.74530e+05   -1.97930e+04   -3.19472e+06    5.82476e+03
      Potential    Kinetic En.   Total Energy  Conserved En.    Temperature
   -2.74601e+06    1.36744e+04   -2.73234e+06    1.69235e+06    1.05087e+01
 Pres. DC (bar) Pressure (bar)   Constr. rmsd
   -2.15782e+02   -2.90595e+03    2.53905e-06

           Step           Time
         270000      540.00000

   Energies (kJ/mol)
           Bond          Angle    Proper Dih. Per. Imp. Dih.          LJ-14
    1.42069e+03    4.76250e+03    1.77306e+04    1.29162e+02    6.26344e+03
     Coulomb-14        LJ (SR)  Disper. corr.   Coulomb (SR)   Coul. recip.
   -4.19726e+04    4.92655e+05   -2.00337e+04   -3.21544e+06    5.74230e+03
      Potential    Kinetic En.   Total Energy  Conserved En.    Temperature
   -2.74875e+06    1.53089e+04   -2.73344e+06    1.85438e+06    1.17649e+01
 Pres. DC (bar) Pressure (bar)   Constr. rmsd
   -2.21058e+02   -2.02381e+03    2.65947e-06

           Step           Time
         275000      550.00000

   Energies (kJ/mol)
           Bond          Angle    Proper Dih. Per. Imp. Dih.          LJ-14
    1.47618e+03    4.82510e+03    1.77657e+04    1.37307e+02    6.34606e+03
     Coulomb-14        LJ (SR)  Disper. corr.   Coulomb (SR)   Coul. recip.
   -4.19319e+04    5.61404e+05   -2.10192e+04   -3.28545e+06    5.54114e+03
      Potential    Kinetic En.   Total Energy  Conserved En.    Temperature
   -2.75091e+06    1.48712e+04   -2.73604e+06    2.00218e+06    1.14285e+01
 Pres. DC (bar) Pressure (bar)   Constr. rmsd
   -2.43314e+02    1.26324e+03    2.60040e-06

           Step           Time
         280000      560.00000

   Energies (kJ/mol)
           Bond          Angle    Proper Dih. Per. Imp. Dih.          LJ-14
    1.53324e+03    4.67211e+03    1.77050e+04    1.55769e+02    6.35493e+03
     Coulomb-14        LJ (SR)  Disper. corr.   Coulomb (SR)   Coul. recip.
   -4.18323e+04    5.94837e+05   -2.15186e+04   -3.31304e+06    5.44449e+03
      Potential    Kinetic En.   Total Energy  Conserved En.    Temperature
   -2.74569e+06    1.42809e+04   -2.73141e+06    2.14842e+06    1.09748e+01
 Pres. DC (bar) Pressure (bar)   Constr. rmsd
   -2.54999e+02    3.03270e+03    2.57584e-06

Writing checkpoint, step 282500 at Mon Nov 10 23:56:00 2025


           Step           Time
         285000      570.00000

   Energies (kJ/mol)
           Bond          Angle    Proper Dih. Per. Imp. Dih.          LJ-14
    1.63864e+03    4.77816e+03    1.76295e+04    1.53768e+02    6.17295e+03
     Coulomb-14        LJ (SR)  Disper. corr.   Coulomb (SR)   Coul. recip.
   -4.20896e+04    5.55581e+05   -2.08278e+04   -3.27974e+06    5.58118e+03
      Potential    Kinetic En.   Total Energy  Conserved En.    Temperature
   -2.75113e+06    1.46058e+04   -2.73652e+06    2.29306e+06    1.12245e+01
 Pres. DC (bar) Pressure (bar)   Constr. rmsd
   -2.38909e+02    6.71501e+02    2.65882e-06

           Step           Time
         290000      580.00000

   Energies (kJ/mol)
           Bond          Angle    Proper Dih. Per. Imp. Dih.          LJ-14
    1.55949e+03    4.76531e+03    1.75894e+04    1.32263e+02    6.13207e+03
     Coulomb-14        LJ (SR)  Disper. corr.   Coulomb (SR)   Coul. recip.
   -4.21429e+04    4.83215e+05   -1.99038e+04   -3.20524e+06    5.77231e+03
      Potential    Kinetic En.   Total Energy  Conserved En.    Temperature
   -2.74812e+06    1.34847e+04   -2.73464e+06    2.43352e+06    1.03630e+01
 Pres. DC (bar) Pressure (bar)   Constr. rmsd
   -2.18202e+02   -2.57866e+03    2.56850e-06

           Step           Time
         295000      590.00000

   Energies (kJ/mol)
           Bond          Angle    Proper Dih. Per. Imp. Dih.          LJ-14
    1.44878e+03    4.74076e+03    1.76901e+04    1.27519e+02    6.23577e+03
     Coulomb-14        LJ (SR)  Disper. corr.   Coulomb (SR)   Coul. recip.
   -4.20033e+04    4.88258e+05   -1.99780e+04   -3.21099e+06    5.72515e+03
      Potential    Kinetic En.   Total Energy  Conserved En.    Temperature
   -2.74874e+06    1.49670e+04   -2.73377e+06    2.58495e+06    1.15021e+01
 Pres. DC (bar) Pressure (bar)   Constr. rmsd
   -2.19832e+02   -2.23746e+03    2.58349e-06

           Step           Time
         300000      600.00000

   Energies (kJ/mol)
           Bond          Angle    Proper Dih. Per. Imp. Dih.          LJ-14
    1.46109e+03    4.85010e+03    1.77496e+04    1.32046e+02    6.33826e+03
     Coulomb-14        LJ (SR)  Disper. corr.   Coulomb (SR)   Coul. recip.
   -4.19748e+04    5.53748e+05   -2.08967e+04   -3.27916e+06    5.55283e+03
      Potential    Kinetic En.   Total Energy  Conserved En.    Temperature
   -2.75220e+06    1.50299e+04   -2.73717e+06    2.72737e+06    1.15504e+01
 Pres. DC (bar) Pressure (bar)   Constr. rmsd
   -2.40488e+02    8.57310e+02    2.50772e-06

Writing checkpoint, step 304000 at Tue Nov 11 00:11:03 2025


           Step           Time
         305000      610.00000

   Energies (kJ/mol)
           Bond          Angle    Proper Dih. Per. Imp. Dih.          LJ-14
    1.52323e+03    4.74690e+03    1.77702e+04    1.54991e+02    6.34142e+03
     Coulomb-14        LJ (SR)  Disper. corr.   Coulomb (SR)   Coul. recip.
   -4.18781e+04    5.95802e+05   -2.15505e+04   -3.31434e+06    5.39995e+03
      Potential    Kinetic En.   Total Energy  Conserved En.    Temperature
   -2.74603e+06    1.41950e+04   -2.73183e+06    2.87889e+06    1.09088e+01
 Pres. DC (bar) Pressure (bar)   Constr. rmsd
   -2.55755e+02    3.11183e+03    2.56935e-06

           Step           Time
         310000      620.00000

   Energies (kJ/mol)
           Bond          Angle    Proper Dih. Per. Imp. Dih.          LJ-14
    1.66091e+03    4.74132e+03    1.76346e+04    1.56918e+02    6.21663e+03
     Coulomb-14        LJ (SR)  Disper. corr.   Coulomb (SR)   Coul. recip.
   -4.20655e+04    5.74717e+05   -2.11078e+04   -3.29730e+06    5.47119e+03
      Potential    Kinetic En.   Total Energy  Conserved En.    Temperature
   -2.74988e+06    1.49749e+04   -2.73490e+06    3.03662e+06    1.15082e+01
 Pres. DC (bar) Pressure (bar)   Constr. rmsd
   -2.45367e+02    1.68808e+03    2.64213e-06

           Step           Time
         315000      630.00000

   Energies (kJ/mol)
           Bond          Angle    Proper Dih. Per. Imp. Dih.          LJ-14
    1.58887e+03    4.75513e+03    1.75987e+04    1.33257e+02    6.13055e+03
     Coulomb-14        LJ (SR)  Disper. corr.   Coulomb (SR)   Coul. recip.
   -4.20997e+04    5.02430e+05   -2.01471e+04   -3.22679e+06    5.73820e+03
      Potential    Kinetic En.   Total Energy  Conserved En.    Temperature
   -2.75066e+06    1.37062e+04   -2.73695e+06    3.18166e+06    1.05331e+01
 Pres. DC (bar) Pressure (bar)   Constr. rmsd
   -2.23565e+02   -1.79986e+03    2.56180e-06

           Step           Time
         320000      640.00000

   Energies (kJ/mol)
           Bond          Angle    Proper Dih. Per. Imp. Dih.          LJ-14
    1.46880e+03    4.74003e+03    1.76596e+04    1.26837e+02    6.17172e+03
     Coulomb-14        LJ (SR)  Disper. corr.   Coulomb (SR)   Coul. recip.
   -4.19955e+04    4.75132e+05   -1.98065e+04   -3.19623e+06    5.76238e+03
      Potential    Kinetic En.   Total Energy  Conserved En.    Temperature
   -2.74697e+06    1.41877e+04   -2.73279e+06    3.33746e+06    1.09032e+01
 Pres. DC (bar) Pressure (bar)   Constr. rmsd
   -2.16078e+02   -2.83990e+03    2.60868e-06

Writing checkpoint, step 324600 at Tue Nov 11 00:26:02 2025


           Step           Time
         325000      650.00000

   Energies (kJ/mol)
           Bond          Angle    Proper Dih. Per. Imp. Dih.          LJ-14
    1.41374e+03    4.81353e+03    1.77528e+04    1.32512e+02    6.30533e+03
     Coulomb-14        LJ (SR)  Disper. corr.   Coulomb (SR)   Coul. recip.
   -4.19284e+04    5.21623e+05   -2.04368e+04   -3.24761e+06    5.60386e+03
      Potential    Kinetic En.   Total Energy  Conserved En.    Temperature
   -2.75233e+06    1.54876e+04   -2.73684e+06    3.48540e+06    1.19022e+01
 Pres. DC (bar) Pressure (bar)   Constr. rmsd
   -2.30031e+02   -7.07318e+02    2.61835e-06

           Step           Time
         330000      660.00000

   Energies (kJ/mol)
           Bond          Angle    Proper Dih. Per. Imp. Dih.          LJ-14
    1.47345e+03    4.81847e+03    1.77250e+04    1.40615e+02    6.37356e+03
     Coulomb-14        LJ (SR)  Disper. corr.   Coulomb (SR)   Coul. recip.
   -4.18848e+04    5.83312e+05   -2.13744e+04   -3.30490e+06    5.44798e+03
      Potential    Kinetic En.   Total Energy  Conserved En.    Temperature
   -2.74887e+06    1.43943e+04   -2.73447e+06    3.63575e+06    1.10620e+01
 Pres. DC (bar) Pressure (bar)   Constr. rmsd
   -2.51596e+02    2.46611e+03    2.61020e-06

           Step           Time
         335000      670.00000

   Energies (kJ/mol)
           Bond          Angle    Proper Dih. Per. Imp. Dih.          LJ-14
    1.59481e+03    4.70266e+03    1.76636e+04    1.58498e+02    6.29612e+03
     Coulomb-14        LJ (SR)  Disper. corr.   Coulomb (SR)   Coul. recip.
   -4.18630e+04    5.93923e+05   -2.14476e+04   -3.31323e+06    5.39144e+03
      Potential    Kinetic En.   Total Energy  Conserved En.    Temperature
   -2.74681e+06    1.48772e+04   -2.73193e+06    3.80173e+06    1.14331e+01
 Pres. DC (bar) Pressure (bar)   Constr. rmsd
   -2.53321e+02    2.86022e+03    2.61428e-06

           Step           Time
         340000      680.00000

   Energies (kJ/mol)
           Bond          Angle    Proper Dih. Per. Imp. Dih.          LJ-14
    1.66653e+03    4.83653e+03    1.75585e+04    1.42937e+02    6.12362e+03
     Coulomb-14        LJ (SR)  Disper. corr.   Coulomb (SR)   Coul. recip.
   -4.21874e+04    5.32999e+05   -2.05371e+04   -3.25841e+06    5.61277e+03
      Potential    Kinetic En.   Total Energy  Conserved En.    Temperature
   -2.75220e+06    1.43690e+04   -2.73783e+06    3.95420e+06    1.10425e+01
 Pres. DC (bar) Pressure (bar)   Constr. rmsd
   -2.32292e+02   -4.32144e+02    2.63114e-06

           Step           Time
         345000      690.00000

   Energies (kJ/mol)
           Bond          Angle    Proper Dih. Per. Imp. Dih.          LJ-14
    1.53848e+03    4.74648e+03    1.76330e+04    1.26433e+02    6.16191e+03
     Coulomb-14        LJ (SR)  Disper. corr.   Coulomb (SR)   Coul. recip.
   -4.20528e+04    4.75192e+05   -1.98084e+04   -3.19675e+06    5.78988e+03
      Potential    Kinetic En.   Total Energy  Conserved En.    Temperature
   -2.74742e+06    1.35767e+04   -2.73384e+06    4.11043e+06    1.04337e+01
 Pres. DC (bar) Pressure (bar)   Constr. rmsd
   -2.16119e+02   -2.88599e+03    2.64704e-06

Writing checkpoint, step 345200 at Tue Nov 11 00:41:02 2025


           Step           Time
         350000      700.00000

   Energies (kJ/mol)
           Bond          Angle    Proper Dih. Per. Imp. Dih.          LJ-14
    1.45379e+03    4.79828e+03    1.77093e+04    1.29366e+02    6.27741e+03
     Coulomb-14        LJ (SR)  Disper. corr.   Coulomb (SR)   Coul. recip.
   -4.19990e+04    4.97069e+05   -2.00980e+04   -3.22146e+06    5.67200e+03
      Potential    Kinetic En.   Total Energy  Conserved En.    Temperature
   -2.75045e+06    1.53072e+04   -2.73514e+06    4.26642e+06    1.17635e+01
 Pres. DC (bar) Pressure (bar)   Constr. rmsd
   -2.22478e+02   -1.83358e+03    2.58978e-06

           Step           Time
         355000      710.00000

   Energies (kJ/mol)
           Bond          Angle    Proper Dih. Per. Imp. Dih.          LJ-14
    1.45380e+03    4.84771e+03    1.77334e+04    1.35984e+02    6.35752e+03
     Coulomb-14        LJ (SR)  Disper. corr.   Coulomb (SR)   Coul. recip.
   -4.19296e+04    5.62703e+05   -2.10550e+04   -3.28754e+06    5.44849e+03
      Potential    Kinetic En.   Total Energy  Conserved En.    Temperature
   -2.75184e+06    1.49332e+04   -2.73691e+06    4.41575e+06    1.14761e+01
 Pres. DC (bar) Pressure (bar)   Constr. rmsd
   -2.44143e+02    1.34945e+03    2.61016e-06

           Step           Time
         360000      720.00000

   Energies (kJ/mol)
           Bond          Angle    Proper Dih. Per. Imp. Dih.          LJ-14
    1.54604e+03    4.71543e+03    1.77107e+04    1.54066e+02    6.34800e+03
     Coulomb-14        LJ (SR)  Disper. corr.   Coulomb (SR)   Coul. recip.
   -4.18204e+04    5.95605e+05   -2.15489e+04   -3.31456e+06    5.38411e+03
      Potential    Kinetic En.   Total Energy  Conserved En.    Temperature
   -2.74646e+06    1.42781e+04   -2.73218e+06    4.56897e+06    1.09726e+01
 Pres. DC (bar) Pressure (bar)   Constr. rmsd
   -2.55718e+02    3.09259e+03    2.58484e-06

           Step           Time
         365000      730.00000

   Energies (kJ/mol)
           Bond          Angle    Proper Dih. Per. Imp. Dih.          LJ-14
    1.68448e+03    4.77799e+03    1.76488e+04    1.50732e+02    6.17088e+03
     Coulomb-14        LJ (SR)  Disper. corr.   Coulomb (SR)   Coul. recip.
   -4.20655e+04    5.61354e+05   -2.09272e+04   -3.28590e+06    5.49632e+03
      Potential    Kinetic En.   Total Energy  Conserved En.    Temperature
   -2.75161e+06    1.48459e+04   -2.73676e+06    4.71716e+06    1.14090e+01
 Pres. DC (bar) Pressure (bar)   Constr. rmsd
   -2.41190e+02    9.71147e+02    2.61680e-06

Writing checkpoint, step 365800 at Tue Nov 11 00:56:00 2025


           Step           Time
         370000      740.00000

   Energies (kJ/mol)
           Bond          Angle    Proper Dih. Per. Imp. Dih.          LJ-14
    1.60923e+03    4.79214e+03    1.75428e+04    1.31328e+02    6.11199e+03
     Coulomb-14        LJ (SR)  Disper. corr.   Coulomb (SR)   Coul. recip.
   -4.21679e+04    4.88236e+05   -1.99873e+04   -3.21178e+06    5.73541e+03
      Potential    Kinetic En.   Total Energy  Conserved En.    Temperature
   -2.74977e+06    1.35932e+04   -2.73618e+06    4.86782e+06    1.04463e+01
 Pres. DC (bar) Pressure (bar)   Constr. rmsd
   -2.20036e+02   -2.39303e+03    2.65464e-06

           Step           Time
         375000      750.00000

   Energies (kJ/mol)
           Bond          Angle    Proper Dih. Per. Imp. Dih.          LJ-14
    1.48529e+03    4.79229e+03    1.76897e+04    1.27310e+02    6.17571e+03
     Coulomb-14        LJ (SR)  Disper. corr.   Coulomb (SR)   Coul. recip.
   -4.20512e+04    4.73205e+05   -1.97937e+04   -3.19452e+06    5.72320e+03
      Potential    Kinetic En.   Total Energy  Conserved En.    Temperature
   -2.74717e+06    1.45100e+04   -2.73266e+06    5.03722e+06    1.11509e+01
 Pres. DC (bar) Pressure (bar)   Constr. rmsd
   -2.15798e+02   -2.91389e+03    2.59426e-06

           Step           Time
         380000      760.00000

   Energies (kJ/mol)
           Bond          Angle    Proper Dih. Per. Imp. Dih.          LJ-14
    1.44115e+03    4.87798e+03    1.77286e+04    1.31726e+02    6.33939e+03
     Coulomb-14        LJ (SR)  Disper. corr.   Coulomb (SR)   Coul. recip.
   -4.19370e+04    5.20269e+05   -2.04223e+04   -3.24661e+06    5.56670e+03
      Potential    Kinetic En.   Total Energy  Conserved En.    Temperature
   -2.75261e+06    1.57798e+04   -2.73683e+06    5.20376e+06    1.21267e+01
 Pres. DC (bar) Pressure (bar)   Constr. rmsd
   -2.29705e+02   -7.58673e+02    2.61567e-06

           Step           Time
         385000      770.00000

   Energies (kJ/mol)
           Bond          Angle    Proper Dih. Per. Imp. Dih.          LJ-14
    1.46695e+03    4.80957e+03    1.77174e+04    1.37307e+02    6.38789e+03
     Coulomb-14        LJ (SR)  Disper. corr.   Coulomb (SR)   Coul. recip.
   -4.18728e+04    5.78789e+05   -2.13107e+04   -3.30172e+06    5.37878e+03
      Potential    Kinetic En.   Total Energy  Conserved En.    Temperature
   -2.75022e+06    1.45246e+04   -2.73570e+06    5.36311e+06    1.11621e+01
 Pres. DC (bar) Pressure (bar)   Constr. rmsd
   -2.50103e+02    2.21776e+03    2.62422e-06

Writing checkpoint, step 386400 at Tue Nov 11 01:11:00 2025


           Step           Time
         390000      780.00000

   Energies (kJ/mol)
           Bond          Angle    Proper Dih. Per. Imp. Dih.          LJ-14
    1.57667e+03    4.69395e+03    1.76948e+04    1.54030e+02    6.29362e+03
     Coulomb-14        LJ (SR)  Disper. corr.   Coulomb (SR)   Coul. recip.
   -4.18660e+04    5.97118e+05   -2.15417e+04   -3.31598e+06    5.37906e+03
      Potential    Kinetic En.   Total Energy  Conserved En.    Temperature
   -2.74648e+06    1.45816e+04   -2.73189e+06    5.52670e+06    1.12059e+01
 Pres. DC (bar) Pressure (bar)   Constr. rmsd
   -2.55548e+02    3.10491e+03    2.60724e-06

           Step           Time
         395000      790.00000

   Energies (kJ/mol)
           Bond          Angle    Proper Dih. Per. Imp. Dih.          LJ-14
    1.72222e+03    4.82266e+03    1.76061e+04    1.50601e+02    6.16479e+03
     Coulomb-14        LJ (SR)  Disper. corr.   Coulomb (SR)   Coul. recip.
   -4.21406e+04    5.54166e+05   -2.08194e+04   -3.27942e+06    5.52834e+03
      Potential    Kinetic En.   Total Energy  Conserved En.    Temperature
   -2.75222e+06    1.48612e+04   -2.73735e+06    5.68734e+06    1.14208e+01
 Pres. DC (bar) Pressure (bar)   Constr. rmsd
   -2.38715e+02    5.91463e+02    2.58728e-06

           Step           Time
         400000      800.00000

   Energies (kJ/mol)
           Bond          Angle    Proper Dih. Per. Imp. Dih.          LJ-14
    1.55295e+03    4.79378e+03    1.75948e+04    1.36149e+02    6.12862e+03
     Coulomb-14        LJ (SR)  Disper. corr.   Coulomb (SR)   Coul. recip.
   -4.21148e+04    4.86297e+05   -1.99619e+04   -3.21004e+06    5.73684e+03
      Potential    Kinetic En.   Total Energy  Conserved En.    Temperature
   -2.74987e+06    1.35726e+04   -2.73630e+06    5.83449e+06    1.04305e+01
 Pres. DC (bar) Pressure (bar)   Constr. rmsd
   -2.19476e+02   -2.46986e+03    2.60724e-06

           Step           Time
         405000      810.00000

   Energies (kJ/mol)
           Bond          Angle    Proper Dih. Per. Imp. Dih.          LJ-14
    1.46764e+03    4.80837e+03    1.76690e+04    1.24325e+02    6.19988e+03
     Coulomb-14        LJ (SR)  Disper. corr.   Coulomb (SR)   Coul. recip.
   -4.20369e+04    4.81623e+05   -1.98995e+04   -3.20458e+06    5.70918e+03
      Potential    Kinetic En.   Total Energy  Conserved En.    Temperature
   -2.74892e+06    1.46286e+04   -2.73429e+06    5.98718e+06    1.12420e+01
 Pres. DC (bar) Pressure (bar)   Constr. rmsd
   -2.18110e+02   -2.54962e+03    2.62741e-06

Writing checkpoint, step 406900 at Tue Nov 11 01:26:00 2025


           Step           Time
         410000      820.00000

   Energies (kJ/mol)
           Bond          Angle    Proper Dih. Per. Imp. Dih.          LJ-14
    1.43994e+03    4.86978e+03    1.77117e+04    1.33054e+02    6.32330e+03
     Coulomb-14        LJ (SR)  Disper. corr.   Coulomb (SR)   Coul. recip.
   -4.19072e+04    5.38216e+05   -2.06837e+04   -3.26522e+06    5.52701e+03
      Potential    Kinetic En.   Total Energy  Conserved En.    Temperature
   -2.75359e+06    1.53372e+04   -2.73825e+06    6.12933e+06    1.17866e+01
 Pres. DC (bar) Pressure (bar)   Constr. rmsd
   -2.35617e+02    7.32446e+01    2.63054e-06

           Step           Time
         415000      830.00000

   Energies (kJ/mol)
           Bond          Angle    Proper Dih. Per. Imp. Dih.          LJ-14
    1.49603e+03    4.77360e+03    1.77351e+04    1.44929e+02    6.35255e+03
     Coulomb-14        LJ (SR)  Disper. corr.   Coulomb (SR)   Coul. recip.
   -4.18411e+04    5.88861e+05   -2.14696e+04   -3.31026e+06    5.38059e+03
      Potential    Kinetic En.   Total Energy  Conserved En.    Temperature
   -2.74883e+06    1.42239e+04   -2.73460e+06    6.27517e+06    1.09310e+01
 Pres. DC (bar) Pressure (bar)   Constr. rmsd
   -2.53840e+02    2.74999e+03    2.59274e-06

           Step           Time
         420000      840.00000

   Energies (kJ/mol)
           Bond          Angle    Proper Dih. Per. Imp. Dih.          LJ-14
    1.64062e+03    4.70333e+03    1.76576e+04    1.54620e+02    6.25397e+03
     Coulomb-14        LJ (SR)  Disper. corr.   Coulomb (SR)   Coul. recip.
   -4.18872e+04    5.86967e+05   -2.13397e+04   -3.30860e+06    5.41611e+03
      Potential    Kinetic En.   Total Energy  Conserved En.    Temperature
   -2.74903e+06    1.48765e+04   -2.73416e+06    6.42667e+06    1.14325e+01
 Pres. DC (bar) Pressure (bar)   Constr. rmsd
   -2.50783e+02    2.43953e+03    2.58515e-06

           Step           Time
         425000      850.00000

   Energies (kJ/mol)
           Bond          Angle    Proper Dih. Per. Imp. Dih.          LJ-14
    1.66710e+03    4.81963e+03    1.75507e+04    1.42701e+02    6.12873e+03
     Coulomb-14        LJ (SR)  Disper. corr.   Coulomb (SR)   Coul. recip.
   -4.22082e+04    5.22698e+05   -2.04172e+04   -3.24890e+06    5.64284e+03
      Potential    Kinetic En.   Total Energy  Conserved En.    Temperature
   -2.75288e+06    1.40323e+04   -2.73884e+06    6.56454e+06    1.07838e+01
 Pres. DC (bar) Pressure (bar)   Constr. rmsd
   -2.29591e+02   -9.04389e+02    2.68821e-06

Writing checkpoint, step 427400 at Tue Nov 11 01:40:59 2025


           Step           Time
         430000      860.00000

   Energies (kJ/mol)
           Bond          Angle    Proper Dih. Per. Imp. Dih.          LJ-14
    1.52785e+03    4.77059e+03    1.76224e+04    1.28735e+02    6.14382e+03
     Coulomb-14        LJ (SR)  Disper. corr.   Coulomb (SR)   Coul. recip.
   -4.20369e+04    4.76204e+05   -1.98342e+04   -3.19868e+06    5.73473e+03
      Potential    Kinetic En.   Total Energy  Conserved En.    Temperature
   -2.74842e+06    1.37029e+04   -2.73471e+06    6.70891e+06    1.05306e+01
 Pres. DC (bar) Pressure (bar)   Constr. rmsd
   -2.16681e+02   -2.84240e+03    2.61539e-06

           Step           Time
         435000      870.00000

   Energies (kJ/mol)
           Bond          Angle    Proper Dih. Per. Imp. Dih.          LJ-14
    1.47216e+03    4.80785e+03    1.76939e+04    1.27813e+02    6.25812e+03
     Coulomb-14        LJ (SR)  Disper. corr.   Coulomb (SR)   Coul. recip.
   -4.20013e+04    5.01517e+05   -2.01641e+04   -3.22701e+06    5.61699e+03
      Potential    Kinetic En.   Total Energy  Conserved En.    Temperature
   -2.75168e+06    1.51192e+04   -2.73656e+06    6.85229e+06    1.16190e+01
 Pres. DC (bar) Pressure (bar)   Constr. rmsd
   -2.23941e+02   -1.65659e+03    2.64950e-06

           Step           Time
         440000      880.00000

   Energies (kJ/mol)
           Bond          Angle    Proper Dih. Per. Imp. Dih.          LJ-14
    1.47358e+03    4.85054e+03    1.77405e+04    1.37397e+02    6.34247e+03
     Coulomb-14        LJ (SR)  Disper. corr.   Coulomb (SR)   Coul. recip.
   -4.18811e+04    5.63749e+05   -2.10694e+04   -3.28945e+06    5.45176e+03
      Potential    Kinetic En.   Total Energy  Conserved En.    Temperature
   -2.75265e+06    1.47713e+04   -2.73788e+06    6.98768e+06    1.13517e+01
 Pres. DC (bar) Pressure (bar)   Constr. rmsd
   -2.44475e+02    1.37866e+03    2.59974e-06

           Step           Time
         445000      890.00000

   Energies (kJ/mol)
           Bond          Angle    Proper Dih. Per. Imp. Dih.          LJ-14
    1.56909e+03    4.74049e+03    1.77164e+04    1.54593e+02    6.31062e+03
     Coulomb-14        LJ (SR)  Disper. corr.   Coulomb (SR)   Coul. recip.
   -4.18525e+04    5.96293e+05   -2.15643e+04   -3.31570e+06    5.38203e+03
      Potential    Kinetic En.   Total Energy  Conserved En.    Temperature
   -2.74695e+06    1.43778e+04   -2.73257e+06    7.13812e+06    1.10493e+01
 Pres. DC (bar) Pressure (bar)   Constr. rmsd
   -2.56083e+02    3.12708e+03    2.57345e-06

Writing checkpoint, step 448100 at Tue Nov 11 01:56:01 2025


           Step           Time
         450000      900.00000

   Energies (kJ/mol)
           Bond          Angle    Proper Dih. Per. Imp. Dih.          LJ-14
    1.70402e+03    4.76794e+03    1.76132e+04    1.51683e+02    6.22247e+03
     Coulomb-14        LJ (SR)  Disper. corr.   Coulomb (SR)   Coul. recip.
   -4.20490e+04    5.73524e+05   -2.11027e+04   -3.29748e+06    5.45081e+03
      Potential    Kinetic En.   Total Energy  Conserved En.    Temperature
   -2.75120e+06    1.50878e+04   -2.73611e+06    7.29158e+06    1.15949e+01
 Pres. DC (bar) Pressure (bar)   Constr. rmsd
   -2.45249e+02    1.62644e+03    2.64011e-06

           Step           Time
         455000      910.00000

   Energies (kJ/mol)
           Bond          Angle    Proper Dih. Per. Imp. Dih.          LJ-14
    1.68443e+03    4.86039e+03    1.75384e+04    1.38402e+02    6.11835e+03
     Coulomb-14        LJ (SR)  Disper. corr.   Coulomb (SR)   Coul. recip.
   -4.21819e+04    5.04762e+05   -2.01955e+04   -3.23027e+06    5.68637e+03
      Potential    Kinetic En.   Total Energy  Conserved En.    Temperature
   -2.75186e+06    1.37678e+04   -2.73809e+06    7.44123e+06    1.05805e+01
 Pres. DC (bar) Pressure (bar)   Constr. rmsd
   -2.24638e+02   -1.70487e+03    2.62866e-06

           Step           Time
         460000      920.00000

   Energies (kJ/mol)
           Bond          Angle    Proper Dih. Per. Imp. Dih.          LJ-14
    1.56268e+03    4.78974e+03    1.76083e+04    1.29267e+02    6.17772e+03
     Coulomb-14        LJ (SR)  Disper. corr.   Coulomb (SR)   Coul. recip.
   -4.20073e+04    4.69974e+05   -1.97599e+04   -3.19143e+06    5.75176e+03
      Potential    Kinetic En.   Total Energy  Conserved En.    Temperature
   -2.74720e+06    1.40124e+04   -2.73319e+06    7.60724e+06    1.07685e+01
 Pres. DC (bar) Pressure (bar)   Constr. rmsd
   -2.15064e+02   -3.07375e+03    2.66627e-06

           Step           Time
         465000      930.00000

   Energies (kJ/mol)
           Bond          Angle    Proper Dih. Per. Imp. Dih.          LJ-14
    1.48539e+03    4.86960e+03    1.77121e+04    1.25124e+02    6.26216e+03
     Coulomb-14        LJ (SR)  Disper. corr.   Coulomb (SR)   Coul. recip.
   -4.20019e+04    4.98714e+05   -2.01291e+04   -3.22408e+06    5.64225e+03
      Potential    Kinetic En.   Total Energy  Conserved En.    Temperature
   -2.75140e+06    1.54966e+04   -2.73590e+06    7.77222e+06    1.19091e+01
 Pres. DC (bar) Pressure (bar)   Constr. rmsd
   -2.23166e+02   -1.76860e+03    2.62532e-06

Writing checkpoint, step 469400 at Tue Nov 11 02:10:59 2025


           Step           Time
         470000      940.00000

   Energies (kJ/mol)
           Bond          Angle    Proper Dih. Per. Imp. Dih.          LJ-14
    1.52319e+03    4.90133e+03    1.77466e+04    1.37926e+02    6.34829e+03
     Coulomb-14        LJ (SR)  Disper. corr.   Coulomb (SR)   Coul. recip.
   -4.19459e+04    5.59122e+05   -2.10015e+04   -3.28526e+06    5.47364e+03
      Potential    Kinetic En.   Total Energy  Conserved En.    Temperature
   -2.75296e+06    1.50645e+04   -2.73789e+06    7.92727e+06    1.15770e+01
 Pres. DC (bar) Pressure (bar)   Constr. rmsd
   -2.42905e+02    1.14180e+03    2.57392e-06

           Step           Time
         475000      950.00000

   Energies (kJ/mol)
           Bond          Angle    Proper Dih. Per. Imp. Dih.          LJ-14
    1.56032e+03    4.75711e+03    1.77101e+04    1.51571e+02    6.32844e+03
     Coulomb-14        LJ (SR)  Disper. corr.   Coulomb (SR)   Coul. recip.
   -4.18782e+04    5.96232e+05   -2.15724e+04   -3.31581e+06    5.37606e+03
      Potential    Kinetic En.   Total Energy  Conserved En.    Temperature
   -2.74714e+06    1.43189e+04   -2.73283e+06    8.08560e+06    1.10040e+01
 Pres. DC (bar) Pressure (bar)   Constr. rmsd
   -2.56276e+02    3.14668e+03    2.63188e-06

           Step           Time
         480000      960.00000

   Energies (kJ/mol)
           Bond          Angle    Proper Dih. Per. Imp. Dih.          LJ-14
    1.72070e+03    4.77777e+03    1.76456e+04    1.50732e+02    6.23009e+03
     Coulomb-14        LJ (SR)  Disper. corr.   Coulomb (SR)   Coul. recip.
   -4.19817e+04    5.82424e+05   -2.12406e+04   -3.30519e+06    5.41614e+03
      Potential    Kinetic En.   Total Energy  Conserved En.    Temperature
   -2.75005e+06    1.51031e+04   -2.73495e+06    8.24686e+06    1.16067e+01
 Pres. DC (bar) Pressure (bar)   Constr. rmsd
   -2.48461e+02    2.11992e+03    2.61064e-06

           Step           Time
         485000      970.00000

   Energies (kJ/mol)
           Bond          Angle    Proper Dih. Per. Imp. Dih.          LJ-14
    1.72603e+03    4.90438e+03    1.75383e+04    1.42142e+02    6.11533e+03
     Coulomb-14        LJ (SR)  Disper. corr.   Coulomb (SR)   Coul. recip.
   -4.22185e+04    5.16575e+05   -2.03421e+04   -3.24270e+06    5.64536e+03
      Potential    Kinetic En.   Total Energy  Conserved En.    Temperature
   -2.75262e+06    1.39811e+04   -2.73864e+06    8.39644e+06    1.07444e+01
 Pres. DC (bar) Pressure (bar)   Constr. rmsd
   -2.27907e+02   -1.18492e+03    2.62345e-06

           Step           Time
         490000      980.00000

   Energies (kJ/mol)
           Bond          Angle    Proper Dih. Per. Imp. Dih.          LJ-14
    1.55690e+03    4.79818e+03    1.76161e+04    1.35297e+02    6.15057e+03
     Coulomb-14        LJ (SR)  Disper. corr.   Coulomb (SR)   Coul. recip.
   -4.20018e+04    4.72689e+05   -1.97938e+04   -3.19476e+06    5.72816e+03
      Potential    Kinetic En.   Total Energy  Conserved En.    Temperature
   -2.74788e+06    1.37927e+04   -2.73409e+06    8.55345e+06    1.05997e+01
 Pres. DC (bar) Pressure (bar)   Constr. rmsd
   -2.15801e+02   -2.98228e+03    2.60369e-06

Writing checkpoint, step 490300 at Tue Nov 11 02:25:59 2025


           Step           Time
         495000      990.00000

   Energies (kJ/mol)
           Bond          Angle    Proper Dih. Per. Imp. Dih.          LJ-14
    1.52026e+03    4.84389e+03    1.76879e+04    1.25514e+02    6.28421e+03
     Coulomb-14        LJ (SR)  Disper. corr.   Coulomb (SR)   Coul. recip.
   -4.19980e+04    4.97985e+05   -2.01242e+04   -3.22340e+06    5.61499e+03
      Potential    Kinetic En.   Total Energy  Conserved En.    Temperature
   -2.75146e+06    1.54666e+04   -2.73599e+06    8.71016e+06    1.18860e+01
 Pres. DC (bar) Pressure (bar)   Constr. rmsd
   -2.23055e+02   -1.78787e+03    2.60403e-06

           Step           Time
         500000     1000.00000

Writing checkpoint, step 500000 at Tue Nov 11 02:33:01 2025


   Energies (kJ/mol)
           Bond          Angle    Proper Dih. Per. Imp. Dih.          LJ-14
    1.51329e+03    4.88613e+03    1.77375e+04    1.39418e+02    6.35465e+03
     Coulomb-14        LJ (SR)  Disper. corr.   Coulomb (SR)   Coul. recip.
   -4.19800e+04    5.59505e+05   -2.10031e+04   -3.28580e+06    5.43455e+03
      Potential    Kinetic En.   Total Energy  Conserved En.    Temperature
   -2.75321e+06    1.49300e+04   -2.73828e+06    8.85237e+06    1.14737e+01
 Pres. DC (bar) Pressure (bar)   Constr. rmsd
   -2.42943e+02    1.15636e+03    2.59965e-06


Energy conservation over simulation part #1 of length 1000 ps, time 0 to 1000 ps
  Conserved energy drift: 7.49e-02 kJ/mol/ps per atom


	<======  ###############  ==>
	<====  A V E R A G E S  ====>
	<==  ###############  ======>

	Statistics over 500001 steps using 5001 frames

   Energies (kJ/mol)
           Bond          Angle    Proper Dih. Per. Imp. Dih.          LJ-14
    1.47997e+03    4.71105e+03    1.76482e+04    1.37658e+02    6.24424e+03
     Coulomb-14        LJ (SR)  Disper. corr.   Coulomb (SR)   Coul. recip.
   -4.19435e+04    5.36972e+05   -2.05874e+04   -3.25642e+06    5.85589e+03
      Potential    Kinetic En.   Total Energy  Conserved En.    Temperature
   -2.74591e+06    1.41828e+04   -2.73172e+06    1.73054e+06    1.08995e+01
 Pres. DC (bar) Pressure (bar)   Constr. rmsd
   -2.33602e+02    1.25424e+01    0.00000e+00

          Box-X          Box-Y          Box-Z
    1.27537e+01    1.27537e+01    9.01823e+00

   Total Virial (kJ/mol)
    6.04832e+03   -3.27741e+03    9.58051e+02
   -3.27250e+03    4.80036e+03    3.18470e+03
    9.60601e+02    3.18560e+03    8.28302e+03

   Pressure (bar)
    2.06423e+01    7.39505e+01   -2.11439e+01
    7.38394e+01    4.78931e+01   -7.26989e+01
   -2.12016e+01   -7.27193e+01   -3.09082e+01

      T-Protein  T-non-Protein
    1.42986e+01    1.08590e+01


	M E G A - F L O P S   A C C O U N T I N G

 NB=Group-cutoff nonbonded kernels    NxN=N-by-N cluster Verlet kernels
 RF=Reaction-Field  VdW=Van der Waals  QSTab=quadratic-spline table
 W3=SPC/TIP3p  W4=TIP4p (single or pairs)
 V&F=Potential and force  V=Potential only  F=Force only

 Computing:                               M-Number         M-Flops  % Flops
-----------------------------------------------------------------------------
 Pair Search distance check          257888.388802     2320995.499     0.1
 NxN Ewald Elec. + LJ [F]          21000949.378992  1386062659.013    50.0
 NxN Ewald Elec. + LJ [V&F]          212173.921008    22702609.548     0.8
 NxN Ewald Elec. [F]               19352807.560944  1180521261.218    42.6
 NxN Ewald Elec. [V&F]               195522.655280    16423903.044     0.6
 1,4 nonbonded interactions            7807.015614      702631.405     0.0
 Calc Weights                        231807.463614     8345068.690     0.3
 Spread Q Bspline                   4945225.890432     9890451.781     0.4
 Gather F Bspline                   4945225.890432    29671355.343     1.1
 3D-FFT                            11366278.732512    90930229.860     3.3
 Solve PME                           151704.303408     9709075.418     0.4
 Reset In Box                           772.690000        2318.070     0.0
 CG-CoM                                 772.844538        2318.534     0.0
 Bonds                                 2102.004204      124018.248     0.0
 Angles                                5825.011650      978601.957     0.0
 Propers                              10104.020208     2313820.628     0.1
 Impropers                              546.001092      113568.227     0.0
 Virial                                1545.984583       27827.722     0.0
 Stop-CM                                772.844538        7728.445     0.0
 Calc-Ekin                            15454.109076      417260.945     0.0
 Lincs                                 1145.002290       68700.137     0.0
 Lincs-Mat                             3516.007032       14064.028     0.0
 Constraint-V                         76447.152894      688024.376     0.0
 Constraint-Vir                        1506.190604       36148.574     0.0
 Settle                               24719.049438     9146048.292     0.3
-----------------------------------------------------------------------------
 Total                                              2771220689.003   100.0
-----------------------------------------------------------------------------


    D O M A I N   D E C O M P O S I T I O N   S T A T I S T I C S

 av. #atoms communicated per step for force:  2 x 0.0


      R E A L   C Y C L E   A N D   T I M E   A C C O U N T I N G

On 1 MPI rank, each using 4 OpenMP threads

 Activity:              Num   Num      Call    Wall time         Giga-Cycles
                        Ranks Threads  Count      (s)         total sum    %
--------------------------------------------------------------------------------
 Domain decomp.            1    4       5000     112.742       1307.807   0.6
 Neighbor search           1    4       5001     418.415       4853.604   2.2
 Force                     1    4     500001   12900.674     149647.354  66.8
 PME mesh                  1    4     500001    5004.541      58052.495  25.9
 NB X/F buffer ops.        1    4     995001     326.806       3790.942   1.7
 Write traj.               1    4        122       3.737         43.354   0.0
 Update                    1    4     500001     184.932       2145.203   1.0
 Constraints               1    4     500001     327.059       3793.869   1.7
 Rest                                             44.866        520.439   0.2
--------------------------------------------------------------------------------
 Total                                         19323.772     224155.067 100.0
--------------------------------------------------------------------------------
 Breakdown of PME mesh activities
--------------------------------------------------------------------------------
 PME spread                1    4     500001    1586.025      18397.834   8.2
 PME gather                1    4     500001    2116.005      24545.580  11.0
 PME 3D-FFT                1    4    1000002    1204.851      13976.232   6.2
 PME solve Elec            1    4     500001      92.764       1076.063   0.5
--------------------------------------------------------------------------------

               Core t (s)   Wall t (s)        (%)
       Time:    77295.063    19323.772      400.0
                         5h22:03
                 (ns/day)    (hour/ns)
Performance:        4.471        5.368
Finished mdrun on rank 0 Tue Nov 11 02:33:02 2025

