                      :-) GROMACS - gmx mdrun, 2024.3 (-:

Copyright 1991-2024 The GROMACS Authors.
GROMACS is free software; you can redistribute it and/or modify it
under the terms of the GNU Lesser General Public License
as published by the Free Software Foundation; either version 2.1
of the License, or (at your option) any later version.

                         Current GROMACS contributors:
       Mark Abraham           Andrey Alekseenko           Vladimir Basov      
      Cathrine Bergh            Eliane Briand               Ania Brown        
      Mahesh Doijade            Giacomo Fiorin          Stefan Fleischmann    
      Sergey Gorelov         Gilles Gouaillardet            Alan Gray         
     M. Eric Irrgang         Farzaneh Jalalypour            Joe Jordan        
     Carsten Kutzner           Justin A. Lemkul          Magnus Lundborg      
       Pascal Merz              Vedran Miletic            Dmitry Morozov      
       Julien Nabet              Szilard Pall        Andrea Pasquadibisceglie 
    Michele Pellegrino          Hubert Santuz             Roland Schulz       
     Tatiana Shugaeva          Alexey Shvetsov            Philip Turner       
     Alessandra Villa      Sebastian Wingbermuehle  

                         Previous GROMACS contributors:
        Emile Apol             Rossen Apostolov           James Barnett       
        Paul Bauer          Herman J.C. Berendsen          Par Bjelkmar       
      Christian Blau          Viacheslav Bolnykh            Kevin Boyd        
    Aldert van Buuren          Carlo Camilloni           Rudi van Drunen      
      Anton Feenstra           Oliver Fleetwood            Vytas Gapsys       
       Gaurav Garg             Gerrit Groenhof            Bert de Groot       
      Anca Hamuraru           Vincent Hindriksen          Victor Holanda      
     Aleksei Iupinov          Christoph Junghans        Prashanth Kanduri     
   Dimitrios Karkoulis           Peter Kasson             Sebastian Kehl      
     Sebastian Keller             Jiri Kraus               Per Larsson        
      Viveca Lindahl            Erik Marklund           Pieter Meulenhoff     
      Teemu Murtola              Sander Pronk             Michael Shirts      
      Alfons Sijbers            Balint Soproni         David van der Spoel    
      Peter Tieleman            Carsten Uphoff             Jon Vincent        
     Teemu Virolainen         Christian Wennberg           Maarten Wolf       
      Artem Zhmurov       

                  Coordinated by the GROMACS project leaders:
                           Berk Hess and Erik Lindahl

GROMACS:      gmx mdrun, version 2024.3
Executable:   /users/cdohert4/gromacs-2024.3/bin/gmx
Data prefix:  /users/cdohert4/gromacs-2024.3
Working dir:  /oscar/home/cdohert4/Experimental Data/SOX2 Interaction with ES2 -- Test 1
Process ID:   728338
Command line:
  gmx mdrun -v -deffnm md_0_10

GROMACS version:     2024.3
Precision:           mixed
Memory model:        64 bit
MPI library:         thread_mpi
OpenMP support:      enabled (GMX_OPENMP_MAX_THREADS = 128)
GPU support:         disabled
SIMD instructions:   AVX_512
CPU FFT library:     fftw-3.3.8-sse2-avx-avx2-avx2_128-avx512
GPU FFT library:     none
Multi-GPU FFT:       none
RDTSCP usage:        enabled
TNG support:         enabled
Hwloc support:       disabled
Tracing support:     disabled
C compiler:          /oscar/rt/9.2/software/0.20-generic/0.20.1/opt/spack/linux-rhel9-x86_64_v3/gcc-11.3.1/gcc-13.1.0-nvrtbp3ngdnok3fg22pzxxczitvtu7ge/bin/gcc GNU 13.1.0
C compiler flags:    -fexcess-precision=fast -funroll-all-loops -march=skylake-avx512 -Wno-missing-field-initializers -O3 -DNDEBUG
C++ compiler:        /oscar/rt/9.2/software/0.20-generic/0.20.1/opt/spack/linux-rhel9-x86_64_v3/gcc-11.3.1/gcc-13.1.0-nvrtbp3ngdnok3fg22pzxxczitvtu7ge/bin/g++ GNU 13.1.0
C++ compiler flags:  -fexcess-precision=fast -funroll-all-loops -march=skylake-avx512 -Wno-missing-field-initializers -Wno-cast-function-type-strict -fopenmp -O3 -DNDEBUG
BLAS library:        Internal
LAPACK library:      Internal


Running on 1 node with total 64 cores, 64 processing units
Hardware detected on host node2430.oscar.ccv.brown.edu:
  CPU info:
    Vendor: AMD
    Brand:  AMD EPYC 9684X 96-Core Processor               
    Family: 25   Model: 17   Stepping: 2
    Features: aes amd apic avx avx2 avx512f avx512cd avx512bw avx512vl avx512bf16 avx512secondFMA clfsh cmov cx8 cx16 f16c fma htt lahf misalignsse mmx msr nonstop_tsc pcid pclmuldq pdpe1gb popcnt pse rdrnd rdtscp sha sse2 sse3 sse4a sse4.1 sse4.2 ssse3
  Hardware topology: Basic
    Packages, cores, and logical processors:
    [indices refer to OS logical processors]
      Package  1: [ 128] [ 129] [ 130] [ 131] [ 132] [ 133] [ 134] [ 135] [ 136] [ 137] [ 138] [ 139] [ 140] [ 141] [ 142] [ 143] [ 144] [ 145] [ 146] [ 147] [ 148] [ 149] [ 150] [ 151] [ 152] [ 153] [ 154] [ 155] [ 156] [ 157] [ 158] [ 159] [ 160] [ 161] [ 162] [ 163] [ 164] [ 165] [ 166] [ 167] [ 168] [ 169] [ 170] [ 171] [ 172] [ 173] [ 174] [ 175] [ 176] [ 177] [ 178] [ 179] [ 180] [ 181] [ 182] [ 183] [ 184] [ 185] [ 186] [ 187] [ 188] [ 189] [ 190] [ 191]
    CPU limit set by OS: -1   Recommended max number of threads: 64


++++ PLEASE READ AND CITE THE FOLLOWING REFERENCE ++++
M. J. Abraham, T. Murtola, R. Schulz, S. Páll, J. C. Smith, B. Hess, E.
Lindahl
GROMACS: High performance molecular simulations through multi-level
parallelism from laptops to supercomputers
SoftwareX 1 (2015) pp. 19-25
-------- -------- --- Thank You --- -------- --------


++++ PLEASE READ AND CITE THE FOLLOWING REFERENCE ++++
S. Páll, M. J. Abraham, C. Kutzner, B. Hess, E. Lindahl
Tackling Exascale Software Challenges in Molecular Dynamics Simulations with
GROMACS
In S. Markidis & E. Laure (Eds.), Solving Software Challenges for Exascale 8759 (2015) pp. 3-27
-------- -------- --- Thank You --- -------- --------


++++ PLEASE READ AND CITE THE FOLLOWING REFERENCE ++++
S. Pronk, S. Páll, R. Schulz, P. Larsson, P. Bjelkmar, R. Apostolov, M. R.
Shirts, J. C. Smith, P. M. Kasson, D. van der Spoel, B. Hess, and E. Lindahl
GROMACS 4.5: a high-throughput and highly parallel open source molecular
simulation toolkit
Bioinformatics 29 (2013) pp. 845-54
-------- -------- --- Thank You --- -------- --------


++++ PLEASE READ AND CITE THE FOLLOWING REFERENCE ++++
B. Hess and C. Kutzner and D. van der Spoel and E. Lindahl
GROMACS 4: Algorithms for highly efficient, load-balanced, and scalable
molecular simulation
J. Chem. Theory Comput. 4 (2008) pp. 435-447
-------- -------- --- Thank You --- -------- --------


++++ PLEASE READ AND CITE THE FOLLOWING REFERENCE ++++
D. van der Spoel, E. Lindahl, B. Hess, G. Groenhof, A. E. Mark and H. J. C.
Berendsen
GROMACS: Fast, Flexible and Free
J. Comp. Chem. 26 (2005) pp. 1701-1719
-------- -------- --- Thank You --- -------- --------


++++ PLEASE READ AND CITE THE FOLLOWING REFERENCE ++++
E. Lindahl and B. Hess and D. van der Spoel
GROMACS 3.0: A package for molecular simulation and trajectory analysis
J. Mol. Mod. 7 (2001) pp. 306-317
-------- -------- --- Thank You --- -------- --------


++++ PLEASE READ AND CITE THE FOLLOWING REFERENCE ++++
H. J. C. Berendsen, D. van der Spoel and R. van Drunen
GROMACS: A message-passing parallel molecular dynamics implementation
Comp. Phys. Comm. 91 (1995) pp. 43-56
-------- -------- --- Thank You --- -------- --------


++++ PLEASE CITE THE DOI FOR THIS VERSION OF GROMACS ++++
https://doi.org/10.5281/zenodo.13456374
-------- -------- --- Thank You --- -------- --------

Input Parameters:
   integrator                     = md
   tinit                          = 0
   dt                             = 0.002
   nsteps                         = 500000
   init-step                      = 0
   simulation-part                = 1
   mts                            = false
   mass-repartition-factor        = 1
   comm-mode                      = Linear
   nstcomm                        = 100
   bd-fric                        = 0
   ld-seed                        = -12329
   emtol                          = 10
   emstep                         = 0.01
   niter                          = 20
   fcstep                         = 0
   nstcgsteep                     = 1000
   nbfgscorr                      = 10
   rtpi                           = 0.05
   nstxout                        = 0
   nstvout                        = 0
   nstfout                        = 0
   nstlog                         = 5000
   nstcalcenergy                  = 100
   nstenergy                      = 5000
   nstxout-compressed             = 5000
   compressed-x-precision         = 1000
   cutoff-scheme                  = Verlet
   nstlist                        = 10
   pbc                            = xyz
   periodic-molecules             = false
   verlet-buffer-tolerance        = 0.005
   verlet-buffer-pressure-tolerance = 0.5
   rlist                          = 1
   coulombtype                    = PME
   coulomb-modifier               = Potential-shift
   rcoulomb-switch                = 0
   rcoulomb                       = 1
   epsilon-r                      = 1
   epsilon-rf                     = inf
   vdw-type                       = Cut-off
   vdw-modifier                   = Potential-shift
   rvdw-switch                    = 0
   rvdw                           = 1
   DispCorr                       = EnerPres
   table-extension                = 1
   fourierspacing                 = 0.16
   fourier-nx                     = 168
   fourier-ny                     = 168
   fourier-nz                     = 168
   pme-order                      = 4
   ewald-rtol                     = 1e-05
   ewald-rtol-lj                  = 0.001
   lj-pme-comb-rule               = Geometric
   ewald-geometry                 = 3d
   epsilon-surface                = 0
   ensemble-temperature-setting   = constant
   ensemble-temperature           = 10
   tcoupl                         = V-rescale
   nsttcouple                     = 10
   nh-chain-length                = 0
   print-nose-hoover-chain-variables = false
   pcoupl                         = Parrinello-Rahman
   pcoupltype                     = Isotropic
   nstpcouple                     = 50
   tau-p                          = 2
   compressibility (3x3):
      compressibility[    0]={ 4.50000e-05,  0.00000e+00,  0.00000e+00}
      compressibility[    1]={ 0.00000e+00,  4.50000e-05,  0.00000e+00}
      compressibility[    2]={ 0.00000e+00,  0.00000e+00,  4.50000e-05}
   ref-p (3x3):
      ref-p[    0]={ 1.00000e+00,  0.00000e+00,  0.00000e+00}
      ref-p[    1]={ 0.00000e+00,  1.00000e+00,  0.00000e+00}
      ref-p[    2]={ 0.00000e+00,  0.00000e+00,  1.00000e+00}
   refcoord-scaling               = No
   posres-com (3):
      posres-com[0]= 0.00000e+00
      posres-com[1]= 0.00000e+00
      posres-com[2]= 0.00000e+00
   posres-comB (3):
      posres-comB[0]= 0.00000e+00
      posres-comB[1]= 0.00000e+00
      posres-comB[2]= 0.00000e+00
   QMMM                           = false
qm-opts:
   ngQM                           = 0
   constraint-algorithm           = Lincs
   continuation                   = true
   Shake-SOR                      = false
   shake-tol                      = 0.0001
   lincs-order                    = 4
   lincs-iter                     = 1
   lincs-warnangle                = 30
   nwall                          = 0
   wall-type                      = 9-3
   wall-r-linpot                  = -1
   wall-atomtype[0]               = -1
   wall-atomtype[1]               = -1
   wall-density[0]                = 0
   wall-density[1]                = 0
   wall-ewald-zfac                = 3
   pull                           = false
   awh                            = false
   rotation                       = false
   interactiveMD                  = false
   disre                          = No
   disre-weighting                = Conservative
   disre-mixed                    = false
   dr-fc                          = 1000
   dr-tau                         = 0
   nstdisreout                    = 100
   orire-fc                       = 0
   orire-tau                      = 0
   nstorireout                    = 100
   free-energy                    = no
   cos-acceleration               = 0
   deform (3x3):
      deform[    0]={ 0.00000e+00,  0.00000e+00,  0.00000e+00}
      deform[    1]={ 0.00000e+00,  0.00000e+00,  0.00000e+00}
      deform[    2]={ 0.00000e+00,  0.00000e+00,  0.00000e+00}
   simulated-tempering            = false
   swapcoords                     = no
   userint1                       = 0
   userint2                       = 0
   userint3                       = 0
   userint4                       = 0
   userreal1                      = 0
   userreal2                      = 0
   userreal3                      = 0
   userreal4                      = 0
   applied-forces:
     electric-field:
       x:
         E0                       = 0
         omega                    = 0
         t0                       = 0
         sigma                    = 0
       y:
         E0                       = 0
         omega                    = 0
         t0                       = 0
         sigma                    = 0
       z:
         E0                       = 0
         omega                    = 0
         t0                       = 0
         sigma                    = 0
     density-guided-simulation:
       active                     = false
       group                      = protein
       similarity-measure         = inner-product
       atom-spreading-weight      = unity
       force-constant             = 1e+09
       gaussian-transform-spreading-width = 0.2
       gaussian-transform-spreading-range-in-multiples-of-width = 4
       reference-density-filename = reference.mrc
       nst                        = 1
       normalize-densities        = true
       adaptive-force-scaling     = false
       adaptive-force-scaling-time-constant = 4
       shift-vector               = 
       transformation-matrix      = 
     qmmm-cp2k:
       active                     = false
       qmgroup                    = System
       qmmethod                   = PBE
       qmfilenames                = 
       qmcharge                   = 0
       qmmultiplicity             = 1
     colvars:
       active                     = false
       configfile                 = 
       seed                       = -1
grpopts:
   nrdf:        3684  2.80734e+06
   ref-t:          10          10
   tau-t:         0.1         0.1
annealing:          No          No
annealing-npoints:           0           0
   acc:	           0           0           0
   nfreeze:           N           N           N
   energygrp-flags[  0]: 0

Changing nstlist from 10 to 100, rlist from 1 to 1.011


Initializing Domain Decomposition on 64 ranks
Dynamic load balancing: auto
Using update groups, nr 471261, average size 3.0 atoms, max. radius 0.103 nm
Minimum cell size due to atom displacement: 0.241 nm
Initial maximum distances in bonded interactions:
    two-body bonded interactions: 0.420 nm, LJ-14, atoms 461 469
  multi-body bonded interactions: 0.420 nm, Proper Dih., atoms 461 469
Minimum cell size due to bonded interactions: 0.462 nm
Scaling the initial minimum size with 1/0.8 (option -dds) = 1.25
Guess for relative PME load: 0.29
Will use 40 particle-particle and 24 PME only ranks
This is a guess, check the performance at the end of the log file
Using 24 separate PME ranks, as guessed by mdrun
Optimizing the DD grid for 40 cells with a minimum initial size of 0.578 nm
The maximum allowed number of cells is: X 37 Y 37 Z 32
Domain decomposition grid 5 x 4 x 2, separate PME ranks 24
PME domain decomposition: 24 x 1 x 1
Interleaving PP and PME ranks
This rank does only particle-particle work.
Domain decomposition rank 0, coordinates 0 0 0

The initial number of communication pulses is: X 1 Y 1 Z 1
The initial domain decomposition cell size is: X 4.35 nm Y 5.44 nm Z 9.42 nm

The maximum allowed distance for atom groups involved in interactions is:
                 non-bonded interactions           1.217 nm
(the following are initial values, they could change due to box deformation)
            two-body bonded interactions  (-rdd)   1.217 nm
          multi-body bonded interactions  (-rdd)   1.217 nm

When dynamic load balancing gets turned on, these settings will change to:
The maximum number of communication pulses is: X 1 Y 1 Z 1
The minimum size for domain decomposition cells is 1.217 nm
The requested allowed shrink of DD cells (option -dds) is: 0.80
The allowed shrink of domain decomposition cells is: X 0.28 Y 0.22 Z 0.13
The maximum allowed distance for atom groups involved in interactions is:
                 non-bonded interactions           1.217 nm
            two-body bonded interactions  (-rdd)   1.217 nm
          multi-body bonded interactions  (-rdd)   1.217 nm

Using 64 MPI threads

Non-default thread affinity set, disabling internal thread affinity

Using 1 OpenMP thread per tMPI thread

System total charge: -0.000
Will do PME sum in reciprocal space for electrostatic interactions.

++++ PLEASE READ AND CITE THE FOLLOWING REFERENCE ++++
U. Essmann, L. Perera, M. L. Berkowitz, T. Darden, H. Lee and L. G. Pedersen 
A smooth particle mesh Ewald method
J. Chem. Phys. 103 (1995) pp. 8577-8592
-------- -------- --- Thank You --- -------- --------

Using a Gaussian width (1/beta) of 0.320163 nm for Ewald
Potential shift: LJ r^-12: -1.000e+00 r^-6: -1.000e+00, Ewald -1.000e-05
Initialized non-bonded Coulomb Ewald tables, spacing: 9.33e-04 size: 1073

Generated table with 1005 data points for 1-4 COUL.
Tabscale = 500 points/nm
Generated table with 1005 data points for 1-4 LJ6.
Tabscale = 500 points/nm
Generated table with 1005 data points for 1-4 LJ12.
Tabscale = 500 points/nm
Long Range LJ corr.: <C6> 2.8267e-04


Using SIMD2xMM 4x8 nonbonded short-range kernels

Using a 4x8 pair-list setup:
  updated every 100 steps, buffer 0.011 nm, rlist 1.011 nm
At tolerance 0.005 kJ/mol/ps per atom, equivalent classical 1x1 list would be:
  updated every 100 steps, buffer 0.050 nm, rlist 1.050 nm

The average pressure is off by at most 0.24 bar due to missing LJ interactions

Using Lorentz-Berthelot Lennard-Jones combination rule

Linking all bonded interactions to atoms


Initializing LINear Constraint Solver

++++ PLEASE READ AND CITE THE FOLLOWING REFERENCE ++++
B. Hess and H. Bekker and H. J. C. Berendsen and J. G. E. M. Fraaije
LINCS: A Linear Constraint Solver for molecular simulations
J. Comp. Chem. 18 (1997) pp. 1463-1472
-------- -------- --- Thank You --- -------- --------

The number of constraints is 4549

++++ PLEASE READ AND CITE THE FOLLOWING REFERENCE ++++
S. Miyamoto and P. A. Kollman
SETTLE: An Analytical Version of the SHAKE and RATTLE Algorithms for Rigid
Water Models
J. Comp. Chem. 13 (1992) pp. 952-962
-------- -------- --- Thank You --- -------- --------


Intra-simulation communication will occur every 10 steps.

++++ PLEASE READ AND CITE THE FOLLOWING REFERENCE ++++
G. Bussi, D. Donadio and M. Parrinello
Canonical sampling through velocity rescaling
J. Chem. Phys. 126 (2007) pp. 014101
-------- -------- --- Thank You --- -------- --------

There are: 1401244 Atoms
Atom distribution over 40 domains: av 35031 stddev 204 min 34542 max 35374
Center of mass motion removal mode is Linear
We have the following groups for center of mass motion removal:
  0:  rest

Started mdrun on rank 0 Fri Nov 28 17:28:23 2025

           Step           Time
              0        0.00000

   Energies (kJ/mol)
           Bond          Angle    Proper Dih. Per. Imp. Dih.          LJ-14
    2.90540e+03    9.78192e+03    3.65254e+04    1.84633e+02    1.36486e+04
     Coulomb-14        LJ (SR)  Disper. corr.   Coulomb (SR)   Coul. recip.
   -1.41046e+05    5.15283e+06   -1.73700e+05   -2.91051e+07    4.56666e+04
      Potential    Kinetic En.   Total Energy  Conserved En.    Temperature
   -2.41583e+07    1.16928e+05   -2.40414e+07   -2.40406e+07    1.00057e+01
 Pres. DC (bar) Pressure (bar)   Constr. rmsd
   -2.15991e+02   -6.36734e+01    5.35365e-06


DD  step 99 load imb.: force  2.1%  pme mesh/force 0.558

DD  step 4999 load imb.: force  2.6%  pme mesh/force 0.548
           Step           Time
           5000       10.00000

   Energies (kJ/mol)
           Bond          Angle    Proper Dih. Per. Imp. Dih.          LJ-14
    2.89163e+03    9.73135e+03    3.65281e+04    2.02104e+02    1.37396e+04
     Coulomb-14        LJ (SR)  Disper. corr.   Coulomb (SR)   Coul. recip.
   -1.41085e+05    5.15794e+06   -1.73809e+05   -2.91130e+07    4.55821e+04
      Potential    Kinetic En.   Total Energy  Conserved En.    Temperature
   -2.41613e+07    1.17020e+05   -2.40443e+07   -2.40398e+07    1.00136e+01
 Pres. DC (bar) Pressure (bar)   Constr. rmsd
   -2.16262e+02   -2.88627e+01    5.27835e-06


DD  step 9999 load imb.: force  2.6%  pme mesh/force 0.556

step 10000 Turning on dynamic load balancing, because the performance loss due to load imbalance is 2.4 %.
           Step           Time
          10000       20.00000

   Energies (kJ/mol)
           Bond          Angle    Proper Dih. Per. Imp. Dih.          LJ-14
    2.89760e+03    9.70966e+03    3.65348e+04    2.09598e+02    1.37473e+04
     Coulomb-14        LJ (SR)  Disper. corr.   Coulomb (SR)   Coul. recip.
   -1.41126e+05    5.16931e+06   -1.73989e+05   -2.91245e+07    4.56105e+04
      Potential    Kinetic En.   Total Energy  Conserved En.    Temperature
   -2.41616e+07    1.17008e+05   -2.40446e+07   -2.40386e+07    1.00126e+01
 Pres. DC (bar) Pressure (bar)   Constr. rmsd
   -2.16709e+02    3.44912e+01    5.26190e-06


DD  step 14999  vol min/aver 0.962  load imb.: force  0.5%  pme mesh/force 0.552
           Step           Time
          15000       30.00000

   Energies (kJ/mol)
           Bond          Angle    Proper Dih. Per. Imp. Dih.          LJ-14
    2.92220e+03    9.74440e+03    3.65377e+04    2.05490e+02    1.37542e+04
     Coulomb-14        LJ (SR)  Disper. corr.   Coulomb (SR)   Coul. recip.
   -1.41142e+05    5.17780e+06   -1.74117e+05   -2.91327e+07    4.56089e+04
      Potential    Kinetic En.   Total Energy  Conserved En.    Temperature
   -2.41614e+07    1.16914e+05   -2.40445e+07   -2.40372e+07    1.00045e+01
 Pres. DC (bar) Pressure (bar)   Constr. rmsd
   -2.17027e+02    8.22132e+01    5.26725e-06


DD  step 19999  vol min/aver 0.967  load imb.: force  0.5%  pme mesh/force 0.556
           Step           Time
          20000       40.00000

   Energies (kJ/mol)
           Bond          Angle    Proper Dih. Per. Imp. Dih.          LJ-14
    2.90803e+03    9.68482e+03    3.65645e+04    2.06113e+02    1.37447e+04
     Coulomb-14        LJ (SR)  Disper. corr.   Coulomb (SR)   Coul. recip.
   -1.41141e+05    5.18381e+06   -1.74221e+05   -2.91391e+07    4.55614e+04
      Potential    Kinetic En.   Total Energy  Conserved En.    Temperature
   -2.41619e+07    1.16837e+05   -2.40451e+07   -2.40353e+07    9.99799e+00
 Pres. DC (bar) Pressure (bar)   Constr. rmsd
   -2.17286e+02    1.15386e+02    5.24629e-06


DD  step 24999  vol min/aver 0.966  load imb.: force  0.6%  pme mesh/force 0.560
           Step           Time
          25000       50.00000

   Energies (kJ/mol)
           Bond          Angle    Proper Dih. Per. Imp. Dih.          LJ-14
    2.90534e+03    9.70573e+03    3.65168e+04    2.02918e+02    1.37723e+04
     Coulomb-14        LJ (SR)  Disper. corr.   Coulomb (SR)   Coul. recip.
   -1.41060e+05    5.17393e+06   -1.74087e+05   -2.91295e+07    4.55108e+04
      Potential    Kinetic En.   Total Energy  Conserved En.    Temperature
   -2.41621e+07    1.16913e+05   -2.40452e+07   -2.40332e+07    1.00044e+01
 Pres. DC (bar) Pressure (bar)   Constr. rmsd
   -2.16953e+02    6.34192e+01    5.20688e-06


DD  step 29999  vol min/aver 0.968  load imb.: force  0.6%  pme mesh/force 0.556
           Step           Time
          30000       60.00000

   Energies (kJ/mol)
           Bond          Angle    Proper Dih. Per. Imp. Dih.          LJ-14
    2.90654e+03    9.66271e+03    3.65454e+04    2.04030e+02    1.37629e+04
     Coulomb-14        LJ (SR)  Disper. corr.   Coulomb (SR)   Coul. recip.
   -1.41041e+05    5.15446e+06   -1.73792e+05   -2.91108e+07    4.55888e+04
      Potential    Kinetic En.   Total Energy  Conserved En.    Temperature
   -2.41625e+07    1.16907e+05   -2.40456e+07   -2.40309e+07    1.00039e+01
 Pres. DC (bar) Pressure (bar)   Constr. rmsd
   -2.16218e+02   -4.27752e+01    5.26383e-06


DD  step 34999  vol min/aver 0.964  load imb.: force  0.9%  pme mesh/force 0.561
           Step           Time
          35000       70.00000

   Energies (kJ/mol)
           Bond          Angle    Proper Dih. Per. Imp. Dih.          LJ-14
    2.86946e+03    9.72710e+03    3.65060e+04    2.04261e+02    1.37648e+04
     Coulomb-14        LJ (SR)  Disper. corr.   Coulomb (SR)   Coul. recip.
   -1.41072e+05    5.14224e+06   -1.73600e+05   -2.90985e+07    4.56180e+04
      Potential    Kinetic En.   Total Energy  Conserved En.    Temperature
   -2.41623e+07    1.16748e+05   -2.40455e+07   -2.40286e+07    9.99031e+00
 Pres. DC (bar) Pressure (bar)   Constr. rmsd
   -2.15741e+02   -1.09225e+02    5.30988e-06


DD  step 39999  vol min/aver 0.965  load imb.: force  0.8%  pme mesh/force 0.574
           Step           Time
          40000       80.00000

   Energies (kJ/mol)
           Bond          Angle    Proper Dih. Per. Imp. Dih.          LJ-14
    2.91655e+03    9.75185e+03    3.65101e+04    2.00070e+02    1.37396e+04
     Coulomb-14        LJ (SR)  Disper. corr.   Coulomb (SR)   Coul. recip.
   -1.41080e+05    5.13770e+06   -1.73535e+05   -2.90944e+07    4.56028e+04
      Potential    Kinetic En.   Total Energy  Conserved En.    Temperature
   -2.41626e+07    1.16773e+05   -2.40458e+07   -2.40258e+07    9.99251e+00
 Pres. DC (bar) Pressure (bar)   Constr. rmsd
   -2.15581e+02   -1.34550e+02    5.20186e-06


DD  step 44999  vol min/aver 0.965  load imb.: force  0.6%  pme mesh/force 0.562
           Step           Time
          45000       90.00000

   Energies (kJ/mol)
           Bond          Angle    Proper Dih. Per. Imp. Dih.          LJ-14
    2.86944e+03    9.77002e+03    3.65397e+04    2.11384e+02    1.37286e+04
     Coulomb-14        LJ (SR)  Disper. corr.   Coulomb (SR)   Coul. recip.
   -1.41028e+05    5.14457e+06   -1.73670e+05   -2.91014e+07    4.56728e+04
      Potential    Kinetic En.   Total Energy  Conserved En.    Temperature
   -2.41627e+07    1.16859e+05   -2.40459e+07   -2.40222e+07    9.99979e+00
 Pres. DC (bar) Pressure (bar)   Constr. rmsd
   -2.15917e+02   -9.53838e+01    5.26551e-06

Writing checkpoint, step 45700 at Fri Nov 28 17:43:24 2025



DD  step 49999  vol min/aver 0.965  load imb.: force  1.0%  pme mesh/force 0.562
           Step           Time
          50000      100.00000

   Energies (kJ/mol)
           Bond          Angle    Proper Dih. Per. Imp. Dih.          LJ-14
    2.94418e+03    9.73143e+03    3.65348e+04    2.01075e+02    1.37105e+04
     Coulomb-14        LJ (SR)  Disper. corr.   Coulomb (SR)   Coul. recip.
   -1.41072e+05    5.16815e+06   -1.74023e+05   -2.91248e+07    4.54967e+04
      Potential    Kinetic En.   Total Energy  Conserved En.    Temperature
   -2.41631e+07    1.17035e+05   -2.40461e+07   -2.40170e+07    1.00149e+01
 Pres. DC (bar) Pressure (bar)   Constr. rmsd
   -2.16793e+02    3.19057e+01    5.28824e-06


DD  step 54999  vol min/aver 0.961  load imb.: force  0.6%  pme mesh/force 0.558
           Step           Time
          55000      110.00000

   Energies (kJ/mol)
           Bond          Angle    Proper Dih. Per. Imp. Dih.          LJ-14
    2.94144e+03    9.72090e+03    3.65161e+04    1.97741e+02    1.37605e+04
     Coulomb-14        LJ (SR)  Disper. corr.   Coulomb (SR)   Coul. recip.
   -1.41164e+05    5.19250e+06   -1.74446e+05   -2.91489e+07    4.54825e+04
      Potential    Kinetic En.   Total Energy  Conserved En.    Temperature
   -2.41634e+07    1.16895e+05   -2.40465e+07   -2.40109e+07    1.00029e+01
 Pres. DC (bar) Pressure (bar)   Constr. rmsd
   -2.17849e+02    1.70210e+02    5.28872e-06


DD  step 59999  vol min/aver 0.964  load imb.: force  0.7%  pme mesh/force 0.554
           Step           Time
          60000      120.00000

   Energies (kJ/mol)
           Bond          Angle    Proper Dih. Per. Imp. Dih.          LJ-14
    2.94106e+03    9.76742e+03    3.65071e+04    2.07327e+02    1.37464e+04
     Coulomb-14        LJ (SR)  Disper. corr.   Coulomb (SR)   Coul. recip.
   -1.41103e+05    5.19789e+06   -1.74541e+05   -2.91547e+07    4.53016e+04
      Potential    Kinetic En.   Total Energy  Conserved En.    Temperature
   -2.41640e+07    1.17080e+05   -2.40470e+07   -2.40046e+07    1.00187e+01
 Pres. DC (bar) Pressure (bar)   Constr. rmsd
   -2.18085e+02    2.01650e+02    5.19638e-06


DD  step 64999  vol min/aver 0.965  load imb.: force  0.7%  pme mesh/force 0.556
           Step           Time
          65000      130.00000

   Energies (kJ/mol)
           Bond          Angle    Proper Dih. Per. Imp. Dih.          LJ-14
    2.90266e+03    9.74442e+03    3.65339e+04    2.06028e+02    1.37654e+04
     Coulomb-14        LJ (SR)  Disper. corr.   Coulomb (SR)   Coul. recip.
   -1.41139e+05    5.18234e+06   -1.74296e+05   -2.91402e+07    4.52886e+04
      Potential    Kinetic En.   Total Energy  Conserved En.    Temperature
   -2.41648e+07    1.17053e+05   -2.40478e+07   -2.39984e+07    1.00165e+01
 Pres. DC (bar) Pressure (bar)   Constr. rmsd
   -2.17475e+02    1.18456e+02    5.14249e-06


DD  step 69999  vol min/aver 0.963  load imb.: force  0.7%  pme mesh/force 0.556
           Step           Time
          70000      140.00000

   Energies (kJ/mol)
           Bond          Angle    Proper Dih. Per. Imp. Dih.          LJ-14
    2.87370e+03    9.80039e+03    3.65111e+04    1.99205e+02    1.37700e+04
     Coulomb-14        LJ (SR)  Disper. corr.   Coulomb (SR)   Coul. recip.
   -1.41077e+05    5.14950e+06   -1.73817e+05   -2.91082e+07    4.54092e+04
      Potential    Kinetic En.   Total Energy  Conserved En.    Temperature
   -2.41650e+07    1.17086e+05   -2.40480e+07   -2.39911e+07    1.00193e+01
 Pres. DC (bar) Pressure (bar)   Constr. rmsd
   -2.16282e+02   -5.68793e+01    5.25875e-06


DD  step 74999  vol min/aver 0.955  load imb.: force  2.3%  pme mesh/force 0.553
           Step           Time
          75000      150.00000

   Energies (kJ/mol)
           Bond          Angle    Proper Dih. Per. Imp. Dih.          LJ-14
    2.85109e+03    9.76568e+03    3.65574e+04    2.04255e+02    1.37310e+04
     Coulomb-14        LJ (SR)  Disper. corr.   Coulomb (SR)   Coul. recip.
   -1.41029e+05    5.11520e+06   -1.73325e+05   -2.90744e+07    4.55091e+04
      Potential    Kinetic En.   Total Energy  Conserved En.    Temperature
   -2.41649e+07    1.16875e+05   -2.40481e+07   -2.39829e+07    1.00012e+01
 Pres. DC (bar) Pressure (bar)   Constr. rmsd
   -2.15059e+02   -2.39893e+02    5.25882e-06

Writing checkpoint, step 77800 at Fri Nov 28 17:58:54 2025



step 78000 Turning off dynamic load balancing, because it is degrading performance.
Atom distribution over 40 domains: av 35031 stddev 197 min 34560 max 35322
Writing checkpoint, step 79700 at Fri Nov 28 18:14:06 2025



DD  step 79999 load imb.: force 36.8%  pme mesh/force 6.244
           Step           Time
          80000      160.00000

   Energies (kJ/mol)
           Bond          Angle    Proper Dih. Per. Imp. Dih.          LJ-14
    2.92308e+03    9.68786e+03    3.65111e+04    1.95856e+02    1.37091e+04
     Coulomb-14        LJ (SR)  Disper. corr.   Coulomb (SR)   Coul. recip.
   -1.41166e+05    5.12365e+06   -1.73454e+05   -2.90833e+07    4.54432e+04
      Potential    Kinetic En.   Total Energy  Conserved En.    Temperature
   -2.41658e+07    1.16846e+05   -2.40490e+07   -2.39740e+07    9.99873e+00
 Pres. DC (bar) Pressure (bar)   Constr. rmsd
   -2.15380e+02   -1.99516e+02    5.19136e-06

Writing checkpoint, step 81800 at Fri Nov 28 18:28:38 2025


Writing checkpoint, step 83700 at Fri Nov 28 18:44:03 2025



DD  step 84999 load imb.: force 37.2%  pme mesh/force 4.189
           Step           Time
          85000      170.00000

   Energies (kJ/mol)
           Bond          Angle    Proper Dih. Per. Imp. Dih.          LJ-14
    2.91592e+03    9.74816e+03    3.65250e+04    1.93905e+02    1.37127e+04
     Coulomb-14        LJ (SR)  Disper. corr.   Coulomb (SR)   Coul. recip.
   -1.41172e+05    5.15900e+06   -1.73995e+05   -2.91190e+07    4.53568e+04
      Potential    Kinetic En.   Total Energy  Conserved En.    Temperature
   -2.41667e+07    1.17009e+05   -2.40497e+07   -2.39661e+07    1.00127e+01
 Pres. DC (bar) Pressure (bar)   Constr. rmsd
   -2.16725e+02   -9.04551e+00    5.25035e-06

Writing checkpoint, step 85700 at Fri Nov 28 18:58:42 2025


Writing checkpoint, step 87500 at Fri Nov 28 19:14:18 2025


Writing checkpoint, step 89200 at Fri Nov 28 19:28:36 2025



DD  step 89999 load imb.: force 26.4%  pme mesh/force 4.790
           Step           Time
          90000      180.00000

   Energies (kJ/mol)
           Bond          Angle    Proper Dih. Per. Imp. Dih.          LJ-14
    2.99688e+03    9.75847e+03    3.64707e+04    1.97574e+02    1.37584e+04
     Coulomb-14        LJ (SR)  Disper. corr.   Coulomb (SR)   Coul. recip.
   -1.41190e+05    5.19624e+06   -1.74594e+05   -2.91562e+07    4.52463e+04
      Potential    Kinetic En.   Total Energy  Conserved En.    Temperature
   -2.41674e+07    1.16870e+05   -2.40505e+07   -2.39581e+07    1.00008e+01
 Pres. DC (bar) Pressure (bar)   Constr. rmsd
   -2.18216e+02    1.95546e+02    5.17801e-06


DD  step 94999 load imb.: force  2.9%  pme mesh/force 0.565
           Step           Time
          95000      190.00000

   Energies (kJ/mol)
           Bond          Angle    Proper Dih. Per. Imp. Dih.          LJ-14
    2.90666e+03    9.74670e+03    3.65107e+04    2.04524e+02    1.37543e+04
     Coulomb-14        LJ (SR)  Disper. corr.   Coulomb (SR)   Coul. recip.
   -1.41119e+05    5.19849e+06   -1.74653e+05   -2.91586e+07    4.51169e+04
      Potential    Kinetic En.   Total Energy  Conserved En.    Temperature
   -2.41677e+07    1.16956e+05   -2.40507e+07   -2.39500e+07    1.00081e+01
 Pres. DC (bar) Pressure (bar)   Constr. rmsd
   -2.18366e+02    2.11642e+02    5.25419e-06


DD  step 99999 load imb.: force  3.0%  pme mesh/force 0.549
           Step           Time
         100000      200.00000

   Energies (kJ/mol)
           Bond          Angle    Proper Dih. Per. Imp. Dih.          LJ-14
    2.88916e+03    9.69928e+03    3.65112e+04    1.96328e+02    1.37939e+04
     Coulomb-14        LJ (SR)  Disper. corr.   Coulomb (SR)   Coul. recip.
   -1.41060e+05    5.16638e+06   -1.74150e+05   -2.91282e+07    4.51612e+04
      Potential    Kinetic En.   Total Energy  Conserved En.    Temperature
   -2.41687e+07    1.16928e+05   -2.40518e+07   -2.39414e+07    1.00057e+01
 Pres. DC (bar) Pressure (bar)   Constr. rmsd
   -2.17111e+02    3.49108e+01    5.21005e-06


DD  step 104999 load imb.: force  3.0%  pme mesh/force 0.547
           Step           Time
         105000      210.00000

   Energies (kJ/mol)
           Bond          Angle    Proper Dih. Per. Imp. Dih.          LJ-14
    2.87455e+03    9.80265e+03    3.64616e+04    1.88353e+02    1.37670e+04
     Coulomb-14        LJ (SR)  Disper. corr.   Coulomb (SR)   Coul. recip.
   -1.41018e+05    5.13204e+06   -1.73617e+05   -2.90947e+07    4.52500e+04
      Potential    Kinetic En.   Total Energy  Conserved En.    Temperature
   -2.41690e+07    1.16890e+05   -2.40521e+07   -2.39338e+07    1.00025e+01
 Pres. DC (bar) Pressure (bar)   Constr. rmsd
   -2.15786e+02   -1.52786e+02    5.23102e-06


DD  step 109999 load imb.: force  2.5%  pme mesh/force 0.564

step 110000 Turning on dynamic load balancing, because the performance loss due to load imbalance is 5.5 %.
           Step           Time
         110000      220.00000

   Energies (kJ/mol)
           Bond          Angle    Proper Dih. Per. Imp. Dih.          LJ-14
    2.89754e+03    9.78314e+03    3.64941e+04    1.93547e+02    1.37416e+04
     Coulomb-14        LJ (SR)  Disper. corr.   Coulomb (SR)   Coul. recip.
   -1.41161e+05    5.12371e+06   -1.73485e+05   -2.90866e+07    4.52169e+04
      Potential    Kinetic En.   Total Energy  Conserved En.    Temperature
   -2.41692e+07    1.16611e+05   -2.40526e+07   -2.39276e+07    9.97857e+00
 Pres. DC (bar) Pressure (bar)   Constr. rmsd
   -2.15457e+02   -1.99597e+02    5.20138e-06

Writing checkpoint, step 111200 at Fri Nov 28 19:43:23 2025


step 112000 Turning off dynamic load balancing, because it is degrading performance.
Atom distribution over 40 domains: av 35031 stddev 199 min 34473 max 35370

DD  step 114999 load imb.: force  3.0%  pme mesh/force 0.553
           Step           Time
         115000      230.00000

   Energies (kJ/mol)
           Bond          Angle    Proper Dih. Per. Imp. Dih.          LJ-14
    2.92666e+03    9.71177e+03    3.64865e+04    1.96623e+02    1.37558e+04
     Coulomb-14        LJ (SR)  Disper. corr.   Coulomb (SR)   Coul. recip.
   -1.41134e+05    5.14757e+06   -1.73852e+05   -2.91108e+07    4.51803e+04
      Potential    Kinetic En.   Total Energy  Conserved En.    Temperature
   -2.41700e+07    1.16860e+05   -2.40531e+07   -2.39218e+07    9.99994e+00
 Pres. DC (bar) Pressure (bar)   Constr. rmsd
   -2.16368e+02   -7.33018e+01    5.19812e-06


DD  step 119999 load imb.: force  2.8%  pme mesh/force 0.561

step 120000 Will no longer try dynamic load balancing, as it degraded performance.
           Step           Time
         120000      240.00000

   Energies (kJ/mol)
           Bond          Angle    Proper Dih. Per. Imp. Dih.          LJ-14
    2.97122e+03    9.80233e+03    3.64658e+04    2.01415e+02    1.37329e+04
     Coulomb-14        LJ (SR)  Disper. corr.   Coulomb (SR)   Coul. recip.
   -1.41173e+05    5.18064e+06   -1.74356e+05   -2.91438e+07    4.50938e+04
      Potential    Kinetic En.   Total Energy  Conserved En.    Temperature
   -2.41704e+07    1.16875e+05   -2.40535e+07   -2.39162e+07    1.00012e+01
 Pres. DC (bar) Pressure (bar)   Constr. rmsd
   -2.17622e+02    1.04842e+02    5.19715e-06


DD  step 124999 load imb.: force  2.8%  pme mesh/force 0.553
           Step           Time
         125000      250.00000

   Energies (kJ/mol)
           Bond          Angle    Proper Dih. Per. Imp. Dih.          LJ-14
    2.88267e+03    9.76389e+03    3.64804e+04    1.97568e+02    1.37566e+04
     Coulomb-14        LJ (SR)  Disper. corr.   Coulomb (SR)   Coul. recip.
   -1.41050e+05    5.19249e+06   -1.74527e+05   -2.91560e+07    4.50292e+04
      Potential    Kinetic En.   Total Energy  Conserved En.    Temperature
   -2.41710e+07    1.17066e+05   -2.40539e+07   -2.39115e+07    1.00176e+01
 Pres. DC (bar) Pressure (bar)   Constr. rmsd
   -2.18049e+02    1.70834e+02    5.14274e-06


DD  step 129999 load imb.: force  2.6%  pme mesh/force 0.551
           Step           Time
         130000      260.00000

   Energies (kJ/mol)
           Bond          Angle    Proper Dih. Per. Imp. Dih.          LJ-14
    2.85738e+03    9.76255e+03    3.64952e+04    1.98314e+02    1.37656e+04
     Coulomb-14        LJ (SR)  Disper. corr.   Coulomb (SR)   Coul. recip.
   -1.41034e+05    5.17281e+06   -1.74223e+05   -2.91370e+07    4.50358e+04
      Potential    Kinetic En.   Total Energy  Conserved En.    Temperature
   -2.41713e+07    1.16978e+05   -2.40543e+07   -2.39081e+07    1.00100e+01
 Pres. DC (bar) Pressure (bar)   Constr. rmsd
   -2.17293e+02    6.16960e+01    5.18606e-06


DD  step 134999 load imb.: force  2.8%  pme mesh/force 0.551
           Step           Time
         135000      270.00000

   Energies (kJ/mol)
           Bond          Angle    Proper Dih. Per. Imp. Dih.          LJ-14
    2.86113e+03    9.74016e+03    3.64675e+04    1.92238e+02    1.37558e+04
     Coulomb-14        LJ (SR)  Disper. corr.   Coulomb (SR)   Coul. recip.
   -1.41054e+05    5.15208e+06   -1.73900e+05   -2.91166e+07    4.51445e+04
      Potential    Kinetic En.   Total Energy  Conserved En.    Temperature
   -2.41713e+07    1.16814e+05   -2.40545e+07   -2.39055e+07    9.99599e+00
 Pres. DC (bar) Pressure (bar)   Constr. rmsd
   -2.16488e+02   -5.27724e+01    5.22373e-06


DD  step 139999 load imb.: force  3.0%  pme mesh/force 0.557
           Step           Time
         140000      280.00000

   Energies (kJ/mol)
           Bond          Angle    Proper Dih. Per. Imp. Dih.          LJ-14
    2.88169e+03    9.78153e+03    3.64817e+04    1.98792e+02    1.37784e+04
     Coulomb-14        LJ (SR)  Disper. corr.   Coulomb (SR)   Coul. recip.
   -1.41049e+05    5.14652e+06   -1.73814e+05   -2.91113e+07    4.51888e+04
      Potential    Kinetic En.   Total Energy  Conserved En.    Temperature
   -2.41713e+07    1.16702e+05   -2.40546e+07   -2.39041e+07    9.98642e+00
 Pres. DC (bar) Pressure (bar)   Constr. rmsd
   -2.16275e+02   -8.30982e+01    5.22308e-06


DD  step 144999 load imb.: force  3.0%  pme mesh/force 0.565
           Step           Time
         145000      290.00000

   Energies (kJ/mol)
           Bond          Angle    Proper Dih. Per. Imp. Dih.          LJ-14
    2.91680e+03    9.78372e+03    3.64637e+04    1.90048e+02    1.37683e+04
     Coulomb-14        LJ (SR)  Disper. corr.   Coulomb (SR)   Coul. recip.
   -1.41065e+05    5.15015e+06   -1.73844e+05   -2.91150e+07    4.51871e+04
      Potential    Kinetic En.   Total Energy  Conserved En.    Temperature
   -2.41715e+07    1.16778e+05   -2.40547e+07   -2.39031e+07    9.99290e+00
 Pres. DC (bar) Pressure (bar)   Constr. rmsd
   -2.16349e+02   -6.62257e+01    5.14724e-06


DD  step 149999 load imb.: force  2.9%  pme mesh/force 0.545
           Step           Time
         150000      300.00000

   Energies (kJ/mol)
           Bond          Angle    Proper Dih. Per. Imp. Dih.          LJ-14
    2.95725e+03    9.83985e+03    3.64781e+04    1.90360e+02    1.37401e+04
     Coulomb-14        LJ (SR)  Disper. corr.   Coulomb (SR)   Coul. recip.
   -1.41159e+05    5.15859e+06   -1.73972e+05   -2.91234e+07    4.51296e+04
      Potential    Kinetic En.   Total Energy  Conserved En.    Temperature
   -2.41716e+07    1.16856e+05   -2.40548e+07   -2.39022e+07    9.99961e+00
 Pres. DC (bar) Pressure (bar)   Constr. rmsd
   -2.16666e+02   -2.31081e+01    5.25824e-06


DD  step 154999 load imb.: force  2.7%  pme mesh/force 0.550
           Step           Time
         155000      310.00000

   Energies (kJ/mol)
           Bond          Angle    Proper Dih. Per. Imp. Dih.          LJ-14
    2.92197e+03    9.79069e+03    3.64828e+04    1.93758e+02    1.37313e+04
     Coulomb-14        LJ (SR)  Disper. corr.   Coulomb (SR)   Coul. recip.
   -1.41069e+05    5.16294e+06   -1.74032e+05   -2.91280e+07    4.52518e+04
      Potential    Kinetic En.   Total Energy  Conserved En.    Temperature
   -2.41718e+07    1.17003e+05   -2.40548e+07   -2.39016e+07    1.00121e+01
 Pres. DC (bar) Pressure (bar)   Constr. rmsd
   -2.16816e+02   -2.21782e+00    5.24076e-06

Writing checkpoint, step 157400 at Fri Nov 28 19:58:25 2025



DD  step 159999 load imb.: force  2.8%  pme mesh/force 0.564
           Step           Time
         160000      320.00000

   Energies (kJ/mol)
           Bond          Angle    Proper Dih. Per. Imp. Dih.          LJ-14
    2.99171e+03    9.80485e+03    3.64894e+04    1.96612e+02    1.37652e+04
     Coulomb-14        LJ (SR)  Disper. corr.   Coulomb (SR)   Coul. recip.
   -1.41115e+05    5.16668e+06   -1.74096e+05   -2.91317e+07    4.51930e+04
      Potential    Kinetic En.   Total Energy  Conserved En.    Temperature
   -2.41718e+07    1.16923e+05   -2.40549e+07   -2.39011e+07    1.00053e+01
 Pres. DC (bar) Pressure (bar)   Constr. rmsd
   -2.16976e+02    2.00396e+01    5.24583e-06


DD  step 164999 load imb.: force  2.7%  pme mesh/force 0.548
           Step           Time
         165000      330.00000

   Energies (kJ/mol)
           Bond          Angle    Proper Dih. Per. Imp. Dih.          LJ-14
    2.96802e+03    9.83520e+03    3.64573e+04    2.00080e+02    1.37602e+04
     Coulomb-14        LJ (SR)  Disper. corr.   Coulomb (SR)   Coul. recip.
   -1.41114e+05    5.16950e+06   -1.74144e+05   -2.91347e+07    4.51892e+04
      Potential    Kinetic En.   Total Energy  Conserved En.    Temperature
   -2.41720e+07    1.16672e+05   -2.40554e+07   -2.39005e+07    9.98386e+00
 Pres. DC (bar) Pressure (bar)   Constr. rmsd
   -2.17095e+02    3.49729e+01    5.20243e-06


DD  step 169999 load imb.: force  2.8%  pme mesh/force 0.546
           Step           Time
         170000      340.00000

   Energies (kJ/mol)
           Bond          Angle    Proper Dih. Per. Imp. Dih.          LJ-14
    2.95854e+03    9.83662e+03    3.64488e+04    1.95739e+02    1.37549e+04
     Coulomb-14        LJ (SR)  Disper. corr.   Coulomb (SR)   Coul. recip.
   -1.41194e+05    5.17404e+06   -1.74190e+05   -2.91391e+07    4.51505e+04
      Potential    Kinetic En.   Total Energy  Conserved En.    Temperature
   -2.41721e+07    1.17226e+05   -2.40548e+07   -2.38999e+07    1.00312e+01
 Pres. DC (bar) Pressure (bar)   Constr. rmsd
   -2.17209e+02    5.79971e+01    5.35197e-06


DD  step 174999 load imb.: force  2.9%  pme mesh/force 0.546
           Step           Time
         175000      350.00000

   Energies (kJ/mol)
           Bond          Angle    Proper Dih. Per. Imp. Dih.          LJ-14
    2.96104e+03    9.87301e+03    3.64974e+04    1.97230e+02    1.37507e+04
     Coulomb-14        LJ (SR)  Disper. corr.   Coulomb (SR)   Coul. recip.
   -1.41103e+05    5.17200e+06   -1.74157e+05   -2.91371e+07    4.51960e+04
      Potential    Kinetic En.   Total Energy  Conserved En.    Temperature
   -2.41719e+07    1.16828e+05   -2.40550e+07   -2.38993e+07    9.99715e+00
 Pres. DC (bar) Pressure (bar)   Constr. rmsd
   -2.17127e+02    4.56198e+01    5.30946e-06


DD  step 179999 load imb.: force  2.7%  pme mesh/force 0.551
           Step           Time
         180000      360.00000

   Energies (kJ/mol)
           Bond          Angle    Proper Dih. Per. Imp. Dih.          LJ-14
    2.98363e+03    9.85134e+03    3.64862e+04    1.94317e+02    1.37762e+04
     Coulomb-14        LJ (SR)  Disper. corr.   Coulomb (SR)   Coul. recip.
   -1.41058e+05    5.16565e+06   -1.74061e+05   -2.91309e+07    4.51897e+04
      Potential    Kinetic En.   Total Energy  Conserved En.    Temperature
   -2.41719e+07    1.17058e+05   -2.40549e+07   -2.38986e+07    1.00168e+01
 Pres. DC (bar) Pressure (bar)   Constr. rmsd
   -2.16889e+02    1.15249e+01    5.36610e-06


DD  step 184999 load imb.: force  2.9%  pme mesh/force 0.552
           Step           Time
         185000      370.00000

   Energies (kJ/mol)
           Bond          Angle    Proper Dih. Per. Imp. Dih.          LJ-14
    2.96235e+03    9.88366e+03    3.64898e+04    1.99673e+02    1.37607e+04
     Coulomb-14        LJ (SR)  Disper. corr.   Coulomb (SR)   Coul. recip.
   -1.41074e+05    5.15721e+06   -1.73923e+05   -2.91228e+07    4.52105e+04
      Potential    Kinetic En.   Total Energy  Conserved En.    Temperature
   -2.41721e+07    1.17031e+05   -2.40551e+07   -2.38978e+07    1.00145e+01
 Pres. DC (bar) Pressure (bar)   Constr. rmsd
   -2.16544e+02   -3.67309e+01    5.39509e-06


DD  step 189999 load imb.: force  3.1%  pme mesh/force 0.551
           Step           Time
         190000      380.00000

   Energies (kJ/mol)
           Bond          Angle    Proper Dih. Per. Imp. Dih.          LJ-14
    2.97299e+03    9.83848e+03    3.64905e+04    1.94408e+02    1.37222e+04
     Coulomb-14        LJ (SR)  Disper. corr.   Coulomb (SR)   Coul. recip.
   -1.41093e+05    5.14938e+06   -1.73813e+05   -2.91149e+07    4.52246e+04
      Potential    Kinetic En.   Total Energy  Conserved En.    Temperature
   -2.41719e+07    1.16878e+05   -2.40551e+07   -2.38969e+07    1.00014e+01
 Pres. DC (bar) Pressure (bar)   Constr. rmsd
   -2.16271e+02   -7.74053e+01    5.30689e-06


DD  step 194999 load imb.: force  2.9%  pme mesh/force 0.547
           Step           Time
         195000      390.00000

   Energies (kJ/mol)
           Bond          Angle    Proper Dih. Per. Imp. Dih.          LJ-14
    2.96143e+03    9.87262e+03    3.64450e+04    1.93017e+02    1.37372e+04
     Coulomb-14        LJ (SR)  Disper. corr.   Coulomb (SR)   Coul. recip.
   -1.41194e+05    5.15092e+06   -1.73835e+05   -2.91165e+07    4.52361e+04
      Potential    Kinetic En.   Total Energy  Conserved En.    Temperature
   -2.41722e+07    1.16748e+05   -2.40554e+07   -2.38959e+07    9.99035e+00
 Pres. DC (bar) Pressure (bar)   Constr. rmsd
   -2.16326e+02   -7.14343e+01    5.28540e-06


DD  step 199999 load imb.: force  3.0%  pme mesh/force 0.546
           Step           Time
         200000      400.00000

   Energies (kJ/mol)
           Bond          Angle    Proper Dih. Per. Imp. Dih.          LJ-14
    3.00641e+03    9.80903e+03    3.65028e+04    2.05090e+02    1.37419e+04
     Coulomb-14        LJ (SR)  Disper. corr.   Coulomb (SR)   Coul. recip.
   -1.41067e+05    5.16200e+06   -1.73995e+05   -2.91276e+07    4.52350e+04
      Potential    Kinetic En.   Total Energy  Conserved En.    Temperature
   -2.41722e+07    1.16947e+05   -2.40552e+07   -2.38947e+07    1.00073e+01
 Pres. DC (bar) Pressure (bar)   Constr. rmsd
   -2.16725e+02   -1.18523e+01    5.29546e-06

Writing checkpoint, step 203500 at Fri Nov 28 20:13:25 2025



DD  step 204999 load imb.: force  2.6%  pme mesh/force 0.552
           Step           Time
         205000      410.00000

   Energies (kJ/mol)
           Bond          Angle    Proper Dih. Per. Imp. Dih.          LJ-14
    2.97511e+03    9.90495e+03    3.65181e+04    1.98100e+02    1.37575e+04
     Coulomb-14        LJ (SR)  Disper. corr.   Coulomb (SR)   Coul. recip.
   -1.41162e+05    5.17477e+06   -1.74170e+05   -2.91402e+07    4.51529e+04
      Potential    Kinetic En.   Total Energy  Conserved En.    Temperature
   -2.41723e+07    1.16875e+05   -2.40554e+07   -2.38936e+07    1.00012e+01
 Pres. DC (bar) Pressure (bar)   Constr. rmsd
   -2.17160e+02    5.57601e+01    5.31054e-06


DD  step 209999 load imb.: force  2.8%  pme mesh/force 0.544
           Step           Time
         210000      420.00000

   Energies (kJ/mol)
           Bond          Angle    Proper Dih. Per. Imp. Dih.          LJ-14
    2.98145e+03    9.84114e+03    3.64713e+04    1.91747e+02    1.37582e+04
     Coulomb-14        LJ (SR)  Disper. corr.   Coulomb (SR)   Coul. recip.
   -1.41040e+05    5.17675e+06   -1.74235e+05   -2.91422e+07    4.51203e+04
      Potential    Kinetic En.   Total Energy  Conserved En.    Temperature
   -2.41724e+07    1.16838e+05   -2.40556e+07   -2.38927e+07    9.99801e+00
 Pres. DC (bar) Pressure (bar)   Constr. rmsd
   -2.17321e+02    7.25710e+01    5.38104e-06


DD  step 214999 load imb.: force  2.8%  pme mesh/force 0.547
           Step           Time
         215000      430.00000

   Energies (kJ/mol)
           Bond          Angle    Proper Dih. Per. Imp. Dih.          LJ-14
    2.98483e+03    9.86627e+03    3.64990e+04    1.95637e+02    1.37555e+04
     Coulomb-14        LJ (SR)  Disper. corr.   Coulomb (SR)   Coul. recip.
   -1.41052e+05    5.17158e+06   -1.74154e+05   -2.91374e+07    4.51511e+04
      Potential    Kinetic En.   Total Energy  Conserved En.    Temperature
   -2.41725e+07    1.16836e+05   -2.40557e+07   -2.38918e+07    9.99787e+00
 Pres. DC (bar) Pressure (bar)   Constr. rmsd
   -2.17119e+02    4.27593e+01    5.26520e-06


DD  step 219999 load imb.: force  2.9%  pme mesh/force 0.552
           Step           Time
         220000      440.00000

   Energies (kJ/mol)
           Bond          Angle    Proper Dih. Per. Imp. Dih.          LJ-14
    2.99479e+03    9.95745e+03    3.64763e+04    1.96930e+02    1.37698e+04
     Coulomb-14        LJ (SR)  Disper. corr.   Coulomb (SR)   Coul. recip.
   -1.41184e+05    5.16421e+06   -1.74055e+05   -2.91298e+07    4.51249e+04
      Potential    Kinetic En.   Total Energy  Conserved En.    Temperature
   -2.41723e+07    1.16841e+05   -2.40554e+07   -2.38912e+07    9.99830e+00
 Pres. DC (bar) Pressure (bar)   Constr. rmsd
   -2.16873e+02    3.13399e+00    5.29191e-06


DD  step 224999 load imb.: force  3.1%  pme mesh/force 0.548
           Step           Time
         225000      450.00000

   Energies (kJ/mol)
           Bond          Angle    Proper Dih. Per. Imp. Dih.          LJ-14
    2.97995e+03    9.87619e+03    3.64718e+04    1.94387e+02    1.37370e+04
     Coulomb-14        LJ (SR)  Disper. corr.   Coulomb (SR)   Coul. recip.
   -1.41045e+05    5.15810e+06   -1.73951e+05   -2.91238e+07    4.51598e+04
      Potential    Kinetic En.   Total Energy  Conserved En.    Temperature
   -2.41723e+07    1.16944e+05   -2.40553e+07   -2.38906e+07    1.00071e+01
 Pres. DC (bar) Pressure (bar)   Constr. rmsd
   -2.16614e+02   -3.04736e+01    5.35161e-06


DD  step 229999 load imb.: force  3.3%  pme mesh/force 0.546
           Step           Time
         230000      460.00000

   Energies (kJ/mol)
           Bond          Angle    Proper Dih. Per. Imp. Dih.          LJ-14
    3.01999e+03    9.86191e+03    3.64470e+04    1.90842e+02    1.37096e+04
     Coulomb-14        LJ (SR)  Disper. corr.   Coulomb (SR)   Coul. recip.
   -1.41081e+05    5.15398e+06   -1.73894e+05   -2.91199e+07    4.51948e+04
      Potential    Kinetic En.   Total Energy  Conserved En.    Temperature
   -2.41725e+07    1.16848e+05   -2.40557e+07   -2.38901e+07    9.99892e+00
 Pres. DC (bar) Pressure (bar)   Constr. rmsd
   -2.16472e+02   -5.46687e+01    5.37956e-06


DD  step 234999 load imb.: force  3.1%  pme mesh/force 0.567
           Step           Time
         235000      470.00000

   Energies (kJ/mol)
           Bond          Angle    Proper Dih. Per. Imp. Dih.          LJ-14
    2.99469e+03    9.90400e+03    3.64999e+04    2.01674e+02    1.37428e+04
     Coulomb-14        LJ (SR)  Disper. corr.   Coulomb (SR)   Coul. recip.
   -1.41154e+05    5.15664e+06   -1.73907e+05   -2.91225e+07    4.51653e+04
      Potential    Kinetic En.   Total Energy  Conserved En.    Temperature
   -2.41724e+07    1.16972e+05   -2.40555e+07   -2.38896e+07    1.00095e+01
 Pres. DC (bar) Pressure (bar)   Constr. rmsd
   -2.16505e+02   -4.11308e+01    5.33503e-06


DD  step 239999 load imb.: force  2.8%  pme mesh/force 0.547
           Step           Time
         240000      480.00000

   Energies (kJ/mol)
           Bond          Angle    Proper Dih. Per. Imp. Dih.          LJ-14
    2.99726e+03    9.87817e+03    3.64288e+04    1.92894e+02    1.37330e+04
     Coulomb-14        LJ (SR)  Disper. corr.   Coulomb (SR)   Coul. recip.
   -1.41106e+05    5.16463e+06   -1.74026e+05   -2.91304e+07    4.51847e+04
      Potential    Kinetic En.   Total Energy  Conserved En.    Temperature
   -2.41725e+07    1.16994e+05   -2.40555e+07   -2.38891e+07    1.00113e+01
 Pres. DC (bar) Pressure (bar)   Constr. rmsd
   -2.16802e+02    3.37854e+00    5.39967e-06


DD  step 244999 load imb.: force  2.8%  pme mesh/force 0.548
           Step           Time
         245000      490.00000

   Energies (kJ/mol)
           Bond          Angle    Proper Dih. Per. Imp. Dih.          LJ-14
    3.02487e+03    9.88728e+03    3.64413e+04    1.93704e+02    1.37507e+04
     Coulomb-14        LJ (SR)  Disper. corr.   Coulomb (SR)   Coul. recip.
   -1.41091e+05    5.17082e+06   -1.74137e+05   -2.91367e+07    4.52133e+04
      Potential    Kinetic En.   Total Energy  Conserved En.    Temperature
   -2.41726e+07    1.16920e+05   -2.40557e+07   -2.38885e+07    1.00051e+01
 Pres. DC (bar) Pressure (bar)   Constr. rmsd
   -2.17079e+02    3.64035e+01    5.42584e-06

Writing checkpoint, step 249600 at Fri Nov 28 20:28:25 2025



DD  step 249999 load imb.: force  3.0%  pme mesh/force 0.557
           Step           Time
         250000      500.00000

   Energies (kJ/mol)
           Bond          Angle    Proper Dih. Per. Imp. Dih.          LJ-14
    3.00033e+03    9.94181e+03    3.64729e+04    1.90565e+02    1.37426e+04
     Coulomb-14        LJ (SR)  Disper. corr.   Coulomb (SR)   Coul. recip.
   -1.41085e+05    5.17084e+06   -1.74162e+05   -2.91367e+07    4.51942e+04
      Potential    Kinetic En.   Total Energy  Conserved En.    Temperature
   -2.41725e+07    1.16984e+05   -2.40555e+07   -2.38879e+07    1.00105e+01
 Pres. DC (bar) Pressure (bar)   Constr. rmsd
   -2.17141e+02    3.85417e+01    5.46732e-06


DD  step 254999 load imb.: force  3.0%  pme mesh/force 0.546
           Step           Time
         255000      510.00000

   Energies (kJ/mol)
           Bond          Angle    Proper Dih. Per. Imp. Dih.          LJ-14
    3.02326e+03    9.86958e+03    3.64748e+04    2.00545e+02    1.37628e+04
     Coulomb-14        LJ (SR)  Disper. corr.   Coulomb (SR)   Coul. recip.
   -1.41110e+05    5.16752e+06   -1.74095e+05   -2.91335e+07    4.51682e+04
      Potential    Kinetic En.   Total Energy  Conserved En.    Temperature
   -2.41727e+07    1.16752e+05   -2.40560e+07   -2.38874e+07    9.99065e+00
 Pres. DC (bar) Pressure (bar)   Constr. rmsd
   -2.16974e+02    2.00987e+01    5.37728e-06


DD  step 259999 load imb.: force  3.0%  pme mesh/force 0.548
           Step           Time
         260000      520.00000

   Energies (kJ/mol)
           Bond          Angle    Proper Dih. Per. Imp. Dih.          LJ-14
    3.04246e+03    9.85387e+03    3.64788e+04    2.03196e+02    1.37651e+04
     Coulomb-14        LJ (SR)  Disper. corr.   Coulomb (SR)   Coul. recip.
   -1.41098e+05    5.16276e+06   -1.74018e+05   -2.91288e+07    4.51450e+04
      Potential    Kinetic En.   Total Energy  Conserved En.    Temperature
   -2.41726e+07    1.16835e+05   -2.40558e+07   -2.38870e+07    9.99774e+00
 Pres. DC (bar) Pressure (bar)   Constr. rmsd
   -2.16783e+02   -4.54295e+00    5.43168e-06


DD  step 264999 load imb.: force  3.1%  pme mesh/force 0.548
           Step           Time
         265000      530.00000

   Energies (kJ/mol)
           Bond          Angle    Proper Dih. Per. Imp. Dih.          LJ-14
    3.00203e+03    9.90626e+03    3.64840e+04    1.97449e+02    1.37748e+04
     Coulomb-14        LJ (SR)  Disper. corr.   Coulomb (SR)   Coul. recip.
   -1.41027e+05    5.16222e+06   -1.74003e+05   -2.91283e+07    4.51726e+04
      Potential    Kinetic En.   Total Energy  Conserved En.    Temperature
   -2.41726e+07    1.16939e+05   -2.40556e+07   -2.38867e+07    1.00067e+01
 Pres. DC (bar) Pressure (bar)   Constr. rmsd
   -2.16743e+02   -9.02491e+00    5.31692e-06


DD  step 269999 load imb.: force  3.0%  pme mesh/force 0.542
           Step           Time
         270000      540.00000

   Energies (kJ/mol)
           Bond          Angle    Proper Dih. Per. Imp. Dih.          LJ-14
    3.03001e+03    9.94247e+03    3.64393e+04    1.93432e+02    1.37294e+04
     Coulomb-14        LJ (SR)  Disper. corr.   Coulomb (SR)   Coul. recip.
   -1.41167e+05    5.16100e+06   -1.73977e+05   -2.91270e+07    4.51676e+04
      Potential    Kinetic En.   Total Energy  Conserved En.    Temperature
   -2.41727e+07    1.16899e+05   -2.40558e+07   -2.38865e+07    1.00032e+01
 Pres. DC (bar) Pressure (bar)   Constr. rmsd
   -2.16680e+02   -1.77867e+01    5.40930e-06


DD  step 274999 load imb.: force  2.7%  pme mesh/force 0.548
           Step           Time
         275000      550.00000

   Energies (kJ/mol)
           Bond          Angle    Proper Dih. Per. Imp. Dih.          LJ-14
    3.02704e+03    9.90803e+03    3.64596e+04    1.88953e+02    1.37407e+04
     Coulomb-14        LJ (SR)  Disper. corr.   Coulomb (SR)   Coul. recip.
   -1.41011e+05    5.16066e+06   -1.73987e+05   -2.91268e+07    4.50987e+04
      Potential    Kinetic En.   Total Energy  Conserved En.    Temperature
   -2.41727e+07    1.16708e+05   -2.40560e+07   -2.38862e+07    9.98689e+00
 Pres. DC (bar) Pressure (bar)   Constr. rmsd
   -2.16705e+02   -1.92954e+01    5.43818e-06


DD  step 279999 load imb.: force  3.2%  pme mesh/force 0.551
           Step           Time
         280000      560.00000

   Energies (kJ/mol)
           Bond          Angle    Proper Dih. Per. Imp. Dih.          LJ-14
    2.97535e+03    9.91483e+03    3.64338e+04    1.96092e+02    1.37427e+04
     Coulomb-14        LJ (SR)  Disper. corr.   Coulomb (SR)   Coul. recip.
   -1.41086e+05    5.17033e+06   -1.74139e+05   -2.91361e+07    4.51400e+04
      Potential    Kinetic En.   Total Energy  Conserved En.    Temperature
   -2.41726e+07    1.16978e+05   -2.40556e+07   -2.38858e+07    1.00100e+01
 Pres. DC (bar) Pressure (bar)   Constr. rmsd
   -2.17083e+02    3.46202e+01    5.40041e-06


DD  step 284999 load imb.: force  2.8%  pme mesh/force 0.543
           Step           Time
         285000      570.00000

   Energies (kJ/mol)
           Bond          Angle    Proper Dih. Per. Imp. Dih.          LJ-14
    3.01066e+03    9.90513e+03    3.64756e+04    1.99953e+02    1.37438e+04
     Coulomb-14        LJ (SR)  Disper. corr.   Coulomb (SR)   Coul. recip.
   -1.41049e+05    5.17430e+06   -1.74200e+05   -2.91402e+07    4.50802e+04
      Potential    Kinetic En.   Total Energy  Conserved En.    Temperature
   -2.41728e+07    1.16719e+05   -2.40560e+07   -2.38851e+07    9.98789e+00
 Pres. DC (bar) Pressure (bar)   Constr. rmsd
   -2.17235e+02    5.71357e+01    5.38796e-06


DD  step 289999 load imb.: force  3.1%  pme mesh/force 0.549
           Step           Time
         290000      580.00000

   Energies (kJ/mol)
           Bond          Angle    Proper Dih. Per. Imp. Dih.          LJ-14
    3.03946e+03    9.90299e+03    3.65009e+04    1.93489e+02    1.37689e+04
     Coulomb-14        LJ (SR)  Disper. corr.   Coulomb (SR)   Coul. recip.
   -1.41106e+05    5.16712e+06   -1.74101e+05   -2.91331e+07    4.51182e+04
      Potential    Kinetic En.   Total Energy  Conserved En.    Temperature
   -2.41727e+07    1.16832e+05   -2.40558e+07   -2.38845e+07    9.99756e+00
 Pres. DC (bar) Pressure (bar)   Constr. rmsd
   -2.16988e+02    2.04801e+01    5.41679e-06


DD  step 294999 load imb.: force  2.8%  pme mesh/force 0.544
           Step           Time
         295000      590.00000

   Energies (kJ/mol)
           Bond          Angle    Proper Dih. Per. Imp. Dih.          LJ-14
    3.02709e+03    9.83832e+03    3.64837e+04    1.90681e+02    1.37580e+04
     Coulomb-14        LJ (SR)  Disper. corr.   Coulomb (SR)   Coul. recip.
   -1.41054e+05    5.16130e+06   -1.74000e+05   -2.91274e+07    4.50840e+04
      Potential    Kinetic En.   Total Energy  Conserved En.    Temperature
   -2.41728e+07    1.16989e+05   -2.40558e+07   -2.38839e+07    1.00109e+01
 Pres. DC (bar) Pressure (bar)   Constr. rmsd
   -2.16736e+02   -1.34317e+01    5.43835e-06

Writing checkpoint, step 295700 at Fri Nov 28 20:43:25 2025



DD  step 299999 load imb.: force  2.9%  pme mesh/force 0.546
           Step           Time
         300000      600.00000

   Energies (kJ/mol)
           Bond          Angle    Proper Dih. Per. Imp. Dih.          LJ-14
    2.99634e+03    9.93039e+03    3.64713e+04    1.90044e+02    1.37745e+04
     Coulomb-14        LJ (SR)  Disper. corr.   Coulomb (SR)   Coul. recip.
   -1.41045e+05    5.15881e+06   -1.73936e+05   -2.91250e+07    4.51535e+04
      Potential    Kinetic En.   Total Energy  Conserved En.    Temperature
   -2.41726e+07    1.16700e+05   -2.40559e+07   -2.38833e+07    9.98624e+00
 Pres. DC (bar) Pressure (bar)   Constr. rmsd
   -2.16577e+02   -2.71017e+01    5.46697e-06


DD  step 304999 load imb.: force  2.8%  pme mesh/force 0.550
           Step           Time
         305000      610.00000

   Energies (kJ/mol)
           Bond          Angle    Proper Dih. Per. Imp. Dih.          LJ-14
    3.01906e+03    9.89372e+03    3.64734e+04    1.98389e+02    1.37467e+04
     Coulomb-14        LJ (SR)  Disper. corr.   Coulomb (SR)   Coul. recip.
   -1.41179e+05    5.15777e+06   -1.73936e+05   -2.91240e+07    4.52118e+04
      Potential    Kinetic En.   Total Energy  Conserved En.    Temperature
   -2.41728e+07    1.16748e+05   -2.40561e+07   -2.38830e+07    9.99034e+00
 Pres. DC (bar) Pressure (bar)   Constr. rmsd
   -2.16577e+02   -3.41173e+01    5.49976e-06


DD  step 309999 load imb.: force  2.7%  pme mesh/force 0.549
           Step           Time
         310000      620.00000

   Energies (kJ/mol)
           Bond          Angle    Proper Dih. Per. Imp. Dih.          LJ-14
    3.05278e+03    9.98265e+03    3.64915e+04    1.97534e+02    1.37295e+04
     Coulomb-14        LJ (SR)  Disper. corr.   Coulomb (SR)   Coul. recip.
   -1.41079e+05    5.16270e+06   -1.74000e+05   -2.91287e+07    4.51322e+04
      Potential    Kinetic En.   Total Energy  Conserved En.    Temperature
   -2.41725e+07    1.16894e+05   -2.40556e+07   -2.38825e+07    1.00028e+01
 Pres. DC (bar) Pressure (bar)   Constr. rmsd
   -2.16735e+02   -9.25552e+00    5.41052e-06


DD  step 314999 load imb.: force  3.2%  pme mesh/force 0.567
           Step           Time
         315000      630.00000

   Energies (kJ/mol)
           Bond          Angle    Proper Dih. Per. Imp. Dih.          LJ-14
    3.04975e+03    9.91895e+03    3.64920e+04    1.97949e+02    1.37484e+04
     Coulomb-14        LJ (SR)  Disper. corr.   Coulomb (SR)   Coul. recip.
   -1.40985e+05    5.16540e+06   -1.74061e+05   -2.91314e+07    4.50082e+04
      Potential    Kinetic En.   Total Energy  Conserved En.    Temperature
   -2.41726e+07    1.16835e+05   -2.40558e+07   -2.38822e+07    9.99776e+00
 Pres. DC (bar) Pressure (bar)   Constr. rmsd
   -2.16889e+02    8.77870e+00    5.46182e-06


DD  step 319999 load imb.: force  2.8%  pme mesh/force 0.543
           Step           Time
         320000      640.00000

   Energies (kJ/mol)
           Bond          Angle    Proper Dih. Per. Imp. Dih.          LJ-14
    3.03428e+03    9.93171e+03    3.64761e+04    1.96679e+02    1.36987e+04
     Coulomb-14        LJ (SR)  Disper. corr.   Coulomb (SR)   Coul. recip.
   -1.41145e+05    5.17250e+06   -1.74154e+05   -2.91385e+07    4.51945e+04
      Potential    Kinetic En.   Total Energy  Conserved En.    Temperature
   -2.41727e+07    1.16911e+05   -2.40558e+07   -2.38818e+07    1.00042e+01
 Pres. DC (bar) Pressure (bar)   Constr. rmsd
   -2.17119e+02    4.27970e+01    5.51506e-06


DD  step 324999 load imb.: force  3.0%  pme mesh/force 0.548
           Step           Time
         325000      650.00000

   Energies (kJ/mol)
           Bond          Angle    Proper Dih. Per. Imp. Dih.          LJ-14
    3.05573e+03    9.92178e+03    3.64724e+04    1.98885e+02    1.37714e+04
     Coulomb-14        LJ (SR)  Disper. corr.   Coulomb (SR)   Coul. recip.
   -1.41095e+05    5.16898e+06   -1.74119e+05   -2.91350e+07    4.51304e+04
      Potential    Kinetic En.   Total Energy  Conserved En.    Temperature
   -2.41727e+07    1.16775e+05   -2.40559e+07   -2.38813e+07    9.99268e+00
 Pres. DC (bar) Pressure (bar)   Constr. rmsd
   -2.17032e+02    2.87401e+01    5.38757e-06


DD  step 329999 load imb.: force  2.8%  pme mesh/force 0.542
           Step           Time
         330000      660.00000

   Energies (kJ/mol)
           Bond          Angle    Proper Dih. Per. Imp. Dih.          LJ-14
    3.01681e+03    9.96019e+03    3.64856e+04    1.98148e+02    1.37065e+04
     Coulomb-14        LJ (SR)  Disper. corr.   Coulomb (SR)   Coul. recip.
   -1.41066e+05    5.16229e+06   -1.74004e+05   -2.91285e+07    4.51280e+04
      Potential    Kinetic En.   Total Energy  Conserved En.    Temperature
   -2.41728e+07    1.17129e+05   -2.40557e+07   -2.38809e+07    1.00230e+01
 Pres. DC (bar) Pressure (bar)   Constr. rmsd
   -2.16745e+02   -1.04289e+01    5.45488e-06


DD  step 334999 load imb.: force  3.1%  pme mesh/force 0.544
           Step           Time
         335000      670.00000

   Energies (kJ/mol)
           Bond          Angle    Proper Dih. Per. Imp. Dih.          LJ-14
    3.03304e+03    9.94732e+03    3.64520e+04    1.97314e+02    1.37358e+04
     Coulomb-14        LJ (SR)  Disper. corr.   Coulomb (SR)   Coul. recip.
   -1.41043e+05    5.15555e+06   -1.73918e+05   -2.91218e+07    4.51194e+04
      Potential    Kinetic En.   Total Energy  Conserved En.    Temperature
   -2.41728e+07    1.16882e+05   -2.40559e+07   -2.38806e+07    1.00018e+01
 Pres. DC (bar) Pressure (bar)   Constr. rmsd
   -2.16532e+02   -4.70159e+01    5.41155e-06


DD  step 339999 load imb.: force  3.2%  pme mesh/force 0.551
           Step           Time
         340000      680.00000

   Energies (kJ/mol)
           Bond          Angle    Proper Dih. Per. Imp. Dih.          LJ-14
    3.05998e+03    9.93101e+03    3.64434e+04    1.92636e+02    1.37581e+04
     Coulomb-14        LJ (SR)  Disper. corr.   Coulomb (SR)   Coul. recip.
   -1.41072e+05    5.16290e+06   -1.74012e+05   -2.91291e+07    4.51540e+04
      Potential    Kinetic En.   Total Energy  Conserved En.    Temperature
   -2.41728e+07    1.16757e+05   -2.40560e+07   -2.38802e+07    9.99113e+00
 Pres. DC (bar) Pressure (bar)   Constr. rmsd
   -2.16767e+02   -6.65414e+00    5.44651e-06

Writing checkpoint, step 341800 at Fri Nov 28 20:58:24 2025



DD  step 344999 load imb.: force  3.0%  pme mesh/force 0.547
           Step           Time
         345000      690.00000

   Energies (kJ/mol)
           Bond          Angle    Proper Dih. Per. Imp. Dih.          LJ-14
    3.03513e+03    9.97770e+03    3.64837e+04    1.96719e+02    1.37302e+04
     Coulomb-14        LJ (SR)  Disper. corr.   Coulomb (SR)   Coul. recip.
   -1.41056e+05    5.16679e+06   -1.74079e+05   -2.91330e+07    4.51719e+04
      Potential    Kinetic En.   Total Energy  Conserved En.    Temperature
   -2.41727e+07    1.16858e+05   -2.40559e+07   -2.38797e+07    9.99972e+00
 Pres. DC (bar) Pressure (bar)   Constr. rmsd
   -2.16933e+02    1.38987e+01    5.42966e-06


DD  step 349999 load imb.: force  3.0%  pme mesh/force 0.546
           Step           Time
         350000      700.00000

   Energies (kJ/mol)
           Bond          Angle    Proper Dih. Per. Imp. Dih.          LJ-14
    3.00557e+03    9.92729e+03    3.64888e+04    1.93446e+02    1.37647e+04
     Coulomb-14        LJ (SR)  Disper. corr.   Coulomb (SR)   Coul. recip.
   -1.41055e+05    5.17347e+06   -1.74178e+05   -2.91398e+07    4.51407e+04
      Potential    Kinetic En.   Total Energy  Conserved En.    Temperature
   -2.41730e+07    1.17075e+05   -2.40559e+07   -2.38792e+07    1.00183e+01
 Pres. DC (bar) Pressure (bar)   Constr. rmsd
   -2.17181e+02    5.32887e+01    5.41953e-06


DD  step 354999 load imb.: force  2.7%  pme mesh/force 0.547
           Step           Time
         355000      710.00000

   Energies (kJ/mol)
           Bond          Angle    Proper Dih. Per. Imp. Dih.          LJ-14
    3.10515e+03    9.93243e+03    3.64655e+04    1.94664e+02    1.37343e+04
     Coulomb-14        LJ (SR)  Disper. corr.   Coulomb (SR)   Coul. recip.
   -1.41099e+05    5.16978e+06   -1.74134e+05   -2.91359e+07    4.51007e+04
      Potential    Kinetic En.   Total Energy  Conserved En.    Temperature
   -2.41729e+07    1.16891e+05   -2.40560e+07   -2.38785e+07    1.00026e+01
 Pres. DC (bar) Pressure (bar)   Constr. rmsd
   -2.17071e+02    3.24084e+01    5.40056e-06


DD  step 359999 load imb.: force  3.2%  pme mesh/force 0.548
           Step           Time
         360000      720.00000

   Energies (kJ/mol)
           Bond          Angle    Proper Dih. Per. Imp. Dih.          LJ-14
    3.00178e+03    9.89113e+03    3.64837e+04    1.90995e+02    1.38040e+04
     Coulomb-14        LJ (SR)  Disper. corr.   Coulomb (SR)   Coul. recip.
   -1.41031e+05    5.16828e+06   -1.74096e+05   -2.91346e+07    4.51361e+04
      Potential    Kinetic En.   Total Energy  Conserved En.    Temperature
   -2.41730e+07    1.16784e+05   -2.40562e+07   -2.38782e+07    9.99342e+00
 Pres. DC (bar) Pressure (bar)   Constr. rmsd
   -2.16974e+02    2.43972e+01    5.49322e-06


DD  step 364999 load imb.: force  2.9%  pme mesh/force 0.548
           Step           Time
         365000      730.00000

   Energies (kJ/mol)
           Bond          Angle    Proper Dih. Per. Imp. Dih.          LJ-14
    2.99833e+03    1.00016e+04    3.64835e+04    1.90904e+02    1.37002e+04
     Coulomb-14        LJ (SR)  Disper. corr.   Coulomb (SR)   Coul. recip.
   -1.41025e+05    5.16440e+06   -1.74025e+05   -2.91310e+07    4.51443e+04
      Potential    Kinetic En.   Total Energy  Conserved En.    Temperature
   -2.41732e+07    1.17056e+05   -2.40561e+07   -2.38779e+07    1.00167e+01
 Pres. DC (bar) Pressure (bar)   Constr. rmsd
   -2.16798e+02   -7.51215e-01    5.46269e-06


DD  step 369999 load imb.: force  2.9%  pme mesh/force 0.554
           Step           Time
         370000      740.00000

   Energies (kJ/mol)
           Bond          Angle    Proper Dih. Per. Imp. Dih.          LJ-14
    3.08518e+03    9.91068e+03    3.64848e+04    1.98100e+02    1.37610e+04
     Coulomb-14        LJ (SR)  Disper. corr.   Coulomb (SR)   Coul. recip.
   -1.41006e+05    5.15716e+06   -1.73928e+05   -2.91233e+07    4.50649e+04
      Potential    Kinetic En.   Total Energy  Conserved En.    Temperature
   -2.41726e+07    1.16859e+05   -2.40557e+07   -2.38775e+07    9.99984e+00
 Pres. DC (bar) Pressure (bar)   Constr. rmsd
   -2.16556e+02   -3.65326e+01    5.38936e-06


DD  step 374999 load imb.: force  2.8%  pme mesh/force 0.546
           Step           Time
         375000      750.00000

   Energies (kJ/mol)
           Bond          Angle    Proper Dih. Per. Imp. Dih.          LJ-14
    3.00954e+03    9.88422e+03    3.64695e+04    1.89391e+02    1.37754e+04
     Coulomb-14        LJ (SR)  Disper. corr.   Coulomb (SR)   Coul. recip.
   -1.41068e+05    5.15469e+06   -1.73883e+05   -2.91212e+07    4.51574e+04
      Potential    Kinetic En.   Total Energy  Conserved En.    Temperature
   -2.41729e+07    1.16914e+05   -2.40560e+07   -2.38770e+07    1.00045e+01
 Pres. DC (bar) Pressure (bar)   Constr. rmsd
   -2.16446e+02   -5.21367e+01    5.35027e-06


DD  step 379999 load imb.: force  2.8%  pme mesh/force 0.548
           Step           Time
         380000      760.00000

   Energies (kJ/mol)
           Bond          Angle    Proper Dih. Per. Imp. Dih.          LJ-14
    3.04447e+03    1.00116e+04    3.64717e+04    1.94259e+02    1.37363e+04
     Coulomb-14        LJ (SR)  Disper. corr.   Coulomb (SR)   Coul. recip.
   -1.41241e+05    5.16331e+06   -1.74023e+05   -2.91296e+07    4.52185e+04
      Potential    Kinetic En.   Total Energy  Conserved En.    Temperature
   -2.41729e+07    1.16914e+05   -2.40560e+07   -2.38763e+07    1.00045e+01
 Pres. DC (bar) Pressure (bar)   Constr. rmsd
   -2.16794e+02   -4.18472e+00    5.34706e-06


DD  step 384999 load imb.: force  3.0%  pme mesh/force 0.560
           Step           Time
         385000      770.00000

   Energies (kJ/mol)
           Bond          Angle    Proper Dih. Per. Imp. Dih.          LJ-14
    3.06559e+03    9.94449e+03    3.64615e+04    2.02152e+02    1.37237e+04
     Coulomb-14        LJ (SR)  Disper. corr.   Coulomb (SR)   Coul. recip.
   -1.41076e+05    5.17006e+06   -1.74142e+05   -2.91365e+07    4.50791e+04
      Potential    Kinetic En.   Total Energy  Conserved En.    Temperature
   -2.41732e+07    1.16723e+05   -2.40565e+07   -2.38757e+07    9.98816e+00
 Pres. DC (bar) Pressure (bar)   Constr. rmsd
   -2.17089e+02    3.29096e+01    5.46901e-06

Writing checkpoint, step 387900 at Fri Nov 28 21:13:25 2025



DD  step 389999 load imb.: force  2.8%  pme mesh/force 0.547
           Step           Time
         390000      780.00000

   Energies (kJ/mol)
           Bond          Angle    Proper Dih. Per. Imp. Dih.          LJ-14
    3.04189e+03    9.94700e+03    3.64553e+04    1.87070e+02    1.37374e+04
     Coulomb-14        LJ (SR)  Disper. corr.   Coulomb (SR)   Coul. recip.
   -1.41060e+05    5.17638e+06   -1.74220e+05   -2.91424e+07    4.51232e+04
      Potential    Kinetic En.   Total Energy  Conserved En.    Temperature
   -2.41728e+07    1.16948e+05   -2.40559e+07   -2.38749e+07    1.00075e+01
 Pres. DC (bar) Pressure (bar)   Constr. rmsd
   -2.17286e+02    6.61292e+01    5.41346e-06


DD  step 394999 load imb.: force  2.7%  pme mesh/force 0.551
           Step           Time
         395000      790.00000

   Energies (kJ/mol)
           Bond          Angle    Proper Dih. Per. Imp. Dih.          LJ-14
    3.08207e+03    1.00057e+04    3.64773e+04    1.95403e+02    1.37586e+04
     Coulomb-14        LJ (SR)  Disper. corr.   Coulomb (SR)   Coul. recip.
   -1.41283e+05    5.17677e+06   -1.74224e+05   -2.91429e+07    4.51235e+04
      Potential    Kinetic En.   Total Energy  Conserved En.    Temperature
   -2.41730e+07    1.16799e+05   -2.40562e+07   -2.38740e+07    9.99466e+00
 Pres. DC (bar) Pressure (bar)   Constr. rmsd
   -2.17293e+02    7.05979e+01    5.47250e-06


DD  step 399999 load imb.: force  2.9%  pme mesh/force 0.552
           Step           Time
         400000      800.00000

   Energies (kJ/mol)
           Bond          Angle    Proper Dih. Per. Imp. Dih.          LJ-14
    3.08122e+03    9.89179e+03    3.64879e+04    1.89435e+02    1.37585e+04
     Coulomb-14        LJ (SR)  Disper. corr.   Coulomb (SR)   Coul. recip.
   -1.41033e+05    5.16339e+06   -1.74035e+05   -2.91299e+07    4.51531e+04
      Potential    Kinetic En.   Total Energy  Conserved En.    Temperature
   -2.41730e+07    1.16946e+05   -2.40560e+07   -2.38731e+07    1.00073e+01
 Pres. DC (bar) Pressure (bar)   Constr. rmsd
   -2.16823e+02   -1.33698e+00    5.38318e-06


DD  step 404999 load imb.: force  2.7%  pme mesh/force 0.546
           Step           Time
         405000      810.00000

   Energies (kJ/mol)
           Bond          Angle    Proper Dih. Per. Imp. Dih.          LJ-14
    2.98846e+03    9.95347e+03    3.64735e+04    1.92048e+02    1.37775e+04
     Coulomb-14        LJ (SR)  Disper. corr.   Coulomb (SR)   Coul. recip.
   -1.41072e+05    5.15522e+06   -1.73915e+05   -2.91216e+07    4.51137e+04
      Potential    Kinetic En.   Total Energy  Conserved En.    Temperature
   -2.41729e+07    1.16660e+05   -2.40562e+07   -2.38723e+07    9.98284e+00
 Pres. DC (bar) Pressure (bar)   Constr. rmsd
   -2.16524e+02   -4.55422e+01    5.45582e-06


DD  step 409999 load imb.: force  3.1%  pme mesh/force 0.548
           Step           Time
         410000      820.00000

   Energies (kJ/mol)
           Bond          Angle    Proper Dih. Per. Imp. Dih.          LJ-14
    3.04747e+03    9.96226e+03    3.65040e+04    1.99566e+02    1.37584e+04
     Coulomb-14        LJ (SR)  Disper. corr.   Coulomb (SR)   Coul. recip.
   -1.41151e+05    5.15458e+06   -1.73899e+05   -2.91211e+07    4.51520e+04
      Potential    Kinetic En.   Total Energy  Conserved En.    Temperature
   -2.41730e+07    1.16860e+05   -2.40561e+07   -2.38716e+07    9.99994e+00
 Pres. DC (bar) Pressure (bar)   Constr. rmsd
   -2.16486e+02   -4.98558e+01    5.31599e-06


DD  step 414999 load imb.: force  2.8%  pme mesh/force 0.545
           Step           Time
         415000      830.00000

   Energies (kJ/mol)
           Bond          Angle    Proper Dih. Per. Imp. Dih.          LJ-14
    3.07526e+03    9.94207e+03    3.64880e+04    2.01323e+02    1.37633e+04
     Coulomb-14        LJ (SR)  Disper. corr.   Coulomb (SR)   Coul. recip.
   -1.41127e+05    5.15969e+06   -1.73979e+05   -2.91262e+07    4.51064e+04
      Potential    Kinetic En.   Total Energy  Conserved En.    Temperature
   -2.41730e+07    1.16929e+05   -2.40561e+07   -2.38708e+07    1.00058e+01
 Pres. DC (bar) Pressure (bar)   Constr. rmsd
   -2.16683e+02   -2.11421e+01    5.44146e-06


DD  step 419999 load imb.: force  3.1%  pme mesh/force 0.546
           Step           Time
         420000      840.00000

   Energies (kJ/mol)
           Bond          Angle    Proper Dih. Per. Imp. Dih.          LJ-14
    3.05969e+03    9.96697e+03    3.64755e+04    1.92366e+02    1.37237e+04
     Coulomb-14        LJ (SR)  Disper. corr.   Coulomb (SR)   Coul. recip.
   -1.41131e+05    5.17195e+06   -1.74151e+05   -2.91381e+07    4.50663e+04
      Potential    Kinetic En.   Total Energy  Conserved En.    Temperature
   -2.41729e+07    1.16945e+05   -2.40560e+07   -2.38699e+07    1.00072e+01
 Pres. DC (bar) Pressure (bar)   Constr. rmsd
   -2.17111e+02    4.35336e+01    5.46891e-06


DD  step 424999 load imb.: force  2.9%  pme mesh/force 0.549
           Step           Time
         425000      850.00000

   Energies (kJ/mol)
           Bond          Angle    Proper Dih. Per. Imp. Dih.          LJ-14
    3.04248e+03    9.98713e+03    3.64916e+04    1.96317e+02    1.37593e+04
     Coulomb-14        LJ (SR)  Disper. corr.   Coulomb (SR)   Coul. recip.
   -1.41138e+05    5.17340e+06   -1.74194e+05   -2.91398e+07    4.51050e+04
      Potential    Kinetic En.   Total Energy  Conserved En.    Temperature
   -2.41731e+07    1.16874e+05   -2.40562e+07   -2.38692e+07    1.00011e+01
 Pres. DC (bar) Pressure (bar)   Constr. rmsd
   -2.17220e+02    5.30850e+01    5.37684e-06


DD  step 429999 load imb.: force  3.2%  pme mesh/force 0.546
           Step           Time
         430000      860.00000

   Energies (kJ/mol)
           Bond          Angle    Proper Dih. Per. Imp. Dih.          LJ-14
    3.03256e+03    9.97782e+03    3.64618e+04    1.97776e+02    1.37506e+04
     Coulomb-14        LJ (SR)  Disper. corr.   Coulomb (SR)   Coul. recip.
   -1.41116e+05    5.17508e+06   -1.74207e+05   -2.91413e+07    4.51080e+04
      Potential    Kinetic En.   Total Energy  Conserved En.    Temperature
   -2.41731e+07    1.16897e+05   -2.40562e+07   -2.38685e+07    1.00030e+01
 Pres. DC (bar) Pressure (bar)   Constr. rmsd
   -2.17252e+02    5.91667e+01    5.37356e-06

Writing checkpoint, step 434000 at Fri Nov 28 21:28:25 2025



DD  step 434999 load imb.: force  2.9%  pme mesh/force 0.546
           Step           Time
         435000      870.00000

   Energies (kJ/mol)
           Bond          Angle    Proper Dih. Per. Imp. Dih.          LJ-14
    3.07038e+03    9.90385e+03    3.64468e+04    1.96401e+02    1.37065e+04
     Coulomb-14        LJ (SR)  Disper. corr.   Coulomb (SR)   Coul. recip.
   -1.41102e+05    5.16021e+06   -1.74024e+05   -2.91268e+07    4.51320e+04
      Potential    Kinetic En.   Total Energy  Conserved En.    Temperature
   -2.41733e+07    1.16871e+05   -2.40564e+07   -2.38676e+07    1.00009e+01
 Pres. DC (bar) Pressure (bar)   Constr. rmsd
   -2.16796e+02   -1.74244e+01    5.47233e-06


DD  step 439999 load imb.: force  2.9%  pme mesh/force 0.542
           Step           Time
         440000      880.00000

   Energies (kJ/mol)
           Bond          Angle    Proper Dih. Per. Imp. Dih.          LJ-14
    3.03108e+03    9.92770e+03    3.64813e+04    1.93685e+02    1.37670e+04
     Coulomb-14        LJ (SR)  Disper. corr.   Coulomb (SR)   Coul. recip.
   -1.41097e+05    5.15713e+06   -1.73947e+05   -2.91236e+07    4.51055e+04
      Potential    Kinetic En.   Total Energy  Conserved En.    Temperature
   -2.41730e+07    1.16861e+05   -2.40562e+07   -2.38669e+07    9.99997e+00
 Pres. DC (bar) Pressure (bar)   Constr. rmsd
   -2.16606e+02   -3.40279e+01    5.44806e-06


DD  step 444999 load imb.: force  2.8%  pme mesh/force 0.547
           Step           Time
         445000      890.00000

   Energies (kJ/mol)
           Bond          Angle    Proper Dih. Per. Imp. Dih.          LJ-14
    3.08161e+03    9.96273e+03    3.64802e+04    1.94846e+02    1.37537e+04
     Coulomb-14        LJ (SR)  Disper. corr.   Coulomb (SR)   Coul. recip.
   -1.41145e+05    5.15527e+06   -1.73915e+05   -2.91220e+07    4.51515e+04
      Potential    Kinetic En.   Total Energy  Conserved En.    Temperature
   -2.41731e+07    1.16859e+05   -2.40563e+07   -2.38664e+07    9.99981e+00
 Pres. DC (bar) Pressure (bar)   Constr. rmsd
   -2.16524e+02   -4.87969e+01    5.45403e-06


DD  step 449999 load imb.: force  2.7%  pme mesh/force 0.540
           Step           Time
         450000      900.00000

   Energies (kJ/mol)
           Bond          Angle    Proper Dih. Per. Imp. Dih.          LJ-14
    3.01532e+03    9.96737e+03    3.64568e+04    1.91972e+02    1.37528e+04
     Coulomb-14        LJ (SR)  Disper. corr.   Coulomb (SR)   Coul. recip.
   -1.41080e+05    5.15658e+06   -1.73926e+05   -2.91231e+07    4.51171e+04
      Potential    Kinetic En.   Total Energy  Conserved En.    Temperature
   -2.41730e+07    1.16867e+05   -2.40562e+07   -2.38659e+07    1.00005e+01
 Pres. DC (bar) Pressure (bar)   Constr. rmsd
   -2.16552e+02   -3.84043e+01    5.60715e-06


DD  step 454999 load imb.: force  3.0%  pme mesh/force 0.554
           Step           Time
         455000      910.00000

   Energies (kJ/mol)
           Bond          Angle    Proper Dih. Per. Imp. Dih.          LJ-14
    3.06401e+03    1.00234e+04    3.64664e+04    2.00276e+02    1.37486e+04
     Coulomb-14        LJ (SR)  Disper. corr.   Coulomb (SR)   Coul. recip.
   -1.41068e+05    5.16738e+06   -1.74081e+05   -2.91340e+07    4.50609e+04
      Potential    Kinetic En.   Total Energy  Conserved En.    Temperature
   -2.41732e+07    1.16869e+05   -2.40564e+07   -2.38651e+07    1.00007e+01
 Pres. DC (bar) Pressure (bar)   Constr. rmsd
   -2.16939e+02    1.67424e+01    5.35499e-06


DD  step 459999 load imb.: force  3.1%  pme mesh/force 0.542
           Step           Time
         460000      920.00000

   Energies (kJ/mol)
           Bond          Angle    Proper Dih. Per. Imp. Dih.          LJ-14
    3.04235e+03    9.93431e+03    3.65027e+04    1.99768e+02    1.37475e+04
     Coulomb-14        LJ (SR)  Disper. corr.   Coulomb (SR)   Coul. recip.
   -1.41023e+05    5.17122e+06   -1.74174e+05   -2.91379e+07    4.50099e+04
      Potential    Kinetic En.   Total Energy  Conserved En.    Temperature
   -2.41734e+07    1.16755e+05   -2.40567e+07   -2.38644e+07    9.99093e+00
 Pres. DC (bar) Pressure (bar)   Constr. rmsd
   -2.17169e+02    4.28895e+01    5.48125e-06


DD  step 464999 load imb.: force  2.9%  pme mesh/force 0.548
           Step           Time
         465000      930.00000

   Energies (kJ/mol)
           Bond          Angle    Proper Dih. Per. Imp. Dih.          LJ-14
    3.06705e+03    9.89318e+03    3.64887e+04    2.00278e+02    1.37730e+04
     Coulomb-14        LJ (SR)  Disper. corr.   Coulomb (SR)   Coul. recip.
   -1.41065e+05    5.17172e+06   -1.74163e+05   -2.91384e+07    4.50480e+04
      Potential    Kinetic En.   Total Energy  Conserved En.    Temperature
   -2.41735e+07    1.16999e+05   -2.40565e+07   -2.38639e+07    1.00118e+01
 Pres. DC (bar) Pressure (bar)   Constr. rmsd
   -2.17141e+02    4.22177e+01    5.45816e-06


DD  step 469999 load imb.: force  3.2%  pme mesh/force 0.547
           Step           Time
         470000      940.00000

   Energies (kJ/mol)
           Bond          Angle    Proper Dih. Per. Imp. Dih.          LJ-14
    3.06427e+03    9.96016e+03    3.64751e+04    1.88957e+02    1.37416e+04
     Coulomb-14        LJ (SR)  Disper. corr.   Coulomb (SR)   Coul. recip.
   -1.41024e+05    5.16288e+06   -1.74031e+05   -2.91298e+07    4.50938e+04
      Potential    Kinetic En.   Total Energy  Conserved En.    Temperature
   -2.41734e+07    1.16855e+05   -2.40566e+07   -2.38632e+07    9.99947e+00
 Pres. DC (bar) Pressure (bar)   Constr. rmsd
   -2.16814e+02   -5.33956e+00    5.35101e-06


DD  step 474999 load imb.: force  2.8%  pme mesh/force 0.548
           Step           Time
         475000      950.00000

   Energies (kJ/mol)
           Bond          Angle    Proper Dih. Per. Imp. Dih.          LJ-14
    3.03977e+03    9.93914e+03    3.64487e+04    2.01839e+02    1.37671e+04
     Coulomb-14        LJ (SR)  Disper. corr.   Coulomb (SR)   Coul. recip.
   -1.41167e+05    5.15854e+06   -1.73955e+05   -2.91251e+07    4.51468e+04
      Potential    Kinetic En.   Total Energy  Conserved En.    Temperature
   -2.41732e+07    1.16962e+05   -2.40562e+07   -2.38627e+07    1.00086e+01
 Pres. DC (bar) Pressure (bar)   Constr. rmsd
   -2.16626e+02   -2.73149e+01    5.33293e-06


DD  step 479999 load imb.: force  2.8%  pme mesh/force 0.548
           Step           Time
         480000      960.00000

   Energies (kJ/mol)
           Bond          Angle    Proper Dih. Per. Imp. Dih.          LJ-14
    3.01931e+03    1.00020e+04    3.64229e+04    1.93437e+02    1.37432e+04
     Coulomb-14        LJ (SR)  Disper. corr.   Coulomb (SR)   Coul. recip.
   -1.41097e+05    5.15601e+06   -1.73908e+05   -2.91227e+07    4.51300e+04
      Potential    Kinetic En.   Total Energy  Conserved En.    Temperature
   -2.41732e+07    1.16971e+05   -2.40563e+07   -2.38622e+07    1.00094e+01
 Pres. DC (bar) Pressure (bar)   Constr. rmsd
   -2.16507e+02   -4.40555e+01    5.40137e-06

Writing checkpoint, step 480100 at Fri Nov 28 21:43:23 2025



DD  step 484999 load imb.: force  2.8%  pme mesh/force 0.554
           Step           Time
         485000      970.00000

   Energies (kJ/mol)
           Bond          Angle    Proper Dih. Per. Imp. Dih.          LJ-14
    3.05405e+03    1.00077e+04    3.64926e+04    2.01621e+02    1.37170e+04
     Coulomb-14        LJ (SR)  Disper. corr.   Coulomb (SR)   Coul. recip.
   -1.41186e+05    5.15676e+06   -1.73929e+05   -2.91237e+07    4.51759e+04
      Potential    Kinetic En.   Total Energy  Conserved En.    Temperature
   -2.41734e+07    1.16863e+05   -2.40565e+07   -2.38616e+07    1.00002e+01
 Pres. DC (bar) Pressure (bar)   Constr. rmsd
   -2.16559e+02   -4.25000e+01    5.51642e-06


DD  step 489999 load imb.: force  2.9%  pme mesh/force 0.545
           Step           Time
         490000      980.00000

   Energies (kJ/mol)
           Bond          Angle    Proper Dih. Per. Imp. Dih.          LJ-14
    3.07888e+03    9.96646e+03    3.64526e+04    1.96093e+02    1.37430e+04
     Coulomb-14        LJ (SR)  Disper. corr.   Coulomb (SR)   Coul. recip.
   -1.41147e+05    5.16607e+06   -1.74080e+05   -2.91328e+07    4.51514e+04
      Potential    Kinetic En.   Total Energy  Conserved En.    Temperature
   -2.41734e+07    1.16850e+05   -2.40565e+07   -2.38608e+07    9.99902e+00
 Pres. DC (bar) Pressure (bar)   Constr. rmsd
   -2.16936e+02    1.08432e+01    5.49609e-06


DD  step 494999 load imb.: force  2.9%  pme mesh/force 0.548
           Step           Time
         495000      990.00000

   Energies (kJ/mol)
           Bond          Angle    Proper Dih. Per. Imp. Dih.          LJ-14
    3.05577e+03    9.95964e+03    3.64672e+04    1.94404e+02    1.37292e+04
     Coulomb-14        LJ (SR)  Disper. corr.   Coulomb (SR)   Coul. recip.
   -1.41091e+05    5.17842e+06   -1.74279e+05   -2.91449e+07    4.50493e+04
      Potential    Kinetic En.   Total Energy  Conserved En.    Temperature
   -2.41734e+07    1.16821e+05   -2.40566e+07   -2.38598e+07    9.99657e+00
 Pres. DC (bar) Pressure (bar)   Constr. rmsd
   -2.17431e+02    7.95857e+01    5.46414e-06


DD  step 499999 load imb.: force  2.9%  pme mesh/force 0.547
           Step           Time
         500000     1000.00000

Writing checkpoint, step 500000 at Fri Nov 28 21:49:52 2025


   Energies (kJ/mol)
           Bond          Angle    Proper Dih. Per. Imp. Dih.          LJ-14
    3.06366e+03    9.95673e+03    3.65052e+04    2.00459e+02    1.37759e+04
     Coulomb-14        LJ (SR)  Disper. corr.   Coulomb (SR)   Coul. recip.
   -1.41093e+05    5.17405e+06   -1.74206e+05   -2.91408e+07    4.51185e+04
      Potential    Kinetic En.   Total Energy  Conserved En.    Temperature
   -2.41734e+07    1.16751e+05   -2.40567e+07   -2.38586e+07    9.99063e+00
 Pres. DC (bar) Pressure (bar)   Constr. rmsd
   -2.17251e+02    5.70330e+01    5.39308e-06


Energy conservation over simulation part #1 of length 1000 ps, time 0 to 1000 ps
  Conserved energy drift: 1.30e-04 kJ/mol/ps per atom


	<======  ###############  ==>
	<====  A V E R A G E S  ====>
	<==  ###############  ======>

	Statistics over 500001 steps using 5001 frames

   Energies (kJ/mol)
           Bond          Angle    Proper Dih. Per. Imp. Dih.          LJ-14
    2.98967e+03    9.87013e+03    3.64860e+04    1.97131e+02    1.37478e+04
     Coulomb-14        LJ (SR)  Disper. corr.   Coulomb (SR)   Coul. recip.
   -1.41098e+05    5.16309e+06   -1.74020e+05   -2.91272e+07    4.52045e+04
      Potential    Kinetic En.   Total Energy  Conserved En.    Temperature
   -2.41707e+07    1.16884e+05   -2.40538e+07   -2.39095e+07    1.00019e+01
 Pres. DC (bar) Pressure (bar)   Constr. rmsd
   -2.16786e+02   -2.24869e-01    0.00000e+00

          Box-X          Box-Y          Box-Z
    2.66241e+01    2.66241e+01    1.88261e+01

   Total Virial (kJ/mol)
    5.68607e+04   -4.13786e+04    1.95103e+04
   -4.12104e+04    3.01683e+04   -2.87620e+04
    1.96107e+04   -2.87039e+04    3.02374e+04

   Pressure (bar)
   -4.38418e+01    1.03090e+02   -4.81262e+01
    1.02671e+02    2.20348e+01    7.15319e+01
   -4.83761e+01    7.13875e+01    2.11323e+01

      T-Protein  T-non-Protein
    1.00198e+01    1.00019e+01


	M E G A - F L O P S   A C C O U N T I N G

 NB=Group-cutoff nonbonded kernels    NxN=N-by-N cluster Verlet kernels
 RF=Reaction-Field  VdW=Van der Waals  QSTab=quadratic-spline table
 W3=SPC/TIP3p  W4=TIP4p (single or pairs)
 V&F=Potential and force  V=Potential only  F=Force only

 Computing:                               M-Number         M-Flops  % Flops
-----------------------------------------------------------------------------
 Pair Search distance check         2663258.924144    23969330.317     0.1
 NxN Ewald Elec. + LJ [F]         192502884.253680 12705190360.743    48.7
 NxN Ewald Elec. + LJ [V&F]         1944862.860736   208100326.099     0.8
 NxN Ewald Elec. [F]              189007533.223344 11529459526.624    44.2
 NxN Ewald Elec. [V&F]              1909549.189920   160402131.953     0.6
 1,4 nonbonded interactions           16339.532679     1470557.941     0.0
 Calc Weights                       2101870.203732    75667327.334     0.3
 Spread Q Bspline                  44839897.679616    89679795.359     0.3
 Gather F Bspline                  44839897.679616   269039386.078     1.0
 3D-FFT                           105155158.309896   841241266.479     3.2
 Solve PME                          1199522.399040    76769433.539     0.3
 Reset In Box                          7003.417512       21010.253     0.0
 CG-CoM                                7007.621244       21022.864     0.0
 Bonds                                 4544.509089      268126.036     0.0
 Angles                               12232.024464     2054980.110     0.0
 Propers                              21372.542745     4894312.289     0.0
 Impropers                             1166.502333      242632.485     0.0
 Virial                               14031.843044      252573.175     0.0
 Stop-CM                               7007.621244       70076.212     0.0
 Calc-Ekin                           140127.202488     3783434.467     0.0
 Lincs                                 2274.504549      136470.273     0.0
 Lincs-Mat                             5622.011244       22488.045     0.0
 Constraint-V                        698625.897249     6287633.075     0.0
 Constraint-Vir                       13928.392700      334281.425     0.0
 Settle                              231358.962717    85602816.205     0.3
-----------------------------------------------------------------------------
 Total                                             26084981299.380   100.0
-----------------------------------------------------------------------------


    D O M A I N   D E C O M P O S I T I O N   S T A T I S T I C S

 av. #atoms communicated per step for force:  2 x 940032.7


Dynamic load balancing report:
 DLB got disabled because it was unsuitable to use.
 Average load imbalance: 6.6%.
 The balanceable part of the MD step is 63%, load imbalance is computed from this.
 Part of the total run time spent waiting due to load imbalance: 4.1%.
 Average PME mesh/force load: 1.115
 Part of the total run time spent waiting due to PP/PME imbalance: 4.4 %


      R E A L   C Y C L E   A N D   T I M E   A C C O U N T I N G

On 40 MPI ranks doing PP, and
on 24 MPI ranks doing PME

 Activity:              Num   Num      Call    Wall time         Giga-Cycles
                        Ranks Threads  Count      (s)         total sum    %
--------------------------------------------------------------------------------
 Domain decomp.           40    1       5000      82.270       8391.515   0.3
 DD comm. load            40    1       5000       2.854        291.145   0.0
 DD comm. bounds          40    1        700       0.393         40.111   0.0
 Send X to PME            40    1     500001     103.279      10534.462   0.4
 Neighbor search          40    1       5001     255.410      26051.906   1.0
 Comm. coord.             40    1     495000     785.450      80116.158   3.1
 Force                    40    1     500001    8591.970     876383.525  34.2
 Wait + Comm. F           40    1     500001     758.540      77371.295   3.0
 PME mesh *               24    1     500001   10447.004     639358.528  25.0
 PME wait for PP *                              5243.819     320922.693  12.5
 Wait + Recv. PME F       40    1     500001    4584.063     467575.829  18.3
 NB X/F buffer ops.       40    1    1490001      98.188      10015.182   0.4
 Write traj.              40    1        118       1.713        174.719   0.0
 Update                   40    1     500001     125.343      12785.065   0.5
 Constraints              40    1     500001     153.582      15665.428   0.6
 Comm. energies           40    1      50001     126.660      12919.377   0.5
 Rest                                             21.154       2157.710   0.1
--------------------------------------------------------------------------------
 Total                                         15690.869    2560757.487 100.0
--------------------------------------------------------------------------------
(*) Note that with separate PME ranks, the walltime column actually sums to
    twice the total reported, but the cycle count total and % are correct.
--------------------------------------------------------------------------------
 Breakdown of PME mesh activities
--------------------------------------------------------------------------------
 PME redist. X/F          24    1    1000002    5719.972     350063.324  13.7
 PME spread               24    1     500001    1512.648      92574.315   3.6
 PME gather               24    1     500001    1384.713      84744.665   3.3
 PME 3D-FFT               24    1    1000002     738.166      45175.912   1.8
 PME 3D-FFT Comm.         24    1    1000002    1047.757      64122.947   2.5
 PME solve Elec           24    1     500001      42.912       2626.213   0.1
--------------------------------------------------------------------------------

               Core t (s)   Wall t (s)        (%)
       Time:  1004214.766    15690.869     6400.0
                         4h21:30
                 (ns/day)    (hour/ns)
Performance:        5.506        4.359
Finished mdrun on rank 0 Fri Nov 28 21:49:54 2025

