                      :-) GROMACS - gmx mdrun, 2024.3 (-:

Copyright 1991-2024 The GROMACS Authors.
GROMACS is free software; you can redistribute it and/or modify it
under the terms of the GNU Lesser General Public License
as published by the Free Software Foundation; either version 2.1
of the License, or (at your option) any later version.

                         Current GROMACS contributors:
       Mark Abraham           Andrey Alekseenko           Vladimir Basov      
      Cathrine Bergh            Eliane Briand               Ania Brown        
      Mahesh Doijade            Giacomo Fiorin          Stefan Fleischmann    
      Sergey Gorelov         Gilles Gouaillardet            Alan Gray         
     M. Eric Irrgang         Farzaneh Jalalypour            Joe Jordan        
     Carsten Kutzner           Justin A. Lemkul          Magnus Lundborg      
       Pascal Merz              Vedran Miletic            Dmitry Morozov      
       Julien Nabet              Szilard Pall        Andrea Pasquadibisceglie 
    Michele Pellegrino          Hubert Santuz             Roland Schulz       
     Tatiana Shugaeva          Alexey Shvetsov            Philip Turner       
     Alessandra Villa      Sebastian Wingbermuehle  

                         Previous GROMACS contributors:
        Emile Apol             Rossen Apostolov           James Barnett       
        Paul Bauer          Herman J.C. Berendsen          Par Bjelkmar       
      Christian Blau          Viacheslav Bolnykh            Kevin Boyd        
    Aldert van Buuren          Carlo Camilloni           Rudi van Drunen      
      Anton Feenstra           Oliver Fleetwood            Vytas Gapsys       
       Gaurav Garg             Gerrit Groenhof            Bert de Groot       
      Anca Hamuraru           Vincent Hindriksen          Victor Holanda      
     Aleksei Iupinov          Christoph Junghans        Prashanth Kanduri     
   Dimitrios Karkoulis           Peter Kasson             Sebastian Kehl      
     Sebastian Keller             Jiri Kraus               Per Larsson        
      Viveca Lindahl            Erik Marklund           Pieter Meulenhoff     
      Teemu Murtola              Sander Pronk             Michael Shirts      
      Alfons Sijbers            Balint Soproni         David van der Spoel    
      Peter Tieleman            Carsten Uphoff             Jon Vincent        
     Teemu Virolainen         Christian Wennberg           Maarten Wolf       
      Artem Zhmurov       

                  Coordinated by the GROMACS project leaders:
                           Berk Hess and Erik Lindahl

GROMACS:      gmx mdrun, version 2024.3
Executable:   /users/cdohert4/gromacs-2024.3/bin/gmx
Data prefix:  /users/cdohert4/gromacs-2024.3
Working dir:  /oscar/home/cdohert4/Experimental Data/SOX2 Interaction with S100A14 -- Test 2
Process ID:   1312513
Command line:
  gmx mdrun -v -deffnm md_0_10

GROMACS version:     2024.3
Precision:           mixed
Memory model:        64 bit
MPI library:         thread_mpi
OpenMP support:      enabled (GMX_OPENMP_MAX_THREADS = 128)
GPU support:         disabled
SIMD instructions:   AVX_512
CPU FFT library:     fftw-3.3.8-sse2-avx-avx2-avx2_128-avx512
GPU FFT library:     none
Multi-GPU FFT:       none
RDTSCP usage:        enabled
TNG support:         enabled
Hwloc support:       disabled
Tracing support:     disabled
C compiler:          /oscar/rt/9.2/software/0.20-generic/0.20.1/opt/spack/linux-rhel9-x86_64_v3/gcc-11.3.1/gcc-13.1.0-nvrtbp3ngdnok3fg22pzxxczitvtu7ge/bin/gcc GNU 13.1.0
C compiler flags:    -fexcess-precision=fast -funroll-all-loops -march=skylake-avx512 -Wno-missing-field-initializers -O3 -DNDEBUG
C++ compiler:        /oscar/rt/9.2/software/0.20-generic/0.20.1/opt/spack/linux-rhel9-x86_64_v3/gcc-11.3.1/gcc-13.1.0-nvrtbp3ngdnok3fg22pzxxczitvtu7ge/bin/g++ GNU 13.1.0
C++ compiler flags:  -fexcess-precision=fast -funroll-all-loops -march=skylake-avx512 -Wno-missing-field-initializers -Wno-cast-function-type-strict -fopenmp -O3 -DNDEBUG
BLAS library:        Internal
LAPACK library:      Internal


Running on 1 node with total 48 cores, 48 processing units
Hardware detected on host login010:
  CPU info:
    Vendor: Intel
    Brand:  Intel(R) Xeon(R) Platinum 8268 CPU @ 2.90GHz
    Family: 6   Model: 85   Stepping: 7
    Features: aes apic avx avx2 avx512f avx512cd avx512bw avx512vl avx512secondFMA clfsh cmov cx8 cx16 f16c fma htt intel lahf mmx msr nonstop_tsc pcid pclmuldq pdcm pdpe1gb popcnt pse rdrnd rdtscp sse2 sse3 sse4.1 sse4.2 ssse3 tdt x2apic
    Number of AVX-512 FMA units: 2
  Hardware topology: Basic
    Packages, cores, and logical processors:
    [indices refer to OS logical processors]
      Package  0: [   0] [   1] [   2] [   3] [   4] [   5] [   6] [   7] [   8] [   9] [  10] [  11] [  12] [  13] [  14] [  15] [  16] [  17] [  18] [  19] [  20] [  21] [  22] [  23]
      Package  1: [  24] [  25] [  26] [  27] [  28] [  29] [  30] [  31] [  32] [  33] [  34] [  35] [  36] [  37] [  38] [  39] [  40] [  41] [  42] [  43] [  44] [  45] [  46] [  47]
    CPU limit set by OS: 8   Recommended max number of threads: 8


++++ PLEASE READ AND CITE THE FOLLOWING REFERENCE ++++
M. J. Abraham, T. Murtola, R. Schulz, S. Páll, J. C. Smith, B. Hess, E.
Lindahl
GROMACS: High performance molecular simulations through multi-level
parallelism from laptops to supercomputers
SoftwareX 1 (2015) pp. 19-25
-------- -------- --- Thank You --- -------- --------


++++ PLEASE READ AND CITE THE FOLLOWING REFERENCE ++++
S. Páll, M. J. Abraham, C. Kutzner, B. Hess, E. Lindahl
Tackling Exascale Software Challenges in Molecular Dynamics Simulations with
GROMACS
In S. Markidis & E. Laure (Eds.), Solving Software Challenges for Exascale 8759 (2015) pp. 3-27
-------- -------- --- Thank You --- -------- --------


++++ PLEASE READ AND CITE THE FOLLOWING REFERENCE ++++
S. Pronk, S. Páll, R. Schulz, P. Larsson, P. Bjelkmar, R. Apostolov, M. R.
Shirts, J. C. Smith, P. M. Kasson, D. van der Spoel, B. Hess, and E. Lindahl
GROMACS 4.5: a high-throughput and highly parallel open source molecular
simulation toolkit
Bioinformatics 29 (2013) pp. 845-54
-------- -------- --- Thank You --- -------- --------


++++ PLEASE READ AND CITE THE FOLLOWING REFERENCE ++++
B. Hess and C. Kutzner and D. van der Spoel and E. Lindahl
GROMACS 4: Algorithms for highly efficient, load-balanced, and scalable
molecular simulation
J. Chem. Theory Comput. 4 (2008) pp. 435-447
-------- -------- --- Thank You --- -------- --------


++++ PLEASE READ AND CITE THE FOLLOWING REFERENCE ++++
D. van der Spoel, E. Lindahl, B. Hess, G. Groenhof, A. E. Mark and H. J. C.
Berendsen
GROMACS: Fast, Flexible and Free
J. Comp. Chem. 26 (2005) pp. 1701-1719
-------- -------- --- Thank You --- -------- --------


++++ PLEASE READ AND CITE THE FOLLOWING REFERENCE ++++
E. Lindahl and B. Hess and D. van der Spoel
GROMACS 3.0: A package for molecular simulation and trajectory analysis
J. Mol. Mod. 7 (2001) pp. 306-317
-------- -------- --- Thank You --- -------- --------


++++ PLEASE READ AND CITE THE FOLLOWING REFERENCE ++++
H. J. C. Berendsen, D. van der Spoel and R. van Drunen
GROMACS: A message-passing parallel molecular dynamics implementation
Comp. Phys. Comm. 91 (1995) pp. 43-56
-------- -------- --- Thank You --- -------- --------


++++ PLEASE CITE THE DOI FOR THIS VERSION OF GROMACS ++++
https://doi.org/10.5281/zenodo.13456374
-------- -------- --- Thank You --- -------- --------

Input Parameters:
   integrator                     = md
   tinit                          = 0
   dt                             = 0.002
   nsteps                         = 500000
   init-step                      = 0
   simulation-part                = 1
   mts                            = false
   mass-repartition-factor        = 1
   comm-mode                      = Linear
   nstcomm                        = 100
   bd-fric                        = 0
   ld-seed                        = -272707842
   emtol                          = 10
   emstep                         = 0.01
   niter                          = 20
   fcstep                         = 0
   nstcgsteep                     = 1000
   nbfgscorr                      = 10
   rtpi                           = 0.05
   nstxout                        = 0
   nstvout                        = 0
   nstfout                        = 0
   nstlog                         = 5000
   nstcalcenergy                  = 100
   nstenergy                      = 5000
   nstxout-compressed             = 5000
   compressed-x-precision         = 1000
   cutoff-scheme                  = Verlet
   nstlist                        = 10
   pbc                            = xyz
   periodic-molecules             = false
   verlet-buffer-tolerance        = 0.005
   verlet-buffer-pressure-tolerance = 0.5
   rlist                          = 1
   coulombtype                    = PME
   coulomb-modifier               = Potential-shift
   rcoulomb-switch                = 0
   rcoulomb                       = 1
   epsilon-r                      = 1
   epsilon-rf                     = inf
   vdw-type                       = Cut-off
   vdw-modifier                   = Potential-shift
   rvdw-switch                    = 0
   rvdw                           = 1
   DispCorr                       = EnerPres
   table-extension                = 1
   fourierspacing                 = 0.16
   fourier-nx                     = 80
   fourier-ny                     = 80
   fourier-nz                     = 80
   pme-order                      = 4
   ewald-rtol                     = 1e-05
   ewald-rtol-lj                  = 0.001
   lj-pme-comb-rule               = Geometric
   ewald-geometry                 = 3d
   epsilon-surface                = 0
   ensemble-temperature-setting   = constant
   ensemble-temperature           = 10
   tcoupl                         = V-rescale
   nsttcouple                     = 10
   nh-chain-length                = 0
   print-nose-hoover-chain-variables = false
   pcoupl                         = Parrinello-Rahman
   pcoupltype                     = Isotropic
   nstpcouple                     = 50
   tau-p                          = 2
   compressibility (3x3):
      compressibility[    0]={ 4.50000e-05,  0.00000e+00,  0.00000e+00}
      compressibility[    1]={ 0.00000e+00,  4.50000e-05,  0.00000e+00}
      compressibility[    2]={ 0.00000e+00,  0.00000e+00,  4.50000e-05}
   ref-p (3x3):
      ref-p[    0]={ 1.00000e+00,  0.00000e+00,  0.00000e+00}
      ref-p[    1]={ 0.00000e+00,  1.00000e+00,  0.00000e+00}
      ref-p[    2]={ 0.00000e+00,  0.00000e+00,  1.00000e+00}
   refcoord-scaling               = No
   posres-com (3):
      posres-com[0]= 0.00000e+00
      posres-com[1]= 0.00000e+00
      posres-com[2]= 0.00000e+00
   posres-comB (3):
      posres-comB[0]= 0.00000e+00
      posres-comB[1]= 0.00000e+00
      posres-comB[2]= 0.00000e+00
   QMMM                           = false
qm-opts:
   ngQM                           = 0
   constraint-algorithm           = Lincs
   continuation                   = true
   Shake-SOR                      = false
   shake-tol                      = 0.0001
   lincs-order                    = 4
   lincs-iter                     = 1
   lincs-warnangle                = 30
   nwall                          = 0
   wall-type                      = 9-3
   wall-r-linpot                  = -1
   wall-atomtype[0]               = -1
   wall-atomtype[1]               = -1
   wall-density[0]                = 0
   wall-density[1]                = 0
   wall-ewald-zfac                = 3
   pull                           = false
   awh                            = false
   rotation                       = false
   interactiveMD                  = false
   disre                          = No
   disre-weighting                = Conservative
   disre-mixed                    = false
   dr-fc                          = 1000
   dr-tau                         = 0
   nstdisreout                    = 100
   orire-fc                       = 0
   orire-tau                      = 0
   nstorireout                    = 100
   free-energy                    = no
   cos-acceleration               = 0
   deform (3x3):
      deform[    0]={ 0.00000e+00,  0.00000e+00,  0.00000e+00}
      deform[    1]={ 0.00000e+00,  0.00000e+00,  0.00000e+00}
      deform[    2]={ 0.00000e+00,  0.00000e+00,  0.00000e+00}
   simulated-tempering            = false
   swapcoords                     = no
   userint1                       = 0
   userint2                       = 0
   userint3                       = 0
   userint4                       = 0
   userreal1                      = 0
   userreal2                      = 0
   userreal3                      = 0
   userreal4                      = 0
   applied-forces:
     electric-field:
       x:
         E0                       = 0
         omega                    = 0
         t0                       = 0
         sigma                    = 0
       y:
         E0                       = 0
         omega                    = 0
         t0                       = 0
         sigma                    = 0
       z:
         E0                       = 0
         omega                    = 0
         t0                       = 0
         sigma                    = 0
     density-guided-simulation:
       active                     = false
       group                      = protein
       similarity-measure         = inner-product
       atom-spreading-weight      = unity
       force-constant             = 1e+09
       gaussian-transform-spreading-width = 0.2
       gaussian-transform-spreading-range-in-multiples-of-width = 4
       reference-density-filename = reference.mrc
       nst                        = 1
       normalize-densities        = true
       adaptive-force-scaling     = false
       adaptive-force-scaling-time-constant = 4
       shift-vector               = 
       transformation-matrix      = 
     qmmm-cp2k:
       active                     = false
       qmgroup                    = System
       qmmethod                   = PBE
       qmfilenames                = 
       qmcharge                   = 0
       qmmultiplicity             = 1
     colvars:
       active                     = false
       configfile                 = 
       seed                       = -1
grpopts:
   nrdf:     3683.96      306497
   ref-t:          10          10
   tau-t:         0.1         0.1
annealing:          No          No
annealing-npoints:           0           0
   acc:	           0           0           0
   nfreeze:           N           N           N
   energygrp-flags[  0]: 0

Changing nstlist from 10 to 100, rlist from 1 to 1.012


Initializing Domain Decomposition on 1 ranks
Dynamic load balancing: auto
Using update groups, nr 52901, average size 2.9 atoms, max. radius 0.103 nm
Minimum cell size due to atom displacement: 0.240 nm
Initial maximum distances in bonded interactions:
    two-body bonded interactions: 0.424 nm, LJ-14, atoms 105 113
  multi-body bonded interactions: 0.424 nm, Proper Dih., atoms 105 113
Minimum cell size due to bonded interactions: 0.466 nm
Using 0 separate PME ranks because: there are too few total ranks for efficient splitting
Optimizing the DD grid for 1 cells with a minimum initial size of 0.466 nm
The maximum allowed number of cells is: X 22 Y 22 Z 19
Domain decomposition grid 1 x 1 x 1, separate PME ranks 0
PME domain decomposition: 1 x 1 x 1

The initial number of communication pulses is:
The initial domain decomposition cell size is:

The maximum allowed distance for atom groups involved in interactions is:
                 non-bonded interactions           1.218 nm
(the following are initial values, they could change due to box deformation)
            two-body bonded interactions  (-rdd)   1.218 nm
          multi-body bonded interactions  (-rdd)   1.218 nm

When dynamic load balancing gets turned on, these settings will change to:
The maximum number of communication pulses is:
The minimum size for domain decomposition cells is 1.218 nm
The requested allowed shrink of DD cells (option -dds) is: 0.80
The allowed shrink of domain decomposition cells is:
The maximum allowed distance for atom groups involved in interactions is:
                 non-bonded interactions           1.218 nm
            two-body bonded interactions  (-rdd)   1.218 nm
          multi-body bonded interactions  (-rdd)   1.218 nm

Using 1 MPI thread
Using 8 OpenMP threads 

System total charge: -0.000
Will do PME sum in reciprocal space for electrostatic interactions.

++++ PLEASE READ AND CITE THE FOLLOWING REFERENCE ++++
U. Essmann, L. Perera, M. L. Berkowitz, T. Darden, H. Lee and L. G. Pedersen 
A smooth particle mesh Ewald method
J. Chem. Phys. 103 (1995) pp. 8577-8592
-------- -------- --- Thank You --- -------- --------

Using a Gaussian width (1/beta) of 0.320163 nm for Ewald
Potential shift: LJ r^-12: -1.000e+00 r^-6: -1.000e+00, Ewald -1.000e-05
Initialized non-bonded Coulomb Ewald tables, spacing: 9.33e-04 size: 1073

Generated table with 1006 data points for 1-4 COUL.
Tabscale = 500 points/nm
Generated table with 1006 data points for 1-4 LJ6.
Tabscale = 500 points/nm
Generated table with 1006 data points for 1-4 LJ12.
Tabscale = 500 points/nm
Long Range LJ corr.: <C6> 3.0232e-04


Using SIMD2xMM 4x8 nonbonded short-range kernels

Using a 4x8 pair-list setup:
  updated every 100 steps, buffer 0.012 nm, rlist 1.012 nm
At tolerance 0.005 kJ/mol/ps per atom, equivalent classical 1x1 list would be:
  updated every 100 steps, buffer 0.049 nm, rlist 1.049 nm

The average pressure is off by at most 0.24 bar due to missing LJ interactions

Using Lorentz-Berthelot Lennard-Jones combination rule

Linking all bonded interactions to atoms


NOTE: OS CPU limit is lower than logical cpu count, thread pinning disabled.

Initializing LINear Constraint Solver

++++ PLEASE READ AND CITE THE FOLLOWING REFERENCE ++++
B. Hess and H. Bekker and H. J. C. Berendsen and J. G. E. M. Fraaije
LINCS: A Linear Constraint Solver for molecular simulations
J. Comp. Chem. 18 (1997) pp. 1463-1472
-------- -------- --- Thank You --- -------- --------

The number of constraints is 2290

++++ PLEASE READ AND CITE THE FOLLOWING REFERENCE ++++
S. Miyamoto and P. A. Kollman
SETTLE: An Analytical Version of the SHAKE and RATTLE Algorithms for Rigid
Water Models
J. Comp. Chem. 13 (1992) pp. 952-962
-------- -------- --- Thank You --- -------- --------


++++ PLEASE READ AND CITE THE FOLLOWING REFERENCE ++++
G. Bussi, D. Donadio and M. Parrinello
Canonical sampling through velocity rescaling
J. Chem. Phys. 126 (2007) pp. 014101
-------- -------- --- Thank You --- -------- --------

There are: 153125 Atoms

Atom distribution over 1 domains: av 153125 stddev 0 min 153125 max 153125
Center of mass motion removal mode is Linear
We have the following groups for center of mass motion removal:
  0:  rest

Started mdrun on rank 0 Mon Nov 10 00:33:05 2025

           Step           Time
              0        0.00000

   Energies (kJ/mol)
           Bond          Angle    Proper Dih. Per. Imp. Dih.          LJ-14
    1.25045e+03    4.42777e+03    1.74354e+04    1.28701e+02    6.15045e+03
     Coulomb-14        LJ (SR)  Disper. corr.   Coulomb (SR)   Coul. recip.
   -4.18016e+04    5.32315e+05   -2.03106e+04   -3.21816e+06    7.07534e+03
      Potential    Kinetic En.   Total Energy  Conserved En.    Temperature
   -2.71148e+06    1.29346e+04   -2.69855e+06   -2.69846e+06    1.00307e+01
 Pres. DC (bar) Pressure (bar)   Constr. rmsd
   -2.31227e+02   -1.20895e+02    2.57252e-06

           Step           Time
           5000       10.00000

   Energies (kJ/mol)
           Bond          Angle    Proper Dih. Per. Imp. Dih.          LJ-14
    1.27820e+03    4.45366e+03    1.74321e+04    1.34152e+02    6.17818e+03
     Coulomb-14        LJ (SR)  Disper. corr.   Coulomb (SR)   Coul. recip.
   -4.19405e+04    5.35581e+05   -2.03936e+04   -3.22276e+06    6.91262e+03
      Potential    Kinetic En.   Total Energy  Conserved En.    Temperature
   -2.71312e+06    1.29010e+04   -2.70022e+06   -2.69794e+06    1.00047e+01
 Pres. DC (bar) Pressure (bar)   Constr. rmsd
   -2.33118e+02    9.74877e+01    2.53721e-06

           Step           Time
          10000       20.00000

   Energies (kJ/mol)
           Bond          Angle    Proper Dih. Per. Imp. Dih.          LJ-14
    1.28887e+03    4.42302e+03    1.74395e+04    1.33864e+02    6.20356e+03
     Coulomb-14        LJ (SR)  Disper. corr.   Coulomb (SR)   Coul. recip.
   -4.18963e+04    5.38997e+05   -2.04654e+04   -3.22615e+06    6.85847e+03
      Potential    Kinetic En.   Total Energy  Conserved En.    Temperature
   -2.71317e+06    1.28611e+04   -2.70031e+06   -2.69659e+06    9.97374e+00
 Pres. DC (bar) Pressure (bar)   Constr. rmsd
   -2.34762e+02    2.93317e+02    2.59946e-06

           Step           Time
          15000       30.00000

   Energies (kJ/mol)
           Bond          Angle    Proper Dih. Per. Imp. Dih.          LJ-14
    1.25123e+03    4.45177e+03    1.74993e+04    1.33850e+02    6.20775e+03
     Coulomb-14        LJ (SR)  Disper. corr.   Coulomb (SR)   Coul. recip.
   -4.18181e+04    5.33856e+05   -2.04080e+04   -3.22149e+06    6.85314e+03
      Potential    Kinetic En.   Total Energy  Conserved En.    Temperature
   -2.71346e+06    1.29864e+04   -2.70048e+06   -2.69196e+06    1.00710e+01
 Pres. DC (bar) Pressure (bar)   Constr. rmsd
   -2.33448e+02    8.17340e+01    2.54440e-06

Writing checkpoint, step 17200 at Mon Nov 10 00:48:07 2025


           Step           Time
          20000       40.00000

   Energies (kJ/mol)
           Bond          Angle    Proper Dih. Per. Imp. Dih.          LJ-14
    1.31902e+03    4.53463e+03    1.74533e+04    1.35508e+02    6.16392e+03
     Coulomb-14        LJ (SR)  Disper. corr.   Coulomb (SR)   Coul. recip.
   -4.19563e+04    5.10592e+05   -2.00633e+04   -3.19829e+06    6.89392e+03
      Potential    Kinetic En.   Total Energy  Conserved En.    Temperature
   -2.71322e+06    1.30043e+04   -2.70021e+06   -2.67646e+06    1.00848e+01
 Pres. DC (bar) Pressure (bar)   Constr. rmsd
   -2.25637e+02   -1.06275e+03    2.52326e-06

           Step           Time
          25000       50.00000

   Energies (kJ/mol)
           Bond          Angle    Proper Dih. Per. Imp. Dih.          LJ-14
    1.40961e+03    4.61467e+03    1.75203e+04    1.55067e+02    6.21920e+03
     Coulomb-14        LJ (SR)  Disper. corr.   Coulomb (SR)   Coul. recip.
   -4.19625e+04    5.65707e+05   -2.09990e+04   -3.25200e+06    6.47386e+03
      Potential    Kinetic En.   Total Energy  Conserved En.    Temperature
   -2.71286e+06    1.33940e+04   -2.69946e+06   -2.63407e+06    1.03870e+01
 Pres. DC (bar) Pressure (bar)   Constr. rmsd
   -2.47149e+02    1.81447e+03    2.47976e-06

           Step           Time
          30000       60.00000

   Energies (kJ/mol)
           Bond          Angle    Proper Dih. Per. Imp. Dih.          LJ-14
    1.35439e+03    4.70119e+03    1.75336e+04    1.26471e+02    6.19047e+03
     Coulomb-14        LJ (SR)  Disper. corr.   Coulomb (SR)   Coul. recip.
   -4.19127e+04    4.86738e+05   -1.98220e+04   -3.17630e+06    6.61233e+03
      Potential    Kinetic En.   Total Energy  Conserved En.    Temperature
   -2.71478e+06    1.34616e+04   -2.70132e+06   -2.56520e+06    1.04395e+01
 Pres. DC (bar) Pressure (bar)   Constr. rmsd
   -2.20248e+02   -2.08423e+03    2.54222e-06

Writing checkpoint, step 32500 at Mon Nov 10 01:03:07 2025


           Step           Time
          35000       70.00000

   Energies (kJ/mol)
           Bond          Angle    Proper Dih. Per. Imp. Dih.          LJ-14
    1.42247e+03    4.76997e+03    1.76258e+04    1.48324e+02    6.29860e+03
     Coulomb-14        LJ (SR)  Disper. corr.   Coulomb (SR)   Coul. recip.
   -4.18942e+04    5.69196e+05   -2.11269e+04   -3.25932e+06    6.19143e+03
      Potential    Kinetic En.   Total Energy  Conserved En.    Temperature
   -2.71669e+06    1.36318e+04   -2.70306e+06   -2.47950e+06    1.05714e+01
 Pres. DC (bar) Pressure (bar)   Constr. rmsd
   -2.50165e+02    2.09083e+03    2.50661e-06

           Step           Time
          40000       80.00000

   Energies (kJ/mol)
           Bond          Angle    Proper Dih. Per. Imp. Dih.          LJ-14
    1.58846e+03    4.80182e+03    1.75266e+04    1.52658e+02    6.15750e+03
     Coulomb-14        LJ (SR)  Disper. corr.   Coulomb (SR)   Coul. recip.
   -4.21144e+04    5.20512e+05   -2.03326e+04   -3.21493e+06    6.27984e+03
      Potential    Kinetic En.   Total Energy  Conserved En.    Temperature
   -2.72036e+06    1.36867e+04   -2.70667e+06   -2.37894e+06    1.06140e+01
 Pres. DC (bar) Pressure (bar)   Constr. rmsd
   -2.31729e+02   -6.48059e+02    2.51049e-06

           Step           Time
          45000       90.00000

   Energies (kJ/mol)
           Bond          Angle    Proper Dih. Per. Imp. Dih.          LJ-14
    1.32268e+03    4.82450e+03    1.76195e+04    1.31184e+02    6.20201e+03
     Coulomb-14        LJ (SR)  Disper. corr.   Coulomb (SR)   Coul. recip.
   -4.18971e+04    4.86430e+05   -1.98933e+04   -3.17997e+06    6.40136e+03
      Potential    Kinetic En.   Total Energy  Conserved En.    Temperature
   -2.71883e+06    1.44987e+04   -2.70433e+06   -2.25747e+06    1.12437e+01
 Pres. DC (bar) Pressure (bar)   Constr. rmsd
   -2.21834e+02   -2.05471e+03    2.55431e-06

Writing checkpoint, step 47800 at Mon Nov 10 01:18:07 2025


           Step           Time
          50000      100.00000

   Energies (kJ/mol)
           Bond          Angle    Proper Dih. Per. Imp. Dih.          LJ-14
    1.41945e+03    4.86750e+03    1.76647e+04    1.52741e+02    6.32842e+03
     Coulomb-14        LJ (SR)  Disper. corr.   Coulomb (SR)   Coul. recip.
   -4.18408e+04    5.65939e+05   -2.11201e+04   -3.25972e+06    6.04222e+03
      Potential    Kinetic En.   Total Energy  Conserved En.    Temperature
   -2.72026e+06    1.40324e+04   -2.70623e+06   -2.13893e+06    1.08821e+01
 Pres. DC (bar) Pressure (bar)   Constr. rmsd
   -2.50005e+02    1.94847e+03    2.51967e-06

           Step           Time
          55000      110.00000

   Energies (kJ/mol)
           Bond          Angle    Proper Dih. Per. Imp. Dih.          LJ-14
    1.56818e+03    4.77635e+03    1.75409e+04    1.59754e+02    6.23776e+03
     Coulomb-14        LJ (SR)  Disper. corr.   Coulomb (SR)   Coul. recip.
   -4.20069e+04    5.68132e+05   -2.10420e+04   -3.26181e+06    5.99248e+03
      Potential    Kinetic En.   Total Energy  Conserved En.    Temperature
   -2.72046e+06    1.46465e+04   -2.70581e+06   -2.00378e+06    1.13583e+01
 Pres. DC (bar) Pressure (bar)   Constr. rmsd
   -2.48160e+02    1.81523e+03    2.52547e-06

           Step           Time
          60000      120.00000

   Energies (kJ/mol)
           Bond          Angle    Proper Dih. Per. Imp. Dih.          LJ-14
    1.55777e+03    4.95536e+03    1.74658e+04    1.35870e+02    6.12455e+03
     Coulomb-14        LJ (SR)  Disper. corr.   Coulomb (SR)   Coul. recip.
   -4.20862e+04    4.81375e+05   -1.98514e+04   -3.17622e+06    6.28483e+03
      Potential    Kinetic En.   Total Energy  Conserved En.    Temperature
   -2.72026e+06    1.33742e+04   -2.70689e+06   -1.87102e+06    1.03716e+01
 Pres. DC (bar) Pressure (bar)   Constr. rmsd
   -2.20901e+02   -2.41106e+03    2.67254e-06

Writing checkpoint, step 63000 at Mon Nov 10 01:33:09 2025


           Step           Time
          65000      130.00000

   Energies (kJ/mol)
           Bond          Angle    Proper Dih. Per. Imp. Dih.          LJ-14
    1.34327e+03    4.84861e+03    1.76492e+04    1.29490e+02    6.22066e+03
     Coulomb-14        LJ (SR)  Disper. corr.   Coulomb (SR)   Coul. recip.
   -4.19501e+04    4.85633e+05   -1.99207e+04   -3.18134e+06    6.29513e+03
      Potential    Kinetic En.   Total Energy  Conserved En.    Temperature
   -2.72109e+06    1.52036e+04   -2.70589e+06   -1.70868e+06    1.17904e+01
 Pres. DC (bar) Pressure (bar)   Constr. rmsd
   -2.22445e+02   -2.07227e+03    2.60900e-06

           Step           Time
          70000      140.00000

   Energies (kJ/mol)
           Bond          Angle    Proper Dih. Per. Imp. Dih.          LJ-14
    1.45576e+03    4.99116e+03    1.76989e+04    1.40636e+02    6.34727e+03
     Coulomb-14        LJ (SR)  Disper. corr.   Coulomb (SR)   Coul. recip.
   -4.18821e+04    5.56882e+05   -2.09878e+04   -3.25380e+06    5.96539e+03
      Potential    Kinetic En.   Total Energy  Conserved En.    Temperature
   -2.72319e+06    1.47660e+04   -2.70842e+06   -1.54793e+06    1.14510e+01
 Pres. DC (bar) Pressure (bar)   Constr. rmsd
   -2.46886e+02    1.46587e+03    2.54625e-06

           Step           Time
          75000      150.00000

   Energies (kJ/mol)
           Bond          Angle    Proper Dih. Per. Imp. Dih.          LJ-14
    1.45516e+03    4.73792e+03    1.76545e+04    1.60685e+02    6.36099e+03
     Coulomb-14        LJ (SR)  Disper. corr.   Coulomb (SR)   Coul. recip.
   -4.17592e+04    5.90765e+05   -2.14808e+04   -3.28176e+06    5.84215e+03
      Potential    Kinetic En.   Total Energy  Conserved En.    Temperature
   -2.71803e+06    1.46008e+04   -2.70343e+06   -1.37811e+06    1.13229e+01
 Pres. DC (bar) Pressure (bar)   Constr. rmsd
   -2.58608e+02    3.28426e+03    2.47257e-06

Writing checkpoint, step 78200 at Mon Nov 10 01:48:11 2025


           Step           Time
          80000      160.00000

   Energies (kJ/mol)
           Bond          Angle    Proper Dih. Per. Imp. Dih.          LJ-14
    1.66082e+03    4.92417e+03    1.75101e+04    1.55296e+02    6.22263e+03
     Coulomb-14        LJ (SR)  Disper. corr.   Coulomb (SR)   Coul. recip.
   -4.20490e+04    5.41456e+05   -2.06520e+04   -3.23992e+06    5.92991e+03
      Potential    Kinetic En.   Total Energy  Conserved En.    Temperature
   -2.72477e+06    1.43284e+04   -2.71044e+06   -1.22001e+06    1.11117e+01
 Pres. DC (bar) Pressure (bar)   Constr. rmsd
   -2.39058e+02    3.40158e+02    2.57862e-06

           Step           Time
          85000      170.00000

   Energies (kJ/mol)
           Bond          Angle    Proper Dih. Per. Imp. Dih.          LJ-14
    1.51678e+03    4.91337e+03    1.75316e+04    1.30409e+02    6.11209e+03
     Coulomb-14        LJ (SR)  Disper. corr.   Coulomb (SR)   Coul. recip.
   -4.20810e+04    4.73790e+05   -1.97662e+04   -3.16958e+06    6.11583e+03
      Potential    Kinetic En.   Total Energy  Conserved En.    Temperature
   -2.72131e+06    1.35602e+04   -2.70775e+06   -1.07127e+06    1.05159e+01
 Pres. DC (bar) Pressure (bar)   Constr. rmsd
   -2.19012e+02   -2.72234e+03    2.57313e-06

           Step           Time
          90000      180.00000

   Energies (kJ/mol)
           Bond          Angle    Proper Dih. Per. Imp. Dih.          LJ-14
    1.34741e+03    4.83929e+03    1.76816e+04    1.22937e+02    6.24037e+03
     Coulomb-14        LJ (SR)  Disper. corr.   Coulomb (SR)   Coul. recip.
   -4.18806e+04    4.94411e+05   -2.00574e+04   -3.19313e+06    6.07744e+03
      Potential    Kinetic En.   Total Energy  Conserved En.    Temperature
   -2.72434e+06    1.49199e+04   -2.70943e+06   -9.28989e+05    1.15703e+01
 Pres. DC (bar) Pressure (bar)   Constr. rmsd
   -2.25505e+02   -1.69808e+03    2.54162e-06

Writing checkpoint, step 93300 at Mon Nov 10 02:03:07 2025


           Step           Time
          95000      190.00000

   Energies (kJ/mol)
           Bond          Angle    Proper Dih. Per. Imp. Dih.          LJ-14
    1.47987e+03    4.88856e+03    1.77365e+04    1.36511e+02    6.34651e+03
     Coulomb-14        LJ (SR)  Disper. corr.   Coulomb (SR)   Coul. recip.
   -4.18919e+04    5.58768e+05   -2.10099e+04   -3.25773e+06    5.85409e+03
      Potential    Kinetic En.   Total Energy  Conserved En.    Temperature
   -2.72542e+06    1.42635e+04   -2.71116e+06   -8.00420e+05    1.10613e+01
 Pres. DC (bar) Pressure (bar)   Constr. rmsd
   -2.47405e+02    1.51434e+03    2.53637e-06

           Step           Time
         100000      200.00000

   Energies (kJ/mol)
           Bond          Angle    Proper Dih. Per. Imp. Dih.          LJ-14
    1.47407e+03    4.73050e+03    1.76341e+04    1.57734e+02    6.30465e+03
     Coulomb-14        LJ (SR)  Disper. corr.   Coulomb (SR)   Coul. recip.
   -4.18652e+04    5.84736e+05   -2.13858e+04   -3.27908e+06    5.74287e+03
      Potential    Kinetic En.   Total Energy  Conserved En.    Temperature
   -2.72155e+06    1.43066e+04   -2.70724e+06   -6.70440e+05    1.10948e+01
 Pres. DC (bar) Pressure (bar)   Constr. rmsd
   -2.56326e+02    2.88135e+03    2.48902e-06

           Step           Time
         105000      210.00000

   Energies (kJ/mol)
           Bond          Angle    Proper Dih. Per. Imp. Dih.          LJ-14
    1.66520e+03    4.84648e+03    1.75230e+04    1.56165e+02    6.19267e+03
     Coulomb-14        LJ (SR)  Disper. corr.   Coulomb (SR)   Coul. recip.
   -4.20332e+04    5.45550e+05   -2.07294e+04   -3.24507e+06    5.85209e+03
      Potential    Kinetic En.   Total Energy  Conserved En.    Temperature
   -2.72605e+06    1.43200e+04   -2.71173e+06   -5.36411e+05    1.11051e+01
 Pres. DC (bar) Pressure (bar)   Constr. rmsd
   -2.40849e+02    5.49312e+02    2.62664e-06

Writing checkpoint, step 108600 at Mon Nov 10 02:18:07 2025


           Step           Time
         110000      220.00000

   Energies (kJ/mol)
           Bond          Angle    Proper Dih. Per. Imp. Dih.          LJ-14
    1.57284e+03    4.92828e+03    1.75623e+04    1.38653e+02    6.13033e+03
     Coulomb-14        LJ (SR)  Disper. corr.   Coulomb (SR)   Coul. recip.
   -4.21551e+04    4.82542e+05   -1.98968e+04   -3.18088e+06    6.05985e+03
      Potential    Kinetic En.   Total Energy  Conserved En.    Temperature
   -2.72400e+06    1.32575e+04   -2.71074e+06   -4.04222e+05    1.02812e+01
 Pres. DC (bar) Pressure (bar)   Constr. rmsd
   -2.21911e+02   -2.37236e+03    2.53864e-06

           Step           Time
         115000      230.00000

   Energies (kJ/mol)
           Bond          Angle    Proper Dih. Per. Imp. Dih.          LJ-14
    1.37242e+03    4.75405e+03    1.76648e+04    1.27801e+02    6.18376e+03
     Coulomb-14        LJ (SR)  Disper. corr.   Coulomb (SR)   Coul. recip.
   -4.18530e+04    4.81844e+05   -1.98893e+04   -3.18009e+06    6.05013e+03
      Potential    Kinetic En.   Total Energy  Conserved En.    Temperature
   -2.72383e+06    1.45171e+04   -2.70932e+06   -2.69535e+05    1.12580e+01
 Pres. DC (bar) Pressure (bar)   Constr. rmsd
   -2.21745e+02   -2.29672e+03    2.63294e-06

           Step           Time
         120000      240.00000

   Energies (kJ/mol)
           Bond          Angle    Proper Dih. Per. Imp. Dih.          LJ-14
    1.42054e+03    4.84248e+03    1.77086e+04    1.31528e+02    6.29310e+03
     Coulomb-14        LJ (SR)  Disper. corr.   Coulomb (SR)   Coul. recip.
   -4.18126e+04    5.36325e+05   -2.06695e+04   -3.23801e+06    5.87649e+03
      Potential    Kinetic En.   Total Energy  Conserved En.    Temperature
   -2.72790e+06    1.45976e+04   -2.71330e+06   -1.50453e+05    1.13204e+01
 Pres. DC (bar) Pressure (bar)   Constr. rmsd
   -2.39461e+02    3.12137e+02    2.56499e-06

Writing checkpoint, step 123800 at Mon Nov 10 02:33:09 2025


           Step           Time
         125000      250.00000

   Energies (kJ/mol)
           Bond          Angle    Proper Dih. Per. Imp. Dih.          LJ-14
    1.46244e+03    4.77016e+03    1.76652e+04    1.45752e+02    6.32478e+03
     Coulomb-14        LJ (SR)  Disper. corr.   Coulomb (SR)   Coul. recip.
   -4.18035e+04    5.79852e+05   -2.13395e+04   -3.27648e+06    5.75865e+03
      Potential    Kinetic En.   Total Energy  Conserved En.    Temperature
   -2.72364e+06    1.37957e+04   -2.70985e+06   -3.24558e+04    1.06985e+01
 Pres. DC (bar) Pressure (bar)   Constr. rmsd
   -2.55219e+02    2.63076e+03    2.53325e-06

           Step           Time
         130000      260.00000

   Energies (kJ/mol)
           Bond          Angle    Proper Dih. Per. Imp. Dih.          LJ-14
    1.57140e+03    4.77071e+03    1.76231e+04    1.58840e+02    6.30606e+03
     Coulomb-14        LJ (SR)  Disper. corr.   Coulomb (SR)   Coul. recip.
   -4.19076e+04    5.76556e+05   -2.12121e+04   -3.27332e+06    5.75609e+03
      Potential    Kinetic En.   Total Energy  Conserved En.    Temperature
   -2.72370e+06    1.47106e+04   -2.70899e+06    1.00520e+05    1.14080e+01
 Pres. DC (bar) Pressure (bar)   Constr. rmsd
   -2.52184e+02    2.30623e+03    2.56554e-06

           Step           Time
         135000      270.00000

   Energies (kJ/mol)
           Bond          Angle    Proper Dih. Per. Imp. Dih.          LJ-14
    1.69900e+03    4.90812e+03    1.75250e+04    1.49754e+02    6.15201e+03
     Coulomb-14        LJ (SR)  Disper. corr.   Coulomb (SR)   Coul. recip.
   -4.21229e+04    5.25158e+05   -2.04448e+04   -3.22602e+06    5.90749e+03
      Potential    Kinetic En.   Total Energy  Conserved En.    Temperature
   -2.72709e+06    1.39843e+04   -2.71310e+06    2.48013e+05    1.08448e+01
 Pres. DC (bar) Pressure (bar)   Constr. rmsd
   -2.34290e+02   -4.96384e+02    2.53516e-06

           Step           Time
         140000      280.00000

   Energies (kJ/mol)
           Bond          Angle    Proper Dih. Per. Imp. Dih.          LJ-14
    1.56506e+03    4.88768e+03    1.75422e+04    1.35072e+02    6.09307e+03
     Coulomb-14        LJ (SR)  Disper. corr.   Coulomb (SR)   Coul. recip.
   -4.20962e+04    4.75390e+05   -1.98126e+04   -3.17336e+06    6.02795e+03
      Potential    Kinetic En.   Total Energy  Conserved En.    Temperature
   -2.72363e+06    1.34437e+04   -2.71019e+06    3.98472e+05    1.04256e+01
 Pres. DC (bar) Pressure (bar)   Constr. rmsd
   -2.20041e+02   -2.68909e+03    2.59584e-06

Writing checkpoint, step 140300 at Mon Nov 10 02:48:12 2025


           Step           Time
         145000      290.00000

   Energies (kJ/mol)
           Bond          Angle    Proper Dih. Per. Imp. Dih.          LJ-14
    1.40777e+03    4.79197e+03    1.76379e+04    1.29504e+02    6.16479e+03
     Coulomb-14        LJ (SR)  Disper. corr.   Coulomb (SR)   Coul. recip.
   -4.19066e+04    4.74133e+05   -1.98010e+04   -3.17204e+06    6.01987e+03
      Potential    Kinetic En.   Total Energy  Conserved En.    Temperature
   -2.72346e+06    1.43175e+04   -2.70914e+06    5.52904e+05    1.11032e+01
 Pres. DC (bar) Pressure (bar)   Constr. rmsd
   -2.19782e+02   -2.64263e+03    2.61912e-06

           Step           Time
         150000      300.00000

   Energies (kJ/mol)
           Bond          Angle    Proper Dih. Per. Imp. Dih.          LJ-14
    1.38716e+03    4.88078e+03    1.76923e+04    1.31431e+02    6.26111e+03
     Coulomb-14        LJ (SR)  Disper. corr.   Coulomb (SR)   Coul. recip.
   -4.18606e+04    5.16174e+05   -2.03937e+04   -3.21830e+06    5.85042e+03
      Potential    Kinetic En.   Total Energy  Conserved En.    Temperature
   -2.72818e+06    1.49123e+04   -2.71326e+06    6.88026e+05    1.15645e+01
 Pres. DC (bar) Pressure (bar)   Constr. rmsd
   -2.33120e+02   -6.65742e+02    2.61973e-06

           Step           Time
         155000      310.00000

   Energies (kJ/mol)
           Bond          Angle    Proper Dih. Per. Imp. Dih.          LJ-14
    1.43503e+03    4.85302e+03    1.76311e+04    1.42939e+02    6.31837e+03
     Coulomb-14        LJ (SR)  Disper. corr.   Coulomb (SR)   Coul. recip.
   -4.18194e+04    5.68575e+05   -2.11791e+04   -3.26798e+06    5.71332e+03
      Potential    Kinetic En.   Total Energy  Conserved En.    Temperature
   -2.72631e+06    1.40194e+04   -2.71229e+06    8.10831e+05    1.08720e+01
 Pres. DC (bar) Pressure (bar)   Constr. rmsd
   -2.51402e+02    2.03024e+03    2.54524e-06

Writing checkpoint, step 155400 at Mon Nov 10 03:03:07 2025


           Step           Time
         160000      320.00000

   Energies (kJ/mol)
           Bond          Angle    Proper Dih. Per. Imp. Dih.          LJ-14
    1.50603e+03    4.71781e+03    1.76081e+04    1.62500e+02    6.32653e+03
     Coulomb-14        LJ (SR)  Disper. corr.   Coulomb (SR)   Coul. recip.
   -4.18927e+04    5.83599e+05   -2.13686e+04   -3.27983e+06    5.68305e+03
      Potential    Kinetic En.   Total Energy  Conserved En.    Temperature
   -2.72349e+06    1.43171e+04   -2.70918e+06    9.43164e+05    1.11029e+01
 Pres. DC (bar) Pressure (bar)   Constr. rmsd
   -2.55915e+02    2.79707e+03    2.58701e-06

           Step           Time
         165000      330.00000

   Energies (kJ/mol)
           Bond          Angle    Proper Dih. Per. Imp. Dih.          LJ-14
    1.64284e+03    4.73991e+03    1.75238e+04    1.53302e+02    6.17014e+03
     Coulomb-14        LJ (SR)  Disper. corr.   Coulomb (SR)   Coul. recip.
   -4.19841e+04    5.45537e+05   -2.07299e+04   -3.24678e+06    5.78362e+03
      Potential    Kinetic En.   Total Energy  Conserved En.    Temperature
   -2.72795e+06    1.41870e+04   -2.71376e+06    1.06346e+06    1.10020e+01
 Pres. DC (bar) Pressure (bar)   Constr. rmsd
   -2.40861e+02    5.24398e+02    2.61526e-06

           Step           Time
         170000      340.00000

   Energies (kJ/mol)
           Bond          Angle    Proper Dih. Per. Imp. Dih.          LJ-14
    1.55825e+03    4.81688e+03    1.75590e+04    1.35744e+02    6.14039e+03
     Coulomb-14        LJ (SR)  Disper. corr.   Coulomb (SR)   Coul. recip.
   -4.20866e+04    4.88491e+05   -1.99783e+04   -3.18887e+06    5.95384e+03
      Potential    Kinetic En.   Total Energy  Conserved En.    Temperature
   -2.72628e+06    1.31637e+04   -2.71311e+06    1.17598e+06    1.02084e+01
 Pres. DC (bar) Pressure (bar)   Constr. rmsd
   -2.23731e+02   -2.12339e+03    2.54550e-06

Writing checkpoint, step 170600 at Mon Nov 10 03:18:07 2025


           Step           Time
         175000      350.00000

   Energies (kJ/mol)
           Bond          Angle    Proper Dih. Per. Imp. Dih.          LJ-14
    1.39476e+03    4.73780e+03    1.76754e+04    1.30755e+02    6.18978e+03
     Coulomb-14        LJ (SR)  Disper. corr.   Coulomb (SR)   Coul. recip.
   -4.19157e+04    4.83771e+05   -1.99334e+04   -3.18357e+06    5.94264e+03
      Potential    Kinetic En.   Total Energy  Conserved En.    Temperature
   -2.72558e+06    1.43556e+04   -2.71123e+06    1.29303e+06    1.11327e+01
 Pres. DC (bar) Pressure (bar)   Constr. rmsd
   -2.22728e+02   -2.20783e+03    2.64941e-06

           Step           Time
         180000      360.00000

   Energies (kJ/mol)
           Bond          Angle    Proper Dih. Per. Imp. Dih.          LJ-14
    1.38619e+03    4.84096e+03    1.76741e+04    1.30863e+02    6.28633e+03
     Coulomb-14        LJ (SR)  Disper. corr.   Coulomb (SR)   Coul. recip.
   -4.18551e+04    5.29203e+05   -2.05884e+04   -3.23215e+06    5.80762e+03
      Potential    Kinetic En.   Total Energy  Conserved En.    Temperature
   -2.72926e+06    1.44795e+04   -2.71478e+06    1.40244e+06    1.12288e+01
 Pres. DC (bar) Pressure (bar)   Constr. rmsd
   -2.37589e+02   -2.76760e+01    2.54123e-06

           Step           Time
         185000      370.00000

   Energies (kJ/mol)
           Bond          Angle    Proper Dih. Per. Imp. Dih.          LJ-14
    1.47097e+03    4.76443e+03    1.76177e+04    1.49298e+02    6.29802e+03
     Coulomb-14        LJ (SR)  Disper. corr.   Coulomb (SR)   Coul. recip.
   -4.19131e+04    5.75399e+05   -2.12822e+04   -3.27389e+06    5.70395e+03
      Potential    Kinetic En.   Total Energy  Conserved En.    Temperature
   -2.72568e+06    1.37662e+04   -2.71191e+06    1.50994e+06    1.06757e+01
 Pres. DC (bar) Pressure (bar)   Constr. rmsd
   -2.53852e+02    2.38623e+03    2.53731e-06

Writing checkpoint, step 185900 at Mon Nov 10 03:33:12 2025


           Step           Time
         190000      380.00000

   Energies (kJ/mol)
           Bond          Angle    Proper Dih. Per. Imp. Dih.          LJ-14
    1.56705e+03    4.68926e+03    1.75397e+04    1.59723e+02    6.25434e+03
     Coulomb-14        LJ (SR)  Disper. corr.   Coulomb (SR)   Coul. recip.
   -4.18885e+04    5.74623e+05   -2.12014e+04   -3.27287e+06    5.69749e+03
      Potential    Kinetic En.   Total Energy  Conserved En.    Temperature
   -2.72543e+06    1.43688e+04   -2.71106e+06    1.62850e+06    1.11430e+01
 Pres. DC (bar) Pressure (bar)   Constr. rmsd
   -2.51929e+02    2.19031e+03    2.58362e-06

           Step           Time
         195000      390.00000

   Energies (kJ/mol)
           Bond          Angle    Proper Dih. Per. Imp. Dih.          LJ-14
    1.64525e+03    4.75557e+03    1.74877e+04    1.42091e+02    6.13075e+03
     Coulomb-14        LJ (SR)  Disper. corr.   Coulomb (SR)   Coul. recip.
   -4.20860e+04    5.21854e+05   -2.04169e+04   -3.22418e+06    5.87702e+03
      Potential    Kinetic En.   Total Energy  Conserved En.    Temperature
   -2.72879e+06    1.36455e+04   -2.71514e+06    1.73757e+06    1.05821e+01
 Pres. DC (bar) Pressure (bar)   Constr. rmsd
   -2.33652e+02   -6.38304e+02    2.61685e-06

           Step           Time
         200000      400.00000

   Energies (kJ/mol)
           Bond          Angle    Proper Dih. Per. Imp. Dih.          LJ-14
    1.48624e+03    4.76865e+03    1.75682e+04    1.30984e+02    6.12581e+03
     Coulomb-14        LJ (SR)  Disper. corr.   Coulomb (SR)   Coul. recip.
   -4.21062e+04    4.82488e+05   -1.99047e+04   -3.18257e+06    5.98036e+03
      Potential    Kinetic En.   Total Energy  Conserved En.    Temperature
   -2.72604e+06    1.34464e+04   -2.71259e+06    1.84584e+06    1.04277e+01
 Pres. DC (bar) Pressure (bar)   Constr. rmsd
   -2.22088e+02   -2.36361e+03    2.51729e-06

Writing checkpoint, step 201100 at Mon Nov 10 03:48:07 2025


           Step           Time
         205000      410.00000

   Energies (kJ/mol)
           Bond          Angle    Proper Dih. Per. Imp. Dih.          LJ-14
    1.38879e+03    4.73920e+03    1.76271e+04    1.31109e+02    6.21564e+03
     Coulomb-14        LJ (SR)  Disper. corr.   Coulomb (SR)   Coul. recip.
   -4.18452e+04    4.98460e+05   -2.01316e+04   -3.20027e+06    5.89525e+03
      Potential    Kinetic En.   Total Energy  Conserved En.    Temperature
   -2.72779e+06    1.43248e+04   -2.71346e+06    1.94810e+06    1.11088e+01
 Pres. DC (bar) Pressure (bar)   Constr. rmsd
   -2.27175e+02   -1.54782e+03    2.55772e-06

           Step           Time
         210000      420.00000

   Energies (kJ/mol)
           Bond          Angle    Proper Dih. Per. Imp. Dih.          LJ-14
    1.40968e+03    4.78936e+03    1.76311e+04    1.36594e+02    6.27873e+03
     Coulomb-14        LJ (SR)  Disper. corr.   Coulomb (SR)   Coul. recip.
   -4.18362e+04    5.48322e+05   -2.08595e+04   -3.25118e+06    5.76867e+03
      Potential    Kinetic En.   Total Energy  Conserved En.    Temperature
   -2.72954e+06    1.41463e+04   -2.71539e+06    2.03473e+06    1.09704e+01
 Pres. DC (bar) Pressure (bar)   Constr. rmsd
   -2.43879e+02    8.95754e+02    2.50439e-06

           Step           Time
         215000      430.00000

   Energies (kJ/mol)
           Bond          Angle    Proper Dih. Per. Imp. Dih.          LJ-14
    1.45502e+03    4.69891e+03    1.75846e+04    1.56389e+02    6.27473e+03
     Coulomb-14        LJ (SR)  Disper. corr.   Coulomb (SR)   Coul. recip.
   -4.18673e+04    5.76157e+05   -2.12782e+04   -3.27503e+06    5.68335e+03
      Potential    Kinetic En.   Total Energy  Conserved En.    Temperature
   -2.72616e+06    1.37633e+04   -2.71240e+06    2.12534e+06    1.06734e+01
 Pres. DC (bar) Pressure (bar)   Constr. rmsd
   -2.53757e+02    2.37360e+03    2.51783e-06

Writing checkpoint, step 216500 at Mon Nov 10 04:03:10 2025


           Step           Time
         220000      440.00000

   Energies (kJ/mol)
           Bond          Angle    Proper Dih. Per. Imp. Dih.          LJ-14
    1.57516e+03    4.70692e+03    1.74942e+04    1.48161e+02    6.20208e+03
     Coulomb-14        LJ (SR)  Disper. corr.   Coulomb (SR)   Coul. recip.
   -4.20409e+04    5.49901e+05   -2.08133e+04   -3.25177e+06    5.77699e+03
      Potential    Kinetic En.   Total Energy  Conserved En.    Temperature
   -2.72882e+06    1.38868e+04   -2.71493e+06    2.21078e+06    1.07691e+01
 Pres. DC (bar) Pressure (bar)   Constr. rmsd
   -2.42802e+02    7.88866e+02    2.55950e-06

           Step           Time
         225000      450.00000

   Energies (kJ/mol)
           Bond          Angle    Proper Dih. Per. Imp. Dih.          LJ-14
    1.51733e+03    4.75748e+03    1.75445e+04    1.32404e+02    6.11847e+03
     Coulomb-14        LJ (SR)  Disper. corr.   Coulomb (SR)   Coul. recip.
   -4.21311e+04    4.95208e+05   -2.00723e+04   -3.19701e+06    5.91964e+03
      Potential    Kinetic En.   Total Energy  Conserved En.    Temperature
   -2.72802e+06    1.31922e+04   -2.71483e+06    2.29363e+06    1.02305e+01
 Pres. DC (bar) Pressure (bar)   Constr. rmsd
   -2.25840e+02   -1.83595e+03    2.56739e-06

           Step           Time
         230000      460.00000

   Energies (kJ/mol)
           Bond          Angle    Proper Dih. Per. Imp. Dih.          LJ-14
    1.39452e+03    4.70823e+03    1.76069e+04    1.25704e+02    6.18895e+03
     Coulomb-14        LJ (SR)  Disper. corr.   Coulomb (SR)   Coul. recip.
   -4.19226e+04    4.90657e+05   -2.00227e+04   -3.19200e+06    5.91314e+03
      Potential    Kinetic En.   Total Energy  Conserved En.    Temperature
   -2.72735e+06    1.40026e+04   -2.71335e+06    2.38586e+06    1.08590e+01
 Pres. DC (bar) Pressure (bar)   Constr. rmsd
   -2.24727e+02   -1.93709e+03    2.55812e-06

Writing checkpoint, step 231600 at Mon Nov 10 04:18:08 2025


           Step           Time
         235000      470.00000

   Energies (kJ/mol)
           Bond          Angle    Proper Dih. Per. Imp. Dih.          LJ-14
    1.35458e+03    4.76007e+03    1.76056e+04    1.31334e+02    6.29211e+03
     Coulomb-14        LJ (SR)  Disper. corr.   Coulomb (SR)   Coul. recip.
   -4.18084e+04    5.36015e+05   -2.06790e+04   -3.23966e+06    5.81691e+03
      Potential    Kinetic En.   Total Energy  Conserved En.    Temperature
   -2.73018e+06    1.42225e+04   -2.71595e+06    2.47390e+06    1.10295e+01
 Pres. DC (bar) Pressure (bar)   Constr. rmsd
   -2.39681e+02    2.73552e+02    2.54556e-06

           Step           Time
         240000      480.00000

   Energies (kJ/mol)
           Bond          Angle    Proper Dih. Per. Imp. Dih.          LJ-14
    1.43853e+03    4.70805e+03    1.76210e+04    1.51986e+02    6.29954e+03
     Coulomb-14        LJ (SR)  Disper. corr.   Coulomb (SR)   Coul. recip.
   -4.18354e+04    5.75042e+05   -2.12721e+04   -3.27447e+06    5.66531e+03
      Potential    Kinetic En.   Total Energy  Conserved En.    Temperature
   -2.72665e+06    1.36718e+04   -2.71298e+06    2.57141e+06    1.06024e+01
 Pres. DC (bar) Pressure (bar)   Constr. rmsd
   -2.53612e+02    2.34991e+03    2.45699e-06

           Step           Time
         245000      490.00000

   Energies (kJ/mol)
           Bond          Angle    Proper Dih. Per. Imp. Dih.          LJ-14
    1.56586e+03    4.65781e+03    1.75686e+04    1.50635e+02    6.25028e+03
     Coulomb-14        LJ (SR)  Disper. corr.   Coulomb (SR)   Coul. recip.
   -4.19115e+04    5.71628e+05   -2.11546e+04   -3.27135e+06    5.68311e+03
      Potential    Kinetic En.   Total Energy  Conserved En.    Temperature
   -2.72692e+06    1.41208e+04   -2.71280e+06    2.67436e+06    1.09507e+01
 Pres. DC (bar) Pressure (bar)   Constr. rmsd
   -2.50820e+02    2.00513e+03    2.52682e-06

Writing checkpoint, step 246700 at Mon Nov 10 04:33:07 2025


           Step           Time
         250000      500.00000

   Energies (kJ/mol)
           Bond          Angle    Proper Dih. Per. Imp. Dih.          LJ-14
    1.60076e+03    4.73884e+03    1.75515e+04    1.40402e+02    6.14970e+03
     Coulomb-14        LJ (SR)  Disper. corr.   Coulomb (SR)   Coul. recip.
   -4.21487e+04    5.23980e+05   -2.04600e+04   -3.22709e+06    5.78362e+03
      Potential    Kinetic En.   Total Energy  Conserved En.    Temperature
   -2.72976e+06    1.35095e+04   -2.71625e+06    2.77385e+06    1.04766e+01
 Pres. DC (bar) Pressure (bar)   Constr. rmsd
   -2.34638e+02   -5.16360e+02    2.46205e-06

           Step           Time
         255000      510.00000

   Energies (kJ/mol)
           Bond          Angle    Proper Dih. Per. Imp. Dih.          LJ-14
    1.46519e+03    4.71499e+03    1.75748e+04    1.26095e+02    6.10512e+03
     Coulomb-14        LJ (SR)  Disper. corr.   Coulomb (SR)   Coul. recip.
   -4.20722e+04    4.83839e+05   -1.99286e+04   -3.18470e+06    5.89238e+03
      Potential    Kinetic En.   Total Energy  Conserved En.    Temperature
   -2.72698e+06    1.33736e+04   -2.71361e+06    2.87290e+06    1.03712e+01
 Pres. DC (bar) Pressure (bar)   Constr. rmsd
   -2.22621e+02   -2.31543e+03    2.58452e-06

           Step           Time
         260000      520.00000

   Energies (kJ/mol)
           Bond          Angle    Proper Dih. Per. Imp. Dih.          LJ-14
    1.36852e+03    4.70269e+03    1.76429e+04    1.29950e+02    6.21322e+03
     Coulomb-14        LJ (SR)  Disper. corr.   Coulomb (SR)   Coul. recip.
   -4.18664e+04    4.95477e+05   -2.01047e+04   -3.19780e+06    5.88281e+03
      Potential    Kinetic En.   Total Energy  Conserved En.    Temperature
   -2.72836e+06    1.43005e+04   -2.71406e+06    2.97469e+06    1.10900e+01
 Pres. DC (bar) Pressure (bar)   Constr. rmsd
   -2.26569e+02   -1.68454e+03    2.57764e-06

Writing checkpoint, step 263300 at Mon Nov 10 04:48:09 2025


           Step           Time
         265000      530.00000

   Energies (kJ/mol)
           Bond          Angle    Proper Dih. Per. Imp. Dih.          LJ-14
    1.39555e+03    4.79298e+03    1.76206e+04    1.41472e+02    6.29801e+03
     Coulomb-14        LJ (SR)  Disper. corr.   Coulomb (SR)   Coul. recip.
   -4.18619e+04    5.45149e+05   -2.08313e+04   -3.24865e+06    5.73722e+03
      Potential    Kinetic En.   Total Energy  Conserved En.    Temperature
   -2.73021e+06    1.42508e+04   -2.71596e+06    3.07283e+06    1.10514e+01
 Pres. DC (bar) Pressure (bar)   Constr. rmsd
   -2.43222e+02    7.58764e+02    2.55517e-06

           Step           Time
         270000      540.00000

   Energies (kJ/mol)
           Bond          Angle    Proper Dih. Per. Imp. Dih.          LJ-14
    1.45161e+03    4.70958e+03    1.76265e+04    1.55520e+02    6.32046e+03
     Coulomb-14        LJ (SR)  Disper. corr.   Coulomb (SR)   Coul. recip.
   -4.18705e+04    5.80316e+05   -2.13740e+04   -3.27878e+06    5.61408e+03
      Potential    Kinetic En.   Total Energy  Conserved En.    Temperature
   -2.72584e+06    1.38480e+04   -2.71199e+06    3.18162e+06    1.07391e+01
 Pres. DC (bar) Pressure (bar)   Constr. rmsd
   -2.56046e+02    2.66874e+03    2.47354e-06

           Step           Time
         275000      550.00000

   Energies (kJ/mol)
           Bond          Angle    Proper Dih. Per. Imp. Dih.          LJ-14
    1.55008e+03    4.66357e+03    1.75831e+04    1.54144e+02    6.25108e+03
     Coulomb-14        LJ (SR)  Disper. corr.   Coulomb (SR)   Coul. recip.
   -4.19378e+04    5.76002e+05   -2.12179e+04   -3.27507e+06    5.65992e+03
      Potential    Kinetic En.   Total Energy  Conserved En.    Temperature
   -2.72636e+06    1.44021e+04   -2.71196e+06    3.30928e+06    1.11688e+01
 Pres. DC (bar) Pressure (bar)   Constr. rmsd
   -2.52322e+02    2.23379e+03    2.57746e-06

Writing checkpoint, step 278900 at Mon Nov 10 05:03:10 2025


           Step           Time
         280000      560.00000

   Energies (kJ/mol)
           Bond          Angle    Proper Dih. Per. Imp. Dih.          LJ-14
    1.63784e+03    4.75774e+03    1.74829e+04    1.36725e+02    6.15021e+03
     Coulomb-14        LJ (SR)  Disper. corr.   Coulomb (SR)   Coul. recip.
   -4.20649e+04    5.32648e+05   -2.05800e+04   -3.23563e+06    5.75415e+03
      Potential    Kinetic En.   Total Energy  Conserved En.    Temperature
   -2.72971e+06    1.40652e+04   -2.71564e+06    3.44240e+06    1.09075e+01
 Pres. DC (bar) Pressure (bar)   Constr. rmsd
   -2.37395e+02   -1.30274e+02    2.57080e-06

           Step           Time
         285000      570.00000

   Energies (kJ/mol)
           Bond          Angle    Proper Dih. Per. Imp. Dih.          LJ-14
    1.58331e+03    4.81927e+03    1.74734e+04    1.24897e+02    6.07508e+03
     Coulomb-14        LJ (SR)  Disper. corr.   Coulomb (SR)   Coul. recip.
   -4.21538e+04    4.87299e+05   -1.99858e+04   -3.18862e+06    5.85431e+03
      Potential    Kinetic En.   Total Energy  Conserved En.    Temperature
   -2.72753e+06    1.34385e+04   -2.71409e+06    3.58918e+06    1.04215e+01
 Pres. DC (bar) Pressure (bar)   Constr. rmsd
   -2.23898e+02   -2.21663e+03    2.60164e-06

           Step           Time
         290000      580.00000

   Energies (kJ/mol)
           Bond          Angle    Proper Dih. Per. Imp. Dih.          LJ-14
    1.45547e+03    4.78951e+03    1.75120e+04    1.25525e+02    6.10593e+03
     Coulomb-14        LJ (SR)  Disper. corr.   Coulomb (SR)   Coul. recip.
   -4.20993e+04    4.70301e+05   -1.97688e+04   -3.16953e+06    5.90348e+03
      Potential    Kinetic En.   Total Energy  Conserved En.    Temperature
   -2.72520e+06    1.38525e+04   -2.71135e+06    3.73949e+06    1.07425e+01
 Pres. DC (bar) Pressure (bar)   Constr. rmsd
   -2.19068e+02   -2.86308e+03    2.57971e-06

Writing checkpoint, step 294200 at Mon Nov 10 05:18:10 2025


           Step           Time
         295000      590.00000

   Energies (kJ/mol)
           Bond          Angle    Proper Dih. Per. Imp. Dih.          LJ-14
    1.37770e+03    4.79777e+03    1.76047e+04    1.24765e+02    6.21623e+03
     Coulomb-14        LJ (SR)  Disper. corr.   Coulomb (SR)   Coul. recip.
   -4.19129e+04    4.82336e+05   -1.99473e+04   -3.18341e+06    5.87843e+03
      Potential    Kinetic En.   Total Energy  Conserved En.    Temperature
   -2.72693e+06    1.48741e+04   -2.71206e+06    3.89168e+06    1.15348e+01
 Pres. DC (bar) Pressure (bar)   Constr. rmsd
   -2.23038e+02   -2.23863e+03    2.64778e-06

           Step           Time
         300000      600.00000

   Energies (kJ/mol)
           Bond          Angle    Proper Dih. Per. Imp. Dih.          LJ-14
    1.38427e+03    4.78409e+03    1.76445e+04    1.33210e+02    6.29726e+03
     Coulomb-14        LJ (SR)  Disper. corr.   Coulomb (SR)   Coul. recip.
   -4.19015e+04    5.25218e+05   -2.05500e+04   -3.22949e+06    5.73982e+03
      Potential    Kinetic En.   Total Energy  Conserved En.    Temperature
   -2.73074e+06    1.51945e+04   -2.71554e+06    4.03780e+06    1.17833e+01
 Pres. DC (bar) Pressure (bar)   Constr. rmsd
   -2.36703e+02   -2.00123e+02    2.59861e-06

           Step           Time
         305000      610.00000

   Energies (kJ/mol)
           Bond          Angle    Proper Dih. Per. Imp. Dih.          LJ-14
    1.43590e+03    4.78806e+03    1.75940e+04    1.42530e+02    6.32779e+03
     Coulomb-14        LJ (SR)  Disper. corr.   Coulomb (SR)   Coul. recip.
   -4.18933e+04    5.69220e+05   -2.12184e+04   -3.27019e+06    5.60122e+03
      Potential    Kinetic En.   Total Energy  Conserved En.    Temperature
   -2.72819e+06    1.41415e+04   -2.71405e+06    4.17904e+06    1.09667e+01
 Pres. DC (bar) Pressure (bar)   Constr. rmsd
   -2.52334e+02    2.09173e+03    2.54246e-06

Writing checkpoint, step 309700 at Mon Nov 10 05:33:09 2025


           Step           Time
         310000      620.00000

   Energies (kJ/mol)
           Bond          Angle    Proper Dih. Per. Imp. Dih.          LJ-14
    1.48070e+03    4.66691e+03    1.75724e+04    1.52308e+02    6.34233e+03
     Coulomb-14        LJ (SR)  Disper. corr.   Coulomb (SR)   Coul. recip.
   -4.18249e+04    5.87109e+05   -2.14570e+04   -3.28437e+06    5.56539e+03
      Potential    Kinetic En.   Total Energy  Conserved En.    Temperature
   -2.72476e+06    1.42576e+04   -2.71050e+06    4.31942e+06    1.10567e+01
 Pres. DC (bar) Pressure (bar)   Constr. rmsd
   -2.58035e+02    3.01912e+03    2.52388e-06

           Step           Time
         315000      630.00000

   Energies (kJ/mol)
           Bond          Angle    Proper Dih. Per. Imp. Dih.          LJ-14
    1.59316e+03    4.71140e+03    1.75260e+04    1.43771e+02    6.22926e+03
     Coulomb-14        LJ (SR)  Disper. corr.   Coulomb (SR)   Coul. recip.
   -4.19145e+04    5.67522e+05   -2.10710e+04   -3.26831e+06    5.65139e+03
      Potential    Kinetic En.   Total Energy  Conserved En.    Temperature
   -2.72792e+06    1.47100e+04   -2.71321e+06    4.46263e+06    1.14075e+01
 Pres. DC (bar) Pressure (bar)   Constr. rmsd
   -2.48844e+02    1.70234e+03    2.59496e-06

           Step           Time
         320000      640.00000

   Energies (kJ/mol)
           Bond          Angle    Proper Dih. Per. Imp. Dih.          LJ-14
    1.63423e+03    4.80574e+03    1.74912e+04    1.35824e+02    6.14295e+03
     Coulomb-14        LJ (SR)  Disper. corr.   Coulomb (SR)   Coul. recip.
   -4.21608e+04    5.16480e+05   -2.03623e+04   -3.21998e+06    5.78715e+03
      Potential    Kinetic En.   Total Energy  Conserved En.    Temperature
   -2.73002e+06    1.37622e+04   -2.71626e+06    4.60098e+06    1.06726e+01
 Pres. DC (bar) Pressure (bar)   Constr. rmsd
   -2.32405e+02   -8.98107e+02    2.52967e-06

           Step           Time
         325000      650.00000

   Energies (kJ/mol)
           Bond          Angle    Proper Dih. Per. Imp. Dih.          LJ-14
    1.51996e+03    4.76086e+03    1.75155e+04    1.27118e+02    6.09022e+03
     Coulomb-14        LJ (SR)  Disper. corr.   Coulomb (SR)   Coul. recip.
   -4.20820e+04    4.76468e+05   -1.98476e+04   -3.17692e+06    5.87910e+03
      Potential    Kinetic En.   Total Energy  Conserved En.    Temperature
   -2.72649e+06    1.35147e+04   -2.71297e+06    4.74468e+06    1.04806e+01
 Pres. DC (bar) Pressure (bar)   Constr. rmsd
   -2.20817e+02   -2.65068e+03    2.59266e-06

Writing checkpoint, step 325100 at Mon Nov 10 05:48:11 2025


           Step           Time
         330000      660.00000

   Energies (kJ/mol)
           Bond          Angle    Proper Dih. Per. Imp. Dih.          LJ-14
    1.40716e+03    4.80888e+03    1.75895e+04    1.24103e+02    6.16314e+03
     Coulomb-14        LJ (SR)  Disper. corr.   Coulomb (SR)   Coul. recip.
   -4.20039e+04    4.72095e+05   -1.98041e+04   -3.17192e+06    5.89484e+03
      Potential    Kinetic En.   Total Energy  Conserved En.    Temperature
   -2.72565e+06    1.44707e+04   -2.71118e+06    4.89588e+06    1.12220e+01
 Pres. DC (bar) Pressure (bar)   Constr. rmsd
   -2.19850e+02   -2.72863e+03    2.61257e-06

           Step           Time
         335000      670.00000

   Energies (kJ/mol)
           Bond          Angle    Proper Dih. Per. Imp. Dih.          LJ-14
    1.36807e+03    4.77265e+03    1.76813e+04    1.34731e+02    6.27295e+03
     Coulomb-14        LJ (SR)  Disper. corr.   Coulomb (SR)   Coul. recip.
   -4.19158e+04    5.02237e+05   -2.02268e+04   -3.20554e+06    5.80739e+03
      Potential    Kinetic En.   Total Energy  Conserved En.    Temperature
   -2.72941e+06    1.54303e+04   -2.71398e+06    5.05140e+06    1.19662e+01
 Pres. DC (bar) Pressure (bar)   Constr. rmsd
   -2.29324e+02   -1.29417e+03    2.59892e-06

           Step           Time
         340000      680.00000

   Energies (kJ/mol)
           Bond          Angle    Proper Dih. Per. Imp. Dih.          LJ-14
    1.40355e+03    4.85138e+03    1.76161e+04    1.34504e+02    6.31690e+03
     Coulomb-14        LJ (SR)  Disper. corr.   Coulomb (SR)   Coul. recip.
   -4.18993e+04    5.44486e+05   -2.08319e+04   -3.24832e+06    5.68595e+03
      Potential    Kinetic En.   Total Energy  Conserved En.    Temperature
   -2.73056e+06    1.51918e+04   -2.71536e+06    5.21296e+06    1.17812e+01
 Pres. DC (bar) Pressure (bar)   Constr. rmsd
   -2.43236e+02    7.65815e+02    2.55522e-06

Writing checkpoint, step 340700 at Mon Nov 10 06:03:08 2025


           Step           Time
         345000      690.00000

   Energies (kJ/mol)
           Bond          Angle    Proper Dih. Per. Imp. Dih.          LJ-14
    1.43643e+03    4.80625e+03    1.76153e+04    1.47335e+02    6.31144e+03
     Coulomb-14        LJ (SR)  Disper. corr.   Coulomb (SR)   Coul. recip.
   -4.18870e+04    5.79661e+05   -2.13888e+04   -3.27867e+06    5.57728e+03
      Potential    Kinetic En.   Total Energy  Conserved En.    Temperature
   -2.72639e+06    1.42638e+04   -2.71213e+06    5.37566e+06    1.10615e+01
 Pres. DC (bar) Pressure (bar)   Constr. rmsd
   -2.56398e+02    2.69282e+03    2.50925e-06

           Step           Time
         350000      700.00000

   Energies (kJ/mol)
           Bond          Angle    Proper Dih. Per. Imp. Dih.          LJ-14
    1.49380e+03    4.71411e+03    1.76134e+04    1.53774e+02    6.33749e+03
     Coulomb-14        LJ (SR)  Disper. corr.   Coulomb (SR)   Coul. recip.
   -4.18371e+04    5.92572e+05   -2.15413e+04   -3.28849e+06    5.52611e+03
      Potential    Kinetic En.   Total Energy  Conserved En.    Temperature
   -2.72346e+06    1.45112e+04   -2.70895e+06    5.54505e+06    1.12534e+01
 Pres. DC (bar) Pressure (bar)   Constr. rmsd
   -2.60064e+02    3.33971e+03    2.54661e-06

           Step           Time
         355000      710.00000

   Energies (kJ/mol)
           Bond          Angle    Proper Dih. Per. Imp. Dih.          LJ-14
    1.62487e+03    4.68830e+03    1.75259e+04    1.44455e+02    6.25195e+03
     Coulomb-14        LJ (SR)  Disper. corr.   Coulomb (SR)   Coul. recip.
   -4.18958e+04    5.76626e+05   -2.12010e+04   -3.27604e+06    5.61354e+03
      Potential    Kinetic En.   Total Energy  Conserved En.    Temperature
   -2.72667e+06    1.50496e+04   -2.71162e+06    5.71657e+06    1.16709e+01
 Pres. DC (bar) Pressure (bar)   Constr. rmsd
   -2.51921e+02    2.21046e+03    2.52867e-06

Writing checkpoint, step 356100 at Mon Nov 10 06:18:09 2025


           Step           Time
         360000      720.00000

   Energies (kJ/mol)
           Bond          Angle    Proper Dih. Per. Imp. Dih.          LJ-14
    1.67136e+03    4.79293e+03    1.74634e+04    1.35463e+02    6.14891e+03
     Coulomb-14        LJ (SR)  Disper. corr.   Coulomb (SR)   Coul. recip.
   -4.21091e+04    5.30318e+05   -2.05434e+04   -3.23379e+06    5.70135e+03
      Potential    Kinetic En.   Total Energy  Conserved En.    Temperature
   -2.73021e+06    1.43571e+04   -2.71585e+06    5.88336e+06    1.11339e+01
 Pres. DC (bar) Pressure (bar)   Constr. rmsd
   -2.36552e+02   -2.63460e+02    2.61696e-06

           Step           Time
         365000      730.00000

   Energies (kJ/mol)
           Bond          Angle    Proper Dih. Per. Imp. Dih.          LJ-14
    1.61405e+03    4.84067e+03    1.74620e+04    1.25441e+02    6.05438e+03
     Coulomb-14        LJ (SR)  Disper. corr.   Coulomb (SR)   Coul. recip.
   -4.21629e+04    4.84415e+05   -1.99531e+04   -3.18585e+06    5.83139e+03
      Potential    Kinetic En.   Total Energy  Conserved En.    Temperature
   -2.72762e+06    1.35335e+04   -2.71408e+06    6.05573e+06    1.04952e+01
 Pres. DC (bar) Pressure (bar)   Constr. rmsd
   -2.23167e+02   -2.35061e+03    2.66599e-06

           Step           Time
         370000      740.00000

   Energies (kJ/mol)
           Bond          Angle    Proper Dih. Per. Imp. Dih.          LJ-14
    1.46811e+03    4.79815e+03    1.75550e+04    1.26534e+02    6.08831e+03
     Coulomb-14        LJ (SR)  Disper. corr.   Coulomb (SR)   Coul. recip.
   -4.20527e+04    4.63719e+05   -1.96931e+04   -3.16239e+06    5.89088e+03
      Potential    Kinetic En.   Total Energy  Conserved En.    Temperature
   -2.72449e+06    1.38123e+04   -2.71068e+06    6.23358e+06    1.07114e+01
 Pres. DC (bar) Pressure (bar)   Constr. rmsd
   -2.17397e+02   -3.14364e+03    2.54467e-06

Writing checkpoint, step 371500 at Mon Nov 10 06:33:07 2025


           Step           Time
         375000      750.00000

   Energies (kJ/mol)
           Bond          Angle    Proper Dih. Per. Imp. Dih.          LJ-14
    1.39361e+03    4.80036e+03    1.76238e+04    1.22441e+02    6.20731e+03
     Coulomb-14        LJ (SR)  Disper. corr.   Coulomb (SR)   Coul. recip.
   -4.19320e+04    4.73366e+05   -1.98268e+04   -3.17363e+06    5.83803e+03
      Potential    Kinetic En.   Total Energy  Conserved En.    Temperature
   -2.72604e+06    1.48986e+04   -2.71114e+06    6.41082e+06    1.15539e+01
 Pres. DC (bar) Pressure (bar)   Constr. rmsd
   -2.20356e+02   -2.64092e+03    2.62585e-06

           Step           Time
         380000      760.00000

   Energies (kJ/mol)
           Bond          Angle    Proper Dih. Per. Imp. Dih.          LJ-14
    1.36139e+03    4.77628e+03    1.76493e+04    1.31467e+02    6.26216e+03
     Coulomb-14        LJ (SR)  Disper. corr.   Coulomb (SR)   Coul. recip.
   -4.18728e+04    5.09338e+05   -2.03286e+04   -3.21354e+06    5.73294e+03
      Potential    Kinetic En.   Total Energy  Conserved En.    Temperature
   -2.73049e+06    1.55345e+04   -2.71495e+06    6.57627e+06    1.20470e+01
 Pres. DC (bar) Pressure (bar)   Constr. rmsd
   -2.31637e+02   -9.72120e+02    2.53590e-06

           Step           Time
         385000      770.00000

   Energies (kJ/mol)
           Bond          Angle    Proper Dih. Per. Imp. Dih.          LJ-14
    1.38534e+03    4.85457e+03    1.76133e+04    1.40834e+02    6.30152e+03
     Coulomb-14        LJ (SR)  Disper. corr.   Coulomb (SR)   Coul. recip.
   -4.19414e+04    5.54313e+05   -2.09810e+04   -3.25776e+06    5.62243e+03
      Potential    Kinetic En.   Total Energy  Conserved En.    Temperature
   -2.73045e+06    1.49385e+04   -2.71552e+06    6.73320e+06    1.15848e+01
 Pres. DC (bar) Pressure (bar)   Constr. rmsd
   -2.46725e+02    1.27796e+03    2.52230e-06

Writing checkpoint, step 388200 at Mon Nov 10 06:48:09 2025


           Step           Time
         390000      780.00000

   Energies (kJ/mol)
           Bond          Angle    Proper Dih. Per. Imp. Dih.          LJ-14
    1.44867e+03    4.77490e+03    1.75934e+04    1.46151e+02    6.32313e+03
     Coulomb-14        LJ (SR)  Disper. corr.   Coulomb (SR)   Coul. recip.
   -4.17836e+04    5.85955e+05   -2.14744e+04   -3.28408e+06    5.54141e+03
      Potential    Kinetic En.   Total Energy  Conserved En.    Temperature
   -2.72556e+06    1.42531e+04   -2.71130e+06    6.89624e+06    1.10532e+01
 Pres. DC (bar) Pressure (bar)   Constr. rmsd
   -2.58453e+02    3.01760e+03    2.54061e-06

           Step           Time
         395000      790.00000

   Energies (kJ/mol)
           Bond          Angle    Proper Dih. Per. Imp. Dih.          LJ-14
    1.52599e+03    4.70412e+03    1.75599e+04    1.49587e+02    6.32259e+03
     Coulomb-14        LJ (SR)  Disper. corr.   Coulomb (SR)   Coul. recip.
   -4.17930e+04    5.91803e+05   -2.14943e+04   -3.28845e+06    5.51383e+03
      Potential    Kinetic En.   Total Energy  Conserved En.    Temperature
   -2.72416e+06    1.45998e+04   -2.70956e+06    7.06427e+06    1.13221e+01
 Pres. DC (bar) Pressure (bar)   Constr. rmsd
   -2.58931e+02    3.22658e+03    2.54933e-06

           Step           Time
         400000      800.00000

   Energies (kJ/mol)
           Bond          Angle    Proper Dih. Per. Imp. Dih.          LJ-14
    1.63122e+03    4.69267e+03    1.75265e+04    1.44315e+02    6.21386e+03
     Coulomb-14        LJ (SR)  Disper. corr.   Coulomb (SR)   Coul. recip.
   -4.19447e+04    5.70097e+05   -2.11037e+04   -3.27086e+06    5.59910e+03
      Potential    Kinetic En.   Total Energy  Conserved En.    Temperature
   -2.72800e+06    1.49693e+04   -2.71303e+06    7.23082e+06    1.16087e+01
 Pres. DC (bar) Pressure (bar)   Constr. rmsd
   -2.49617e+02    1.82066e+03    2.60612e-06

Writing checkpoint, step 403600 at Mon Nov 10 07:03:10 2025


           Step           Time
         405000      810.00000

   Energies (kJ/mol)
           Bond          Angle    Proper Dih. Per. Imp. Dih.          LJ-14
    1.65733e+03    4.77371e+03    1.74751e+04    1.31954e+02    6.13825e+03
     Coulomb-14        LJ (SR)  Disper. corr.   Coulomb (SR)   Coul. recip.
   -4.20903e+04    5.24909e+05   -2.04704e+04   -3.22888e+06    5.70526e+03
      Potential    Kinetic En.   Total Energy  Conserved En.    Temperature
   -2.73065e+06    1.42574e+04   -2.71639e+06    7.39326e+06    1.10566e+01
 Pres. DC (bar) Pressure (bar)   Constr. rmsd
   -2.34876e+02   -5.31283e+02    2.61116e-06

           Step           Time
         410000      820.00000

   Energies (kJ/mol)
           Bond          Angle    Proper Dih. Per. Imp. Dih.          LJ-14
    1.61748e+03    4.81538e+03    1.74815e+04    1.23670e+02    6.06302e+03
     Coulomb-14        LJ (SR)  Disper. corr.   Coulomb (SR)   Coul. recip.
   -4.21744e+04    4.81722e+05   -1.99249e+04   -3.18333e+06    5.83892e+03
      Potential    Kinetic En.   Total Energy  Conserved En.    Temperature
   -2.72777e+06    1.34726e+04   -2.71430e+06    7.56509e+06    1.04480e+01
 Pres. DC (bar) Pressure (bar)   Constr. rmsd
   -2.22538e+02   -2.46623e+03    2.58556e-06

           Step           Time
         415000      830.00000

   Energies (kJ/mol)
           Bond          Angle    Proper Dih. Per. Imp. Dih.          LJ-14
    1.48886e+03    4.80101e+03    1.75335e+04    1.23996e+02    6.10256e+03
     Coulomb-14        LJ (SR)  Disper. corr.   Coulomb (SR)   Coul. recip.
   -4.20394e+04    4.62359e+05   -1.96804e+04   -3.16121e+06    5.88168e+03
      Potential    Kinetic En.   Total Energy  Conserved En.    Temperature
   -2.72464e+06    1.39244e+04   -2.71071e+06    7.74714e+06    1.07983e+01
 Pres. DC (bar) Pressure (bar)   Constr. rmsd
   -2.17116e+02   -3.20956e+03    2.58557e-06

Writing checkpoint, step 418800 at Mon Nov 10 07:18:08 2025


           Step           Time
         420000      840.00000

   Energies (kJ/mol)
           Bond          Angle    Proper Dih. Per. Imp. Dih.          LJ-14
    1.40676e+03    4.77645e+03    1.76431e+04    1.22538e+02    6.20325e+03
     Coulomb-14        LJ (SR)  Disper. corr.   Coulomb (SR)   Coul. recip.
   -4.19491e+04    4.71038e+05   -1.98070e+04   -3.17128e+06    5.84994e+03
      Potential    Kinetic En.   Total Energy  Conserved En.    Temperature
   -2.72599e+06    1.48971e+04   -2.71110e+06    7.92632e+06    1.15526e+01
 Pres. DC (bar) Pressure (bar)   Constr. rmsd
   -2.19915e+02   -2.73432e+03    2.65030e-06

           Step           Time
         425000      850.00000

   Energies (kJ/mol)
           Bond          Angle    Proper Dih. Per. Imp. Dih.          LJ-14
    1.36529e+03    4.78579e+03    1.76473e+04    1.30528e+02    6.26178e+03
     Coulomb-14        LJ (SR)  Disper. corr.   Coulomb (SR)   Coul. recip.
   -4.19241e+04    5.02952e+05   -2.02436e+04   -3.20686e+06    5.74189e+03
      Potential    Kinetic En.   Total Energy  Conserved En.    Temperature
   -2.73014e+06    1.54865e+04   -2.71465e+06    8.09544e+06    1.20098e+01
 Pres. DC (bar) Pressure (bar)   Constr. rmsd
   -2.29705e+02   -1.26173e+03    2.58021e-06

           Step           Time
         430000      860.00000

   Energies (kJ/mol)
           Bond          Angle    Proper Dih. Per. Imp. Dih.          LJ-14
    1.39198e+03    4.86178e+03    1.76286e+04    1.32570e+02    6.29394e+03
     Coulomb-14        LJ (SR)  Disper. corr.   Coulomb (SR)   Coul. recip.
   -4.19190e+04    5.43781e+05   -2.08312e+04   -3.24824e+06    5.64819e+03
      Potential    Kinetic En.   Total Energy  Conserved En.    Temperature
   -2.73125e+06    1.53060e+04   -2.71594e+06    8.25999e+06    1.18698e+01
 Pres. DC (bar) Pressure (bar)   Constr. rmsd
   -2.43218e+02    7.37022e+02    2.55914e-06

Writing checkpoint, step 434100 at Mon Nov 10 07:33:12 2025


           Step           Time
         435000      870.00000

   Energies (kJ/mol)
           Bond          Angle    Proper Dih. Per. Imp. Dih.          LJ-14
    1.43095e+03    4.83826e+03    1.76399e+04    1.39987e+02    6.34023e+03
     Coulomb-14        LJ (SR)  Disper. corr.   Coulomb (SR)   Coul. recip.
   -4.18356e+04    5.78110e+05   -2.13609e+04   -3.27824e+06    5.55251e+03
      Potential    Kinetic En.   Total Energy  Conserved En.    Temperature
   -2.72738e+06    1.44067e+04   -2.71298e+06    8.43331e+06    1.11724e+01
 Pres. DC (bar) Pressure (bar)   Constr. rmsd
   -2.55732e+02    2.60868e+03    2.49754e-06

           Step           Time
         440000      880.00000

   Energies (kJ/mol)
           Bond          Angle    Proper Dih. Per. Imp. Dih.          LJ-14
    1.48812e+03    4.74985e+03    1.76001e+04    1.41928e+02    6.33889e+03
     Coulomb-14        LJ (SR)  Disper. corr.   Coulomb (SR)   Coul. recip.
   -4.18076e+04    5.93511e+05   -2.15875e+04   -3.28991e+06    5.51653e+03
      Potential    Kinetic En.   Total Energy  Conserved En.    Temperature
   -2.72396e+06    1.44438e+04   -2.70952e+06    8.61581e+06    1.12012e+01
 Pres. DC (bar) Pressure (bar)   Constr. rmsd
   -2.61179e+02    3.45234e+03    2.54783e-06

           Step           Time
         445000      890.00000

   Energies (kJ/mol)
           Bond          Angle    Proper Dih. Per. Imp. Dih.          LJ-14
    1.56802e+03    4.67242e+03    1.76019e+04    1.48697e+02    6.28408e+03
     Coulomb-14        LJ (SR)  Disper. corr.   Coulomb (SR)   Coul. recip.
   -4.18645e+04    5.92345e+05   -2.14829e+04   -3.28907e+06    5.52178e+03
      Potential    Kinetic En.   Total Energy  Conserved En.    Temperature
   -2.72428e+06    1.51931e+04   -2.70909e+06    8.80246e+06    1.17822e+01
 Pres. DC (bar) Pressure (bar)   Constr. rmsd
   -2.58658e+02    3.20768e+03    2.60574e-06

Writing checkpoint, step 449300 at Mon Nov 10 07:48:06 2025


           Step           Time
         450000      900.00000

   Energies (kJ/mol)
           Bond          Angle    Proper Dih. Per. Imp. Dih.          LJ-14
    1.66285e+03    4.73582e+03    1.75091e+04    1.41723e+02    6.22504e+03
     Coulomb-14        LJ (SR)  Disper. corr.   Coulomb (SR)   Coul. recip.
   -4.19916e+04    5.68072e+05   -2.10694e+04   -3.26936e+06    5.58735e+03
      Potential    Kinetic En.   Total Energy  Conserved En.    Temperature
   -2.72848e+06    1.51532e+04   -2.71333e+06    8.98756e+06    1.17513e+01
 Pres. DC (bar) Pressure (bar)   Constr. rmsd
   -2.48808e+02    1.70600e+03    2.66293e-06

           Step           Time
         455000      910.00000

   Energies (kJ/mol)
           Bond          Angle    Proper Dih. Per. Imp. Dih.          LJ-14
    1.69658e+03    4.84377e+03    1.74409e+04    1.30738e+02    6.14459e+03
     Coulomb-14        LJ (SR)  Disper. corr.   Coulomb (SR)   Coul. recip.
   -4.21044e+04    5.28812e+05   -2.05363e+04   -3.23286e+06    5.66636e+03
      Potential    Kinetic En.   Total Energy  Conserved En.    Temperature
   -2.73077e+06    1.43970e+04   -2.71637e+06    9.16626e+06    1.11648e+01
 Pres. DC (bar) Pressure (bar)   Constr. rmsd
   -2.36389e+02   -3.31345e+02    2.59456e-06

           Step           Time
         460000      920.00000

   Energies (kJ/mol)
           Bond          Angle    Proper Dih. Per. Imp. Dih.          LJ-14
    1.65254e+03    4.88932e+03    1.74218e+04    1.21089e+02    6.06137e+03
     Coulomb-14        LJ (SR)  Disper. corr.   Coulomb (SR)   Coul. recip.
   -4.21734e+04    4.89260e+05   -2.00300e+04   -3.19180e+06    5.77417e+03
      Potential    Kinetic En.   Total Energy  Conserved En.    Temperature
   -2.72883e+06    1.35420e+04   -2.71528e+06    9.34472e+06    1.05018e+01
 Pres. DC (bar) Pressure (bar)   Constr. rmsd
   -2.24888e+02   -2.15243e+03    2.54136e-06

           Step           Time
         465000      930.00000

   Energies (kJ/mol)
           Bond          Angle    Proper Dih. Per. Imp. Dih.          LJ-14
    1.55405e+03    4.85949e+03    1.74868e+04    1.20595e+02    6.10629e+03
     Coulomb-14        LJ (SR)  Disper. corr.   Coulomb (SR)   Coul. recip.
   -4.21656e+04    4.64465e+05   -1.97133e+04   -3.16392e+06    5.87031e+03
      Potential    Kinetic En.   Total Energy  Conserved En.    Temperature
   -2.72534e+06    1.36243e+04   -2.71171e+06    9.52869e+06    1.05656e+01
 Pres. DC (bar) Pressure (bar)   Constr. rmsd
   -2.17842e+02   -3.13268e+03    2.59278e-06

Writing checkpoint, step 465200 at Mon Nov 10 08:03:10 2025


           Step           Time
         470000      940.00000

   Energies (kJ/mol)
           Bond          Angle    Proper Dih. Per. Imp. Dih.          LJ-14
    1.42593e+03    4.81254e+03    1.75669e+04    1.22558e+02    6.17274e+03
     Coulomb-14        LJ (SR)  Disper. corr.   Coulomb (SR)   Coul. recip.
   -4.20485e+04    4.64604e+05   -1.97193e+04   -3.16392e+06    5.85646e+03
      Potential    Kinetic En.   Total Energy  Conserved En.    Temperature
   -2.72512e+06    1.45610e+04   -2.71056e+06    9.71499e+06    1.12920e+01
 Pres. DC (bar) Pressure (bar)   Constr. rmsd
   -2.17976e+02   -3.03080e+03    2.64574e-06

           Step           Time
         475000      950.00000

   Energies (kJ/mol)
           Bond          Angle    Proper Dih. Per. Imp. Dih.          LJ-14
    1.37715e+03    4.84148e+03    1.76229e+04    1.21019e+02    6.22967e+03
     Coulomb-14        LJ (SR)  Disper. corr.   Coulomb (SR)   Coul. recip.
   -4.19516e+04    4.91442e+05   -2.00859e+04   -3.19468e+06    5.75364e+03
      Potential    Kinetic En.   Total Energy  Conserved En.    Temperature
   -2.72933e+06    1.55122e+04   -2.71382e+06    9.89141e+06    1.20296e+01
 Pres. DC (bar) Pressure (bar)   Constr. rmsd
   -2.26145e+02   -1.80723e+03    2.68041e-06

           Step           Time
         480000      960.00000

   Energies (kJ/mol)
           Bond          Angle    Proper Dih. Per. Imp. Dih.          LJ-14
    1.40429e+03    4.90459e+03    1.75842e+04    1.27410e+02    6.30126e+03
     Coulomb-14        LJ (SR)  Disper. corr.   Coulomb (SR)   Coul. recip.
   -4.19655e+04    5.26440e+05   -2.05788e+04   -3.23148e+06    5.64150e+03
      Potential    Kinetic En.   Total Energy  Conserved En.    Temperature
   -2.73162e+06    1.57010e+04   -2.71592e+06    1.00662e+07    1.21761e+01
 Pres. DC (bar) Pressure (bar)   Constr. rmsd
   -2.37366e+02   -1.27932e+02    2.53467e-06

Writing checkpoint, step 480700 at Mon Nov 10 08:18:08 2025


           Step           Time
         485000      970.00000

   Energies (kJ/mol)
           Bond          Angle    Proper Dih. Per. Imp. Dih.          LJ-14
    1.40851e+03    4.83411e+03    1.75991e+04    1.37447e+02    6.33583e+03
     Coulomb-14        LJ (SR)  Disper. corr.   Coulomb (SR)   Coul. recip.
   -4.19296e+04    5.62072e+05   -2.11137e+04   -3.26496e+06    5.55822e+03
      Potential    Kinetic En.   Total Energy  Conserved En.    Temperature
   -2.73005e+06    1.48850e+04   -2.71517e+06    1.02442e+07    1.15433e+01
 Pres. DC (bar) Pressure (bar)   Constr. rmsd
   -2.49853e+02    1.71883e+03    2.59926e-06

           Step           Time
         490000      980.00000

   Energies (kJ/mol)
           Bond          Angle    Proper Dih. Per. Imp. Dih.          LJ-14
    1.47599e+03    4.82745e+03    1.75989e+04    1.39305e+02    6.36607e+03
     Coulomb-14        LJ (SR)  Disper. corr.   Coulomb (SR)   Coul. recip.
   -4.18164e+04    5.87500e+05   -2.15135e+04   -3.28567e+06    5.47989e+03
      Potential    Kinetic En.   Total Energy  Conserved En.    Temperature
   -2.72561e+06    1.43857e+04   -2.71123e+06    1.04316e+07    1.11561e+01
 Pres. DC (bar) Pressure (bar)   Constr. rmsd
   -2.59394e+02    3.15807e+03    2.58247e-06

           Step           Time
         495000      990.00000

   Energies (kJ/mol)
           Bond          Angle    Proper Dih. Per. Imp. Dih.          LJ-14
    1.52204e+03    4.78390e+03    1.75680e+04    1.43918e+02    6.36547e+03
     Coulomb-14        LJ (SR)  Disper. corr.   Coulomb (SR)   Coul. recip.
   -4.18387e+04    5.98232e+05   -2.16534e+04   -3.29345e+06    5.47660e+03
      Potential    Kinetic En.   Total Energy  Conserved En.    Temperature
   -2.72285e+06    1.46841e+04   -2.70816e+06    1.06347e+07    1.13875e+01
 Pres. DC (bar) Pressure (bar)   Constr. rmsd
   -2.62774e+02    3.74214e+03    2.51983e-06

Writing checkpoint, step 496200 at Mon Nov 10 08:33:09 2025


           Step           Time
         500000     1000.00000

Writing checkpoint, step 500000 at Mon Nov 10 08:36:16 2025


   Energies (kJ/mol)
           Bond          Angle    Proper Dih. Per. Imp. Dih.          LJ-14
    1.57150e+03    4.71303e+03    1.75588e+04    1.45128e+02    6.32315e+03
     Coulomb-14        LJ (SR)  Disper. corr.   Coulomb (SR)   Coul. recip.
   -4.18855e+04    5.96763e+05   -2.15619e+04   -3.29258e+06    5.48829e+03
      Potential    Kinetic En.   Total Energy  Conserved En.    Temperature
   -2.72346e+06    1.52019e+04   -2.70826e+06    1.08416e+07    1.17890e+01
 Pres. DC (bar) Pressure (bar)   Constr. rmsd
   -2.60562e+02    3.51057e+03    2.56223e-06


Energy conservation over simulation part #1 of length 1000 ps, time 0 to 1000 ps
  Conserved energy drift: 8.84e-02 kJ/mol/ps per atom


	<======  ###############  ==>
	<====  A V E R A G E S  ====>
	<==  ###############  ======>

	Statistics over 500001 steps using 5001 frames

   Energies (kJ/mol)
           Bond          Angle    Proper Dih. Per. Imp. Dih.          LJ-14
    1.48149e+03    4.77208e+03    1.75769e+04    1.38429e+02    6.22434e+03
     Coulomb-14        LJ (SR)  Disper. corr.   Coulomb (SR)   Coul. recip.
   -4.19496e+04    5.30108e+05   -2.05811e+04   -3.22911e+06    5.86894e+03
      Potential    Kinetic En.   Total Energy  Conserved En.    Temperature
   -2.72547e+06    1.42335e+04   -2.71124e+06    3.21303e+06    1.10380e+01
 Pres. DC (bar) Pressure (bar)   Constr. rmsd
   -2.37617e+02    2.31626e+01    0.00000e+00

          Box-X          Box-Y          Box-Z
    1.26808e+01    1.26808e+01    8.96670e+00

   Total Virial (kJ/mol)
    5.66059e+03   -3.79371e+03    1.23086e+02
   -3.78911e+03    5.94380e+03    7.41536e+02
    1.27059e+02    7.41680e+02    7.27908e+03

   Pressure (bar)
    3.83535e+01    8.70470e+01   -2.03443e+00
    8.69412e+01    3.13337e+01   -1.67464e+01
   -2.12593e+00   -1.67496e+01   -1.99322e-01

      T-Protein  T-non-Protein
    1.36984e+01    1.10061e+01


	M E G A - F L O P S   A C C O U N T I N G

 NB=Group-cutoff nonbonded kernels    NxN=N-by-N cluster Verlet kernels
 RF=Reaction-Field  VdW=Van der Waals  QSTab=quadratic-spline table
 W3=SPC/TIP3p  W4=TIP4p (single or pairs)
 V&F=Potential and force  V=Potential only  F=Force only

 Computing:                               M-Number         M-Flops  % Flops
-----------------------------------------------------------------------------
 Pair Search distance check          256431.308070     2307881.773     0.1
 NxN Ewald Elec. + LJ [F]          20958097.734288  1383234450.463    50.3
 NxN Ewald Elec. + LJ [V&F]          211741.963552    22656390.100     0.8
 NxN Ewald Elec. [F]               19299876.125904  1177292443.680    42.8
 NxN Ewald Elec. [V&F]               194988.758048    16379055.676     0.6
 1,4 nonbonded interactions            7807.015614      702631.405     0.0
 Calc Weights                        229687.959375     8268766.537     0.3
 Spread Q Bspline                   4900009.800000     9800019.600     0.4
 Gather F Bspline                   4900009.800000    29400058.800     1.1
 3D-FFT                             9710500.420962    77684003.368     2.8
 Solve PME                           131200.262400     8396816.794     0.3
 Reset In Box                           765.625000        2296.875     0.0
 CG-CoM                                 765.778125        2297.334     0.0
 Bonds                                 2102.004204      124018.248     0.0
 Angles                                5825.011650      978601.957     0.0
 Propers                              10102.020204     2313362.627     0.1
 Impropers                              546.001092      113568.227     0.0
 Virial                                1531.853170       27573.357     0.0
 Stop-CM                                765.778125        7657.781     0.0
 Calc-Ekin                            15312.806250      413445.769     0.0
 Lincs                                 1145.002290       68700.137     0.0
 Lincs-Mat                             3516.007032       14064.028     0.0
 Constraint-V                         75740.651481      681665.863     0.0
 Constraint-Vir                        1492.059191       35809.421     0.0
 Settle                               24483.548967     9058913.118     0.3
-----------------------------------------------------------------------------
 Total                                              2749964492.939   100.0
-----------------------------------------------------------------------------


    D O M A I N   D E C O M P O S I T I O N   S T A T I S T I C S

 av. #atoms communicated per step for force:  2 x 0.0


      R E A L   C Y C L E   A N D   T I M E   A C C O U N T I N G

On 1 MPI rank, each using 8 OpenMP threads

 Activity:              Num   Num      Call    Wall time         Giga-Cycles
                        Ranks Threads  Count      (s)         total sum    %
--------------------------------------------------------------------------------
 Domain decomp.            1    8       5000     221.659       5142.480   0.8
 Neighbor search           1    8       5001     627.986      14569.229   2.2
 Force                     1    8     500001   18903.197     438552.647  65.2
 PME mesh                  1    8     500001    7998.719     185569.630  27.6
 NB X/F buffer ops.        1    8     995001     477.619      11080.716   1.6
 Write traj.               1    8        133       4.996        115.901   0.0
 Update                    1    8     500001     286.787       6653.425   1.0
 Constraints               1    8     500001     414.925       9626.233   1.4
 Rest                                             55.101       1278.329   0.2
--------------------------------------------------------------------------------
 Total                                         28990.987     672588.590 100.0
--------------------------------------------------------------------------------
 Breakdown of PME mesh activities
--------------------------------------------------------------------------------
 PME spread                1    8     500001    2574.819      59735.590   8.9
 PME gather                1    8     500001    3960.308      91878.820  13.7
 PME 3D-FFT                1    8    1000002    1392.424      32304.122   4.8
 PME solve Elec            1    8     500001      40.283        934.554   0.1
--------------------------------------------------------------------------------

               Core t (s)   Wall t (s)        (%)
       Time:   231927.790    28990.987      800.0
                         8h03:10
                 (ns/day)    (hour/ns)
Performance:        2.980        8.053
Finished mdrun on rank 0 Mon Nov 10 08:36:16 2025

