                      :-) GROMACS - gmx mdrun, 2024.3 (-:

Copyright 1991-2024 The GROMACS Authors.
GROMACS is free software; you can redistribute it and/or modify it
under the terms of the GNU Lesser General Public License
as published by the Free Software Foundation; either version 2.1
of the License, or (at your option) any later version.

                         Current GROMACS contributors:
       Mark Abraham           Andrey Alekseenko           Vladimir Basov      
      Cathrine Bergh            Eliane Briand               Ania Brown        
      Mahesh Doijade            Giacomo Fiorin          Stefan Fleischmann    
      Sergey Gorelov         Gilles Gouaillardet            Alan Gray         
     M. Eric Irrgang         Farzaneh Jalalypour            Joe Jordan        
     Carsten Kutzner           Justin A. Lemkul          Magnus Lundborg      
       Pascal Merz              Vedran Miletic            Dmitry Morozov      
       Julien Nabet              Szilard Pall        Andrea Pasquadibisceglie 
    Michele Pellegrino          Hubert Santuz             Roland Schulz       
     Tatiana Shugaeva          Alexey Shvetsov            Philip Turner       
     Alessandra Villa      Sebastian Wingbermuehle  

                         Previous GROMACS contributors:
        Emile Apol             Rossen Apostolov           James Barnett       
        Paul Bauer          Herman J.C. Berendsen          Par Bjelkmar       
      Christian Blau          Viacheslav Bolnykh            Kevin Boyd        
    Aldert van Buuren          Carlo Camilloni           Rudi van Drunen      
      Anton Feenstra           Oliver Fleetwood            Vytas Gapsys       
       Gaurav Garg             Gerrit Groenhof            Bert de Groot       
      Anca Hamuraru           Vincent Hindriksen          Victor Holanda      
     Aleksei Iupinov          Christoph Junghans        Prashanth Kanduri     
   Dimitrios Karkoulis           Peter Kasson             Sebastian Kehl      
     Sebastian Keller             Jiri Kraus               Per Larsson        
      Viveca Lindahl            Erik Marklund           Pieter Meulenhoff     
      Teemu Murtola              Sander Pronk             Michael Shirts      
      Alfons Sijbers            Balint Soproni         David van der Spoel    
      Peter Tieleman            Carsten Uphoff             Jon Vincent        
     Teemu Virolainen         Christian Wennberg           Maarten Wolf       
      Artem Zhmurov       

                  Coordinated by the GROMACS project leaders:
                           Berk Hess and Erik Lindahl

GROMACS:      gmx mdrun, version 2024.3
Executable:   /users/cdohert4/gromacs-2024.3/bin/gmx
Data prefix:  /users/cdohert4/gromacs-2024.3
Working dir:  /oscar/home/cdohert4/Experimental Data/SOX2 Interaction with ES2 -- Test 2
Process ID:   4194052
Command line:
  gmx mdrun -v -deffnm md_0_10

GROMACS version:     2024.3
Precision:           mixed
Memory model:        64 bit
MPI library:         thread_mpi
OpenMP support:      enabled (GMX_OPENMP_MAX_THREADS = 128)
GPU support:         disabled
SIMD instructions:   AVX_512
CPU FFT library:     fftw-3.3.8-sse2-avx-avx2-avx2_128-avx512
GPU FFT library:     none
Multi-GPU FFT:       none
RDTSCP usage:        enabled
TNG support:         enabled
Hwloc support:       disabled
Tracing support:     disabled
C compiler:          /oscar/rt/9.2/software/0.20-generic/0.20.1/opt/spack/linux-rhel9-x86_64_v3/gcc-11.3.1/gcc-13.1.0-nvrtbp3ngdnok3fg22pzxxczitvtu7ge/bin/gcc GNU 13.1.0
C compiler flags:    -fexcess-precision=fast -funroll-all-loops -march=skylake-avx512 -Wno-missing-field-initializers -O3 -DNDEBUG
C++ compiler:        /oscar/rt/9.2/software/0.20-generic/0.20.1/opt/spack/linux-rhel9-x86_64_v3/gcc-11.3.1/gcc-13.1.0-nvrtbp3ngdnok3fg22pzxxczitvtu7ge/bin/g++ GNU 13.1.0
C++ compiler flags:  -fexcess-precision=fast -funroll-all-loops -march=skylake-avx512 -Wno-missing-field-initializers -Wno-cast-function-type-strict -fopenmp -O3 -DNDEBUG
BLAS library:        Internal
LAPACK library:      Internal


Running on 1 node with total 64 cores, 64 processing units
Hardware detected on host node2405.oscar.ccv.brown.edu:
  CPU info:
    Vendor: AMD
    Brand:  AMD EPYC 9684X 96-Core Processor               
    Family: 25   Model: 17   Stepping: 2
    Features: aes amd apic avx avx2 avx512f avx512cd avx512bw avx512vl avx512bf16 avx512secondFMA clfsh cmov cx8 cx16 f16c fma htt lahf misalignsse mmx msr nonstop_tsc pcid pclmuldq pdpe1gb popcnt pse rdrnd rdtscp sha sse2 sse3 sse4a sse4.1 sse4.2 ssse3 x2apic
  Hardware topology: Basic
    Packages, cores, and logical processors:
    [indices refer to OS logical processors]
      Package  0: [  22] [  23] [  24] [  25] [  26] [  27] [  28] [  29] [  30] [  31] [  32] [  33] [  34] [  35] [  36] [  37] [  38] [  39] [  40] [  41] [  42] [  43] [  44] [  45] [  46] [  47] [  48] [  49] [  50] [  51] [  52] [  53]
      Package  1: [ 120] [ 121] [ 122] [ 123] [ 124] [ 125] [ 126] [ 127] [ 128] [ 129] [ 130] [ 131] [ 132] [ 133] [ 134] [ 135] [ 136] [ 137] [ 158] [ 171] [ 172] [ 173] [ 174] [ 175] [ 176] [ 177] [ 178] [ 179] [ 180] [ 181] [ 182] [ 183]
    CPU limit set by OS: -1   Recommended max number of threads: 64


++++ PLEASE READ AND CITE THE FOLLOWING REFERENCE ++++
M. J. Abraham, T. Murtola, R. Schulz, S. Páll, J. C. Smith, B. Hess, E.
Lindahl
GROMACS: High performance molecular simulations through multi-level
parallelism from laptops to supercomputers
SoftwareX 1 (2015) pp. 19-25
-------- -------- --- Thank You --- -------- --------


++++ PLEASE READ AND CITE THE FOLLOWING REFERENCE ++++
S. Páll, M. J. Abraham, C. Kutzner, B. Hess, E. Lindahl
Tackling Exascale Software Challenges in Molecular Dynamics Simulations with
GROMACS
In S. Markidis & E. Laure (Eds.), Solving Software Challenges for Exascale 8759 (2015) pp. 3-27
-------- -------- --- Thank You --- -------- --------


++++ PLEASE READ AND CITE THE FOLLOWING REFERENCE ++++
S. Pronk, S. Páll, R. Schulz, P. Larsson, P. Bjelkmar, R. Apostolov, M. R.
Shirts, J. C. Smith, P. M. Kasson, D. van der Spoel, B. Hess, and E. Lindahl
GROMACS 4.5: a high-throughput and highly parallel open source molecular
simulation toolkit
Bioinformatics 29 (2013) pp. 845-54
-------- -------- --- Thank You --- -------- --------


++++ PLEASE READ AND CITE THE FOLLOWING REFERENCE ++++
B. Hess and C. Kutzner and D. van der Spoel and E. Lindahl
GROMACS 4: Algorithms for highly efficient, load-balanced, and scalable
molecular simulation
J. Chem. Theory Comput. 4 (2008) pp. 435-447
-------- -------- --- Thank You --- -------- --------


++++ PLEASE READ AND CITE THE FOLLOWING REFERENCE ++++
D. van der Spoel, E. Lindahl, B. Hess, G. Groenhof, A. E. Mark and H. J. C.
Berendsen
GROMACS: Fast, Flexible and Free
J. Comp. Chem. 26 (2005) pp. 1701-1719
-------- -------- --- Thank You --- -------- --------


++++ PLEASE READ AND CITE THE FOLLOWING REFERENCE ++++
E. Lindahl and B. Hess and D. van der Spoel
GROMACS 3.0: A package for molecular simulation and trajectory analysis
J. Mol. Mod. 7 (2001) pp. 306-317
-------- -------- --- Thank You --- -------- --------


++++ PLEASE READ AND CITE THE FOLLOWING REFERENCE ++++
H. J. C. Berendsen, D. van der Spoel and R. van Drunen
GROMACS: A message-passing parallel molecular dynamics implementation
Comp. Phys. Comm. 91 (1995) pp. 43-56
-------- -------- --- Thank You --- -------- --------


++++ PLEASE CITE THE DOI FOR THIS VERSION OF GROMACS ++++
https://doi.org/10.5281/zenodo.13456374
-------- -------- --- Thank You --- -------- --------

Input Parameters:
   integrator                     = md
   tinit                          = 0
   dt                             = 0.002
   nsteps                         = 500000
   init-step                      = 0
   simulation-part                = 1
   mts                            = false
   mass-repartition-factor        = 1
   comm-mode                      = Linear
   nstcomm                        = 100
   bd-fric                        = 0
   ld-seed                        = -335675787
   emtol                          = 10
   emstep                         = 0.01
   niter                          = 20
   fcstep                         = 0
   nstcgsteep                     = 1000
   nbfgscorr                      = 10
   rtpi                           = 0.05
   nstxout                        = 0
   nstvout                        = 0
   nstfout                        = 0
   nstlog                         = 5000
   nstcalcenergy                  = 100
   nstenergy                      = 5000
   nstxout-compressed             = 5000
   compressed-x-precision         = 1000
   cutoff-scheme                  = Verlet
   nstlist                        = 10
   pbc                            = xyz
   periodic-molecules             = false
   verlet-buffer-tolerance        = 0.005
   verlet-buffer-pressure-tolerance = 0.5
   rlist                          = 1
   coulombtype                    = PME
   coulomb-modifier               = Potential-shift
   rcoulomb-switch                = 0
   rcoulomb                       = 1
   epsilon-r                      = 1
   epsilon-rf                     = inf
   vdw-type                       = Cut-off
   vdw-modifier                   = Potential-shift
   rvdw-switch                    = 0
   rvdw                           = 1
   DispCorr                       = EnerPres
   table-extension                = 1
   fourierspacing                 = 0.16
   fourier-nx                     = 160
   fourier-ny                     = 160
   fourier-nz                     = 160
   pme-order                      = 4
   ewald-rtol                     = 1e-05
   ewald-rtol-lj                  = 0.001
   lj-pme-comb-rule               = Geometric
   ewald-geometry                 = 3d
   epsilon-surface                = 0
   ensemble-temperature-setting   = constant
   ensemble-temperature           = 10
   tcoupl                         = V-rescale
   nsttcouple                     = 10
   nh-chain-length                = 0
   print-nose-hoover-chain-variables = false
   pcoupl                         = Parrinello-Rahman
   pcoupltype                     = Isotropic
   nstpcouple                     = 50
   tau-p                          = 2
   compressibility (3x3):
      compressibility[    0]={ 4.50000e-05,  0.00000e+00,  0.00000e+00}
      compressibility[    1]={ 0.00000e+00,  4.50000e-05,  0.00000e+00}
      compressibility[    2]={ 0.00000e+00,  0.00000e+00,  4.50000e-05}
   ref-p (3x3):
      ref-p[    0]={ 1.00000e+00,  0.00000e+00,  0.00000e+00}
      ref-p[    1]={ 0.00000e+00,  1.00000e+00,  0.00000e+00}
      ref-p[    2]={ 0.00000e+00,  0.00000e+00,  1.00000e+00}
   refcoord-scaling               = No
   posres-com (3):
      posres-com[0]= 0.00000e+00
      posres-com[1]= 0.00000e+00
      posres-com[2]= 0.00000e+00
   posres-comB (3):
      posres-comB[0]= 0.00000e+00
      posres-comB[1]= 0.00000e+00
      posres-comB[2]= 0.00000e+00
   QMMM                           = false
qm-opts:
   ngQM                           = 0
   constraint-algorithm           = Lincs
   continuation                   = true
   Shake-SOR                      = false
   shake-tol                      = 0.0001
   lincs-order                    = 4
   lincs-iter                     = 1
   lincs-warnangle                = 30
   nwall                          = 0
   wall-type                      = 9-3
   wall-r-linpot                  = -1
   wall-atomtype[0]               = -1
   wall-atomtype[1]               = -1
   wall-density[0]                = 0
   wall-density[1]                = 0
   wall-ewald-zfac                = 3
   pull                           = false
   awh                            = false
   rotation                       = false
   interactiveMD                  = false
   disre                          = No
   disre-weighting                = Conservative
   disre-mixed                    = false
   dr-fc                          = 1000
   dr-tau                         = 0
   nstdisreout                    = 100
   orire-fc                       = 0
   orire-tau                      = 0
   nstorireout                    = 100
   free-energy                    = no
   cos-acceleration               = 0
   deform (3x3):
      deform[    0]={ 0.00000e+00,  0.00000e+00,  0.00000e+00}
      deform[    1]={ 0.00000e+00,  0.00000e+00,  0.00000e+00}
      deform[    2]={ 0.00000e+00,  0.00000e+00,  0.00000e+00}
   simulated-tempering            = false
   swapcoords                     = no
   userint1                       = 0
   userint2                       = 0
   userint3                       = 0
   userint4                       = 0
   userreal1                      = 0
   userreal2                      = 0
   userreal3                      = 0
   userreal4                      = 0
   applied-forces:
     electric-field:
       x:
         E0                       = 0
         omega                    = 0
         t0                       = 0
         sigma                    = 0
       y:
         E0                       = 0
         omega                    = 0
         t0                       = 0
         sigma                    = 0
       z:
         E0                       = 0
         omega                    = 0
         t0                       = 0
         sigma                    = 0
     density-guided-simulation:
       active                     = false
       group                      = protein
       similarity-measure         = inner-product
       atom-spreading-weight      = unity
       force-constant             = 1e+09
       gaussian-transform-spreading-width = 0.2
       gaussian-transform-spreading-range-in-multiples-of-width = 4
       reference-density-filename = reference.mrc
       nst                        = 1
       normalize-densities        = true
       adaptive-force-scaling     = false
       adaptive-force-scaling-time-constant = 4
       shift-vector               = 
       transformation-matrix      = 
     qmmm-cp2k:
       active                     = false
       qmgroup                    = System
       qmmethod                   = PBE
       qmfilenames                = 
       qmcharge                   = 0
       qmmultiplicity             = 1
     colvars:
       active                     = false
       configfile                 = 
       seed                       = -1
grpopts:
   nrdf:     3683.99  2.10854e+06
   ref-t:          10          10
   tau-t:         0.1         0.1
annealing:          No          No
annealing-npoints:           0           0
   acc:	           0           0           0
   nfreeze:           N           N           N
   energygrp-flags[  0]: 0

Changing nstlist from 10 to 100, rlist from 1 to 1.011


Initializing Domain Decomposition on 64 ranks
Dynamic load balancing: auto
Using update groups, nr 354793, average size 3.0 atoms, max. radius 0.103 nm
Minimum cell size due to atom displacement: 0.241 nm
Initial maximum distances in bonded interactions:
    two-body bonded interactions: 0.422 nm, LJ-14, atoms 1410 1418
  multi-body bonded interactions: 0.422 nm, Proper Dih., atoms 1410 1418
Minimum cell size due to bonded interactions: 0.464 nm
Scaling the initial minimum size with 1/0.8 (option -dds) = 1.25
Guess for relative PME load: 0.30
Will use 40 particle-particle and 24 PME only ranks
This is a guess, check the performance at the end of the log file
Using 24 separate PME ranks, as guessed by mdrun
Optimizing the DD grid for 40 cells with a minimum initial size of 0.580 nm
The maximum allowed number of cells is: X 34 Y 34 Z 29
Domain decomposition grid 8 x 5 x 1, separate PME ranks 24
PME domain decomposition: 8 x 3 x 1
Interleaving PP and PME ranks
This rank does only particle-particle work.
Domain decomposition rank 0, coordinates 0 0 0

The initial number of communication pulses is: X 1 Y 1
The initial domain decomposition cell size is: X 2.47 nm Y 3.95 nm

The maximum allowed distance for atom groups involved in interactions is:
                 non-bonded interactions           1.217 nm
(the following are initial values, they could change due to box deformation)
            two-body bonded interactions  (-rdd)   1.217 nm
          multi-body bonded interactions  (-rdd)   1.217 nm

When dynamic load balancing gets turned on, these settings will change to:
The maximum number of communication pulses is: X 1 Y 1
The minimum size for domain decomposition cells is 1.217 nm
The requested allowed shrink of DD cells (option -dds) is: 0.80
The allowed shrink of domain decomposition cells is: X 0.49 Y 0.31
The maximum allowed distance for atom groups involved in interactions is:
                 non-bonded interactions           1.217 nm
            two-body bonded interactions  (-rdd)   1.217 nm
          multi-body bonded interactions  (-rdd)   1.217 nm

Using 64 MPI threads

Non-default thread affinity set, disabling internal thread affinity

Using 1 OpenMP thread per tMPI thread

System total charge: -0.000
Will do PME sum in reciprocal space for electrostatic interactions.

++++ PLEASE READ AND CITE THE FOLLOWING REFERENCE ++++
U. Essmann, L. Perera, M. L. Berkowitz, T. Darden, H. Lee and L. G. Pedersen 
A smooth particle mesh Ewald method
J. Chem. Phys. 103 (1995) pp. 8577-8592
-------- -------- --- Thank You --- -------- --------

Using a Gaussian width (1/beta) of 0.320163 nm for Ewald
Potential shift: LJ r^-12: -1.000e+00 r^-6: -1.000e+00, Ewald -1.000e-05
Initialized non-bonded Coulomb Ewald tables, spacing: 9.33e-04 size: 1073

Generated table with 1005 data points for 1-4 COUL.
Tabscale = 500 points/nm
Generated table with 1005 data points for 1-4 LJ6.
Tabscale = 500 points/nm
Generated table with 1005 data points for 1-4 LJ12.
Tabscale = 500 points/nm
Long Range LJ corr.: <C6> 2.8470e-04


Using SIMD2xMM 4x8 nonbonded short-range kernels

Using a 4x8 pair-list setup:
  updated every 100 steps, buffer 0.011 nm, rlist 1.011 nm
At tolerance 0.005 kJ/mol/ps per atom, equivalent classical 1x1 list would be:
  updated every 100 steps, buffer 0.050 nm, rlist 1.050 nm

The average pressure is off by at most 0.25 bar due to missing LJ interactions

Using Lorentz-Berthelot Lennard-Jones combination rule

Linking all bonded interactions to atoms


Initializing LINear Constraint Solver

++++ PLEASE READ AND CITE THE FOLLOWING REFERENCE ++++
B. Hess and H. Bekker and H. J. C. Berendsen and J. G. E. M. Fraaije
LINCS: A Linear Constraint Solver for molecular simulations
J. Comp. Chem. 18 (1997) pp. 1463-1472
-------- -------- --- Thank You --- -------- --------

The number of constraints is 4549

++++ PLEASE READ AND CITE THE FOLLOWING REFERENCE ++++
S. Miyamoto and P. A. Kollman
SETTLE: An Analytical Version of the SHAKE and RATTLE Algorithms for Rigid
Water Models
J. Comp. Chem. 13 (1992) pp. 952-962
-------- -------- --- Thank You --- -------- --------


Intra-simulation communication will occur every 10 steps.

++++ PLEASE READ AND CITE THE FOLLOWING REFERENCE ++++
G. Bussi, D. Donadio and M. Parrinello
Canonical sampling through velocity rescaling
J. Chem. Phys. 126 (2007) pp. 014101
-------- -------- --- Thank You --- -------- --------

There are: 1051840 Atoms
Atom distribution over 40 domains: av 26296 stddev 113 min 26010 max 26573
Center of mass motion removal mode is Linear
We have the following groups for center of mass motion removal:
  0:  rest

Started mdrun on rank 0 Sat Nov 29 02:54:40 2025

           Step           Time
              0        0.00000

   Energies (kJ/mol)
           Bond          Angle    Proper Dih. Per. Imp. Dih.          LJ-14
    2.84119e+03    9.60657e+03    3.67085e+04    2.14313e+02    1.35696e+04
     Coulomb-14        LJ (SR)  Disper. corr.   Coulomb (SR)   Coul. recip.
   -1.41008e+05    3.84626e+06   -1.31345e+05   -2.18752e+07    3.60492e+04
      Potential    Kinetic En.   Total Energy  Conserved En.    Temperature
   -1.82023e+07    8.78122e+04   -1.81145e+07   -1.81139e+07    1.00003e+01
 Pres. DC (bar) Pressure (bar)   Constr. rmsd
   -2.17619e+02   -7.28491e+01    4.82927e-06


DD  step 99 load imb.: force  8.9%  pme mesh/force 0.710

step 300 Turning on dynamic load balancing, because the performance loss due to load imbalance is 4.3 %.

DD  step 4999  vol min/aver 0.953  load imb.: force  6.5%  pme mesh/force 0.585
           Step           Time
           5000       10.00000

   Energies (kJ/mol)
           Bond          Angle    Proper Dih. Per. Imp. Dih.          LJ-14
    2.85261e+03    9.61351e+03    3.66086e+04    2.18907e+02    1.36591e+04
     Coulomb-14        LJ (SR)  Disper. corr.   Coulomb (SR)   Coul. recip.
   -1.41233e+05    3.85524e+06   -1.31500e+05   -2.18866e+07    3.58875e+04
      Potential    Kinetic En.   Total Energy  Conserved En.    Temperature
   -1.82053e+07    8.78857e+04   -1.81174e+07   -1.81129e+07    1.00086e+01
 Pres. DC (bar) Pressure (bar)   Constr. rmsd
   -2.18133e+02    4.99468e+00    4.77754e-06


DD  step 9999  vol min/aver 0.946  load imb.: force  6.6%  pme mesh/force 0.602
           Step           Time
          10000       20.00000

   Energies (kJ/mol)
           Bond          Angle    Proper Dih. Per. Imp. Dih.          LJ-14
    2.85363e+03    9.65334e+03    3.66189e+04    2.16298e+02    1.36882e+04
     Coulomb-14        LJ (SR)  Disper. corr.   Coulomb (SR)   Coul. recip.
   -1.41291e+05    3.86323e+06   -1.31666e+05   -2.18946e+07    3.59111e+04
      Potential    Kinetic En.   Total Energy  Conserved En.    Temperature
   -1.82054e+07    8.79423e+04   -1.81175e+07   -1.81120e+07    1.00151e+01
 Pres. DC (bar) Pressure (bar)   Constr. rmsd
   -2.18682e+02    7.00909e+01    4.78844e-06


DD  step 14999  vol min/aver 0.928  load imb.: force  2.4%  pme mesh/force 0.472
           Step           Time
          15000       30.00000

   Energies (kJ/mol)
           Bond          Angle    Proper Dih. Per. Imp. Dih.          LJ-14
    2.85134e+03    9.66921e+03    3.65937e+04    2.07351e+02    1.36746e+04
     Coulomb-14        LJ (SR)  Disper. corr.   Coulomb (SR)   Coul. recip.
   -1.41188e+05    3.87216e+06   -1.31769e+05   -2.19037e+07    3.59022e+04
      Potential    Kinetic En.   Total Energy  Conserved En.    Temperature
   -1.82056e+07    8.78758e+04   -1.81177e+07   -1.81107e+07    1.00075e+01
 Pres. DC (bar) Pressure (bar)   Constr. rmsd
   -2.19024e+02    1.26994e+02    4.85388e-06


DD  step 19999  vol min/aver 0.939  load imb.: force  8.4%  pme mesh/force 0.602
           Step           Time
          20000       40.00000

   Energies (kJ/mol)
           Bond          Angle    Proper Dih. Per. Imp. Dih.          LJ-14
    2.84357e+03    9.60288e+03    3.66162e+04    2.17300e+02    1.37270e+04
     Coulomb-14        LJ (SR)  Disper. corr.   Coulomb (SR)   Coul. recip.
   -1.41205e+05    3.86351e+06   -1.31655e+05   -2.18953e+07    3.59624e+04
      Potential    Kinetic En.   Total Energy  Conserved En.    Temperature
   -1.82057e+07    8.79093e+04   -1.81178e+07   -1.81096e+07    1.00113e+01
 Pres. DC (bar) Pressure (bar)   Constr. rmsd
   -2.18646e+02    7.06391e+01    4.89513e-06


DD  step 24999  vol min/aver 0.944  load imb.: force  2.3%  pme mesh/force 0.511
           Step           Time
          25000       50.00000

   Energies (kJ/mol)
           Bond          Angle    Proper Dih. Per. Imp. Dih.          LJ-14
    2.83862e+03    9.68306e+03    3.65989e+04    2.12834e+02    1.37172e+04
     Coulomb-14        LJ (SR)  Disper. corr.   Coulomb (SR)   Coul. recip.
   -1.41196e+05    3.84875e+06   -1.31461e+05   -2.18807e+07    3.58161e+04
      Potential    Kinetic En.   Total Energy  Conserved En.    Temperature
   -1.82058e+07    8.79345e+04   -1.81178e+07   -1.81087e+07    1.00142e+01
 Pres. DC (bar) Pressure (bar)   Constr. rmsd
   -2.18004e+02   -2.74078e+01    4.83007e-06


DD  step 29999  vol min/aver 0.949  load imb.: force  2.0%  pme mesh/force 0.492
           Step           Time
          30000       60.00000

   Energies (kJ/mol)
           Bond          Angle    Proper Dih. Per. Imp. Dih.          LJ-14
    2.82916e+03    9.68428e+03    3.65872e+04    2.15157e+02    1.36422e+04
     Coulomb-14        LJ (SR)  Disper. corr.   Coulomb (SR)   Coul. recip.
   -1.41188e+05    3.85150e+06   -1.31462e+05   -2.18837e+07    3.60093e+04
      Potential    Kinetic En.   Total Energy  Conserved En.    Temperature
   -1.82059e+07    8.78147e+04   -1.81180e+07   -1.81083e+07    1.00005e+01
 Pres. DC (bar) Pressure (bar)   Constr. rmsd
   -2.18006e+02   -2.33086e+01    4.87821e-06


DD  step 34999  vol min/aver 0.910  load imb.: force  5.5%  pme mesh/force 0.471
           Step           Time
          35000       70.00000

   Energies (kJ/mol)
           Bond          Angle    Proper Dih. Per. Imp. Dih.          LJ-14
    2.86900e+03    9.64336e+03    3.66242e+04    2.13063e+02    1.36765e+04
     Coulomb-14        LJ (SR)  Disper. corr.   Coulomb (SR)   Coul. recip.
   -1.41166e+05    3.85504e+06   -1.31515e+05   -2.18873e+07    3.58527e+04
      Potential    Kinetic En.   Total Energy  Conserved En.    Temperature
   -1.82061e+07    8.76993e+04   -1.81184e+07   -1.81082e+07    9.98741e+00
 Pres. DC (bar) Pressure (bar)   Constr. rmsd
   -2.18181e+02    4.82694e+00    4.83003e-06


DD  step 39999  vol min/aver 0.921  load imb.: force  2.7%  pme mesh/force 0.508
           Step           Time
          40000       80.00000

   Energies (kJ/mol)
           Bond          Angle    Proper Dih. Per. Imp. Dih.          LJ-14
    2.87295e+03    9.67458e+03    3.65942e+04    2.13918e+02    1.37190e+04
     Coulomb-14        LJ (SR)  Disper. corr.   Coulomb (SR)   Coul. recip.
   -1.41141e+05    3.85422e+06   -1.31534e+05   -2.18868e+07    3.59530e+04
      Potential    Kinetic En.   Total Energy  Conserved En.    Temperature
   -1.82062e+07    8.77734e+04   -1.81184e+07   -1.81081e+07    9.99584e+00
 Pres. DC (bar) Pressure (bar)   Constr. rmsd
   -2.18244e+02    3.16704e+00    4.82547e-06

Writing checkpoint, step 44300 at Sat Nov 29 03:09:41 2025



DD  step 44999  vol min/aver 0.955  load imb.: force  1.5%  pme mesh/force 0.482
           Step           Time
          45000       90.00000

   Energies (kJ/mol)
           Bond          Angle    Proper Dih. Per. Imp. Dih.          LJ-14
    2.86695e+03    9.69283e+03    3.65903e+04    2.08821e+02    1.36894e+04
     Coulomb-14        LJ (SR)  Disper. corr.   Coulomb (SR)   Coul. recip.
   -1.41206e+05    3.85425e+06   -1.31527e+05   -2.18867e+07    3.59175e+04
      Potential    Kinetic En.   Total Energy  Conserved En.    Temperature
   -1.82062e+07    8.76899e+04   -1.81185e+07   -1.81079e+07    9.98633e+00
 Pres. DC (bar) Pressure (bar)   Constr. rmsd
   -2.18222e+02    2.54211e+00    4.91061e-06


DD  step 49999  vol min/aver 0.944  load imb.: force  5.2%  pme mesh/force 0.515
           Step           Time
          50000      100.00000

   Energies (kJ/mol)
           Bond          Angle    Proper Dih. Per. Imp. Dih.          LJ-14
    2.84296e+03    9.71150e+03    3.66002e+04    2.17812e+02    1.36572e+04
     Coulomb-14        LJ (SR)  Disper. corr.   Coulomb (SR)   Coul. recip.
   -1.41156e+05    3.85252e+06   -1.31490e+05   -2.18850e+07    3.59655e+04
      Potential    Kinetic En.   Total Energy  Conserved En.    Temperature
   -1.82062e+07    8.80185e+04   -1.81181e+07   -1.81078e+07    1.00238e+01
 Pres. DC (bar) Pressure (bar)   Constr. rmsd
   -2.18100e+02   -1.42048e+01    4.91121e-06


DD  step 54999  vol min/aver 0.949  load imb.: force  2.1%  pme mesh/force 0.505
           Step           Time
          55000      110.00000

   Energies (kJ/mol)
           Bond          Angle    Proper Dih. Per. Imp. Dih.          LJ-14
    2.87341e+03    9.70045e+03    3.65799e+04    2.16218e+02    1.37181e+04
     Coulomb-14        LJ (SR)  Disper. corr.   Coulomb (SR)   Coul. recip.
   -1.41224e+05    3.85489e+06   -1.31533e+05   -2.18875e+07    3.59755e+04
      Potential    Kinetic En.   Total Energy  Conserved En.    Temperature
   -1.82063e+07    8.78180e+04   -1.81185e+07   -1.81076e+07    1.00009e+01
 Pres. DC (bar) Pressure (bar)   Constr. rmsd
   -2.18241e+02    5.79734e+00    4.86545e-06


DD  step 59999  vol min/aver 0.935  load imb.: force  3.0%  pme mesh/force 0.547
           Step           Time
          60000      120.00000

   Energies (kJ/mol)
           Bond          Angle    Proper Dih. Per. Imp. Dih.          LJ-14
    2.85580e+03    9.72688e+03    3.65693e+04    2.12241e+02    1.36933e+04
     Coulomb-14        LJ (SR)  Disper. corr.   Coulomb (SR)   Coul. recip.
   -1.41225e+05    3.85823e+06   -1.31567e+05   -2.18909e+07    3.59383e+04
      Potential    Kinetic En.   Total Energy  Conserved En.    Temperature
   -1.82065e+07    8.78421e+04   -1.81187e+07   -1.81076e+07    1.00037e+01
 Pres. DC (bar) Pressure (bar)   Constr. rmsd
   -2.18354e+02    2.94021e+01    4.87737e-06


DD  step 64999  vol min/aver 0.946  load imb.: force  3.5%  pme mesh/force 0.537
           Step           Time
          65000      130.00000

   Energies (kJ/mol)
           Bond          Angle    Proper Dih. Per. Imp. Dih.          LJ-14
    2.86410e+03    9.68798e+03    3.66109e+04    2.14619e+02    1.36687e+04
     Coulomb-14        LJ (SR)  Disper. corr.   Coulomb (SR)   Coul. recip.
   -1.41212e+05    3.85876e+06   -1.31609e+05   -2.18918e+07    3.58981e+04
      Potential    Kinetic En.   Total Energy  Conserved En.    Temperature
   -1.82069e+07    8.78012e+04   -1.81191e+07   -1.81073e+07    9.99900e+00
 Pres. DC (bar) Pressure (bar)   Constr. rmsd
   -2.18492e+02    3.48617e+01    4.81331e-06


DD  step 69999  vol min/aver 0.937  load imb.: force  2.9%  pme mesh/force 0.478
           Step           Time
          70000      140.00000

   Energies (kJ/mol)
           Bond          Angle    Proper Dih. Per. Imp. Dih.          LJ-14
    2.89433e+03    9.72125e+03    3.66145e+04    2.15225e+02    1.36809e+04
     Coulomb-14        LJ (SR)  Disper. corr.   Coulomb (SR)   Coul. recip.
   -1.41170e+05    3.85885e+06   -1.31582e+05   -2.18916e+07    3.59312e+04
      Potential    Kinetic En.   Total Energy  Conserved En.    Temperature
   -1.82064e+07    8.78237e+04   -1.81186e+07   -1.81071e+07    1.00016e+01
 Pres. DC (bar) Pressure (bar)   Constr. rmsd
   -2.18403e+02    3.14784e+01    4.96171e-06


DD  step 74999  vol min/aver 0.902  load imb.: force  5.1%  pme mesh/force 0.521
           Step           Time
          75000      150.00000

   Energies (kJ/mol)
           Bond          Angle    Proper Dih. Per. Imp. Dih.          LJ-14
    2.87981e+03    9.75186e+03    3.65942e+04    2.17816e+02    1.37024e+04
     Coulomb-14        LJ (SR)  Disper. corr.   Coulomb (SR)   Coul. recip.
   -1.41234e+05    3.85890e+06   -1.31606e+05   -2.18918e+07    3.58514e+04
      Potential    Kinetic En.   Total Energy  Conserved En.    Temperature
   -1.82067e+07    8.78426e+04   -1.81189e+07   -1.81069e+07    1.00037e+01
 Pres. DC (bar) Pressure (bar)   Constr. rmsd
   -2.18485e+02    3.58686e+01    4.89790e-06


DD  step 79999  vol min/aver 0.930  load imb.: force  2.5%  pme mesh/force 0.517
           Step           Time
          80000      160.00000

   Energies (kJ/mol)
           Bond          Angle    Proper Dih. Per. Imp. Dih.          LJ-14
    2.86880e+03    9.76215e+03    3.66173e+04    2.12966e+02    1.37333e+04
     Coulomb-14        LJ (SR)  Disper. corr.   Coulomb (SR)   Coul. recip.
   -1.41163e+05    3.85574e+06   -1.31551e+05   -2.18888e+07    3.58875e+04
      Potential    Kinetic En.   Total Energy  Conserved En.    Temperature
   -1.82067e+07    8.80608e+04   -1.81186e+07   -1.81064e+07    1.00286e+01
 Pres. DC (bar) Pressure (bar)   Constr. rmsd
   -2.18300e+02    1.37088e+01    4.91383e-06


DD  step 84999  vol min/aver 0.913  load imb.: force  4.7%  pme mesh/force 0.481
           Step           Time
          85000      170.00000

   Energies (kJ/mol)
           Bond          Angle    Proper Dih. Per. Imp. Dih.          LJ-14
    2.87730e+03    9.73979e+03    3.65979e+04    2.19765e+02    1.37013e+04
     Coulomb-14        LJ (SR)  Disper. corr.   Coulomb (SR)   Coul. recip.
   -1.41168e+05    3.84617e+06   -1.31421e+05   -2.18794e+07    3.60198e+04
      Potential    Kinetic En.   Total Energy  Conserved En.    Temperature
   -1.82067e+07    8.80968e+04   -1.81186e+07   -1.81058e+07    1.00327e+01
 Pres. DC (bar) Pressure (bar)   Constr. rmsd
   -2.17872e+02   -5.40728e+01    4.91270e-06

Writing checkpoint, step 88700 at Sat Nov 29 03:24:42 2025



DD  step 89999  vol min/aver 0.942  load imb.: force  2.1%  pme mesh/force 0.473
           Step           Time
          90000      180.00000

   Energies (kJ/mol)
           Bond          Angle    Proper Dih. Per. Imp. Dih.          LJ-14
    2.89725e+03    9.70857e+03    3.65876e+04    2.12645e+02    1.37146e+04
     Coulomb-14        LJ (SR)  Disper. corr.   Coulomb (SR)   Coul. recip.
   -1.41233e+05    3.84952e+06   -1.31450e+05   -2.18827e+07    3.59559e+04
      Potential    Kinetic En.   Total Energy  Conserved En.    Temperature
   -1.82068e+07    8.77219e+04   -1.81191e+07   -1.81054e+07    9.98997e+00
 Pres. DC (bar) Pressure (bar)   Constr. rmsd
   -2.17967e+02   -3.02086e+01    4.91461e-06


DD  step 94999  vol min/aver 0.943  load imb.: force  1.7%  pme mesh/force 0.514
           Step           Time
          95000      190.00000

   Energies (kJ/mol)
           Bond          Angle    Proper Dih. Per. Imp. Dih.          LJ-14
    2.88154e+03    9.77624e+03    3.65931e+04    2.12543e+02    1.36660e+04
     Coulomb-14        LJ (SR)  Disper. corr.   Coulomb (SR)   Coul. recip.
   -1.41171e+05    3.85418e+06   -1.31525e+05   -2.18877e+07    3.59522e+04
      Potential    Kinetic En.   Total Energy  Conserved En.    Temperature
   -1.82071e+07    8.78530e+04   -1.81192e+07   -1.81050e+07    1.00049e+01
 Pres. DC (bar) Pressure (bar)   Constr. rmsd
   -2.18216e+02   -1.93789e+00    4.99301e-06


DD  step 99999  vol min/aver 0.947  load imb.: force  6.3%  pme mesh/force 0.601
           Step           Time
         100000      200.00000

   Energies (kJ/mol)
           Bond          Angle    Proper Dih. Per. Imp. Dih.          LJ-14
    2.88075e+03    9.76017e+03    3.66251e+04    2.19874e+02    1.37031e+04
     Coulomb-14        LJ (SR)  Disper. corr.   Coulomb (SR)   Coul. recip.
   -1.41246e+05    3.85688e+06   -1.31566e+05   -2.18899e+07    3.58865e+04
      Potential    Kinetic En.   Total Energy  Conserved En.    Temperature
   -1.82068e+07    8.76854e+04   -1.81191e+07   -1.81049e+07    9.98582e+00
 Pres. DC (bar) Pressure (bar)   Constr. rmsd
   -2.18350e+02    1.69049e+01    5.00827e-06


DD  step 104999  vol min/aver 0.950  load imb.: force  2.4%  pme mesh/force 0.484
           Step           Time
         105000      210.00000

   Energies (kJ/mol)
           Bond          Angle    Proper Dih. Per. Imp. Dih.          LJ-14
    2.89922e+03    9.77455e+03    3.66017e+04    2.14592e+02    1.36532e+04
     Coulomb-14        LJ (SR)  Disper. corr.   Coulomb (SR)   Coul. recip.
   -1.41167e+05    3.85651e+06   -1.31545e+05   -2.18898e+07    3.59186e+04
      Potential    Kinetic En.   Total Energy  Conserved En.    Temperature
   -1.82069e+07    8.79384e+04   -1.81190e+07   -1.81047e+07    1.00146e+01
 Pres. DC (bar) Pressure (bar)   Constr. rmsd
   -2.18281e+02    1.26326e+01    4.95983e-06


DD  step 109999  vol min/aver 0.936  load imb.: force  2.9%  pme mesh/force 0.504
           Step           Time
         110000      220.00000

   Energies (kJ/mol)
           Bond          Angle    Proper Dih. Per. Imp. Dih.          LJ-14
    2.92624e+03    9.73314e+03    3.66262e+04    2.15518e+02    1.36736e+04
     Coulomb-14        LJ (SR)  Disper. corr.   Coulomb (SR)   Coul. recip.
   -1.41282e+05    3.85768e+06   -1.31593e+05   -2.18909e+07    3.58837e+04
      Potential    Kinetic En.   Total Energy  Conserved En.    Temperature
   -1.82070e+07    8.76538e+04   -1.81193e+07   -1.81045e+07    9.98222e+00
 Pres. DC (bar) Pressure (bar)   Constr. rmsd
   -2.18439e+02    2.56812e+01    4.93236e-06


step 114000 Turning off dynamic load balancing, because it is degrading performance.
Atom distribution over 40 domains: av 26296 stddev 88 min 26094 max 26492

DD  step 114999 load imb.: force  7.2%  pme mesh/force 0.514
           Step           Time
         115000      230.00000

   Energies (kJ/mol)
           Bond          Angle    Proper Dih. Per. Imp. Dih.          LJ-14
    2.95779e+03    9.78248e+03    3.66082e+04    2.18456e+02    1.36496e+04
     Coulomb-14        LJ (SR)  Disper. corr.   Coulomb (SR)   Coul. recip.
   -1.41289e+05    3.86007e+06   -1.31606e+05   -2.18931e+07    3.58971e+04
      Potential    Kinetic En.   Total Energy  Conserved En.    Temperature
   -1.82068e+07    8.76921e+04   -1.81191e+07   -1.81043e+07    9.98659e+00
 Pres. DC (bar) Pressure (bar)   Constr. rmsd
   -2.18484e+02    3.86960e+01    4.96811e-06


DD  step 119999 load imb.: force  3.7%  pme mesh/force 0.479
           Step           Time
         120000      240.00000

   Energies (kJ/mol)
           Bond          Angle    Proper Dih. Per. Imp. Dih.          LJ-14
    2.92655e+03    9.80688e+03    3.66262e+04    2.17937e+02    1.36853e+04
     Coulomb-14        LJ (SR)  Disper. corr.   Coulomb (SR)   Coul. recip.
   -1.41242e+05    3.85822e+06   -1.31582e+05   -2.18915e+07    3.59064e+04
      Potential    Kinetic En.   Total Energy  Conserved En.    Temperature
   -1.82069e+07    8.76975e+04   -1.81192e+07   -1.81042e+07    9.98720e+00
 Pres. DC (bar) Pressure (bar)   Constr. rmsd
   -2.18404e+02    2.73191e+01    5.02543e-06


DD  step 124999 load imb.: force  3.0%  pme mesh/force 0.465
           Step           Time
         125000      250.00000

   Energies (kJ/mol)
           Bond          Angle    Proper Dih. Per. Imp. Dih.          LJ-14
    2.93170e+03    9.77435e+03    3.66224e+04    2.14700e+02    1.37155e+04
     Coulomb-14        LJ (SR)  Disper. corr.   Coulomb (SR)   Coul. recip.
   -1.41208e+05    3.85923e+06   -1.31594e+05   -2.18929e+07    3.59406e+04
      Potential    Kinetic En.   Total Energy  Conserved En.    Temperature
   -1.82072e+07    8.78029e+04   -1.81194e+07   -1.81039e+07    9.99920e+00
 Pres. DC (bar) Pressure (bar)   Constr. rmsd
   -2.18442e+02    3.61441e+01    4.93754e-06


DD  step 129999 load imb.: force  4.4%  pme mesh/force 0.476

step 130000 Turning on dynamic load balancing, because the performance loss due to load imbalance is 3.3 %.
           Step           Time
         130000      260.00000

   Energies (kJ/mol)
           Bond          Angle    Proper Dih. Per. Imp. Dih.          LJ-14
    2.90149e+03    9.75600e+03    3.66405e+04    2.15214e+02    1.36868e+04
     Coulomb-14        LJ (SR)  Disper. corr.   Coulomb (SR)   Coul. recip.
   -1.41162e+05    3.85519e+06   -1.31532e+05   -2.18888e+07    3.58942e+04
      Potential    Kinetic En.   Total Energy  Conserved En.    Temperature
   -1.82072e+07    8.77431e+04   -1.81195e+07   -1.81037e+07    9.99239e+00
 Pres. DC (bar) Pressure (bar)   Constr. rmsd
   -2.18237e+02    4.57649e+00    4.93406e-06

Writing checkpoint, step 132600 at Sat Nov 29 03:39:42 2025



DD  step 134999  vol min/aver 0.936  load imb.: force  3.2%  pme mesh/force 0.483
           Step           Time
         135000      270.00000

   Energies (kJ/mol)
           Bond          Angle    Proper Dih. Per. Imp. Dih.          LJ-14
    2.91338e+03    9.79669e+03    3.65910e+04    2.17164e+02    1.37147e+04
     Coulomb-14        LJ (SR)  Disper. corr.   Coulomb (SR)   Coul. recip.
   -1.41256e+05    3.85189e+06   -1.31480e+05   -2.18855e+07    3.59434e+04
      Potential    Kinetic En.   Total Energy  Conserved En.    Temperature
   -1.82072e+07    8.77640e+04   -1.81194e+07   -1.81034e+07    9.99477e+00
 Pres. DC (bar) Pressure (bar)   Constr. rmsd
   -2.18067e+02   -1.84486e+01    4.96418e-06


DD  step 139999  vol min/aver 0.954  load imb.: force  2.9%  pme mesh/force 0.498
           Step           Time
         140000      280.00000

   Energies (kJ/mol)
           Bond          Angle    Proper Dih. Per. Imp. Dih.          LJ-14
    2.92934e+03    9.76156e+03    3.66194e+04    2.11263e+02    1.36794e+04
     Coulomb-14        LJ (SR)  Disper. corr.   Coulomb (SR)   Coul. recip.
   -1.41211e+05    3.85051e+06   -1.31468e+05   -2.18842e+07    3.59793e+04
      Potential    Kinetic En.   Total Energy  Conserved En.    Temperature
   -1.82072e+07    8.77471e+04   -1.81195e+07   -1.81032e+07    9.99285e+00
 Pres. DC (bar) Pressure (bar)   Constr. rmsd
   -2.18026e+02   -2.91611e+01    4.97564e-06


DD  step 144999  vol min/aver 0.943  load imb.: force  2.7%  pme mesh/force 0.487
           Step           Time
         145000      290.00000

   Energies (kJ/mol)
           Bond          Angle    Proper Dih. Per. Imp. Dih.          LJ-14
    2.98118e+03    9.78584e+03    3.66167e+04    2.13529e+02    1.36941e+04
     Coulomb-14        LJ (SR)  Disper. corr.   Coulomb (SR)   Coul. recip.
   -1.41328e+05    3.85087e+06   -1.31478e+05   -2.18844e+07    3.58608e+04
      Potential    Kinetic En.   Total Energy  Conserved En.    Temperature
   -1.82072e+07    8.78864e+04   -1.81193e+07   -1.81028e+07    1.00087e+01
 Pres. DC (bar) Pressure (bar)   Constr. rmsd
   -2.18058e+02   -2.54996e+01    5.01814e-06


DD  step 149999  vol min/aver 0.941  load imb.: force  2.7%  pme mesh/force 0.463
           Step           Time
         150000      300.00000

   Energies (kJ/mol)
           Bond          Angle    Proper Dih. Per. Imp. Dih.          LJ-14
    2.95987e+03    9.77805e+03    3.65945e+04    2.16034e+02    1.36980e+04
     Coulomb-14        LJ (SR)  Disper. corr.   Coulomb (SR)   Coul. recip.
   -1.41152e+05    3.85408e+06   -1.31536e+05   -2.18879e+07    3.59003e+04
      Potential    Kinetic En.   Total Energy  Conserved En.    Temperature
   -1.82074e+07    8.78340e+04   -1.81195e+07   -1.81024e+07    1.00027e+01
 Pres. DC (bar) Pressure (bar)   Constr. rmsd
   -2.18252e+02   -6.88359e-01    4.97834e-06


DD  step 154999  vol min/aver 0.909  load imb.: force  5.1%  pme mesh/force 0.484
           Step           Time
         155000      310.00000

   Energies (kJ/mol)
           Bond          Angle    Proper Dih. Per. Imp. Dih.          LJ-14
    2.95432e+03    9.77206e+03    3.65931e+04    2.14100e+02    1.36758e+04
     Coulomb-14        LJ (SR)  Disper. corr.   Coulomb (SR)   Coul. recip.
   -1.41290e+05    3.85811e+06   -1.31590e+05   -2.18918e+07    3.58802e+04
      Potential    Kinetic En.   Total Energy  Conserved En.    Temperature
   -1.82075e+07    8.77562e+04   -1.81198e+07   -1.81021e+07    9.99388e+00
 Pres. DC (bar) Pressure (bar)   Constr. rmsd
   -2.18429e+02    2.60359e+01    4.95102e-06


DD  step 159999  vol min/aver 0.961  load imb.: force  2.1%  pme mesh/force 0.486
           Step           Time
         160000      320.00000

   Energies (kJ/mol)
           Bond          Angle    Proper Dih. Per. Imp. Dih.          LJ-14
    2.98811e+03    9.78652e+03    3.65876e+04    2.19902e+02    1.36513e+04
     Coulomb-14        LJ (SR)  Disper. corr.   Coulomb (SR)   Coul. recip.
   -1.41219e+05    3.86464e+06   -1.31704e+05   -2.18980e+07    3.58512e+04
      Potential    Kinetic En.   Total Energy  Conserved En.    Temperature
   -1.82072e+07    8.77645e+04   -1.81195e+07   -1.81015e+07    9.99483e+00
 Pres. DC (bar) Pressure (bar)   Constr. rmsd
   -2.18808e+02    7.40709e+01    4.94970e-06


DD  step 164999  vol min/aver 0.908  load imb.: force  4.1%  pme mesh/force 0.566
           Step           Time
         165000      330.00000

   Energies (kJ/mol)
           Bond          Angle    Proper Dih. Per. Imp. Dih.          LJ-14
    2.95195e+03    9.78832e+03    3.65969e+04    2.15910e+02    1.36836e+04
     Coulomb-14        LJ (SR)  Disper. corr.   Coulomb (SR)   Coul. recip.
   -1.41196e+05    3.86646e+06   -1.31723e+05   -2.18999e+07    3.58248e+04
      Potential    Kinetic En.   Total Energy  Conserved En.    Temperature
   -1.82073e+07    8.77058e+04   -1.81196e+07   -1.81007e+07    9.98814e+00
 Pres. DC (bar) Pressure (bar)   Constr. rmsd
   -2.18870e+02    8.82578e+01    4.92990e-06


DD  step 169999  vol min/aver 0.931  load imb.: force  5.6%  pme mesh/force 0.546
           Step           Time
         170000      340.00000

   Energies (kJ/mol)
           Bond          Angle    Proper Dih. Per. Imp. Dih.          LJ-14
    2.94543e+03    9.79951e+03    3.66343e+04    2.12282e+02    1.36901e+04
     Coulomb-14        LJ (SR)  Disper. corr.   Coulomb (SR)   Coul. recip.
   -1.41223e+05    3.86094e+06   -1.31650e+05   -2.18947e+07    3.58777e+04
      Potential    Kinetic En.   Total Energy  Conserved En.    Temperature
   -1.82074e+07    8.78610e+04   -1.81196e+07   -1.81000e+07    1.00058e+01
 Pres. DC (bar) Pressure (bar)   Constr. rmsd
   -2.18630e+02    5.06322e+01    4.96047e-06


DD  step 174999  vol min/aver 0.940  load imb.: force  2.0%  pme mesh/force 0.503
           Step           Time
         175000      350.00000

   Energies (kJ/mol)
           Bond          Angle    Proper Dih. Per. Imp. Dih.          LJ-14
    2.91836e+03    9.81711e+03    3.65987e+04    2.20647e+02    1.37135e+04
     Coulomb-14        LJ (SR)  Disper. corr.   Coulomb (SR)   Coul. recip.
   -1.41167e+05    3.85174e+06   -1.31515e+05   -2.18857e+07    3.58763e+04
      Potential    Kinetic En.   Total Energy  Conserved En.    Temperature
   -1.82075e+07    8.78407e+04   -1.81196e+07   -1.80993e+07    1.00035e+01
 Pres. DC (bar) Pressure (bar)   Constr. rmsd
   -2.18183e+02   -1.38626e+01    5.07758e-06

Writing checkpoint, step 176800 at Sat Nov 29 03:54:42 2025



DD  step 179999  vol min/aver 0.874  load imb.: force  5.7%  pme mesh/force 0.505
           Step           Time
         180000      360.00000

   Energies (kJ/mol)
           Bond          Angle    Proper Dih. Per. Imp. Dih.          LJ-14
    2.92117e+03    9.77008e+03    3.66674e+04    2.13890e+02    1.36696e+04
     Coulomb-14        LJ (SR)  Disper. corr.   Coulomb (SR)   Coul. recip.
   -1.41186e+05    3.84975e+06   -1.31455e+05   -2.18836e+07    3.58281e+04
      Potential    Kinetic En.   Total Energy  Conserved En.    Temperature
   -1.82074e+07    8.78598e+04   -1.81195e+07   -1.80986e+07    1.00057e+01
 Pres. DC (bar) Pressure (bar)   Constr. rmsd
   -2.17983e+02   -3.26689e+01    5.04924e-06


DD  step 184999  vol min/aver 0.947  load imb.: force 12.6%  pme mesh/force 0.708
           Step           Time
         185000      370.00000

   Energies (kJ/mol)
           Bond          Angle    Proper Dih. Per. Imp. Dih.          LJ-14
    2.93247e+03    9.82210e+03    3.66109e+04    2.23913e+02    1.36598e+04
     Coulomb-14        LJ (SR)  Disper. corr.   Coulomb (SR)   Coul. recip.
   -1.41220e+05    3.84566e+06   -1.31419e+05   -2.18796e+07    3.59109e+04
      Potential    Kinetic En.   Total Energy  Conserved En.    Temperature
   -1.82074e+07    8.78175e+04   -1.81196e+07   -1.80979e+07    1.00009e+01
 Pres. DC (bar) Pressure (bar)   Constr. rmsd
   -2.17865e+02   -6.27028e+01    5.03384e-06


DD  step 189999  vol min/aver 0.946  load imb.: force  2.6%  pme mesh/force 0.494
           Step           Time
         190000      380.00000

   Energies (kJ/mol)
           Bond          Angle    Proper Dih. Per. Imp. Dih.          LJ-14
    2.92325e+03    9.76847e+03    3.66227e+04    2.18822e+02    1.36535e+04
     Coulomb-14        LJ (SR)  Disper. corr.   Coulomb (SR)   Coul. recip.
   -1.41150e+05    3.84891e+06   -1.31456e+05   -2.18829e+07    3.59229e+04
      Potential    Kinetic En.   Total Energy  Conserved En.    Temperature
   -1.82075e+07    8.78283e+04   -1.81197e+07   -1.80972e+07    1.00021e+01
 Pres. DC (bar) Pressure (bar)   Constr. rmsd
   -2.17987e+02   -4.09858e+01    5.01899e-06


DD  step 194999  vol min/aver 0.883  load imb.: force  6.3%  pme mesh/force 0.556
           Step           Time
         195000      390.00000

   Energies (kJ/mol)
           Bond          Angle    Proper Dih. Per. Imp. Dih.          LJ-14
    2.95568e+03    9.79258e+03    3.65930e+04    2.20926e+02    1.36801e+04
     Coulomb-14        LJ (SR)  Disper. corr.   Coulomb (SR)   Coul. recip.
   -1.41224e+05    3.85739e+06   -1.31587e+05   -2.18915e+07    3.58689e+04
      Potential    Kinetic En.   Total Energy  Conserved En.    Temperature
   -1.82078e+07    8.78417e+04   -1.81199e+07   -1.80966e+07    1.00036e+01
 Pres. DC (bar) Pressure (bar)   Constr. rmsd
   -2.18420e+02    2.24071e+01    5.00510e-06


DD  step 199999  vol min/aver 0.943  load imb.: force  2.6%  pme mesh/force 0.497
           Step           Time
         200000      400.00000

   Energies (kJ/mol)
           Bond          Angle    Proper Dih. Per. Imp. Dih.          LJ-14
    3.01634e+03    9.73550e+03    3.66003e+04    2.14908e+02    1.36856e+04
     Coulomb-14        LJ (SR)  Disper. corr.   Coulomb (SR)   Coul. recip.
   -1.41238e+05    3.86140e+06   -1.31645e+05   -2.18953e+07    3.58475e+04
      Potential    Kinetic En.   Total Energy  Conserved En.    Temperature
   -1.82076e+07    8.77920e+04   -1.81198e+07   -1.80960e+07    9.99796e+00
 Pres. DC (bar) Pressure (bar)   Constr. rmsd
   -2.18613e+02    5.30386e+01    4.91542e-06


step 204000 Turning off dynamic load balancing, because it is degrading performance.
Atom distribution over 40 domains: av 26296 stddev 97 min 26070 max 26515

DD  step 204999 load imb.: force 42.5%  pme mesh/force 0.906
           Step           Time
         205000      410.00000

   Energies (kJ/mol)
           Bond          Angle    Proper Dih. Per. Imp. Dih.          LJ-14
    2.94864e+03    9.70836e+03    3.66573e+04    2.20512e+02    1.36962e+04
     Coulomb-14        LJ (SR)  Disper. corr.   Coulomb (SR)   Coul. recip.
   -1.41147e+05    3.86132e+06   -1.31649e+05   -2.18954e+07    3.58531e+04
      Potential    Kinetic En.   Total Energy  Conserved En.    Temperature
   -1.82077e+07    8.77995e+04   -1.81199e+07   -1.80957e+07    9.99882e+00
 Pres. DC (bar) Pressure (bar)   Constr. rmsd
   -2.18627e+02    4.92026e+01    4.92271e-06


DD  step 209999 load imb.: force  2.7%  pme mesh/force 0.461

step 210000 Will no longer try dynamic load balancing, as it degraded performance.
           Step           Time
         210000      420.00000

   Energies (kJ/mol)
           Bond          Angle    Proper Dih. Per. Imp. Dih.          LJ-14
    2.94964e+03    9.82635e+03    3.66120e+04    2.11720e+02    1.36794e+04
     Coulomb-14        LJ (SR)  Disper. corr.   Coulomb (SR)   Coul. recip.
   -1.41296e+05    3.85984e+06   -1.31633e+05   -2.18937e+07    3.57883e+04
      Potential    Kinetic En.   Total Energy  Conserved En.    Temperature
   -1.82077e+07    8.79511e+04   -1.81198e+07   -1.80954e+07    1.00161e+01
 Pres. DC (bar) Pressure (bar)   Constr. rmsd
   -2.18574e+02    4.03957e+01    5.05674e-06


DD  step 214999 load imb.: force  2.5%  pme mesh/force 0.458
           Step           Time
         215000      430.00000

   Energies (kJ/mol)
           Bond          Angle    Proper Dih. Per. Imp. Dih.          LJ-14
    2.96617e+03    9.80182e+03    3.66222e+04    2.18134e+02    1.36913e+04
     Coulomb-14        LJ (SR)  Disper. corr.   Coulomb (SR)   Coul. recip.
   -1.41270e+05    3.86235e+06   -1.31662e+05   -2.18964e+07    3.58153e+04
      Potential    Kinetic En.   Total Energy  Conserved En.    Temperature
   -1.82079e+07    8.78789e+04   -1.81200e+07   -1.80949e+07    1.00079e+01
 Pres. DC (bar) Pressure (bar)   Constr. rmsd
   -2.18669e+02    5.65326e+01    5.08328e-06

Writing checkpoint, step 216100 at Sat Nov 29 04:09:44 2025



DD  step 219999 load imb.: force  7.0%  pme mesh/force 0.469
           Step           Time
         220000      440.00000

   Energies (kJ/mol)
           Bond          Angle    Proper Dih. Per. Imp. Dih.          LJ-14
    2.94453e+03    9.79674e+03    3.66273e+04    2.17924e+02    1.36818e+04
     Coulomb-14        LJ (SR)  Disper. corr.   Coulomb (SR)   Coul. recip.
   -1.41165e+05    3.85380e+06   -1.31537e+05   -2.18880e+07    3.58938e+04
      Potential    Kinetic En.   Total Energy  Conserved En.    Temperature
   -1.82077e+07    8.78935e+04   -1.81198e+07   -1.80943e+07    1.00095e+01
 Pres. DC (bar) Pressure (bar)   Constr. rmsd
   -2.18255e+02   -3.55173e+00    5.01182e-06


DD  step 224999 load imb.: force  4.5%  pme mesh/force 0.480
           Step           Time
         225000      450.00000

   Energies (kJ/mol)
           Bond          Angle    Proper Dih. Per. Imp. Dih.          LJ-14
    2.95010e+03    9.84455e+03    3.65864e+04    2.10421e+02    1.37166e+04
     Coulomb-14        LJ (SR)  Disper. corr.   Coulomb (SR)   Coul. recip.
   -1.41214e+05    3.84689e+06   -1.31430e+05   -2.18811e+07    3.59092e+04
      Potential    Kinetic En.   Total Energy  Conserved En.    Temperature
   -1.82076e+07    8.77083e+04   -1.81199e+07   -1.80936e+07    9.98843e+00
 Pres. DC (bar) Pressure (bar)   Constr. rmsd
   -2.17901e+02   -5.09813e+01    5.16978e-06


DD  step 229999 load imb.: force  4.8%  pme mesh/force 0.487
           Step           Time
         230000      460.00000

   Energies (kJ/mol)
           Bond          Angle    Proper Dih. Per. Imp. Dih.          LJ-14
    2.97805e+03    9.81446e+03    3.66052e+04    2.17617e+02    1.36637e+04
     Coulomb-14        LJ (SR)  Disper. corr.   Coulomb (SR)   Coul. recip.
   -1.41277e+05    3.84847e+06   -1.31450e+05   -2.18827e+07    3.58924e+04
      Potential    Kinetic En.   Total Energy  Conserved En.    Temperature
   -1.82078e+07    8.77918e+04   -1.81200e+07   -1.80930e+07    9.99794e+00
 Pres. DC (bar) Pressure (bar)   Constr. rmsd
   -2.17965e+02   -4.26196e+01    4.98492e-06


DD  step 234999 load imb.: force  3.7%  pme mesh/force 0.490
           Step           Time
         235000      470.00000

   Energies (kJ/mol)
           Bond          Angle    Proper Dih. Per. Imp. Dih.          LJ-14
    2.98442e+03    9.76974e+03    3.65715e+04    2.15070e+02    1.36782e+04
     Coulomb-14        LJ (SR)  Disper. corr.   Coulomb (SR)   Coul. recip.
   -1.41152e+05    3.85645e+06   -1.31559e+05   -2.18907e+07    3.58798e+04
      Potential    Kinetic En.   Total Energy  Conserved En.    Temperature
   -1.82079e+07    8.78478e+04   -1.81200e+07   -1.80925e+07    1.00043e+01
 Pres. DC (bar) Pressure (bar)   Constr. rmsd
   -2.18326e+02    1.13790e+01    4.95508e-06


DD  step 239999 load imb.: force  2.9%  pme mesh/force 0.470
           Step           Time
         240000      480.00000

   Energies (kJ/mol)
           Bond          Angle    Proper Dih. Per. Imp. Dih.          LJ-14
    2.97610e+03    9.79940e+03    3.66195e+04    2.17837e+02    1.36746e+04
     Coulomb-14        LJ (SR)  Disper. corr.   Coulomb (SR)   Coul. recip.
   -1.41171e+05    3.85710e+06   -1.31598e+05   -2.18913e+07    3.59013e+04
      Potential    Kinetic En.   Total Energy  Conserved En.    Temperature
   -1.82078e+07    8.77585e+04   -1.81201e+07   -1.80920e+07    9.99415e+00
 Pres. DC (bar) Pressure (bar)   Constr. rmsd
   -2.18456e+02    2.23844e+01    5.06552e-06


DD  step 244999 load imb.: force  2.5%  pme mesh/force 0.461
           Step           Time
         245000      490.00000

   Energies (kJ/mol)
           Bond          Angle    Proper Dih. Per. Imp. Dih.          LJ-14
    2.98246e+03    9.76437e+03    3.66254e+04    2.14669e+02    1.36879e+04
     Coulomb-14        LJ (SR)  Disper. corr.   Coulomb (SR)   Coul. recip.
   -1.41193e+05    3.85941e+06   -1.31620e+05   -2.18937e+07    3.58449e+04
      Potential    Kinetic En.   Total Energy  Conserved En.    Temperature
   -1.82080e+07    8.77680e+04   -1.81202e+07   -1.80918e+07    9.99523e+00
 Pres. DC (bar) Pressure (bar)   Constr. rmsd
   -2.18531e+02    3.64224e+01    5.09458e-06


DD  step 249999 load imb.: force 15.4%  pme mesh/force 0.643
           Step           Time
         250000      500.00000

   Energies (kJ/mol)
           Bond          Angle    Proper Dih. Per. Imp. Dih.          LJ-14
    2.95592e+03    9.83440e+03    3.66158e+04    2.13662e+02    1.36800e+04
     Coulomb-14        LJ (SR)  Disper. corr.   Coulomb (SR)   Coul. recip.
   -1.41168e+05    3.85415e+06   -1.31558e+05   -2.18886e+07    3.58462e+04
      Potential    Kinetic En.   Total Energy  Conserved En.    Temperature
   -1.82080e+07    8.79284e+04   -1.81201e+07   -1.80916e+07    1.00135e+01
 Pres. DC (bar) Pressure (bar)   Constr. rmsd
   -2.18326e+02    8.96682e-01    5.00074e-06


DD  step 254999 load imb.: force  3.6%  pme mesh/force 0.480
           Step           Time
         255000      510.00000

   Energies (kJ/mol)
           Bond          Angle    Proper Dih. Per. Imp. Dih.          LJ-14
    2.97733e+03    9.87339e+03    3.65958e+04    2.16526e+02    1.36927e+04
     Coulomb-14        LJ (SR)  Disper. corr.   Coulomb (SR)   Coul. recip.
   -1.41272e+05    3.86108e+06   -1.31632e+05   -2.18954e+07    3.58193e+04
      Potential    Kinetic En.   Total Energy  Conserved En.    Temperature
   -1.82080e+07    8.77434e+04   -1.81203e+07   -1.80914e+07    9.99243e+00
 Pres. DC (bar) Pressure (bar)   Constr. rmsd
   -2.18568e+02    4.67080e+01    5.10375e-06

Writing checkpoint, step 258200 at Sat Nov 29 04:24:42 2025



DD  step 259999 load imb.: force  3.1%  pme mesh/force 0.483
           Step           Time
         260000      520.00000

   Energies (kJ/mol)
           Bond          Angle    Proper Dih. Per. Imp. Dih.          LJ-14
    2.96150e+03    9.81487e+03    3.66156e+04    2.19108e+02    1.36908e+04
     Coulomb-14        LJ (SR)  Disper. corr.   Coulomb (SR)   Coul. recip.
   -1.41233e+05    3.85651e+06   -1.31566e+05   -2.18910e+07    3.58715e+04
      Potential    Kinetic En.   Total Energy  Conserved En.    Temperature
   -1.82081e+07    8.76833e+04   -1.81205e+07   -1.80912e+07    9.98558e+00
 Pres. DC (bar) Pressure (bar)   Constr. rmsd
   -2.18351e+02    1.34468e+01    5.07370e-06


DD  step 264999 load imb.: force  5.9%  pme mesh/force 0.516
           Step           Time
         265000      530.00000

   Energies (kJ/mol)
           Bond          Angle    Proper Dih. Per. Imp. Dih.          LJ-14
    2.95901e+03    9.78239e+03    3.66426e+04    2.18513e+02    1.36909e+04
     Coulomb-14        LJ (SR)  Disper. corr.   Coulomb (SR)   Coul. recip.
   -1.41189e+05    3.85171e+06   -1.31506e+05   -2.18864e+07    3.59263e+04
      Potential    Kinetic En.   Total Energy  Conserved En.    Temperature
   -1.82082e+07    8.78214e+04   -1.81203e+07   -1.80911e+07    1.00013e+01
 Pres. DC (bar) Pressure (bar)   Constr. rmsd
   -2.18152e+02   -1.63231e+01    4.91151e-06


DD  step 269999 load imb.: force  2.7%  pme mesh/force 0.474
           Step           Time
         270000      540.00000

   Energies (kJ/mol)
           Bond          Angle    Proper Dih. Per. Imp. Dih.          LJ-14
    2.95745e+03    9.84606e+03    3.66242e+04    2.16947e+02    1.36607e+04
     Coulomb-14        LJ (SR)  Disper. corr.   Coulomb (SR)   Coul. recip.
   -1.41147e+05    3.85644e+06   -1.31582e+05   -2.18912e+07    3.59069e+04
      Potential    Kinetic En.   Total Energy  Conserved En.    Temperature
   -1.82082e+07    8.77817e+04   -1.81205e+07   -1.80909e+07    9.99679e+00
 Pres. DC (bar) Pressure (bar)   Constr. rmsd
   -2.18404e+02    1.40425e+01    5.04066e-06


DD  step 274999 load imb.: force  7.6%  pme mesh/force 0.549
           Step           Time
         275000      550.00000

   Energies (kJ/mol)
           Bond          Angle    Proper Dih. Per. Imp. Dih.          LJ-14
    2.97696e+03    9.83341e+03    3.66191e+04    2.16031e+02    1.36662e+04
     Coulomb-14        LJ (SR)  Disper. corr.   Coulomb (SR)   Coul. recip.
   -1.41226e+05    3.85620e+06   -1.31565e+05   -2.18907e+07    3.58611e+04
      Potential    Kinetic En.   Total Energy  Conserved En.    Temperature
   -1.82081e+07    8.77069e+04   -1.81204e+07   -1.80908e+07    9.98827e+00
 Pres. DC (bar) Pressure (bar)   Constr. rmsd
   -2.18348e+02    1.21046e+01    4.96859e-06


DD  step 279999 load imb.: force  7.4%  pme mesh/force 0.651
           Step           Time
         280000      560.00000

   Energies (kJ/mol)
           Bond          Angle    Proper Dih. Per. Imp. Dih.          LJ-14
    2.94271e+03    9.84202e+03    3.66006e+04    2.11757e+02    1.36830e+04
     Coulomb-14        LJ (SR)  Disper. corr.   Coulomb (SR)   Coul. recip.
   -1.41163e+05    3.85646e+06   -1.31557e+05   -2.18912e+07    3.58983e+04
      Potential    Kinetic En.   Total Energy  Conserved En.    Temperature
   -1.82083e+07    8.78469e+04   -1.81204e+07   -1.80906e+07    1.00042e+01
 Pres. DC (bar) Pressure (bar)   Constr. rmsd
   -2.18322e+02    1.12276e+01    4.92677e-06


DD  step 284999 load imb.: force  4.7%  pme mesh/force 0.469
           Step           Time
         285000      570.00000

   Energies (kJ/mol)
           Bond          Angle    Proper Dih. Per. Imp. Dih.          LJ-14
    2.98457e+03    9.81803e+03    3.66086e+04    2.13009e+02    1.36991e+04
     Coulomb-14        LJ (SR)  Disper. corr.   Coulomb (SR)   Coul. recip.
   -1.41249e+05    3.85496e+06   -1.31550e+05   -2.18896e+07    3.58515e+04
      Potential    Kinetic En.   Total Energy  Conserved En.    Temperature
   -1.82083e+07    8.77368e+04   -1.81206e+07   -1.80905e+07    9.99167e+00
 Pres. DC (bar) Pressure (bar)   Constr. rmsd
   -2.18299e+02    5.09723e+00    5.05998e-06


DD  step 289999 load imb.: force  7.5%  pme mesh/force 0.540
           Step           Time
         290000      580.00000

   Energies (kJ/mol)
           Bond          Angle    Proper Dih. Per. Imp. Dih.          LJ-14
    2.98776e+03    9.85660e+03    3.65943e+04    2.15494e+02    1.36808e+04
     Coulomb-14        LJ (SR)  Disper. corr.   Coulomb (SR)   Coul. recip.
   -1.41264e+05    3.85769e+06   -1.31572e+05   -2.18923e+07    3.58443e+04
      Potential    Kinetic En.   Total Energy  Conserved En.    Temperature
   -1.82083e+07    8.79536e+04   -1.81204e+07   -1.80904e+07    1.00164e+01
 Pres. DC (bar) Pressure (bar)   Constr. rmsd
   -2.18369e+02    2.18507e+01    5.00646e-06


DD  step 294999 load imb.: force  7.7%  pme mesh/force 0.531
           Step           Time
         295000      590.00000

   Energies (kJ/mol)
           Bond          Angle    Proper Dih. Per. Imp. Dih.          LJ-14
    2.99186e+03    9.84474e+03    3.66082e+04    2.10680e+02    1.37048e+04
     Coulomb-14        LJ (SR)  Disper. corr.   Coulomb (SR)   Coul. recip.
   -1.41258e+05    3.85512e+06   -1.31554e+05   -2.18898e+07    3.58776e+04
      Potential    Kinetic En.   Total Energy  Conserved En.    Temperature
   -1.82083e+07    8.78630e+04   -1.81204e+07   -1.80902e+07    1.00060e+01
 Pres. DC (bar) Pressure (bar)   Constr. rmsd
   -2.18313e+02    3.90972e+00    5.05934e-06


DD  step 299999 load imb.: force  3.4%  pme mesh/force 0.445
           Step           Time
         300000      600.00000

   Energies (kJ/mol)
           Bond          Angle    Proper Dih. Per. Imp. Dih.          LJ-14
    2.99572e+03    9.87345e+03    3.65924e+04    2.18532e+02    1.36839e+04
     Coulomb-14        LJ (SR)  Disper. corr.   Coulomb (SR)   Coul. recip.
   -1.41175e+05    3.85672e+06   -1.31567e+05   -2.18915e+07    3.58330e+04
      Potential    Kinetic En.   Total Energy  Conserved En.    Temperature
   -1.82084e+07    8.77981e+04   -1.81206e+07   -1.80901e+07    9.99866e+00
 Pres. DC (bar) Pressure (bar)   Constr. rmsd
   -2.18356e+02    1.51885e+01    5.10521e-06

Writing checkpoint, step 301400 at Sat Nov 29 04:39:42 2025



DD  step 304999 load imb.: force  6.7%  pme mesh/force 0.496
           Step           Time
         305000      610.00000

   Energies (kJ/mol)
           Bond          Angle    Proper Dih. Per. Imp. Dih.          LJ-14
    2.96598e+03    9.83535e+03    3.66035e+04    2.10377e+02    1.36730e+04
     Coulomb-14        LJ (SR)  Disper. corr.   Coulomb (SR)   Coul. recip.
   -1.41192e+05    3.85088e+06   -1.31492e+05   -2.18856e+07    3.58804e+04
      Potential    Kinetic En.   Total Energy  Conserved En.    Temperature
   -1.82082e+07    8.77214e+04   -1.81205e+07   -1.80899e+07    9.98992e+00
 Pres. DC (bar) Pressure (bar)   Constr. rmsd
   -2.18106e+02   -2.72773e+01    5.05765e-06


DD  step 309999 load imb.: force  6.8%  pme mesh/force 0.511
           Step           Time
         310000      620.00000

   Energies (kJ/mol)
           Bond          Angle    Proper Dih. Per. Imp. Dih.          LJ-14
    3.01220e+03    9.85924e+03    3.66199e+04    2.23222e+02    1.36616e+04
     Coulomb-14        LJ (SR)  Disper. corr.   Coulomb (SR)   Coul. recip.
   -1.41349e+05    3.85149e+06   -1.31499e+05   -2.18860e+07    3.58805e+04
      Potential    Kinetic En.   Total Energy  Conserved En.    Temperature
   -1.82081e+07    8.77062e+04   -1.81204e+07   -1.80897e+07    9.98819e+00
 Pres. DC (bar) Pressure (bar)   Constr. rmsd
   -2.18130e+02   -2.14931e+01    5.05046e-06


DD  step 314999 load imb.: force 10.4%  pme mesh/force 0.584
           Step           Time
         315000      630.00000

   Energies (kJ/mol)
           Bond          Angle    Proper Dih. Per. Imp. Dih.          LJ-14
    2.97269e+03    9.85694e+03    3.66141e+04    2.17754e+02    1.36918e+04
     Coulomb-14        LJ (SR)  Disper. corr.   Coulomb (SR)   Coul. recip.
   -1.41272e+05    3.85733e+06   -1.31569e+05   -2.18920e+07    3.59321e+04
      Potential    Kinetic En.   Total Energy  Conserved En.    Temperature
   -1.82083e+07    8.77456e+04   -1.81205e+07   -1.80895e+07    9.99267e+00
 Pres. DC (bar) Pressure (bar)   Constr. rmsd
   -2.18361e+02    1.82859e+01    5.01963e-06


DD  step 319999 load imb.: force  7.7%  pme mesh/force 0.537
           Step           Time
         320000      640.00000

   Energies (kJ/mol)
           Bond          Angle    Proper Dih. Per. Imp. Dih.          LJ-14
    3.00867e+03    9.80085e+03    3.65870e+04    2.16285e+02    1.36756e+04
     Coulomb-14        LJ (SR)  Disper. corr.   Coulomb (SR)   Coul. recip.
   -1.41261e+05    3.86077e+06   -1.31628e+05   -2.18955e+07    3.58316e+04
      Potential    Kinetic En.   Total Energy  Conserved En.    Temperature
   -1.82085e+07    8.76667e+04   -1.81208e+07   -1.80892e+07    9.98369e+00
 Pres. DC (bar) Pressure (bar)   Constr. rmsd
   -2.18557e+02    4.35271e+01    5.10441e-06


DD  step 324999 load imb.: force  7.2%  pme mesh/force 0.553
           Step           Time
         325000      650.00000

   Energies (kJ/mol)
           Bond          Angle    Proper Dih. Per. Imp. Dih.          LJ-14
    3.00913e+03    9.83149e+03    3.65968e+04    2.14833e+02    1.36914e+04
     Coulomb-14        LJ (SR)  Disper. corr.   Coulomb (SR)   Coul. recip.
   -1.41222e+05    3.86021e+06   -1.31612e+05   -2.18950e+07    3.58015e+04
      Potential    Kinetic En.   Total Energy  Conserved En.    Temperature
   -1.82085e+07    8.77260e+04   -1.81207e+07   -1.80891e+07    9.99044e+00
 Pres. DC (bar) Pressure (bar)   Constr. rmsd
   -2.18505e+02    3.79779e+01    5.01345e-06


DD  step 329999 load imb.: force  2.3%  pme mesh/force 0.448
           Step           Time
         330000      660.00000

   Energies (kJ/mol)
           Bond          Angle    Proper Dih. Per. Imp. Dih.          LJ-14
    3.01405e+03    9.84645e+03    3.66132e+04    2.17684e+02    1.36644e+04
     Coulomb-14        LJ (SR)  Disper. corr.   Coulomb (SR)   Coul. recip.
   -1.41231e+05    3.85232e+06   -1.31511e+05   -2.18872e+07    3.59544e+04
      Potential    Kinetic En.   Total Energy  Conserved En.    Temperature
   -1.82083e+07    8.78607e+04   -1.81204e+07   -1.80888e+07    1.00058e+01
 Pres. DC (bar) Pressure (bar)   Constr. rmsd
   -2.18168e+02   -2.08118e+01    5.05312e-06


DD  step 334999 load imb.: force  3.9%  pme mesh/force 0.493
           Step           Time
         335000      670.00000

   Energies (kJ/mol)
           Bond          Angle    Proper Dih. Per. Imp. Dih.          LJ-14
    3.01301e+03    9.89462e+03    3.66230e+04    2.20060e+02    1.36372e+04
     Coulomb-14        LJ (SR)  Disper. corr.   Coulomb (SR)   Coul. recip.
   -1.41230e+05    3.85377e+06   -1.31519e+05   -2.18886e+07    3.58915e+04
      Potential    Kinetic En.   Total Energy  Conserved En.    Temperature
   -1.82083e+07    8.78099e+04   -1.81205e+07   -1.80886e+07    1.00000e+01
 Pres. DC (bar) Pressure (bar)   Constr. rmsd
   -2.18195e+02   -1.21050e+01    5.05573e-06


DD  step 339999 load imb.: force  3.2%  pme mesh/force 0.467
           Step           Time
         340000      680.00000

   Energies (kJ/mol)
           Bond          Angle    Proper Dih. Per. Imp. Dih.          LJ-14
    3.04316e+03    9.90531e+03    3.66397e+04    2.12103e+02    1.37045e+04
     Coulomb-14        LJ (SR)  Disper. corr.   Coulomb (SR)   Coul. recip.
   -1.41322e+05    3.85513e+06   -1.31528e+05   -2.18901e+07    3.58941e+04
      Potential    Kinetic En.   Total Energy  Conserved En.    Temperature
   -1.82084e+07    8.77321e+04   -1.81207e+07   -1.80885e+07    9.99114e+00
 Pres. DC (bar) Pressure (bar)   Constr. rmsd
   -2.18223e+02    2.70695e+00    4.95993e-06

Writing checkpoint, step 344700 at Sat Nov 29 04:54:42 2025



DD  step 344999 load imb.: force  4.7%  pme mesh/force 0.477
           Step           Time
         345000      690.00000

   Energies (kJ/mol)
           Bond          Angle    Proper Dih. Per. Imp. Dih.          LJ-14
    2.96251e+03    9.85935e+03    3.66201e+04    2.16042e+02    1.36976e+04
     Coulomb-14        LJ (SR)  Disper. corr.   Coulomb (SR)   Coul. recip.
   -1.41175e+05    3.85221e+06   -1.31504e+05   -2.18872e+07    3.58593e+04
      Potential    Kinetic En.   Total Energy  Conserved En.    Temperature
   -1.82084e+07    8.78359e+04   -1.81206e+07   -1.80883e+07    1.00030e+01
 Pres. DC (bar) Pressure (bar)   Constr. rmsd
   -2.18144e+02   -1.87039e+01    4.93698e-06


DD  step 349999 load imb.: force  7.2%  pme mesh/force 0.551
           Step           Time
         350000      700.00000

   Energies (kJ/mol)
           Bond          Angle    Proper Dih. Per. Imp. Dih.          LJ-14
    3.02261e+03    9.82999e+03    3.66320e+04    2.18705e+02    1.36787e+04
     Coulomb-14        LJ (SR)  Disper. corr.   Coulomb (SR)   Coul. recip.
   -1.41184e+05    3.85542e+06   -1.31552e+05   -2.18904e+07    3.58206e+04
      Potential    Kinetic En.   Total Energy  Conserved En.    Temperature
   -1.82085e+07    8.77775e+04   -1.81207e+07   -1.80880e+07    9.99630e+00
 Pres. DC (bar) Pressure (bar)   Constr. rmsd
   -2.18303e+02    5.66164e+00    5.00552e-06


DD  step 354999 load imb.: force  2.9%  pme mesh/force 0.460
           Step           Time
         355000      710.00000

   Energies (kJ/mol)
           Bond          Angle    Proper Dih. Per. Imp. Dih.          LJ-14
    3.05855e+03    9.81836e+03    3.65952e+04    2.18578e+02    1.36707e+04
     Coulomb-14        LJ (SR)  Disper. corr.   Coulomb (SR)   Coul. recip.
   -1.41221e+05    3.85861e+06   -1.31592e+05   -2.18936e+07    3.58906e+04
      Potential    Kinetic En.   Total Energy  Conserved En.    Temperature
   -1.82086e+07    8.79244e+04   -1.81206e+07   -1.80876e+07    1.00130e+01
 Pres. DC (bar) Pressure (bar)   Constr. rmsd
   -2.18436e+02    2.53966e+01    5.09955e-06


DD  step 359999 load imb.: force  7.2%  pme mesh/force 0.529
           Step           Time
         360000      720.00000

   Energies (kJ/mol)
           Bond          Angle    Proper Dih. Per. Imp. Dih.          LJ-14
    2.96657e+03    9.85813e+03    3.66101e+04    2.15075e+02    1.36554e+04
     Coulomb-14        LJ (SR)  Disper. corr.   Coulomb (SR)   Coul. recip.
   -1.41171e+05    3.86007e+06   -1.31614e+05   -2.18950e+07    3.58156e+04
      Potential    Kinetic En.   Total Energy  Conserved En.    Temperature
   -1.82086e+07    8.77918e+04   -1.81208e+07   -1.80874e+07    9.99794e+00
 Pres. DC (bar) Pressure (bar)   Constr. rmsd
   -2.18509e+02    3.71755e+01    5.06129e-06


DD  step 364999 load imb.: force  4.4%  pme mesh/force 0.477
           Step           Time
         365000      730.00000

   Energies (kJ/mol)
           Bond          Angle    Proper Dih. Per. Imp. Dih.          LJ-14
    2.95337e+03    9.87058e+03    3.66255e+04    2.15185e+02    1.37020e+04
     Coulomb-14        LJ (SR)  Disper. corr.   Coulomb (SR)   Coul. recip.
   -1.41201e+05    3.85811e+06   -1.31603e+05   -2.18930e+07    3.58248e+04
      Potential    Kinetic En.   Total Energy  Conserved En.    Temperature
   -1.82085e+07    8.78592e+04   -1.81206e+07   -1.80872e+07    1.00056e+01
 Pres. DC (bar) Pressure (bar)   Constr. rmsd
   -2.18474e+02    2.69296e+01    4.99584e-06


DD  step 369999 load imb.: force  3.6%  pme mesh/force 0.492
           Step           Time
         370000      740.00000

   Energies (kJ/mol)
           Bond          Angle    Proper Dih. Per. Imp. Dih.          LJ-14
    2.99701e+03    9.84529e+03    3.65839e+04    2.17251e+02    1.36781e+04
     Coulomb-14        LJ (SR)  Disper. corr.   Coulomb (SR)   Coul. recip.
   -1.41219e+05    3.85811e+06   -1.31588e+05   -2.18932e+07    3.58389e+04
      Potential    Kinetic En.   Total Energy  Conserved En.    Temperature
   -1.82087e+07    8.78513e+04   -1.81209e+07   -1.80870e+07    1.00047e+01
 Pres. DC (bar) Pressure (bar)   Constr. rmsd
   -2.18423e+02    2.19071e+01    4.97329e-06


DD  step 374999 load imb.: force  3.4%  pme mesh/force 0.469
           Step           Time
         375000      750.00000

   Energies (kJ/mol)
           Bond          Angle    Proper Dih. Per. Imp. Dih.          LJ-14
    3.02014e+03    9.87080e+03    3.66245e+04    2.20204e+02    1.36751e+04
     Coulomb-14        LJ (SR)  Disper. corr.   Coulomb (SR)   Coul. recip.
   -1.41158e+05    3.86263e+06   -1.31666e+05   -2.18977e+07    3.57783e+04
      Potential    Kinetic En.   Total Energy  Conserved En.    Temperature
   -1.82087e+07    8.76535e+04   -1.81210e+07   -1.80868e+07    9.98219e+00
 Pres. DC (bar) Pressure (bar)   Constr. rmsd
   -2.18684e+02    5.71689e+01    4.93233e-06


DD  step 379999 load imb.: force  2.5%  pme mesh/force 0.456
           Step           Time
         380000      760.00000

   Energies (kJ/mol)
           Bond          Angle    Proper Dih. Per. Imp. Dih.          LJ-14
    3.02877e+03    9.88650e+03    3.66406e+04    2.15754e+02    1.36714e+04
     Coulomb-14        LJ (SR)  Disper. corr.   Coulomb (SR)   Coul. recip.
   -1.41208e+05    3.85856e+06   -1.31605e+05   -2.18937e+07    3.58744e+04
      Potential    Kinetic En.   Total Energy  Conserved En.    Temperature
   -1.82087e+07    8.78908e+04   -1.81208e+07   -1.80865e+07    1.00092e+01
 Pres. DC (bar) Pressure (bar)   Constr. rmsd
   -2.18481e+02    2.62199e+01    5.03289e-06


DD  step 384999 load imb.: force  2.8%  pme mesh/force 0.464
           Step           Time
         385000      770.00000

   Energies (kJ/mol)
           Bond          Angle    Proper Dih. Per. Imp. Dih.          LJ-14
    3.00327e+03    9.84456e+03    3.66448e+04    2.12252e+02    1.36949e+04
     Coulomb-14        LJ (SR)  Disper. corr.   Coulomb (SR)   Coul. recip.
   -1.41270e+05    3.85883e+06   -1.31596e+05   -2.18939e+07    3.58440e+04
      Potential    Kinetic En.   Total Energy  Conserved En.    Temperature
   -1.82087e+07    8.79153e+04   -1.81208e+07   -1.80863e+07    1.00120e+01
 Pres. DC (bar) Pressure (bar)   Constr. rmsd
   -2.18451e+02    2.80270e+01    5.11035e-06

Writing checkpoint, step 388100 at Sat Nov 29 05:09:42 2025



DD  step 389999 load imb.: force  8.1%  pme mesh/force 0.577
           Step           Time
         390000      780.00000

   Energies (kJ/mol)
           Bond          Angle    Proper Dih. Per. Imp. Dih.          LJ-14
    3.00536e+03    9.80171e+03    3.65978e+04    2.11131e+02    1.37059e+04
     Coulomb-14        LJ (SR)  Disper. corr.   Coulomb (SR)   Coul. recip.
   -1.41184e+05    3.85690e+06   -1.31567e+05   -2.18921e+07    3.57705e+04
      Potential    Kinetic En.   Total Energy  Conserved En.    Temperature
   -1.82089e+07    8.78819e+04   -1.81210e+07   -1.80861e+07    1.00082e+01
 Pres. DC (bar) Pressure (bar)   Constr. rmsd
   -2.18353e+02    1.54734e+01    5.07513e-06


DD  step 394999 load imb.: force  4.1%  pme mesh/force 0.487
           Step           Time
         395000      790.00000

   Energies (kJ/mol)
           Bond          Angle    Proper Dih. Per. Imp. Dih.          LJ-14
    2.98635e+03    9.86505e+03    3.66307e+04    2.17299e+02    1.36960e+04
     Coulomb-14        LJ (SR)  Disper. corr.   Coulomb (SR)   Coul. recip.
   -1.41238e+05    3.85766e+06   -1.31587e+05   -2.18929e+07    3.57323e+04
      Potential    Kinetic En.   Total Energy  Conserved En.    Temperature
   -1.82089e+07    8.78055e+04   -1.81211e+07   -1.80859e+07    9.99949e+00
 Pres. DC (bar) Pressure (bar)   Constr. rmsd
   -2.18421e+02    2.33906e+01    5.03751e-06


DD  step 399999 load imb.: force  7.4%  pme mesh/force 0.541
           Step           Time
         400000      800.00000

   Energies (kJ/mol)
           Bond          Angle    Proper Dih. Per. Imp. Dih.          LJ-14
    2.99302e+03    9.82280e+03    3.66543e+04    2.16928e+02    1.37024e+04
     Coulomb-14        LJ (SR)  Disper. corr.   Coulomb (SR)   Coul. recip.
   -1.41166e+05    3.85306e+06   -1.31499e+05   -2.18884e+07    3.58602e+04
      Potential    Kinetic En.   Total Energy  Conserved En.    Temperature
   -1.82088e+07    8.77837e+04   -1.81210e+07   -1.80856e+07    9.99701e+00
 Pres. DC (bar) Pressure (bar)   Constr. rmsd
   -2.18129e+02   -1.61297e+01    5.02299e-06


DD  step 404999 load imb.: force  7.5%  pme mesh/force 0.606
           Step           Time
         405000      810.00000

   Energies (kJ/mol)
           Bond          Angle    Proper Dih. Per. Imp. Dih.          LJ-14
    3.00380e+03    9.90491e+03    3.66378e+04    2.17391e+02    1.36771e+04
     Coulomb-14        LJ (SR)  Disper. corr.   Coulomb (SR)   Coul. recip.
   -1.41194e+05    3.85320e+06   -1.31514e+05   -2.18884e+07    3.58441e+04
      Potential    Kinetic En.   Total Energy  Conserved En.    Temperature
   -1.82086e+07    8.79014e+04   -1.81207e+07   -1.80853e+07    1.00104e+01
 Pres. DC (bar) Pressure (bar)   Constr. rmsd
   -2.18180e+02   -1.33359e+01    5.00806e-06


DD  step 409999 load imb.: force  3.1%  pme mesh/force 0.463
           Step           Time
         410000      820.00000

   Energies (kJ/mol)
           Bond          Angle    Proper Dih. Per. Imp. Dih.          LJ-14
    3.05055e+03    9.83591e+03    3.66054e+04    2.21377e+02    1.36662e+04
     Coulomb-14        LJ (SR)  Disper. corr.   Coulomb (SR)   Coul. recip.
   -1.41189e+05    3.85520e+06   -1.31546e+05   -2.18906e+07    3.58222e+04
      Potential    Kinetic En.   Total Energy  Conserved En.    Temperature
   -1.82089e+07    8.78495e+04   -1.81210e+07   -1.80851e+07    1.00045e+01
 Pres. DC (bar) Pressure (bar)   Constr. rmsd
   -2.18284e+02    1.28783e+00    5.02090e-06


DD  step 414999 load imb.: force 10.5%  pme mesh/force 0.604
           Step           Time
         415000      830.00000

   Energies (kJ/mol)
           Bond          Angle    Proper Dih. Per. Imp. Dih.          LJ-14
    3.00837e+03    9.87651e+03    3.66259e+04    2.08968e+02    1.36853e+04
     Coulomb-14        LJ (SR)  Disper. corr.   Coulomb (SR)   Coul. recip.
   -1.41284e+05    3.85696e+06   -1.31576e+05   -2.18921e+07    3.58275e+04
      Potential    Kinetic En.   Total Energy  Conserved En.    Temperature
   -1.82087e+07    8.79943e+04   -1.81207e+07   -1.80850e+07    1.00210e+01
 Pres. DC (bar) Pressure (bar)   Constr. rmsd
   -2.18385e+02    1.61602e+01    5.14542e-06


DD  step 419999 load imb.: force  4.3%  pme mesh/force 0.490
           Step           Time
         420000      840.00000

   Energies (kJ/mol)
           Bond          Angle    Proper Dih. Per. Imp. Dih.          LJ-14
    2.96249e+03    9.83300e+03    3.66081e+04    2.16645e+02    1.36847e+04
     Coulomb-14        LJ (SR)  Disper. corr.   Coulomb (SR)   Coul. recip.
   -1.41214e+05    3.85792e+06   -1.31589e+05   -2.18929e+07    3.58483e+04
      Potential    Kinetic En.   Total Energy  Conserved En.    Temperature
   -1.82087e+07    8.79030e+04   -1.81208e+07   -1.80848e+07    1.00106e+01
 Pres. DC (bar) Pressure (bar)   Constr. rmsd
   -2.18428e+02    2.40581e+01    5.06955e-06


DD  step 424999 load imb.: force  7.8%  pme mesh/force 0.582
           Step           Time
         425000      850.00000

   Energies (kJ/mol)
           Bond          Angle    Proper Dih. Per. Imp. Dih.          LJ-14
    3.03596e+03    9.84566e+03    3.65998e+04    2.17394e+02    1.36748e+04
     Coulomb-14        LJ (SR)  Disper. corr.   Coulomb (SR)   Coul. recip.
   -1.41206e+05    3.85740e+06   -1.31579e+05   -2.18927e+07    3.58335e+04
      Potential    Kinetic En.   Total Energy  Conserved En.    Temperature
   -1.82088e+07    8.77213e+04   -1.81211e+07   -1.80847e+07    9.98991e+00
 Pres. DC (bar) Pressure (bar)   Constr. rmsd
   -2.18395e+02    1.94510e+01    5.07239e-06


DD  step 429999 load imb.: force  6.2%  pme mesh/force 0.520
           Step           Time
         430000      860.00000

   Energies (kJ/mol)
           Bond          Angle    Proper Dih. Per. Imp. Dih.          LJ-14
    3.01689e+03    9.85868e+03    3.66110e+04    2.21010e+02    1.36554e+04
     Coulomb-14        LJ (SR)  Disper. corr.   Coulomb (SR)   Coul. recip.
   -1.41180e+05    3.85894e+06   -1.31612e+05   -2.18942e+07    3.57970e+04
      Potential    Kinetic En.   Total Energy  Conserved En.    Temperature
   -1.82089e+07    8.79595e+04   -1.81209e+07   -1.80845e+07    1.00170e+01
 Pres. DC (bar) Pressure (bar)   Constr. rmsd
   -2.18503e+02    2.90941e+01    5.07007e-06

Writing checkpoint, step 431600 at Sat Nov 29 05:24:41 2025



DD  step 434999 load imb.: force  3.3%  pme mesh/force 0.473
           Step           Time
         435000      870.00000

   Energies (kJ/mol)
           Bond          Angle    Proper Dih. Per. Imp. Dih.          LJ-14
    3.02928e+03    9.83420e+03    3.66605e+04    2.21244e+02    1.36696e+04
     Coulomb-14        LJ (SR)  Disper. corr.   Coulomb (SR)   Coul. recip.
   -1.41157e+05    3.85816e+06   -1.31599e+05   -2.18935e+07    3.58351e+04
      Potential    Kinetic En.   Total Energy  Conserved En.    Temperature
   -1.82089e+07    8.76479e+04   -1.81212e+07   -1.80843e+07    9.98155e+00
 Pres. DC (bar) Pressure (bar)   Constr. rmsd
   -2.18461e+02    2.33391e+01    5.06915e-06


DD  step 439999 load imb.: force  6.3%  pme mesh/force 0.530
           Step           Time
         440000      880.00000

   Energies (kJ/mol)
           Bond          Angle    Proper Dih. Per. Imp. Dih.          LJ-14
    2.99298e+03    9.95102e+03    3.65811e+04    2.20117e+02    1.36831e+04
     Coulomb-14        LJ (SR)  Disper. corr.   Coulomb (SR)   Coul. recip.
   -1.41314e+05    3.85763e+06   -1.31573e+05   -2.18930e+07    3.58157e+04
      Potential    Kinetic En.   Total Energy  Conserved En.    Temperature
   -1.82090e+07    8.78659e+04   -1.81211e+07   -1.80842e+07    1.00064e+01
 Pres. DC (bar) Pressure (bar)   Constr. rmsd
   -2.18373e+02    1.96098e+01    5.04340e-06


DD  step 444999 load imb.: force  3.4%  pme mesh/force 0.486
           Step           Time
         445000      890.00000

   Energies (kJ/mol)
           Bond          Angle    Proper Dih. Per. Imp. Dih.          LJ-14
    3.04700e+03    9.86621e+03    3.66202e+04    2.17916e+02    1.37157e+04
     Coulomb-14        LJ (SR)  Disper. corr.   Coulomb (SR)   Coul. recip.
   -1.41202e+05    3.85494e+06   -1.31549e+05   -2.18905e+07    3.58469e+04
      Potential    Kinetic En.   Total Energy  Conserved En.    Temperature
   -1.82090e+07    8.78519e+04   -1.81211e+07   -1.80841e+07    1.00048e+01
 Pres. DC (bar) Pressure (bar)   Constr. rmsd
   -2.18295e+02    2.78902e+00    4.94770e-06


DD  step 449999 load imb.: force  3.5%  pme mesh/force 0.494
           Step           Time
         450000      900.00000

   Energies (kJ/mol)
           Bond          Angle    Proper Dih. Per. Imp. Dih.          LJ-14
    3.03976e+03    9.85575e+03    3.66408e+04    2.21694e+02    1.37007e+04
     Coulomb-14        LJ (SR)  Disper. corr.   Coulomb (SR)   Coul. recip.
   -1.41166e+05    3.85715e+06   -1.31574e+05   -2.18925e+07    3.58306e+04
      Potential    Kinetic En.   Total Energy  Conserved En.    Temperature
   -1.82089e+07    8.79022e+04   -1.81210e+07   -1.80839e+07    1.00105e+01
 Pres. DC (bar) Pressure (bar)   Constr. rmsd
   -2.18378e+02    1.66682e+01    5.02065e-06


DD  step 454999 load imb.: force  5.9%  pme mesh/force 0.556
           Step           Time
         455000      910.00000

   Energies (kJ/mol)
           Bond          Angle    Proper Dih. Per. Imp. Dih.          LJ-14
    3.00083e+03    9.86839e+03    3.66149e+04    2.11088e+02    1.36883e+04
     Coulomb-14        LJ (SR)  Disper. corr.   Coulomb (SR)   Coul. recip.
   -1.41162e+05    3.86068e+06   -1.31624e+05   -2.18959e+07    3.57920e+04
      Potential    Kinetic En.   Total Energy  Conserved En.    Temperature
   -1.82088e+07    8.78952e+04   -1.81209e+07   -1.80838e+07    1.00097e+01
 Pres. DC (bar) Pressure (bar)   Constr. rmsd
   -2.18543e+02    4.16522e+01    4.99125e-06


DD  step 459999 load imb.: force  3.0%  pme mesh/force 0.462
           Step           Time
         460000      920.00000

   Energies (kJ/mol)
           Bond          Angle    Proper Dih. Per. Imp. Dih.          LJ-14
    3.02073e+03    9.83413e+03    3.66111e+04    2.22255e+02    1.36945e+04
     Coulomb-14        LJ (SR)  Disper. corr.   Coulomb (SR)   Coul. recip.
   -1.41240e+05    3.85702e+06   -1.31592e+05   -2.18924e+07    3.58419e+04
      Potential    Kinetic En.   Total Energy  Conserved En.    Temperature
   -1.82089e+07    8.78301e+04   -1.81211e+07   -1.80836e+07    1.00023e+01
 Pres. DC (bar) Pressure (bar)   Constr. rmsd
   -2.18437e+02    1.75988e+01    5.14913e-06


DD  step 464999 load imb.: force  3.7%  pme mesh/force 0.494
           Step           Time
         465000      930.00000

   Energies (kJ/mol)
           Bond          Angle    Proper Dih. Per. Imp. Dih.          LJ-14
    3.01967e+03    9.91214e+03    3.66361e+04    2.16700e+02    1.36920e+04
     Coulomb-14        LJ (SR)  Disper. corr.   Coulomb (SR)   Coul. recip.
   -1.41274e+05    3.85680e+06   -1.31577e+05   -2.18923e+07    3.58686e+04
      Potential    Kinetic En.   Total Energy  Conserved En.    Temperature
   -1.82090e+07    8.77729e+04   -1.81213e+07   -1.80834e+07    9.99578e+00
 Pres. DC (bar) Pressure (bar)   Constr. rmsd
   -2.18389e+02    1.57785e+01    5.09145e-06


DD  step 469999 load imb.: force  5.9%  pme mesh/force 0.507
           Step           Time
         470000      940.00000

   Energies (kJ/mol)
           Bond          Angle    Proper Dih. Per. Imp. Dih.          LJ-14
    3.02436e+03    9.93076e+03    3.65968e+04    2.18363e+02    1.36823e+04
     Coulomb-14        LJ (SR)  Disper. corr.   Coulomb (SR)   Coul. recip.
   -1.41263e+05    3.85148e+06   -1.31488e+05   -2.18870e+07    3.58803e+04
      Potential    Kinetic En.   Total Energy  Conserved En.    Temperature
   -1.82089e+07    8.78478e+04   -1.81211e+07   -1.80830e+07    1.00043e+01
 Pres. DC (bar) Pressure (bar)   Constr. rmsd
   -2.18091e+02   -2.38431e+01    5.14643e-06


DD  step 474999 load imb.: force  3.2%  pme mesh/force 0.495
           Step           Time
         475000      950.00000

   Energies (kJ/mol)
           Bond          Angle    Proper Dih. Per. Imp. Dih.          LJ-14
    3.01059e+03    9.89174e+03    3.65975e+04    2.16735e+02    1.36916e+04
     Coulomb-14        LJ (SR)  Disper. corr.   Coulomb (SR)   Coul. recip.
   -1.41204e+05    3.84698e+06   -1.31427e+05   -2.18825e+07    3.58861e+04
      Potential    Kinetic En.   Total Energy  Conserved En.    Temperature
   -1.82089e+07    8.78569e+04   -1.81210e+07   -1.80824e+07    1.00054e+01
 Pres. DC (bar) Pressure (bar)   Constr. rmsd
   -2.17892e+02   -5.59928e+01    5.00006e-06

Writing checkpoint, step 475100 at Sat Nov 29 05:39:41 2025



DD  step 479999 load imb.: force  4.1%  pme mesh/force 0.487
           Step           Time
         480000      960.00000

   Energies (kJ/mol)
           Bond          Angle    Proper Dih. Per. Imp. Dih.          LJ-14
    3.03393e+03    9.88019e+03    3.66034e+04    2.16018e+02    1.36940e+04
     Coulomb-14        LJ (SR)  Disper. corr.   Coulomb (SR)   Coul. recip.
   -1.41227e+05    3.85503e+06   -1.31545e+05   -2.18904e+07    3.57991e+04
      Potential    Kinetic En.   Total Energy  Conserved En.    Temperature
   -1.82089e+07    8.77152e+04   -1.81212e+07   -1.80817e+07    9.98922e+00
 Pres. DC (bar) Pressure (bar)   Constr. rmsd
   -2.18282e+02    2.34282e+00    5.04720e-06


DD  step 484999 load imb.: force  4.0%  pme mesh/force 0.477
           Step           Time
         485000      970.00000

   Energies (kJ/mol)
           Bond          Angle    Proper Dih. Per. Imp. Dih.          LJ-14
    2.98902e+03    9.88659e+03    3.66163e+04    2.14388e+02    1.36708e+04
     Coulomb-14        LJ (SR)  Disper. corr.   Coulomb (SR)   Coul. recip.
   -1.41261e+05    3.85700e+06   -1.31580e+05   -2.18923e+07    3.58265e+04
      Potential    Kinetic En.   Total Energy  Conserved En.    Temperature
   -1.82089e+07    8.78077e+04   -1.81211e+07   -1.80813e+07    9.99974e+00
 Pres. DC (bar) Pressure (bar)   Constr. rmsd
   -2.18399e+02    1.67944e+01    5.03654e-06


DD  step 489999 load imb.: force  8.2%  pme mesh/force 0.558
           Step           Time
         490000      980.00000

   Energies (kJ/mol)
           Bond          Angle    Proper Dih. Per. Imp. Dih.          LJ-14
    3.02016e+03    9.86472e+03    3.66339e+04    2.19356e+02    1.37036e+04
     Coulomb-14        LJ (SR)  Disper. corr.   Coulomb (SR)   Coul. recip.
   -1.41202e+05    3.85868e+06   -1.31597e+05   -2.18941e+07    3.58170e+04
      Potential    Kinetic En.   Total Energy  Conserved En.    Temperature
   -1.82090e+07    8.77356e+04   -1.81212e+07   -1.80811e+07    9.99153e+00
 Pres. DC (bar) Pressure (bar)   Constr. rmsd
   -2.18455e+02    2.84244e+01    5.09284e-06


DD  step 494999 load imb.: force  9.7%  pme mesh/force 0.604
           Step           Time
         495000      990.00000

   Energies (kJ/mol)
           Bond          Angle    Proper Dih. Per. Imp. Dih.          LJ-14
    3.00168e+03    9.86463e+03    3.66300e+04    2.10314e+02    1.36521e+04
     Coulomb-14        LJ (SR)  Disper. corr.   Coulomb (SR)   Coul. recip.
   -1.41170e+05    3.86043e+06   -1.31629e+05   -2.18960e+07    3.58160e+04
      Potential    Kinetic En.   Total Energy  Conserved En.    Temperature
   -1.82092e+07    8.77912e+04   -1.81214e+07   -1.80808e+07    9.99787e+00
 Pres. DC (bar) Pressure (bar)   Constr. rmsd
   -2.18559e+02    3.85667e+01    5.11136e-06


DD  step 499999 load imb.: force  4.9%  pme mesh/force 0.499
           Step           Time
         500000     1000.00000

Writing checkpoint, step 500000 at Sat Nov 29 05:48:19 2025


   Energies (kJ/mol)
           Bond          Angle    Proper Dih. Per. Imp. Dih.          LJ-14
    3.04272e+03    9.87785e+03    3.66048e+04    2.14262e+02    1.36773e+04
     Coulomb-14        LJ (SR)  Disper. corr.   Coulomb (SR)   Coul. recip.
   -1.41311e+05    3.86203e+06   -1.31661e+05   -2.18975e+07    3.57934e+04
      Potential    Kinetic En.   Total Energy  Conserved En.    Temperature
   -1.82092e+07    8.78669e+04   -1.81214e+07   -1.80805e+07    1.00065e+01
 Pres. DC (bar) Pressure (bar)   Constr. rmsd
   -2.18665e+02    5.35316e+01    5.04969e-06


Energy conservation over simulation part #1 of length 1000 ps, time 0 to 1000 ps
  Conserved energy drift: 3.18e-05 kJ/mol/ps per atom


	<======  ###############  ==>
	<====  A V E R A G E S  ====>
	<==  ###############  ======>

	Statistics over 500001 steps using 5001 frames

   Energies (kJ/mol)
           Bond          Angle    Proper Dih. Per. Imp. Dih.          LJ-14
    2.96013e+03    9.80126e+03    3.66115e+04    2.16031e+02    1.36848e+04
     Coulomb-14        LJ (SR)  Disper. corr.   Coulomb (SR)   Coul. recip.
   -1.41213e+05    3.85593e+06   -1.31556e+05   -2.18901e+07    3.58804e+04
      Potential    Kinetic En.   Total Energy  Conserved En.    Temperature
   -1.82078e+07    8.78118e+04   -1.81200e+07   -1.80947e+07    1.00002e+01
 Pres. DC (bar) Pressure (bar)   Constr. rmsd
   -2.18319e+02    1.05107e+01    0.00000e+00

          Box-X          Box-Y          Box-Z
    2.41969e+01    2.41969e+01    1.71098e+01

   Total Virial (kJ/mol)
    2.34689e+04   -2.68636e+04    1.25243e+04
   -2.67320e+04    2.64741e+04   -2.50383e+04
    1.25682e+04   -2.50777e+04    2.83721e+04

   Pressure (bar)
    1.98543e+01    8.90947e+01   -4.09517e+01
    8.86583e+01    9.39169e+00    8.30403e+01
   -4.10970e+01    8.31708e+01    2.28607e+00

      T-Protein  T-non-Protein
    1.00068e+01    1.00002e+01


	M E G A - F L O P S   A C C O U N T I N G

 NB=Group-cutoff nonbonded kernels    NxN=N-by-N cluster Verlet kernels
 RF=Reaction-Field  VdW=Van der Waals  QSTab=quadratic-spline table
 W3=SPC/TIP3p  W4=TIP4p (single or pairs)
 V&F=Potential and force  V=Potential only  F=Force only

 Computing:                               M-Number         M-Flops  % Flops
-----------------------------------------------------------------------------
 Pair Search distance check         1902746.120690    17124715.086     0.1
 NxN Ewald Elec. + LJ [F]         171145619.076960 11295610859.079    49.0
 NxN Ewald Elec. + LJ [V&F]         1729090.824304   185012718.201     0.8
 NxN Ewald Elec. [F]              167311621.620000 10206008918.820    44.3
 NxN Ewald Elec. [V&F]              1690355.809616   141989888.008     0.6
 1,4 nonbonded interactions           16339.532679     1470557.941     0.0
 Calc Weights                       1577763.155520    56799473.599     0.2
 Spread Q Bspline                  33658947.317760    67317894.636     0.3
 Gather F Bspline                  33658947.317760   201953683.907     0.9
 3D-FFT                            89972031.943704   719776255.550     3.1
 Solve PME                          1036802.073600    66355332.710     0.3
 Reset In Box                          5257.096320       15771.289     0.0
 CG-CoM                                5260.251840       15780.756     0.0
 Bonds                                 4544.509089      268126.036     0.0
 Angles                               12232.024464     2054980.110     0.0
 Propers                              21372.542745     4894312.289     0.0
 Impropers                             1166.502333      242632.485     0.0
 Virial                               10537.453640      189674.166     0.0
 Stop-CM                               5260.251840       52602.518     0.0
 Calc-Ekin                           105186.103680     2840024.799     0.0
 Lincs                                 2274.504549      136470.273     0.0
 Lincs-Mat                             5622.011244       22488.045     0.0
 Constraint-V                        523923.547845     4715311.931     0.0
 Constraint-Vir                       10434.003296      250416.079     0.0
 Settle                              173124.846249    64056193.112     0.3
-----------------------------------------------------------------------------
 Total                                             23039175081.423   100.0
-----------------------------------------------------------------------------


    D O M A I N   D E C O M P O S I T I O N   S T A T I S T I C S

 av. #atoms communicated per step for force:  2 x 911446.1


Dynamic load balancing report:
 DLB got disabled because it was unsuitable to use.
 Average load imbalance: 5.3%.
 The balanceable part of the MD step is 89%, load imbalance is computed from this.
 Part of the total run time spent waiting due to load imbalance: 4.7%.
 Average PME mesh/force load: 0.517
 Part of the total run time spent waiting due to PP/PME imbalance: 16.6 %

NOTE: 16.6 % performance was lost because the PME ranks
      had less work to do than the PP ranks.
      You might want to decrease the number of PME ranks
      or decrease the cut-off and the grid spacing.


      R E A L   C Y C L E   A N D   T I M E   A C C O U N T I N G

On 40 MPI ranks doing PP, and
on 24 MPI ranks doing PME

 Activity:              Num   Num      Call    Wall time         Giga-Cycles
                        Ranks Threads  Count      (s)         total sum    %
--------------------------------------------------------------------------------
 Domain decomp.           40    1       5000      46.379       4730.513   0.3
 DD comm. load            40    1       5000       1.718        175.225   0.0
 DD comm. bounds          40    1       1877       1.665        169.794   0.0
 Send X to PME            40    1     500001      74.555       7604.322   0.4
 Neighbor search          40    1       5001     250.566      25556.892   1.5
 Comm. coord.             40    1     495000     424.800      43328.248   2.5
 Force                    40    1     500001    8480.432     864976.599  50.9
 Wait + Comm. F           40    1     500001     637.326      65005.173   3.8
 PME mesh *               24    1     500001    4437.072     271540.226  16.0
 PME wait for PP *                              5982.987     366147.193  21.5
 Wait + Recv. PME F       40    1     500001      41.342       4216.754   0.2
 NB X/F buffer ops.       40    1    1490001     110.487      11269.293   0.7
 Write traj.              40    1        112       0.790         80.539   0.0
 Update                   40    1     500001     113.538      11580.542   0.7
 Constraints              40    1     500001     123.143      12560.169   0.7
 Comm. energies           40    1      50001      92.077       9391.542   0.6
 Rest                                             21.347       2177.282   0.1
--------------------------------------------------------------------------------
 Total                                         10420.162    1700516.622 100.0
--------------------------------------------------------------------------------
(*) Note that with separate PME ranks, the walltime column actually sums to
    twice the total reported, but the cycle count total and % are correct.
--------------------------------------------------------------------------------
 Breakdown of PME mesh activities
--------------------------------------------------------------------------------
 PME redist. X/F          24    1    1000002    1180.719      72257.743   4.2
 PME spread               24    1     500001     845.712      51755.948   3.0
 PME gather               24    1     500001    1002.411      61345.608   3.6
 PME 3D-FFT               24    1    1000002     994.014      60831.752   3.6
 PME 3D-FFT Comm.         24    1    2000004     373.803      22875.996   1.3
 PME solve Elec           24    1     500001      39.521       2418.633   0.1
--------------------------------------------------------------------------------

               Core t (s)   Wall t (s)        (%)
       Time:   666889.623    10420.162     6400.0
                         2h53:40
                 (ns/day)    (hour/ns)
Performance:        8.292        2.894
Finished mdrun on rank 0 Sat Nov 29 05:48:20 2025

