                      :-) GROMACS - gmx mdrun, 2024.3 (-:

Copyright 1991-2024 The GROMACS Authors.
GROMACS is free software; you can redistribute it and/or modify it
under the terms of the GNU Lesser General Public License
as published by the Free Software Foundation; either version 2.1
of the License, or (at your option) any later version.

                         Current GROMACS contributors:
       Mark Abraham           Andrey Alekseenko           Vladimir Basov      
      Cathrine Bergh            Eliane Briand               Ania Brown        
      Mahesh Doijade            Giacomo Fiorin          Stefan Fleischmann    
      Sergey Gorelov         Gilles Gouaillardet            Alan Gray         
     M. Eric Irrgang         Farzaneh Jalalypour            Joe Jordan        
     Carsten Kutzner           Justin A. Lemkul          Magnus Lundborg      
       Pascal Merz              Vedran Miletic            Dmitry Morozov      
       Julien Nabet              Szilard Pall        Andrea Pasquadibisceglie 
    Michele Pellegrino          Hubert Santuz             Roland Schulz       
     Tatiana Shugaeva          Alexey Shvetsov            Philip Turner       
     Alessandra Villa      Sebastian Wingbermuehle  

                         Previous GROMACS contributors:
        Emile Apol             Rossen Apostolov           James Barnett       
        Paul Bauer          Herman J.C. Berendsen          Par Bjelkmar       
      Christian Blau          Viacheslav Bolnykh            Kevin Boyd        
    Aldert van Buuren          Carlo Camilloni           Rudi van Drunen      
      Anton Feenstra           Oliver Fleetwood            Vytas Gapsys       
       Gaurav Garg             Gerrit Groenhof            Bert de Groot       
      Anca Hamuraru           Vincent Hindriksen          Victor Holanda      
     Aleksei Iupinov          Christoph Junghans        Prashanth Kanduri     
   Dimitrios Karkoulis           Peter Kasson             Sebastian Kehl      
     Sebastian Keller             Jiri Kraus               Per Larsson        
      Viveca Lindahl            Erik Marklund           Pieter Meulenhoff     
      Teemu Murtola              Sander Pronk             Michael Shirts      
      Alfons Sijbers            Balint Soproni         David van der Spoel    
      Peter Tieleman            Carsten Uphoff             Jon Vincent        
     Teemu Virolainen         Christian Wennberg           Maarten Wolf       
      Artem Zhmurov       

                  Coordinated by the GROMACS project leaders:
                           Berk Hess and Erik Lindahl

GROMACS:      gmx mdrun, version 2024.3
Executable:   /users/cdohert4/gromacs-2024.3/bin/gmx
Data prefix:  /users/cdohert4/gromacs-2024.3
Working dir:  /oscar/home/cdohert4/Experimental Data/SOX2 Interaction with S100A14 -- Test 1
Process ID:   278671
Command line:
  gmx mdrun -v -deffnm md_0_10

GROMACS version:     2024.3
Precision:           mixed
Memory model:        64 bit
MPI library:         thread_mpi
OpenMP support:      enabled (GMX_OPENMP_MAX_THREADS = 128)
GPU support:         disabled
SIMD instructions:   AVX_512
CPU FFT library:     fftw-3.3.8-sse2-avx-avx2-avx2_128-avx512
GPU FFT library:     none
Multi-GPU FFT:       none
RDTSCP usage:        enabled
TNG support:         enabled
Hwloc support:       disabled
Tracing support:     disabled
C compiler:          /oscar/rt/9.2/software/0.20-generic/0.20.1/opt/spack/linux-rhel9-x86_64_v3/gcc-11.3.1/gcc-13.1.0-nvrtbp3ngdnok3fg22pzxxczitvtu7ge/bin/gcc GNU 13.1.0
C compiler flags:    -fexcess-precision=fast -funroll-all-loops -march=skylake-avx512 -Wno-missing-field-initializers -O3 -DNDEBUG
C++ compiler:        /oscar/rt/9.2/software/0.20-generic/0.20.1/opt/spack/linux-rhel9-x86_64_v3/gcc-11.3.1/gcc-13.1.0-nvrtbp3ngdnok3fg22pzxxczitvtu7ge/bin/g++ GNU 13.1.0
C++ compiler flags:  -fexcess-precision=fast -funroll-all-loops -march=skylake-avx512 -Wno-missing-field-initializers -Wno-cast-function-type-strict -fopenmp -O3 -DNDEBUG
BLAS library:        Internal
LAPACK library:      Internal


Running on 1 node with total 48 cores, 48 processing units
Hardware detected on host login009:
  CPU info:
    Vendor: Intel
    Brand:  Intel(R) Xeon(R) Platinum 8268 CPU @ 2.90GHz
    Family: 6   Model: 85   Stepping: 7
    Features: aes apic avx avx2 avx512f avx512cd avx512bw avx512vl avx512secondFMA clfsh cmov cx8 cx16 f16c fma htt intel lahf mmx msr nonstop_tsc pcid pclmuldq pdcm pdpe1gb popcnt pse rdrnd rdtscp sse2 sse3 sse4.1 sse4.2 ssse3 tdt x2apic
    Number of AVX-512 FMA units: 2
  Hardware topology: Basic
    Packages, cores, and logical processors:
    [indices refer to OS logical processors]
      Package  0: [   0] [   1] [   2] [   3] [   4] [   5] [   6] [   7] [   8] [   9] [  10] [  11] [  12] [  13] [  14] [  15] [  16] [  17] [  18] [  19] [  20] [  21] [  22] [  23]
      Package  1: [  24] [  25] [  26] [  27] [  28] [  29] [  30] [  31] [  32] [  33] [  34] [  35] [  36] [  37] [  38] [  39] [  40] [  41] [  42] [  43] [  44] [  45] [  46] [  47]
    CPU limit set by OS: 8   Recommended max number of threads: 8


++++ PLEASE READ AND CITE THE FOLLOWING REFERENCE ++++
M. J. Abraham, T. Murtola, R. Schulz, S. Páll, J. C. Smith, B. Hess, E.
Lindahl
GROMACS: High performance molecular simulations through multi-level
parallelism from laptops to supercomputers
SoftwareX 1 (2015) pp. 19-25
-------- -------- --- Thank You --- -------- --------


++++ PLEASE READ AND CITE THE FOLLOWING REFERENCE ++++
S. Páll, M. J. Abraham, C. Kutzner, B. Hess, E. Lindahl
Tackling Exascale Software Challenges in Molecular Dynamics Simulations with
GROMACS
In S. Markidis & E. Laure (Eds.), Solving Software Challenges for Exascale 8759 (2015) pp. 3-27
-------- -------- --- Thank You --- -------- --------


++++ PLEASE READ AND CITE THE FOLLOWING REFERENCE ++++
S. Pronk, S. Páll, R. Schulz, P. Larsson, P. Bjelkmar, R. Apostolov, M. R.
Shirts, J. C. Smith, P. M. Kasson, D. van der Spoel, B. Hess, and E. Lindahl
GROMACS 4.5: a high-throughput and highly parallel open source molecular
simulation toolkit
Bioinformatics 29 (2013) pp. 845-54
-------- -------- --- Thank You --- -------- --------


++++ PLEASE READ AND CITE THE FOLLOWING REFERENCE ++++
B. Hess and C. Kutzner and D. van der Spoel and E. Lindahl
GROMACS 4: Algorithms for highly efficient, load-balanced, and scalable
molecular simulation
J. Chem. Theory Comput. 4 (2008) pp. 435-447
-------- -------- --- Thank You --- -------- --------


++++ PLEASE READ AND CITE THE FOLLOWING REFERENCE ++++
D. van der Spoel, E. Lindahl, B. Hess, G. Groenhof, A. E. Mark and H. J. C.
Berendsen
GROMACS: Fast, Flexible and Free
J. Comp. Chem. 26 (2005) pp. 1701-1719
-------- -------- --- Thank You --- -------- --------


++++ PLEASE READ AND CITE THE FOLLOWING REFERENCE ++++
E. Lindahl and B. Hess and D. van der Spoel
GROMACS 3.0: A package for molecular simulation and trajectory analysis
J. Mol. Mod. 7 (2001) pp. 306-317
-------- -------- --- Thank You --- -------- --------


++++ PLEASE READ AND CITE THE FOLLOWING REFERENCE ++++
H. J. C. Berendsen, D. van der Spoel and R. van Drunen
GROMACS: A message-passing parallel molecular dynamics implementation
Comp. Phys. Comm. 91 (1995) pp. 43-56
-------- -------- --- Thank You --- -------- --------


++++ PLEASE CITE THE DOI FOR THIS VERSION OF GROMACS ++++
https://doi.org/10.5281/zenodo.13456374
-------- -------- --- Thank You --- -------- --------

Input Parameters:
   integrator                     = md
   tinit                          = 0
   dt                             = 0.002
   nsteps                         = 500000
   init-step                      = 0
   simulation-part                = 1
   mts                            = false
   mass-repartition-factor        = 1
   comm-mode                      = Linear
   nstcomm                        = 100
   bd-fric                        = 0
   ld-seed                        = -1709361161
   emtol                          = 10
   emstep                         = 0.01
   niter                          = 20
   fcstep                         = 0
   nstcgsteep                     = 1000
   nbfgscorr                      = 10
   rtpi                           = 0.05
   nstxout                        = 0
   nstvout                        = 0
   nstfout                        = 0
   nstlog                         = 5000
   nstcalcenergy                  = 100
   nstenergy                      = 5000
   nstxout-compressed             = 5000
   compressed-x-precision         = 1000
   cutoff-scheme                  = Verlet
   nstlist                        = 10
   pbc                            = xyz
   periodic-molecules             = false
   verlet-buffer-tolerance        = 0.005
   verlet-buffer-pressure-tolerance = 0.5
   rlist                          = 1
   coulombtype                    = PME
   coulomb-modifier               = Potential-shift
   rcoulomb-switch                = 0
   rcoulomb                       = 1
   epsilon-r                      = 1
   epsilon-rf                     = inf
   vdw-type                       = Cut-off
   vdw-modifier                   = Potential-shift
   rvdw-switch                    = 0
   rvdw                           = 1
   DispCorr                       = EnerPres
   table-extension                = 1
   fourierspacing                 = 0.16
   fourier-nx                     = 84
   fourier-ny                     = 84
   fourier-nz                     = 84
   pme-order                      = 4
   ewald-rtol                     = 1e-05
   ewald-rtol-lj                  = 0.001
   lj-pme-comb-rule               = Geometric
   ewald-geometry                 = 3d
   epsilon-surface                = 0
   ensemble-temperature-setting   = constant
   ensemble-temperature           = 10
   tcoupl                         = V-rescale
   nsttcouple                     = 10
   nh-chain-length                = 0
   print-nose-hoover-chain-variables = false
   pcoupl                         = Parrinello-Rahman
   pcoupltype                     = Isotropic
   nstpcouple                     = 50
   tau-p                          = 2
   compressibility (3x3):
      compressibility[    0]={ 4.50000e-05,  0.00000e+00,  0.00000e+00}
      compressibility[    1]={ 0.00000e+00,  4.50000e-05,  0.00000e+00}
      compressibility[    2]={ 0.00000e+00,  0.00000e+00,  4.50000e-05}
   ref-p (3x3):
      ref-p[    0]={ 1.00000e+00,  0.00000e+00,  0.00000e+00}
      ref-p[    1]={ 0.00000e+00,  1.00000e+00,  0.00000e+00}
      ref-p[    2]={ 0.00000e+00,  0.00000e+00,  1.00000e+00}
   refcoord-scaling               = No
   posres-com (3):
      posres-com[0]= 0.00000e+00
      posres-com[1]= 0.00000e+00
      posres-com[2]= 0.00000e+00
   posres-comB (3):
      posres-comB[0]= 0.00000e+00
      posres-comB[1]= 0.00000e+00
      posres-comB[2]= 0.00000e+00
   QMMM                           = false
qm-opts:
   ngQM                           = 0
   constraint-algorithm           = Lincs
   continuation                   = true
   Shake-SOR                      = false
   shake-tol                      = 0.0001
   lincs-order                    = 4
   lincs-iter                     = 1
   lincs-warnangle                = 30
   nwall                          = 0
   wall-type                      = 9-3
   wall-r-linpot                  = -1
   wall-atomtype[0]               = -1
   wall-atomtype[1]               = -1
   wall-density[0]                = 0
   wall-density[1]                = 0
   wall-ewald-zfac                = 3
   pull                           = false
   awh                            = false
   rotation                       = false
   interactiveMD                  = false
   disre                          = No
   disre-weighting                = Conservative
   disre-mixed                    = false
   dr-fc                          = 1000
   dr-tau                         = 0
   nstdisreout                    = 100
   orire-fc                       = 0
   orire-tau                      = 0
   nstorireout                    = 100
   free-energy                    = no
   cos-acceleration               = 0
   deform (3x3):
      deform[    0]={ 0.00000e+00,  0.00000e+00,  0.00000e+00}
      deform[    1]={ 0.00000e+00,  0.00000e+00,  0.00000e+00}
      deform[    2]={ 0.00000e+00,  0.00000e+00,  0.00000e+00}
   simulated-tempering            = false
   swapcoords                     = no
   userint1                       = 0
   userint2                       = 0
   userint3                       = 0
   userint4                       = 0
   userreal1                      = 0
   userreal2                      = 0
   userreal3                      = 0
   userreal4                      = 0
   applied-forces:
     electric-field:
       x:
         E0                       = 0
         omega                    = 0
         t0                       = 0
         sigma                    = 0
       y:
         E0                       = 0
         omega                    = 0
         t0                       = 0
         sigma                    = 0
       z:
         E0                       = 0
         omega                    = 0
         t0                       = 0
         sigma                    = 0
     density-guided-simulation:
       active                     = false
       group                      = protein
       similarity-measure         = inner-product
       atom-spreading-weight      = unity
       force-constant             = 1e+09
       gaussian-transform-spreading-width = 0.2
       gaussian-transform-spreading-range-in-multiples-of-width = 4
       reference-density-filename = reference.mrc
       nst                        = 1
       normalize-densities        = true
       adaptive-force-scaling     = false
       adaptive-force-scaling-time-constant = 4
       shift-vector               = 
       transformation-matrix      = 
     qmmm-cp2k:
       active                     = false
       qmgroup                    = System
       qmmethod                   = PBE
       qmfilenames                = 
       qmcharge                   = 0
       qmmultiplicity             = 1
     colvars:
       active                     = false
       configfile                 = 
       seed                       = -1
grpopts:
   nrdf:     3683.97      358967
   ref-t:          10          10
   tau-t:         0.1         0.1
annealing:          No          No
annealing-npoints:           0           0
   acc:	           0           0           0
   nfreeze:           N           N           N
   energygrp-flags[  0]: 0

Changing nstlist from 10 to 100, rlist from 1 to 1.012


Initializing Domain Decomposition on 1 ranks
Dynamic load balancing: auto
Using update groups, nr 61646, average size 2.9 atoms, max. radius 0.103 nm
Minimum cell size due to atom displacement: 0.241 nm
Initial maximum distances in bonded interactions:
    two-body bonded interactions: 0.421 nm, LJ-14, atoms 352 360
  multi-body bonded interactions: 0.421 nm, Proper Dih., atoms 352 360
Minimum cell size due to bonded interactions: 0.463 nm
Using 0 separate PME ranks because: there are too few total ranks for efficient splitting
Optimizing the DD grid for 1 cells with a minimum initial size of 0.463 nm
The maximum allowed number of cells is: X 23 Y 23 Z 20
Domain decomposition grid 1 x 1 x 1, separate PME ranks 0
PME domain decomposition: 1 x 1 x 1

The initial number of communication pulses is:
The initial domain decomposition cell size is:

The maximum allowed distance for atom groups involved in interactions is:
                 non-bonded interactions           1.218 nm
(the following are initial values, they could change due to box deformation)
            two-body bonded interactions  (-rdd)   1.218 nm
          multi-body bonded interactions  (-rdd)   1.218 nm

When dynamic load balancing gets turned on, these settings will change to:
The maximum number of communication pulses is:
The minimum size for domain decomposition cells is 1.218 nm
The requested allowed shrink of DD cells (option -dds) is: 0.80
The allowed shrink of domain decomposition cells is:
The maximum allowed distance for atom groups involved in interactions is:
                 non-bonded interactions           1.218 nm
            two-body bonded interactions  (-rdd)   1.218 nm
          multi-body bonded interactions  (-rdd)   1.218 nm

Using 1 MPI thread
Using 8 OpenMP threads 

System total charge: -0.000
Will do PME sum in reciprocal space for electrostatic interactions.

++++ PLEASE READ AND CITE THE FOLLOWING REFERENCE ++++
U. Essmann, L. Perera, M. L. Berkowitz, T. Darden, H. Lee and L. G. Pedersen 
A smooth particle mesh Ewald method
J. Chem. Phys. 103 (1995) pp. 8577-8592
-------- -------- --- Thank You --- -------- --------

Using a Gaussian width (1/beta) of 0.320163 nm for Ewald
Potential shift: LJ r^-12: -1.000e+00 r^-6: -1.000e+00, Ewald -1.000e-05
Initialized non-bonded Coulomb Ewald tables, spacing: 9.33e-04 size: 1073

Generated table with 1006 data points for 1-4 COUL.
Tabscale = 500 points/nm
Generated table with 1006 data points for 1-4 LJ6.
Tabscale = 500 points/nm
Generated table with 1006 data points for 1-4 LJ12.
Tabscale = 500 points/nm
Long Range LJ corr.: <C6> 2.9849e-04


Using SIMD2xMM 4x8 nonbonded short-range kernels

Using a 4x8 pair-list setup:
  updated every 100 steps, buffer 0.012 nm, rlist 1.012 nm
At tolerance 0.005 kJ/mol/ps per atom, equivalent classical 1x1 list would be:
  updated every 100 steps, buffer 0.049 nm, rlist 1.049 nm

The average pressure is off by at most 0.24 bar due to missing LJ interactions

Using Lorentz-Berthelot Lennard-Jones combination rule

Linking all bonded interactions to atoms


NOTE: OS CPU limit is lower than logical cpu count, thread pinning disabled.

Initializing LINear Constraint Solver

++++ PLEASE READ AND CITE THE FOLLOWING REFERENCE ++++
B. Hess and H. Bekker and H. J. C. Berendsen and J. G. E. M. Fraaije
LINCS: A Linear Constraint Solver for molecular simulations
J. Comp. Chem. 18 (1997) pp. 1463-1472
-------- -------- --- Thank You --- -------- --------

The number of constraints is 2290

++++ PLEASE READ AND CITE THE FOLLOWING REFERENCE ++++
S. Miyamoto and P. A. Kollman
SETTLE: An Analytical Version of the SHAKE and RATTLE Algorithms for Rigid
Water Models
J. Comp. Chem. 13 (1992) pp. 952-962
-------- -------- --- Thank You --- -------- --------


++++ PLEASE READ AND CITE THE FOLLOWING REFERENCE ++++
G. Bussi, D. Donadio and M. Parrinello
Canonical sampling through velocity rescaling
J. Chem. Phys. 126 (2007) pp. 014101
-------- -------- --- Thank You --- -------- --------

There are: 179360 Atoms

Atom distribution over 1 domains: av 179360 stddev 0 min 179360 max 179360
Center of mass motion removal mode is Linear
We have the following groups for center of mass motion removal:
  0:  rest

Started mdrun on rank 0 Mon Nov 10 00:33:05 2025

           Step           Time
              0        0.00000

   Energies (kJ/mol)
           Bond          Angle    Proper Dih. Per. Imp. Dih.          LJ-14
    1.25488e+03    4.45463e+03    1.69762e+04    1.23815e+02    6.14029e+03
     Coulomb-14        LJ (SR)  Disper. corr.   Coulomb (SR)   Coul. recip.
   -4.18226e+04    6.28184e+05   -2.34490e+04   -3.75874e+06    7.19800e+03
      Potential    Kinetic En.   Total Energy  Conserved En.    Temperature
   -3.15968e+06    1.51757e+04   -3.14451e+06   -3.14440e+06    1.00660e+01
 Pres. DC (bar) Pressure (bar)   Constr. rmsd
   -2.27519e+02   -1.95731e+02    2.65425e-06

           Step           Time
           5000       10.00000

   Energies (kJ/mol)
           Bond          Angle    Proper Dih. Per. Imp. Dih.          LJ-14
    1.29432e+03    4.41332e+03    1.69636e+04    1.17973e+02    6.16867e+03
     Coulomb-14        LJ (SR)  Disper. corr.   Coulomb (SR)   Coul. recip.
   -4.19074e+04    6.32324e+05   -2.35417e+04   -3.76408e+06    7.03231e+03
      Potential    Kinetic En.   Total Energy  Conserved En.    Temperature
   -3.16122e+06    1.50810e+04   -3.14614e+06   -3.14298e+06    1.00032e+01
 Pres. DC (bar) Pressure (bar)   Constr. rmsd
   -2.29319e+02    1.94634e+01    2.67876e-06

           Step           Time
          10000       20.00000

   Energies (kJ/mol)
           Bond          Angle    Proper Dih. Per. Imp. Dih.          LJ-14
    1.27255e+03    4.42497e+03    1.69557e+04    1.10792e+02    6.18414e+03
     Coulomb-14        LJ (SR)  Disper. corr.   Coulomb (SR)   Coul. recip.
   -4.19025e+04    6.38175e+05   -2.36468e+04   -3.76990e+06    6.99619e+03
      Potential    Kinetic En.   Total Energy  Conserved En.    Temperature
   -3.16133e+06    1.50218e+04   -3.14631e+06   -3.14147e+06    9.96391e+00
 Pres. DC (bar) Pressure (bar)   Constr. rmsd
   -2.31369e+02    2.98166e+02    2.61090e-06

           Step           Time
          15000       30.00000

   Energies (kJ/mol)
           Bond          Angle    Proper Dih. Per. Imp. Dih.          LJ-14
    1.27180e+03    4.43262e+03    1.69664e+04    1.12748e+02    6.17300e+03
     Coulomb-14        LJ (SR)  Disper. corr.   Coulomb (SR)   Coul. recip.
   -4.19267e+04    6.33376e+05   -2.35711e+04   -3.76536e+06    6.98537e+03
      Potential    Kinetic En.   Total Energy  Conserved En.    Temperature
   -3.16154e+06    1.51728e+04   -3.14636e+06   -3.13919e+06    1.00640e+01
 Pres. DC (bar) Pressure (bar)   Constr. rmsd
   -2.29893e+02    9.49604e+01    2.62141e-06

Writing checkpoint, step 17200 at Mon Nov 10 00:48:10 2025


           Step           Time
          20000       40.00000

   Energies (kJ/mol)
           Bond          Angle    Proper Dih. Per. Imp. Dih.          LJ-14
    1.25758e+03    4.45592e+03    1.69863e+04    1.09241e+02    6.17113e+03
     Coulomb-14        LJ (SR)  Disper. corr.   Coulomb (SR)   Coul. recip.
   -4.19105e+04    6.17749e+05   -2.33432e+04   -3.74999e+06    7.04534e+03
      Potential    Kinetic En.   Total Energy  Conserved En.    Temperature
   -3.16147e+06    1.50504e+04   -3.14642e+06   -3.13401e+06    9.98284e+00
 Pres. DC (bar) Pressure (bar)   Constr. rmsd
   -2.25473e+02   -5.51421e+02    2.61047e-06

           Step           Time
          25000       50.00000

   Energies (kJ/mol)
           Bond          Angle    Proper Dih. Per. Imp. Dih.          LJ-14
    1.33220e+03    4.49736e+03    1.69231e+04    1.13374e+02    6.15883e+03
     Coulomb-14        LJ (SR)  Disper. corr.   Coulomb (SR)   Coul. recip.
   -4.19257e+04    6.29824e+05   -2.35536e+04   -3.76249e+06    6.95440e+03
      Potential    Kinetic En.   Total Energy  Conserved En.    Temperature
   -3.16217e+06    1.52349e+04   -3.14694e+06   -3.12319e+06    1.01052e+01
 Pres. DC (bar) Pressure (bar)   Constr. rmsd
   -2.29552e+02   -5.10262e+01    2.61905e-06

           Step           Time
          30000       60.00000

   Energies (kJ/mol)
           Bond          Angle    Proper Dih. Per. Imp. Dih.          LJ-14
    1.33582e+03    4.52116e+03    1.69785e+04    1.13354e+02    6.19848e+03
     Coulomb-14        LJ (SR)  Disper. corr.   Coulomb (SR)   Coul. recip.
   -4.18799e+04    6.51134e+05   -2.39501e+04   -3.78329e+06    6.71571e+03
      Potential    Kinetic En.   Total Energy  Conserved En.    Temperature
   -3.16213e+06    1.51641e+04   -3.14696e+06   -3.10459e+06    1.00583e+01
 Pres. DC (bar) Pressure (bar)   Constr. rmsd
   -2.37336e+02    9.49854e+02    2.59845e-06

Writing checkpoint, step 32400 at Mon Nov 10 01:03:07 2025


           Step           Time
          35000       70.00000

   Energies (kJ/mol)
           Bond          Angle    Proper Dih. Per. Imp. Dih.          LJ-14
    1.29971e+03    4.59708e+03    1.70107e+04    1.11849e+02    6.14908e+03
     Coulomb-14        LJ (SR)  Disper. corr.   Coulomb (SR)   Coul. recip.
   -4.20056e+04    6.03385e+05   -2.32296e+04   -3.73746e+06    6.85288e+03
      Potential    Kinetic En.   Total Energy  Conserved En.    Temperature
   -3.16329e+06    1.54058e+04   -3.14788e+06   -3.07673e+06    1.02186e+01
 Pres. DC (bar) Pressure (bar)   Constr. rmsd
   -2.23287e+02   -1.06214e+03    2.65078e-06

           Step           Time
          40000       80.00000

   Energies (kJ/mol)
           Bond          Angle    Proper Dih. Per. Imp. Dih.          LJ-14
    1.42079e+03    4.53012e+03    1.69291e+04    1.16682e+02    6.15885e+03
     Coulomb-14        LJ (SR)  Disper. corr.   Coulomb (SR)   Coul. recip.
   -4.19551e+04    6.49749e+05   -2.39462e+04   -3.78430e+06    6.64053e+03
      Potential    Kinetic En.   Total Energy  Conserved En.    Temperature
   -3.16466e+06    1.54969e+04   -3.14916e+06   -3.04222e+06    1.02790e+01
 Pres. DC (bar) Pressure (bar)   Constr. rmsd
   -2.37260e+02    8.37469e+02    2.58338e-06

           Step           Time
          45000       90.00000

   Energies (kJ/mol)
           Bond          Angle    Proper Dih. Per. Imp. Dih.          LJ-14
    1.24781e+03    4.55317e+03    1.70088e+04    1.09488e+02    6.22406e+03
     Coulomb-14        LJ (SR)  Disper. corr.   Coulomb (SR)   Coul. recip.
   -4.18700e+04    6.14934e+05   -2.34670e+04   -3.75214e+06    6.70565e+03
      Potential    Kinetic En.   Total Energy  Conserved En.    Temperature
   -3.16670e+06    1.59156e+04   -3.15078e+06   -3.00129e+06    1.05567e+01
 Pres. DC (bar) Pressure (bar)   Constr. rmsd
   -2.27867e+02   -5.41026e+02    2.55383e-06

Writing checkpoint, step 47900 at Mon Nov 10 01:18:07 2025


           Step           Time
          50000      100.00000

   Energies (kJ/mol)
           Bond          Angle    Proper Dih. Per. Imp. Dih.          LJ-14
    1.46708e+03    4.58391e+03    1.69468e+04    1.13884e+02    6.14380e+03
     Coulomb-14        LJ (SR)  Disper. corr.   Coulomb (SR)   Coul. recip.
   -4.20531e+04    6.47552e+05   -2.39448e+04   -3.78443e+06    6.54592e+03
      Potential    Kinetic En.   Total Energy  Conserved En.    Temperature
   -3.16708e+06    1.57888e+04   -3.15129e+06   -2.95186e+06    1.04726e+01
 Pres. DC (bar) Pressure (bar)   Constr. rmsd
   -2.37232e+02    7.23798e+02    2.62645e-06

           Step           Time
          55000      110.00000

   Energies (kJ/mol)
           Bond          Angle    Proper Dih. Per. Imp. Dih.          LJ-14
    1.28017e+03    4.65284e+03    1.70181e+04    1.11884e+02    6.17014e+03
     Coulomb-14        LJ (SR)  Disper. corr.   Coulomb (SR)   Coul. recip.
   -4.20101e+04    5.98341e+05   -2.32702e+04   -3.73652e+06    6.60307e+03
      Potential    Kinetic En.   Total Energy  Conserved En.    Temperature
   -3.16762e+06    1.61611e+04   -3.15146e+06   -2.89294e+06    1.07196e+01
 Pres. DC (bar) Pressure (bar)   Constr. rmsd
   -2.24067e+02   -1.20634e+03    2.65796e-06

           Step           Time
          60000      120.00000

   Energies (kJ/mol)
           Bond          Angle    Proper Dih. Per. Imp. Dih.          LJ-14
    1.42675e+03    4.55914e+03    1.69918e+04    1.27435e+02    6.19569e+03
     Coulomb-14        LJ (SR)  Disper. corr.   Coulomb (SR)   Coul. recip.
   -4.19274e+04    6.68466e+05   -2.43196e+04   -3.80466e+06    6.34934e+03
      Potential    Kinetic En.   Total Energy  Conserved En.    Temperature
   -3.16679e+06    1.56292e+04   -3.15116e+06   -2.83219e+06    1.03668e+01
 Pres. DC (bar) Pressure (bar)   Constr. rmsd
   -2.44707e+02    1.74266e+03    2.63856e-06

Writing checkpoint, step 63500 at Mon Nov 10 01:33:06 2025


           Step           Time
          65000      130.00000

   Energies (kJ/mol)
           Bond          Angle    Proper Dih. Per. Imp. Dih.          LJ-14
    1.39143e+03    4.64632e+03    1.69986e+04    1.12638e+02    6.13212e+03
     Coulomb-14        LJ (SR)  Disper. corr.   Coulomb (SR)   Coul. recip.
   -4.21364e+04    5.89399e+05   -2.31485e+04   -3.72833e+06    6.61123e+03
      Potential    Kinetic En.   Total Energy  Conserved En.    Temperature
   -3.16833e+06    1.53722e+04   -3.15295e+06   -2.77338e+06    1.01963e+01
 Pres. DC (bar) Pressure (bar)   Constr. rmsd
   -2.21732e+02   -1.61012e+03    2.57451e-06

           Step           Time
          70000      140.00000

   Energies (kJ/mol)
           Bond          Angle    Proper Dih. Per. Imp. Dih.          LJ-14
    1.33530e+03    4.72551e+03    1.70295e+04    1.17365e+02    6.26542e+03
     Coulomb-14        LJ (SR)  Disper. corr.   Coulomb (SR)   Coul. recip.
   -4.19341e+04    6.46894e+05   -2.40076e+04   -3.78749e+06    6.31179e+03
      Potential    Kinetic En.   Total Energy  Conserved En.    Temperature
   -3.17075e+06    1.59146e+04   -3.15484e+06   -2.71210e+06    1.05561e+01
 Pres. DC (bar) Pressure (bar)   Constr. rmsd
   -2.38475e+02    8.15601e+02    2.66709e-06

           Step           Time
          75000      150.00000

   Energies (kJ/mol)
           Bond          Angle    Proper Dih. Per. Imp. Dih.          LJ-14
    1.50932e+03    4.61311e+03    1.69896e+04    1.19423e+02    6.17442e+03
     Coulomb-14        LJ (SR)  Disper. corr.   Coulomb (SR)   Coul. recip.
   -4.20166e+04    6.57694e+05   -2.41233e+04   -3.79714e+06    6.31447e+03
      Potential    Kinetic En.   Total Energy  Conserved En.    Temperature
   -3.16987e+06    1.59368e+04   -3.15393e+06   -2.63981e+06    1.05708e+01
 Pres. DC (bar) Pressure (bar)   Constr. rmsd
   -2.40778e+02    1.16733e+03    2.64274e-06

Writing checkpoint, step 79100 at Mon Nov 10 01:48:07 2025


           Step           Time
          80000      160.00000

   Energies (kJ/mol)
           Bond          Angle    Proper Dih. Per. Imp. Dih.          LJ-14
    1.40435e+03    4.65953e+03    1.70146e+04    1.11014e+02    6.12020e+03
     Coulomb-14        LJ (SR)  Disper. corr.   Coulomb (SR)   Coul. recip.
   -4.21552e+04    5.83758e+05   -2.31024e+04   -3.72400e+06    6.52421e+03
      Potential    Kinetic En.   Total Energy  Conserved En.    Temperature
   -3.16967e+06    1.56620e+04   -3.15401e+06   -2.57068e+06    1.03885e+01
 Pres. DC (bar) Pressure (bar)   Constr. rmsd
   -2.20851e+02   -1.83801e+03    2.67223e-06

           Step           Time
          85000      170.00000

   Energies (kJ/mol)
           Bond          Angle    Proper Dih. Per. Imp. Dih.          LJ-14
    1.32472e+03    4.72135e+03    1.70633e+04    1.14655e+02    6.27098e+03
     Coulomb-14        LJ (SR)  Disper. corr.   Coulomb (SR)   Coul. recip.
   -4.18837e+04    6.42209e+05   -2.39692e+04   -3.78459e+06    6.24514e+03
      Potential    Kinetic En.   Total Energy  Conserved En.    Temperature
   -3.17249e+06    1.60185e+04   -3.15647e+06   -2.49932e+06    1.06250e+01
 Pres. DC (bar) Pressure (bar)   Constr. rmsd
   -2.37714e+02    6.16673e+02    2.68007e-06

           Step           Time
          90000      180.00000

   Energies (kJ/mol)
           Bond          Angle    Proper Dih. Per. Imp. Dih.          LJ-14
    1.50383e+03    4.62709e+03    1.70182e+04    1.22384e+02    6.20800e+03
     Coulomb-14        LJ (SR)  Disper. corr.   Coulomb (SR)   Coul. recip.
   -4.19882e+04    6.70812e+05   -2.43474e+04   -3.81004e+06    6.20325e+03
      Potential    Kinetic En.   Total Energy  Conserved En.    Temperature
   -3.16988e+06    1.62093e+04   -3.15367e+06   -2.41623e+06    1.07515e+01
 Pres. DC (bar) Pressure (bar)   Constr. rmsd
   -2.45267e+02    1.80228e+03    2.62625e-06

Writing checkpoint, step 94700 at Mon Nov 10 02:03:10 2025


           Step           Time
          95000      190.00000

   Energies (kJ/mol)
           Bond          Angle    Proper Dih. Per. Imp. Dih.          LJ-14
    1.50537e+03    4.76233e+03    1.69695e+04    1.13059e+02    6.09308e+03
     Coulomb-14        LJ (SR)  Disper. corr.   Coulomb (SR)   Coul. recip.
   -4.22113e+04    5.85195e+05   -2.31357e+04   -3.72687e+06    6.48370e+03
      Potential    Kinetic En.   Total Energy  Conserved En.    Temperature
   -3.17110e+06    1.54647e+04   -3.15563e+06   -2.32387e+06    1.02577e+01
 Pres. DC (bar) Pressure (bar)   Constr. rmsd
   -2.21486e+02   -1.82835e+03    2.68818e-06

           Step           Time
         100000      200.00000

   Energies (kJ/mol)
           Bond          Angle    Proper Dih. Per. Imp. Dih.          LJ-14
    1.28823e+03    4.76666e+03    1.70301e+04    1.05391e+02    6.20068e+03
     Coulomb-14        LJ (SR)  Disper. corr.   Coulomb (SR)   Coul. recip.
   -4.18478e+04    6.02535e+05   -2.33989e+04   -3.74587e+06    6.34751e+03
      Potential    Kinetic En.   Total Energy  Conserved En.    Temperature
   -3.17285e+06    1.67501e+04   -3.15610e+06   -2.21810e+06    1.11103e+01
 Pres. DC (bar) Pressure (bar)   Constr. rmsd
   -2.26549e+02   -1.04467e+03    2.68879e-06

           Step           Time
         105000      210.00000

   Energies (kJ/mol)
           Bond          Angle    Proper Dih. Per. Imp. Dih.          LJ-14
    1.41494e+03    4.68538e+03    1.70089e+04    1.14547e+02    6.26908e+03
     Coulomb-14        LJ (SR)  Disper. corr.   Coulomb (SR)   Coul. recip.
   -4.19561e+04    6.73961e+05   -2.44836e+04   -3.81416e+06    6.14229e+03
      Potential    Kinetic En.   Total Energy  Conserved En.    Temperature
   -3.17100e+06    1.58673e+04   -3.15514e+06   -2.12512e+06    1.05247e+01
 Pres. DC (bar) Pressure (bar)   Constr. rmsd
   -2.48016e+02    2.06593e+03    2.62517e-06

Writing checkpoint, step 109800 at Mon Nov 10 02:18:08 2025


           Step           Time
         110000      220.00000

   Energies (kJ/mol)
           Bond          Angle    Proper Dih. Per. Imp. Dih.          LJ-14
    1.54148e+03    4.73847e+03    1.69634e+04    1.22729e+02    6.18104e+03
     Coulomb-14        LJ (SR)  Disper. corr.   Coulomb (SR)   Coul. recip.
   -4.21071e+04    6.46240e+05   -2.39681e+04   -3.78959e+06    6.25405e+03
      Potential    Kinetic En.   Total Energy  Conserved En.    Temperature
   -3.17362e+06    1.59506e+04   -3.15767e+06   -2.03347e+06    1.05800e+01
 Pres. DC (bar) Pressure (bar)   Constr. rmsd
   -2.37692e+02    6.28540e+02    2.60881e-06

           Step           Time
         115000      230.00000

   Energies (kJ/mol)
           Bond          Angle    Proper Dih. Per. Imp. Dih.          LJ-14
    1.37391e+03    4.69275e+03    1.70194e+04    1.10758e+02    6.12372e+03
     Coulomb-14        LJ (SR)  Disper. corr.   Coulomb (SR)   Coul. recip.
   -4.19894e+04    5.77115e+05   -2.30576e+04   -3.71950e+06    6.41691e+03
      Potential    Kinetic En.   Total Energy  Conserved En.    Temperature
   -3.17169e+06    1.56267e+04   -3.15607e+06   -1.94682e+06    1.03651e+01
 Pres. DC (bar) Pressure (bar)   Constr. rmsd
   -2.19995e+02   -2.10308e+03    2.69351e-06

           Step           Time
         120000      240.00000

   Energies (kJ/mol)
           Bond          Angle    Proper Dih. Per. Imp. Dih.          LJ-14
    1.30081e+03    4.75654e+03    1.70867e+04    1.10702e+02    6.24438e+03
     Coulomb-14        LJ (SR)  Disper. corr.   Coulomb (SR)   Coul. recip.
   -4.19174e+04    6.21694e+05   -2.36828e+04   -3.76690e+06    6.19235e+03
      Potential    Kinetic En.   Total Energy  Conserved En.    Temperature
   -3.17511e+06    1.65029e+04   -3.15861e+06   -1.85757e+06    1.09463e+01
 Pres. DC (bar) Pressure (bar)   Constr. rmsd
   -2.32074e+02   -2.57592e+02    2.62563e-06

           Step           Time
         125000      250.00000

   Energies (kJ/mol)
           Bond          Angle    Proper Dih. Per. Imp. Dih.          LJ-14
    1.41272e+03    4.61948e+03    1.70334e+04    1.20774e+02    6.26442e+03
     Coulomb-14        LJ (SR)  Disper. corr.   Coulomb (SR)   Coul. recip.
   -4.19260e+04    6.77092e+05   -2.45383e+04   -3.81766e+06    6.04064e+03
      Potential    Kinetic En.   Total Energy  Conserved En.    Temperature
   -3.17155e+06    1.58859e+04   -3.15566e+06   -1.77079e+06    1.05370e+01
 Pres. DC (bar) Pressure (bar)   Constr. rmsd
   -2.49123e+02    2.19917e+03    2.61424e-06

Writing checkpoint, step 125100 at Mon Nov 10 02:33:09 2025


           Step           Time
         130000      260.00000

   Energies (kJ/mol)
           Bond          Angle    Proper Dih. Per. Imp. Dih.          LJ-14
    1.56553e+03    4.73903e+03    1.69976e+04    1.17135e+02    6.13833e+03
     Coulomb-14        LJ (SR)  Disper. corr.   Coulomb (SR)   Coul. recip.
   -4.20897e+04    6.27728e+05   -2.37363e+04   -3.77287e+06    6.25357e+03
      Potential    Kinetic En.   Total Energy  Conserved En.    Temperature
   -3.17515e+06    1.58257e+04   -3.15933e+06   -1.67861e+06    1.04971e+01
 Pres. DC (bar) Pressure (bar)   Constr. rmsd
   -2.33121e+02   -1.57169e+02    2.72744e-06

           Step           Time
         135000      270.00000

   Energies (kJ/mol)
           Bond          Angle    Proper Dih. Per. Imp. Dih.          LJ-14
    1.37760e+03    4.72539e+03    1.70294e+04    1.11858e+02    6.10288e+03
     Coulomb-14        LJ (SR)  Disper. corr.   Coulomb (SR)   Coul. recip.
   -4.20726e+04    5.70336e+05   -2.29853e+04   -3.71272e+06    6.37320e+03
      Potential    Kinetic En.   Total Energy  Conserved En.    Temperature
   -3.17172e+06    1.58925e+04   -3.15583e+06   -1.57645e+06    1.05414e+01
 Pres. DC (bar) Pressure (bar)   Constr. rmsd
   -2.18619e+02   -2.34952e+03    2.67407e-06

           Step           Time
         140000      280.00000

   Energies (kJ/mol)
           Bond          Angle    Proper Dih. Per. Imp. Dih.          LJ-14
    1.31410e+03    4.80710e+03    1.70695e+04    1.03632e+02    6.24158e+03
     Coulomb-14        LJ (SR)  Disper. corr.   Coulomb (SR)   Coul. recip.
   -4.18715e+04    6.15466e+05   -2.36099e+04   -3.76157e+06    6.19691e+03
      Potential    Kinetic En.   Total Energy  Conserved En.    Temperature
   -3.17585e+06    1.65778e+04   -3.15927e+06   -1.46940e+06    1.09960e+01
 Pres. DC (bar) Pressure (bar)   Constr. rmsd
   -2.30648e+02   -5.14623e+02    2.64228e-06

Writing checkpoint, step 141900 at Mon Nov 10 02:48:08 2025


           Step           Time
         145000      290.00000

   Energies (kJ/mol)
           Bond          Angle    Proper Dih. Per. Imp. Dih.          LJ-14
    1.41953e+03    4.71778e+03    1.70542e+04    1.17183e+02    6.26432e+03
     Coulomb-14        LJ (SR)  Disper. corr.   Coulomb (SR)   Coul. recip.
   -4.19724e+04    6.74437e+05   -2.45130e+04   -3.81656e+06    6.01648e+03
      Potential    Kinetic En.   Total Energy  Conserved En.    Temperature
   -3.17302e+06    1.58847e+04   -3.15714e+06   -1.37189e+06    1.05362e+01
 Pres. DC (bar) Pressure (bar)   Constr. rmsd
   -2.48610e+02    2.10244e+03    2.68285e-06

           Step           Time
         150000      300.00000

   Energies (kJ/mol)
           Bond          Angle    Proper Dih. Per. Imp. Dih.          LJ-14
    1.51580e+03    4.68823e+03    1.69929e+04    1.21030e+02    6.18677e+03
     Coulomb-14        LJ (SR)  Disper. corr.   Coulomb (SR)   Coul. recip.
   -4.20257e+04    6.59756e+05   -2.42013e+04   -3.80378e+06    6.10348e+03
      Potential    Kinetic En.   Total Energy  Conserved En.    Temperature
   -3.17464e+06    1.61073e+04   -3.15854e+06   -1.27608e+06    1.06839e+01
 Pres. DC (bar) Pressure (bar)   Constr. rmsd
   -2.42335e+02    1.25699e+03    2.67511e-06

           Step           Time
         155000      310.00000

   Energies (kJ/mol)
           Bond          Angle    Proper Dih. Per. Imp. Dih.          LJ-14
    1.50390e+03    4.74841e+03    1.69762e+04    1.14576e+02    6.09661e+03
     Coulomb-14        LJ (SR)  Disper. corr.   Coulomb (SR)   Coul. recip.
   -4.21357e+04    5.89962e+05   -2.32389e+04   -3.73529e+06    6.31366e+03
      Potential    Kinetic En.   Total Energy  Conserved En.    Temperature
   -3.17495e+06    1.53882e+04   -3.15956e+06   -1.19136e+06    1.02069e+01
 Pres. DC (bar) Pressure (bar)   Constr. rmsd
   -2.23465e+02   -1.66038e+03    2.57071e-06

Writing checkpoint, step 157300 at Mon Nov 10 03:03:06 2025


           Step           Time
         160000      320.00000

   Energies (kJ/mol)
           Bond          Angle    Proper Dih. Per. Imp. Dih.          LJ-14
    1.28456e+03    4.71885e+03    1.70190e+04    1.04695e+02    6.15209e+03
     Coulomb-14        LJ (SR)  Disper. corr.   Coulomb (SR)   Coul. recip.
   -4.19767e+04    5.92132e+05   -2.32737e+04   -3.73770e+06    6.24708e+03
      Potential    Kinetic En.   Total Energy  Conserved En.    Temperature
   -3.17529e+06    1.61933e+04   -3.15910e+06   -1.10541e+06    1.07409e+01
 Pres. DC (bar) Pressure (bar)   Constr. rmsd
   -2.24134e+02   -1.49317e+03    2.53873e-06

           Step           Time
         165000      330.00000

   Energies (kJ/mol)
           Bond          Angle    Proper Dih. Per. Imp. Dih.          LJ-14
    1.35211e+03    4.74477e+03    1.70564e+04    1.10801e+02    6.27827e+03
     Coulomb-14        LJ (SR)  Disper. corr.   Coulomb (SR)   Coul. recip.
   -4.19674e+04    6.53991e+05   -2.41855e+04   -3.79992e+06    6.01947e+03
      Potential    Kinetic En.   Total Energy  Conserved En.    Temperature
   -3.17652e+06    1.60106e+04   -3.16051e+06   -1.02780e+06    1.06197e+01
 Pres. DC (bar) Pressure (bar)   Constr. rmsd
   -2.42019e+02    1.14275e+03    2.68032e-06

           Step           Time
         170000      340.00000

   Energies (kJ/mol)
           Bond          Angle    Proper Dih. Per. Imp. Dih.          LJ-14
    1.45393e+03    4.64070e+03    1.70054e+04    1.19960e+02    6.22241e+03
     Coulomb-14        LJ (SR)  Disper. corr.   Coulomb (SR)   Coul. recip.
   -4.19395e+04    6.76058e+05   -2.44863e+04   -3.81864e+06    6.00014e+03
      Potential    Kinetic En.   Total Energy  Conserved En.    Temperature
   -3.17356e+06    1.59773e+04   -3.15758e+06   -9.40682e+05    1.05977e+01
 Pres. DC (bar) Pressure (bar)   Constr. rmsd
   -2.48070e+02    2.07075e+03    2.58908e-06

Writing checkpoint, step 172900 at Mon Nov 10 03:18:10 2025


           Step           Time
         175000      350.00000

   Energies (kJ/mol)
           Bond          Angle    Proper Dih. Per. Imp. Dih.          LJ-14
    1.53701e+03    4.74284e+03    1.70024e+04    1.18120e+02    6.10031e+03
     Coulomb-14        LJ (SR)  Disper. corr.   Coulomb (SR)   Coul. recip.
   -4.20785e+04    6.19272e+05   -2.36260e+04   -3.76637e+06    6.19308e+03
      Potential    Kinetic En.   Total Energy  Conserved En.    Temperature
   -3.17711e+06    1.56686e+04   -3.16144e+06   -8.50946e+05    1.03929e+01
 Pres. DC (bar) Pressure (bar)   Constr. rmsd
   -2.30964e+02   -5.37707e+02    2.63680e-06

           Step           Time
         180000      360.00000

   Energies (kJ/mol)
           Bond          Angle    Proper Dih. Per. Imp. Dih.          LJ-14
    1.36206e+03    4.72696e+03    1.70244e+04    1.10816e+02    6.12457e+03
     Coulomb-14        LJ (SR)  Disper. corr.   Coulomb (SR)   Coul. recip.
   -4.21018e+04    5.76229e+05   -2.30746e+04   -3.72110e+06    6.27834e+03
      Potential    Kinetic En.   Total Energy  Conserved En.    Temperature
   -3.17442e+06    1.56744e+04   -3.15874e+06   -7.57804e+05    1.03967e+01
 Pres. DC (bar) Pressure (bar)   Constr. rmsd
   -2.20320e+02   -2.12937e+03    2.57913e-06

           Step           Time
         185000      370.00000

   Energies (kJ/mol)
           Bond          Angle    Proper Dih. Per. Imp. Dih.          LJ-14
    1.29858e+03    4.73679e+03    1.70736e+04    1.05460e+02    6.21587e+03
     Coulomb-14        LJ (SR)  Disper. corr.   Coulomb (SR)   Coul. recip.
   -4.18685e+04    6.13680e+05   -2.35885e+04   -3.76146e+06    6.10080e+03
      Potential    Kinetic En.   Total Energy  Conserved En.    Temperature
   -3.17771e+06    1.63588e+04   -3.16135e+06   -6.72064e+05    1.08507e+01
 Pres. DC (bar) Pressure (bar)   Constr. rmsd
   -2.30230e+02   -6.15779e+02    2.59840e-06

Writing checkpoint, step 188300 at Mon Nov 10 03:33:08 2025


           Step           Time
         190000      380.00000

   Energies (kJ/mol)
           Bond          Angle    Proper Dih. Per. Imp. Dih.          LJ-14
    1.39303e+03    4.67535e+03    1.70844e+04    1.13949e+02    6.25423e+03
     Coulomb-14        LJ (SR)  Disper. corr.   Coulomb (SR)   Coul. recip.
   -4.19586e+04    6.70008e+05   -2.44410e+04   -3.81469e+06    5.92020e+03
      Potential    Kinetic En.   Total Energy  Conserved En.    Temperature
   -3.17564e+06    1.58512e+04   -3.15979e+06   -5.89640e+05    1.05140e+01
 Pres. DC (bar) Pressure (bar)   Constr. rmsd
   -2.47153e+02    1.86426e+03    2.63341e-06

           Step           Time
         195000      390.00000

   Energies (kJ/mol)
           Bond          Angle    Proper Dih. Per. Imp. Dih.          LJ-14
    1.50519e+03    4.66621e+03    1.70023e+04    1.17066e+02    6.19737e+03
     Coulomb-14        LJ (SR)  Disper. corr.   Coulomb (SR)   Coul. recip.
   -4.19917e+04    6.69700e+05   -2.43660e+04   -3.81416e+06    5.97151e+03
      Potential    Kinetic En.   Total Energy  Conserved En.    Temperature
   -3.17536e+06    1.60906e+04   -3.15927e+06   -4.96849e+05    1.06728e+01
 Pres. DC (bar) Pressure (bar)   Constr. rmsd
   -2.45642e+02    1.72005e+03    2.58287e-06

           Step           Time
         200000      400.00000

   Energies (kJ/mol)
           Bond          Angle    Proper Dih. Per. Imp. Dih.          LJ-14
    1.51543e+03    4.74747e+03    1.69869e+04    1.11992e+02    6.11081e+03
     Coulomb-14        LJ (SR)  Disper. corr.   Coulomb (SR)   Coul. recip.
   -4.20620e+04    6.07119e+05   -2.34733e+04   -3.75493e+06    6.15073e+03
      Potential    Kinetic En.   Total Energy  Conserved En.    Temperature
   -3.17772e+06    1.53726e+04   -3.16235e+06   -4.15601e+05    1.01966e+01
 Pres. DC (bar) Pressure (bar)   Constr. rmsd
   -2.27990e+02   -1.01521e+03    2.64186e-06

Writing checkpoint, step 203800 at Mon Nov 10 03:48:06 2025


           Step           Time
         205000      410.00000

   Energies (kJ/mol)
           Bond          Angle    Proper Dih. Per. Imp. Dih.          LJ-14
    1.30999e+03    4.67059e+03    1.70555e+04    1.08403e+02    6.13856e+03
     Coulomb-14        LJ (SR)  Disper. corr.   Coulomb (SR)   Coul. recip.
   -4.19425e+04    5.84780e+05   -2.31855e+04   -3.73142e+06    6.15180e+03
      Potential    Kinetic En.   Total Energy  Conserved En.    Temperature
   -3.17633e+06    1.57579e+04   -3.16058e+06   -3.36600e+05    1.04522e+01
 Pres. DC (bar) Pressure (bar)   Constr. rmsd
   -2.22441e+02   -1.80459e+03    2.64854e-06

           Step           Time
         210000      420.00000

   Energies (kJ/mol)
           Bond          Angle    Proper Dih. Per. Imp. Dih.          LJ-14
    1.31375e+03    4.70824e+03    1.70803e+04    1.15635e+02    6.25852e+03
     Coulomb-14        LJ (SR)  Disper. corr.   Coulomb (SR)   Coul. recip.
   -4.19025e+04    6.34991e+05   -2.38955e+04   -3.78370e+06    5.98728e+03
      Potential    Kinetic En.   Total Energy  Conserved En.    Temperature
   -3.17904e+06    1.62568e+04   -3.16278e+06   -2.64937e+05    1.07831e+01
 Pres. DC (bar) Pressure (bar)   Constr. rmsd
   -2.36255e+02    2.74431e+02    2.72597e-06

           Step           Time
         215000      430.00000

   Energies (kJ/mol)
           Bond          Angle    Proper Dih. Per. Imp. Dih.          LJ-14
    1.42851e+03    4.60787e+03    1.70194e+04    1.12494e+02    6.21872e+03
     Coulomb-14        LJ (SR)  Disper. corr.   Coulomb (SR)   Coul. recip.
   -4.18834e+04    6.77348e+05   -2.45322e+04   -3.82164e+06    5.88607e+03
      Potential    Kinetic En.   Total Energy  Conserved En.    Temperature
   -3.17543e+06    1.57399e+04   -3.15969e+06   -1.84983e+05    1.04402e+01
 Pres. DC (bar) Pressure (bar)   Constr. rmsd
   -2.49000e+02    2.15802e+03    2.65899e-06

Writing checkpoint, step 219400 at Mon Nov 10 04:03:08 2025


           Step           Time
         220000      440.00000

   Energies (kJ/mol)
           Bond          Angle    Proper Dih. Per. Imp. Dih.          LJ-14
    1.49348e+03    4.65234e+03    1.69986e+04    1.17136e+02    6.15594e+03
     Coulomb-14        LJ (SR)  Disper. corr.   Coulomb (SR)   Coul. recip.
   -4.20559e+04    6.52925e+05   -2.41143e+04   -3.79987e+06    6.00277e+03
      Potential    Kinetic En.   Total Energy  Conserved En.    Temperature
   -3.17770e+06    1.58885e+04   -3.16181e+06   -1.01504e+05    1.05388e+01
 Pres. DC (bar) Pressure (bar)   Constr. rmsd
   -2.40597e+02    9.21295e+02    2.66218e-06

           Step           Time
         225000      450.00000

   Energies (kJ/mol)
           Bond          Angle    Proper Dih. Per. Imp. Dih.          LJ-14
    1.50216e+03    4.76468e+03    1.70066e+04    1.09048e+02    6.09859e+03
     Coulomb-14        LJ (SR)  Disper. corr.   Coulomb (SR)   Coul. recip.
   -4.21326e+04    5.93079e+05   -2.33015e+04   -3.74086e+06    6.15301e+03
      Potential    Kinetic En.   Total Energy  Conserved En.    Temperature
   -3.17758e+06    1.53856e+04   -3.16220e+06   -1.76288e+04    1.02052e+01
 Pres. DC (bar) Pressure (bar)   Constr. rmsd
   -2.24670e+02   -1.55281e+03    2.60256e-06

           Step           Time
         230000      460.00000

   Energies (kJ/mol)
           Bond          Angle    Proper Dih. Per. Imp. Dih.          LJ-14
    1.32014e+03    4.72605e+03    1.70581e+04    1.14728e+02    6.13098e+03
     Coulomb-14        LJ (SR)  Disper. corr.   Coulomb (SR)   Coul. recip.
   -4.20525e+04    5.79591e+05   -2.31334e+04   -3.72610e+06    6.16957e+03
      Potential    Kinetic En.   Total Energy  Conserved En.    Temperature
   -3.17618e+06    1.61297e+04   -3.16005e+06    7.57558e+04    1.06988e+01
 Pres. DC (bar) Pressure (bar)   Constr. rmsd
   -2.21443e+02   -1.98750e+03    2.63411e-06

           Step           Time
         235000      470.00000

Writing checkpoint, step 235000 at Mon Nov 10 04:18:09 2025


   Energies (kJ/mol)
           Bond          Angle    Proper Dih. Per. Imp. Dih.          LJ-14
    1.34320e+03    4.77937e+03    1.70932e+04    1.09229e+02    6.24432e+03
     Coulomb-14        LJ (SR)  Disper. corr.   Coulomb (SR)   Coul. recip.
   -4.18932e+04    6.27214e+05   -2.37929e+04   -3.77641e+06    6.00902e+03
      Potential    Kinetic En.   Total Energy  Conserved En.    Temperature
   -3.17931e+06    1.64746e+04   -3.16283e+06    1.65903e+05    1.09275e+01
 Pres. DC (bar) Pressure (bar)   Constr. rmsd
   -2.34235e+02   -5.94128e+01    2.62739e-06

           Step           Time
         240000      480.00000

   Energies (kJ/mol)
           Bond          Angle    Proper Dih. Per. Imp. Dih.          LJ-14
    1.45752e+03    4.69896e+03    1.70310e+04    1.14058e+02    6.25302e+03
     Coulomb-14        LJ (SR)  Disper. corr.   Coulomb (SR)   Coul. recip.
   -4.18854e+04    6.75456e+05   -2.45145e+04   -3.82069e+06    5.88620e+03
      Potential    Kinetic En.   Total Energy  Conserved En.    Temperature
   -3.17620e+06    1.57784e+04   -3.16042e+06    2.57635e+05    1.04658e+01
 Pres. DC (bar) Pressure (bar)   Constr. rmsd
   -2.48641e+02    2.08108e+03    2.62251e-06

           Step           Time
         245000      490.00000

   Energies (kJ/mol)
           Bond          Angle    Proper Dih. Per. Imp. Dih.          LJ-14
    1.52961e+03    4.65932e+03    1.70258e+04    1.16095e+02    6.17772e+03
     Coulomb-14        LJ (SR)  Disper. corr.   Coulomb (SR)   Coul. recip.
   -4.20477e+04    6.69444e+05   -2.43650e+04   -3.81517e+06    5.94773e+03
      Potential    Kinetic En.   Total Energy  Conserved En.    Temperature
   -3.17668e+06    1.61750e+04   -3.16051e+06    3.52744e+05    1.07288e+01
 Pres. DC (bar) Pressure (bar)   Constr. rmsd
   -2.45621e+02    1.68663e+03    2.64612e-06

           Step           Time
         250000      500.00000

   Energies (kJ/mol)
           Bond          Angle    Proper Dih. Per. Imp. Dih.          LJ-14
    1.55216e+03    4.75455e+03    1.69980e+04    1.09581e+02    6.11170e+03
     Coulomb-14        LJ (SR)  Disper. corr.   Coulomb (SR)   Coul. recip.
   -4.20290e+04    6.12534e+05   -2.35453e+04   -3.76152e+06    6.07722e+03
      Potential    Kinetic En.   Total Energy  Conserved En.    Temperature
   -3.17896e+06    1.55107e+04   -3.16345e+06    4.43439e+05    1.02882e+01
 Pres. DC (bar) Pressure (bar)   Constr. rmsd
   -2.29390e+02   -8.11382e+02    2.68232e-06

Writing checkpoint, step 250700 at Mon Nov 10 04:33:09 2025


           Step           Time
         255000      510.00000

   Energies (kJ/mol)
           Bond          Angle    Proper Dih. Per. Imp. Dih.          LJ-14
    1.41351e+03    4.72995e+03    1.70998e+04    1.14733e+02    6.09728e+03
     Coulomb-14        LJ (SR)  Disper. corr.   Coulomb (SR)   Coul. recip.
   -4.20812e+04    5.76547e+05   -2.30865e+04   -3.72334e+06    6.14452e+03
      Potential    Kinetic En.   Total Energy  Conserved En.    Temperature
   -3.17636e+06    1.56763e+04   -3.16069e+06    5.35876e+05    1.03980e+01
 Pres. DC (bar) Pressure (bar)   Constr. rmsd
   -2.20547e+02   -2.14114e+03    2.61632e-06

           Step           Time
         260000      520.00000

   Energies (kJ/mol)
           Bond          Angle    Proper Dih. Per. Imp. Dih.          LJ-14
    1.29548e+03    4.76167e+03    1.70957e+04    1.09947e+02    6.19749e+03
     Coulomb-14        LJ (SR)  Disper. corr.   Coulomb (SR)   Coul. recip.
   -4.19103e+04    6.05998e+05   -2.34892e+04   -3.75518e+06    6.05582e+03
      Potential    Kinetic En.   Total Energy  Conserved En.    Temperature
   -3.17907e+06    1.65590e+04   -3.16251e+06    6.24858e+05    1.09835e+01
 Pres. DC (bar) Pressure (bar)   Constr. rmsd
   -2.28300e+02   -9.44016e+02    2.60904e-06

           Step           Time
         265000      530.00000

   Energies (kJ/mol)
           Bond          Angle    Proper Dih. Per. Imp. Dih.          LJ-14
    1.39480e+03    4.74888e+03    1.70801e+04    1.10223e+02    6.24731e+03
     Coulomb-14        LJ (SR)  Disper. corr.   Coulomb (SR)   Coul. recip.
   -4.19554e+04    6.58753e+05   -2.42676e+04   -3.80671e+06    5.89079e+03
      Potential    Kinetic En.   Total Energy  Conserved En.    Temperature
   -3.17871e+06    1.58634e+04   -3.16285e+06    7.09150e+05    1.05222e+01
 Pres. DC (bar) Pressure (bar)   Constr. rmsd
   -2.43663e+02    1.31799e+03    2.64839e-06

Writing checkpoint, step 267700 at Mon Nov 10 04:48:10 2025


           Step           Time
         270000      540.00000

   Energies (kJ/mol)
           Bond          Angle    Proper Dih. Per. Imp. Dih.          LJ-14
    1.48592e+03    4.62025e+03    1.70187e+04    1.18095e+02    6.19723e+03
     Coulomb-14        LJ (SR)  Disper. corr.   Coulomb (SR)   Coul. recip.
   -4.20517e+04    6.75682e+05   -2.44792e+04   -3.82112e+06    5.90199e+03
      Potential    Kinetic En.   Total Energy  Conserved En.    Temperature
   -3.17663e+06    1.60139e+04   -3.16061e+06    7.89812e+05    1.06219e+01
 Pres. DC (bar) Pressure (bar)   Constr. rmsd
   -2.47927e+02    2.01870e+03    2.56280e-06

           Step           Time
         275000      550.00000

   Energies (kJ/mol)
           Bond          Angle    Proper Dih. Per. Imp. Dih.          LJ-14
    1.53688e+03    4.72873e+03    1.69854e+04    1.12977e+02    6.12148e+03
     Coulomb-14        LJ (SR)  Disper. corr.   Coulomb (SR)   Coul. recip.
   -4.20472e+04    6.30572e+05   -2.37937e+04   -3.77988e+06    6.02807e+03
      Potential    Kinetic En.   Total Energy  Conserved En.    Temperature
   -3.17964e+06    1.57497e+04   -3.16389e+06    8.68046e+05    1.04467e+01
 Pres. DC (bar) Pressure (bar)   Constr. rmsd
   -2.34250e+02   -7.32886e+01    2.68424e-06

           Step           Time
         280000      560.00000

   Energies (kJ/mol)
           Bond          Angle    Proper Dih. Per. Imp. Dih.          LJ-14
    1.43736e+03    4.82032e+03    1.70060e+04    1.08137e+02    6.09942e+03
     Coulomb-14        LJ (SR)  Disper. corr.   Coulomb (SR)   Coul. recip.
   -4.21531e+04    5.82080e+05   -2.31631e+04   -3.72989e+06    6.13413e+03
      Potential    Kinetic En.   Total Energy  Conserved En.    Temperature
   -3.17752e+06    1.53847e+04   -3.16213e+06    9.49457e+05    1.02046e+01
 Pres. DC (bar) Pressure (bar)   Constr. rmsd
   -2.22011e+02   -1.95291e+03    2.58778e-06

Writing checkpoint, step 283200 at Mon Nov 10 05:03:09 2025


           Step           Time
         285000      570.00000

   Energies (kJ/mol)
           Bond          Angle    Proper Dih. Per. Imp. Dih.          LJ-14
    1.29287e+03    4.71891e+03    1.71144e+04    1.13302e+02    6.13798e+03
     Coulomb-14        LJ (SR)  Disper. corr.   Coulomb (SR)   Coul. recip.
   -4.19546e+04    5.88304e+05   -2.32477e+04   -3.73646e+06    6.08058e+03
      Potential    Kinetic En.   Total Energy  Conserved En.    Temperature
   -3.17790e+06    1.63819e+04   -3.16152e+06    1.03941e+06    1.08660e+01
 Pres. DC (bar) Pressure (bar)   Constr. rmsd
   -2.23634e+02   -1.65497e+03    2.62679e-06

           Step           Time
         290000      580.00000

   Energies (kJ/mol)
           Bond          Angle    Proper Dih. Per. Imp. Dih.          LJ-14
    1.39631e+03    4.82184e+03    1.70997e+04    1.14311e+02    6.22976e+03
     Coulomb-14        LJ (SR)  Disper. corr.   Coulomb (SR)   Coul. recip.
   -4.20047e+04    6.38972e+05   -2.39625e+04   -3.78870e+06    5.94584e+03
      Potential    Kinetic En.   Total Energy  Conserved En.    Temperature
   -3.18009e+06    1.62121e+04   -3.16388e+06    1.12505e+06    1.07534e+01
 Pres. DC (bar) Pressure (bar)   Constr. rmsd
   -2.37581e+02    4.25496e+02    2.64343e-06

           Step           Time
         295000      590.00000

   Energies (kJ/mol)
           Bond          Angle    Proper Dih. Per. Imp. Dih.          LJ-14
    1.45164e+03    4.64498e+03    1.70488e+04    1.14240e+02    6.25944e+03
     Coulomb-14        LJ (SR)  Disper. corr.   Coulomb (SR)   Coul. recip.
   -4.19212e+04    6.76670e+05   -2.45221e+04   -3.82254e+06    5.86271e+03
      Potential    Kinetic En.   Total Energy  Conserved En.    Temperature
   -3.17693e+06    1.57919e+04   -3.16114e+06    1.20923e+06    1.04747e+01
 Pres. DC (bar) Pressure (bar)   Constr. rmsd
   -2.48795e+02    2.12214e+03    2.57579e-06

Writing checkpoint, step 298800 at Mon Nov 10 05:18:07 2025


           Step           Time
         300000      600.00000

   Energies (kJ/mol)
           Bond          Angle    Proper Dih. Per. Imp. Dih.          LJ-14
    1.52347e+03    4.64337e+03    1.70177e+04    1.19741e+02    6.15769e+03
     Coulomb-14        LJ (SR)  Disper. corr.   Coulomb (SR)   Coul. recip.
   -4.20021e+04    6.64280e+05   -2.42788e+04   -3.81140e+06    5.92450e+03
      Potential    Kinetic En.   Total Energy  Conserved En.    Temperature
   -3.17802e+06    1.62284e+04   -3.16179e+06    1.29379e+06    1.07642e+01
 Pres. DC (bar) Pressure (bar)   Constr. rmsd
   -2.43888e+02    1.43288e+03    2.65339e-06

           Step           Time
         305000      610.00000

   Energies (kJ/mol)
           Bond          Angle    Proper Dih. Per. Imp. Dih.          LJ-14
    1.56420e+03    4.76486e+03    1.70013e+04    1.10299e+02    6.11583e+03
     Coulomb-14        LJ (SR)  Disper. corr.   Coulomb (SR)   Coul. recip.
   -4.20865e+04    6.10964e+05   -2.35347e+04   -3.76052e+06    6.06822e+03
      Potential    Kinetic En.   Total Energy  Conserved En.    Temperature
   -3.17955e+06    1.54721e+04   -3.16408e+06    1.37389e+06    1.02626e+01
 Pres. DC (bar) Pressure (bar)   Constr. rmsd
   -2.29183e+02   -8.71051e+02    2.70077e-06

           Step           Time
         310000      620.00000

   Energies (kJ/mol)
           Bond          Angle    Proper Dih. Per. Imp. Dih.          LJ-14
    1.42422e+03    4.75515e+03    1.70206e+04    1.08844e+02    6.10763e+03
     Coulomb-14        LJ (SR)  Disper. corr.   Coulomb (SR)   Coul. recip.
   -4.20841e+04    5.78859e+05   -2.31175e+04   -3.72645e+06    6.11768e+03
      Potential    Kinetic En.   Total Energy  Conserved En.    Temperature
   -3.17726e+06    1.56677e+04   -3.16159e+06    1.45908e+06    1.03923e+01
 Pres. DC (bar) Pressure (bar)   Constr. rmsd
   -2.21138e+02   -2.05448e+03    2.60855e-06

Writing checkpoint, step 314500 at Mon Nov 10 05:33:08 2025


           Step           Time
         315000      630.00000

   Energies (kJ/mol)
           Bond          Angle    Proper Dih. Per. Imp. Dih.          LJ-14
    1.30279e+03    4.73378e+03    1.70949e+04    1.08798e+02    6.18085e+03
     Coulomb-14        LJ (SR)  Disper. corr.   Coulomb (SR)   Coul. recip.
   -4.19150e+04    6.06054e+05   -2.34863e+04   -3.75585e+06    6.01597e+03
      Potential    Kinetic En.   Total Energy  Conserved En.    Temperature
   -3.17976e+06    1.63734e+04   -3.16339e+06    1.54271e+06    1.08604e+01
 Pres. DC (bar) Pressure (bar)   Constr. rmsd
   -2.28242e+02   -9.66205e+02    2.65489e-06

           Step           Time
         320000      640.00000

   Energies (kJ/mol)
           Bond          Angle    Proper Dih. Per. Imp. Dih.          LJ-14
    1.40966e+03    4.70529e+03    1.70562e+04    1.08639e+02    6.24184e+03
     Coulomb-14        LJ (SR)  Disper. corr.   Coulomb (SR)   Coul. recip.
   -4.19745e+04    6.58106e+05   -2.42632e+04   -3.80674e+06    5.87775e+03
      Potential    Kinetic En.   Total Energy  Conserved En.    Temperature
   -3.17947e+06    1.58336e+04   -3.16364e+06    1.61884e+06    1.05023e+01
 Pres. DC (bar) Pressure (bar)   Constr. rmsd
   -2.43574e+02    1.28216e+03    2.61978e-06

           Step           Time
         325000      650.00000

   Energies (kJ/mol)
           Bond          Angle    Proper Dih. Per. Imp. Dih.          LJ-14
    1.47589e+03    4.61265e+03    1.70236e+04    1.16935e+02    6.22328e+03
     Coulomb-14        LJ (SR)  Disper. corr.   Coulomb (SR)   Coul. recip.
   -4.19889e+04    6.77713e+05   -2.45253e+04   -3.82340e+06    5.86393e+03
      Potential    Kinetic En.   Total Energy  Conserved En.    Temperature
   -3.17688e+06    1.60399e+04   -3.16084e+06    1.70345e+06    1.06392e+01
 Pres. DC (bar) Pressure (bar)   Constr. rmsd
   -2.48859e+02    2.13381e+03    2.60821e-06

           Step           Time
         330000      660.00000

   Energies (kJ/mol)
           Bond          Angle    Proper Dih. Per. Imp. Dih.          LJ-14
    1.58682e+03    4.74206e+03    1.70021e+04    1.17060e+02    6.12329e+03
     Coulomb-14        LJ (SR)  Disper. corr.   Coulomb (SR)   Coul. recip.
   -4.20652e+04    6.44219e+05   -2.39805e+04   -3.79361e+06    5.96367e+03
      Potential    Kinetic En.   Total Energy  Conserved En.    Temperature
   -3.17990e+06    1.57926e+04   -3.16411e+06    1.78839e+06    1.04751e+01
 Pres. DC (bar) Pressure (bar)   Constr. rmsd
   -2.37939e+02    4.91837e+02    2.66045e-06

Writing checkpoint, step 330100 at Mon Nov 10 05:48:09 2025


           Step           Time
         335000      670.00000

   Energies (kJ/mol)
           Bond          Angle    Proper Dih. Per. Imp. Dih.          LJ-14
    1.54188e+03    4.76695e+03    1.70197e+04    1.10069e+02    6.09635e+03
     Coulomb-14        LJ (SR)  Disper. corr.   Coulomb (SR)   Coul. recip.
   -4.21175e+04    5.94025e+05   -2.33162e+04   -3.74329e+06    6.06516e+03
      Potential    Kinetic En.   Total Energy  Conserved En.    Temperature
   -3.17910e+06    1.52336e+04   -3.16386e+06    1.86759e+06    1.01044e+01
 Pres. DC (bar) Pressure (bar)   Constr. rmsd
   -2.24953e+02   -1.52887e+03    2.64886e-06

           Step           Time
         340000      680.00000

   Energies (kJ/mol)
           Bond          Angle    Proper Dih. Per. Imp. Dih.          LJ-14
    1.35384e+03    4.69558e+03    1.70532e+04    1.09648e+02    6.10734e+03
     Coulomb-14        LJ (SR)  Disper. corr.   Coulomb (SR)   Coul. recip.
   -4.20174e+04    5.79282e+05   -2.31303e+04   -3.72737e+06    6.09584e+03
      Potential    Kinetic En.   Total Energy  Conserved En.    Temperature
   -3.17782e+06    1.59594e+04   -3.16186e+06    1.95246e+06    1.05858e+01
 Pres. DC (bar) Pressure (bar)   Constr. rmsd
   -2.21384e+02   -2.03148e+03    2.62908e-06

           Step           Time
         345000      690.00000

   Energies (kJ/mol)
           Bond          Angle    Proper Dih. Per. Imp. Dih.          LJ-14
    1.37047e+03    4.75803e+03    1.70939e+04    1.08395e+02    6.17556e+03
     Coulomb-14        LJ (SR)  Disper. corr.   Coulomb (SR)   Coul. recip.
   -4.19416e+04    6.10632e+05   -2.35591e+04   -3.76088e+06    5.99035e+03
      Potential    Kinetic En.   Total Energy  Conserved En.    Temperature
   -3.18026e+06    1.64479e+04   -3.16381e+06    2.03743e+06    1.09098e+01
 Pres. DC (bar) Pressure (bar)   Constr. rmsd
   -2.29658e+02   -7.78253e+02    2.69050e-06

Writing checkpoint, step 345800 at Mon Nov 10 06:03:10 2025


           Step           Time
         350000      700.00000

   Energies (kJ/mol)
           Bond          Angle    Proper Dih. Per. Imp. Dih.          LJ-14
    1.45612e+03    4.76923e+03    1.70501e+04    1.10036e+02    6.24591e+03
     Coulomb-14        LJ (SR)  Disper. corr.   Coulomb (SR)   Coul. recip.
   -4.19942e+04    6.57997e+05   -2.42541e+04   -3.80711e+06    5.86102e+03
      Potential    Kinetic En.   Total Energy  Conserved En.    Temperature
   -3.17987e+06    1.58031e+04   -3.16406e+06    2.11531e+06    1.04821e+01
 Pres. DC (bar) Pressure (bar)   Constr. rmsd
   -2.43392e+02    1.26973e+03    2.56251e-06

           Step           Time
         355000      710.00000

   Energies (kJ/mol)
           Bond          Angle    Proper Dih. Per. Imp. Dih.          LJ-14
    1.45698e+03    4.63622e+03    1.69969e+04    1.12513e+02    6.21507e+03
     Coulomb-14        LJ (SR)  Disper. corr.   Coulomb (SR)   Coul. recip.
   -4.19557e+04    6.76163e+05   -2.44919e+04   -3.82277e+06    5.85061e+03
      Potential    Kinetic En.   Total Energy  Conserved En.    Temperature
   -3.17778e+06    1.59261e+04   -3.16186e+06    2.19189e+06    1.05637e+01
 Pres. DC (bar) Pressure (bar)   Constr. rmsd
   -2.48184e+02    2.03675e+03    2.63992e-06

           Step           Time
         360000      720.00000

   Energies (kJ/mol)
           Bond          Angle    Proper Dih. Per. Imp. Dih.          LJ-14
    1.58181e+03    4.70289e+03    1.69536e+04    1.16702e+02    6.11980e+03
     Coulomb-14        LJ (SR)  Disper. corr.   Coulomb (SR)   Coul. recip.
   -4.21138e+04    6.45398e+05   -2.40035e+04   -3.79501e+06    5.96259e+03
      Potential    Kinetic En.   Total Energy  Conserved En.    Temperature
   -3.18029e+06    1.57983e+04   -3.16449e+06    2.26519e+06    1.04789e+01
 Pres. DC (bar) Pressure (bar)   Constr. rmsd
   -2.38394e+02    5.54381e+02    2.67355e-06

Writing checkpoint, step 361600 at Mon Nov 10 06:18:09 2025


           Step           Time
         365000      730.00000

   Energies (kJ/mol)
           Bond          Angle    Proper Dih. Per. Imp. Dih.          LJ-14
    1.50790e+03    4.74795e+03    1.69983e+04    1.13261e+02    6.08716e+03
     Coulomb-14        LJ (SR)  Disper. corr.   Coulomb (SR)   Coul. recip.
   -4.21048e+04    5.97154e+05   -2.33529e+04   -3.74716e+06    6.06275e+03
      Potential    Kinetic En.   Total Energy  Conserved En.    Temperature
   -3.17995e+06    1.53928e+04   -3.16455e+06    2.33536e+06    1.02100e+01
 Pres. DC (bar) Pressure (bar)   Constr. rmsd
   -2.25660e+02   -1.41495e+03    2.59385e-06

           Step           Time
         370000      740.00000

   Energies (kJ/mol)
           Bond          Angle    Proper Dih. Per. Imp. Dih.          LJ-14
    1.34537e+03    4.67212e+03    1.70481e+04    1.12118e+02    6.13133e+03
     Coulomb-14        LJ (SR)  Disper. corr.   Coulomb (SR)   Coul. recip.
   -4.19743e+04    5.85244e+05   -2.31986e+04   -3.73413e+06    6.06737e+03
      Potential    Kinetic En.   Total Energy  Conserved En.    Temperature
   -3.17868e+06    1.59546e+04   -3.16272e+06    2.40932e+06    1.05826e+01
 Pres. DC (bar) Pressure (bar)   Constr. rmsd
   -2.22692e+02   -1.80810e+03    2.67819e-06

           Step           Time
         375000      750.00000

   Energies (kJ/mol)
           Bond          Angle    Proper Dih. Per. Imp. Dih.          LJ-14
    1.36585e+03    4.72615e+03    1.70685e+04    1.10318e+02    6.19699e+03
     Coulomb-14        LJ (SR)  Disper. corr.   Coulomb (SR)   Coul. recip.
   -4.19675e+04    6.22861e+05   -2.37189e+04   -3.77380e+06    5.96214e+03
      Potential    Kinetic En.   Total Energy  Conserved En.    Temperature
   -3.18120e+06    1.61300e+04   -3.16507e+06    2.47973e+06    1.06990e+01
 Pres. DC (bar) Pressure (bar)   Constr. rmsd
   -2.32781e+02   -2.89578e+02    2.59279e-06

Writing checkpoint, step 377300 at Mon Nov 10 06:33:07 2025


           Step           Time
         380000      760.00000

   Energies (kJ/mol)
           Bond          Angle    Proper Dih. Per. Imp. Dih.          LJ-14
    1.43763e+03    4.69274e+03    1.70658e+04    1.12936e+02    6.22566e+03
     Coulomb-14        LJ (SR)  Disper. corr.   Coulomb (SR)   Coul. recip.
   -4.20002e+04    6.63202e+05   -2.43328e+04   -3.81216e+06    5.83575e+03
      Potential    Kinetic En.   Total Energy  Conserved En.    Temperature
   -3.17992e+06    1.57754e+04   -3.16414e+06    2.54898e+06    1.04638e+01
 Pres. DC (bar) Pressure (bar)   Constr. rmsd
   -2.44972e+02    1.49355e+03    2.58141e-06

           Step           Time
         385000      770.00000

   Energies (kJ/mol)
           Bond          Angle    Proper Dih. Per. Imp. Dih.          LJ-14
    1.44585e+03    4.57930e+03    1.69942e+04    1.16786e+02    6.20986e+03
     Coulomb-14        LJ (SR)  Disper. corr.   Coulomb (SR)   Coul. recip.
   -4.19245e+04    6.73680e+05   -2.44533e+04   -3.82081e+06    5.85674e+03
      Potential    Kinetic En.   Total Energy  Conserved En.    Temperature
   -3.17831e+06    1.58963e+04   -3.16241e+06    2.62329e+06    1.05439e+01
 Pres. DC (bar) Pressure (bar)   Constr. rmsd
   -2.47403e+02    1.92091e+03    2.60547e-06

           Step           Time
         390000      780.00000

   Energies (kJ/mol)
           Bond          Angle    Proper Dih. Per. Imp. Dih.          LJ-14
    1.54955e+03    4.72577e+03    1.69601e+04    1.15623e+02    6.12286e+03
     Coulomb-14        LJ (SR)  Disper. corr.   Coulomb (SR)   Coul. recip.
   -4.20321e+04    6.37444e+05   -2.38907e+04   -3.78779e+06    5.94579e+03
      Potential    Kinetic En.   Total Energy  Conserved En.    Temperature
   -3.18085e+06    1.56989e+04   -3.16515e+06    2.69352e+06    1.04130e+01
 Pres. DC (bar) Pressure (bar)   Constr. rmsd
   -2.36161e+02    2.08391e+02    2.65899e-06

Writing checkpoint, step 394500 at Mon Nov 10 06:48:09 2025


           Step           Time
         395000      790.00000

   Energies (kJ/mol)
           Bond          Angle    Proper Dih. Per. Imp. Dih.          LJ-14
    1.48843e+03    4.73814e+03    1.70180e+04    1.08388e+02    6.09776e+03
     Coulomb-14        LJ (SR)  Disper. corr.   Coulomb (SR)   Coul. recip.
   -4.21261e+04    5.89414e+05   -2.32547e+04   -3.73899e+06    6.07020e+03
      Potential    Kinetic En.   Total Energy  Conserved En.    Temperature
   -3.17944e+06    1.53405e+04   -3.16410e+06    2.76650e+06    1.01753e+01
 Pres. DC (bar) Pressure (bar)   Constr. rmsd
   -2.23769e+02   -1.70035e+03    2.66006e-06

           Step           Time
         400000      800.00000

   Energies (kJ/mol)
           Bond          Angle    Proper Dih. Per. Imp. Dih.          LJ-14
    1.33758e+03    4.65744e+03    1.70490e+04    1.12992e+02    6.12972e+03
     Coulomb-14        LJ (SR)  Disper. corr.   Coulomb (SR)   Coul. recip.
   -4.19858e+04    5.85562e+05   -2.32146e+04   -3.73473e+06    6.04168e+03
      Potential    Kinetic En.   Total Energy  Conserved En.    Temperature
   -3.17904e+06    1.61080e+04   -3.16294e+06    2.84635e+06    1.06843e+01
 Pres. DC (bar) Pressure (bar)   Constr. rmsd
   -2.22998e+02   -1.78203e+03    2.68401e-06

           Step           Time
         405000      810.00000

   Energies (kJ/mol)
           Bond          Angle    Proper Dih. Per. Imp. Dih.          LJ-14
    1.40601e+03    4.83089e+03    1.70604e+04    1.09531e+02    6.18984e+03
     Coulomb-14        LJ (SR)  Disper. corr.   Coulomb (SR)   Coul. recip.
   -4.20114e+04    6.25935e+05   -2.37721e+04   -3.77713e+06    5.89585e+03
      Potential    Kinetic En.   Total Energy  Conserved En.    Temperature
   -3.18149e+06    1.62542e+04   -3.16523e+06    2.91984e+06    1.07813e+01
 Pres. DC (bar) Pressure (bar)   Constr. rmsd
   -2.33825e+02   -1.54648e+02    2.58723e-06

           Step           Time
         410000      820.00000

   Energies (kJ/mol)
           Bond          Angle    Proper Dih. Per. Imp. Dih.          LJ-14
    1.46702e+03    4.71466e+03    1.70167e+04    1.14216e+02    6.23483e+03
     Coulomb-14        LJ (SR)  Disper. corr.   Coulomb (SR)   Coul. recip.
   -4.19700e+04    6.65872e+05   -2.43691e+04   -3.81467e+06    5.80320e+03
      Potential    Kinetic En.   Total Energy  Conserved En.    Temperature
   -3.17978e+06    1.57126e+04   -3.16407e+06    2.99069e+06    1.04221e+01
 Pres. DC (bar) Pressure (bar)   Constr. rmsd
   -2.45703e+02    1.61030e+03    2.68275e-06

Writing checkpoint, step 410100 at Mon Nov 10 07:03:10 2025


           Step           Time
         415000      830.00000

   Energies (kJ/mol)
           Bond          Angle    Proper Dih. Per. Imp. Dih.          LJ-14
    1.48070e+03    4.58158e+03    1.69604e+04    1.17866e+02    6.20418e+03
     Coulomb-14        LJ (SR)  Disper. corr.   Coulomb (SR)   Coul. recip.
   -4.19583e+04    6.72603e+05   -2.44311e+04   -3.82020e+06    5.83299e+03
      Potential    Kinetic En.   Total Energy  Conserved En.    Temperature
   -3.17881e+06    1.59838e+04   -3.16283e+06    3.06354e+06    1.06020e+01
 Pres. DC (bar) Pressure (bar)   Constr. rmsd
   -2.46954e+02    1.84734e+03    2.56475e-06

           Step           Time
         420000      840.00000

   Energies (kJ/mol)
           Bond          Angle    Proper Dih. Per. Imp. Dih.          LJ-14
    1.54468e+03    4.72605e+03    1.69463e+04    1.15918e+02    6.13037e+03
     Coulomb-14        LJ (SR)  Disper. corr.   Coulomb (SR)   Coul. recip.
   -4.20392e+04    6.36926e+05   -2.38833e+04   -3.78758e+06    5.95697e+03
      Potential    Kinetic En.   Total Energy  Conserved En.    Temperature
   -3.18116e+06    1.55728e+04   -3.16559e+06    3.12866e+06    1.03294e+01
 Pres. DC (bar) Pressure (bar)   Constr. rmsd
   -2.36015e+02    1.82447e+02    2.64057e-06

           Step           Time
         425000      850.00000

   Energies (kJ/mol)
           Bond          Angle    Proper Dih. Per. Imp. Dih.          LJ-14
    1.52207e+03    4.73779e+03    1.70058e+04    1.09004e+02    6.09626e+03
     Coulomb-14        LJ (SR)  Disper. corr.   Coulomb (SR)   Coul. recip.
   -4.21376e+04    5.96389e+05   -2.33403e+04   -3.74668e+06    6.04892e+03
      Potential    Kinetic En.   Total Energy  Conserved En.    Temperature
   -3.18025e+06    1.52354e+04   -3.16502e+06    3.19234e+06    1.01056e+01
 Pres. DC (bar) Pressure (bar)   Constr. rmsd
   -2.25417e+02   -1.44935e+03    2.59732e-06

Writing checkpoint, step 425800 at Mon Nov 10 07:18:08 2025


           Step           Time
         430000      860.00000

   Energies (kJ/mol)
           Bond          Angle    Proper Dih. Per. Imp. Dih.          LJ-14
    1.36673e+03    4.67585e+03    1.70428e+04    1.12804e+02    6.10992e+03
     Coulomb-14        LJ (SR)  Disper. corr.   Coulomb (SR)   Coul. recip.
   -4.20029e+04    5.84774e+05   -2.32012e+04   -3.73404e+06    6.05182e+03
      Potential    Kinetic En.   Total Energy  Conserved En.    Temperature
   -3.17912e+06    1.58963e+04   -3.16322e+06    3.26346e+06    1.05439e+01
 Pres. DC (bar) Pressure (bar)   Constr. rmsd
   -2.22742e+02   -1.83225e+03    2.60026e-06

           Step           Time
         435000      870.00000

   Energies (kJ/mol)
           Bond          Angle    Proper Dih. Per. Imp. Dih.          LJ-14
    1.37471e+03    4.74868e+03    1.70783e+04    1.12557e+02    6.16490e+03
     Coulomb-14        LJ (SR)  Disper. corr.   Coulomb (SR)   Coul. recip.
   -4.19752e+04    6.15214e+05   -2.36210e+04   -3.76638e+06    5.95807e+03
      Potential    Kinetic En.   Total Energy  Conserved En.    Temperature
   -3.18133e+06    1.63036e+04   -3.16502e+06    3.33570e+06    1.08141e+01
 Pres. DC (bar) Pressure (bar)   Constr. rmsd
   -2.30864e+02   -6.03041e+02    2.62323e-06

           Step           Time
         440000      880.00000

   Energies (kJ/mol)
           Bond          Angle    Proper Dih. Per. Imp. Dih.          LJ-14
    1.45923e+03    4.78841e+03    1.70344e+04    1.13811e+02    6.25325e+03
     Coulomb-14        LJ (SR)  Disper. corr.   Coulomb (SR)   Coul. recip.
   -4.20023e+04    6.57597e+05   -2.42396e+04   -3.80756e+06    5.85428e+03
      Potential    Kinetic En.   Total Energy  Conserved En.    Temperature
   -3.18070e+06    1.59607e+04   -3.16474e+06    3.41217e+06    1.05867e+01
 Pres. DC (bar) Pressure (bar)   Constr. rmsd
   -2.43102e+02    1.24268e+03    2.66773e-06

Writing checkpoint, step 441500 at Mon Nov 10 07:33:08 2025


           Step           Time
         445000      890.00000

   Energies (kJ/mol)
           Bond          Angle    Proper Dih. Per. Imp. Dih.          LJ-14
    1.50254e+03    4.64426e+03    1.69874e+04    1.20002e+02    6.23198e+03
     Coulomb-14        LJ (SR)  Disper. corr.   Coulomb (SR)   Coul. recip.
   -4.19365e+04    6.79471e+05   -2.45693e+04   -3.82620e+06    5.83272e+03
      Potential    Kinetic En.   Total Energy  Conserved En.    Temperature
   -3.17791e+06    1.59861e+04   -3.16193e+06    3.49933e+06    1.06035e+01
 Pres. DC (bar) Pressure (bar)   Constr. rmsd
   -2.49753e+02    2.23160e+03    2.63634e-06

           Step           Time
         450000      900.00000

   Energies (kJ/mol)
           Bond          Angle    Proper Dih. Per. Imp. Dih.          LJ-14
    1.60270e+03    4.71019e+03    1.70031e+04    1.21858e+02    6.14469e+03
     Coulomb-14        LJ (SR)  Disper. corr.   Coulomb (SR)   Coul. recip.
   -4.21210e+04    6.65535e+05   -2.43055e+04   -3.81386e+06    5.89525e+03
      Potential    Kinetic En.   Total Energy  Conserved En.    Temperature
   -3.17928e+06    1.61136e+04   -3.16316e+06    3.58618e+06    1.06881e+01
 Pres. DC (bar) Pressure (bar)   Constr. rmsd
   -2.44424e+02    1.47913e+03    2.66153e-06

           Step           Time
         455000      910.00000

   Energies (kJ/mol)
           Bond          Angle    Proper Dih. Per. Imp. Dih.          LJ-14
    1.63852e+03    4.78377e+03    1.69955e+04    1.15162e+02    6.10260e+03
     Coulomb-14        LJ (SR)  Disper. corr.   Coulomb (SR)   Coul. recip.
   -4.21507e+04    6.25002e+05   -2.37249e+04   -3.77590e+06    6.01354e+03
      Potential    Kinetic En.   Total Energy  Conserved En.    Temperature
   -3.18112e+06    1.57035e+04   -3.16542e+06    3.66835e+06    1.04160e+01
 Pres. DC (bar) Pressure (bar)   Constr. rmsd
   -2.32899e+02   -3.31240e+02    2.68347e-06

Writing checkpoint, step 457200 at Mon Nov 10 07:48:09 2025


           Step           Time
         460000      920.00000

   Energies (kJ/mol)
           Bond          Angle    Proper Dih. Per. Imp. Dih.          LJ-14
    1.58011e+03    4.79491e+03    1.70383e+04    1.08702e+02    6.08556e+03
     Coulomb-14        LJ (SR)  Disper. corr.   Coulomb (SR)   Coul. recip.
   -4.21747e+04    5.86163e+05   -2.32224e+04   -3.73567e+06    6.07798e+03
      Potential    Kinetic En.   Total Energy  Conserved En.    Temperature
   -3.17922e+06    1.54342e+04   -3.16379e+06    3.76004e+06    1.02374e+01
 Pres. DC (bar) Pressure (bar)   Constr. rmsd
   -2.23149e+02   -1.83587e+03    2.68497e-06

           Step           Time
         465000      930.00000

   Energies (kJ/mol)
           Bond          Angle    Proper Dih. Per. Imp. Dih.          LJ-14
    1.46072e+03    4.72742e+03    1.70603e+04    1.16423e+02    6.12331e+03
     Coulomb-14        LJ (SR)  Disper. corr.   Coulomb (SR)   Coul. recip.
   -4.20369e+04    5.74491e+05   -2.30816e+04   -3.72285e+06    6.07128e+03
      Potential    Kinetic En.   Total Energy  Conserved En.    Temperature
   -3.17792e+06    1.59627e+04   -3.16196e+06    3.85734e+06    1.05880e+01
 Pres. DC (bar) Pressure (bar)   Constr. rmsd
   -2.20454e+02   -2.21825e+03    2.65751e-06

           Step           Time
         470000      940.00000

   Energies (kJ/mol)
           Bond          Angle    Proper Dih. Per. Imp. Dih.          LJ-14
    1.42297e+03    4.78550e+03    1.70965e+04    1.14605e+02    6.16338e+03
     Coulomb-14        LJ (SR)  Disper. corr.   Coulomb (SR)   Coul. recip.
   -4.19609e+04    5.95315e+05   -2.33619e+04   -3.74566e+06    5.99251e+03
      Potential    Kinetic En.   Total Energy  Conserved En.    Temperature
   -3.18009e+06    1.65485e+04   -3.16354e+06    3.95397e+06    1.09765e+01
 Pres. DC (bar) Pressure (bar)   Constr. rmsd
   -2.25834e+02   -1.38432e+03    2.63506e-06

Writing checkpoint, step 472800 at Mon Nov 10 08:03:06 2025


           Step           Time
         475000      950.00000

   Energies (kJ/mol)
           Bond          Angle    Proper Dih. Per. Imp. Dih.          LJ-14
    1.46760e+03    4.86500e+03    1.70778e+04    1.08922e+02    6.23425e+03
     Coulomb-14        LJ (SR)  Disper. corr.   Coulomb (SR)   Coul. recip.
   -4.19553e+04    6.33109e+05   -2.38869e+04   -3.78449e+06    5.87179e+03
      Potential    Kinetic En.   Total Energy  Conserved En.    Temperature
   -3.18160e+06    1.66022e+04   -3.16500e+06    4.05174e+06    1.10122e+01
 Pres. DC (bar) Pressure (bar)   Constr. rmsd
   -2.36087e+02    1.82280e+02    2.67963e-06

           Step           Time
         480000      960.00000

   Energies (kJ/mol)
           Bond          Angle    Proper Dih. Per. Imp. Dih.          LJ-14
    1.53995e+03    4.81546e+03    1.70667e+04    1.12045e+02    6.25115e+03
     Coulomb-14        LJ (SR)  Disper. corr.   Coulomb (SR)   Coul. recip.
   -4.19617e+04    6.67193e+05   -2.43979e+04   -3.81614e+06    5.79818e+03
      Potential    Kinetic En.   Total Energy  Conserved En.    Temperature
   -3.17972e+06    1.61178e+04   -3.16361e+06    4.15367e+06    1.06908e+01
 Pres. DC (bar) Pressure (bar)   Constr. rmsd
   -2.46284e+02    1.70241e+03    2.66540e-06

           Step           Time
         485000      970.00000

   Energies (kJ/mol)
           Bond          Angle    Proper Dih. Per. Imp. Dih.          LJ-14
    1.56007e+03    4.66728e+03    1.70215e+04    1.18336e+02    6.23415e+03
     Coulomb-14        LJ (SR)  Disper. corr.   Coulomb (SR)   Coul. recip.
   -4.19145e+04    6.83029e+05   -2.46247e+04   -3.82916e+06    5.78117e+03
      Potential    Kinetic En.   Total Energy  Conserved En.    Temperature
   -3.17729e+06    1.61196e+04   -3.16117e+06    4.25675e+06    1.06921e+01
 Pres. DC (bar) Pressure (bar)   Constr. rmsd
   -2.50878e+02    2.40576e+03    2.70743e-06

Writing checkpoint, step 488500 at Mon Nov 10 08:18:09 2025


           Step           Time
         490000      980.00000

   Energies (kJ/mol)
           Bond          Angle    Proper Dih. Per. Imp. Dih.          LJ-14
    1.64724e+03    4.70610e+03    1.70209e+04    1.22524e+02    6.15588e+03
     Coulomb-14        LJ (SR)  Disper. corr.   Coulomb (SR)   Coul. recip.
   -4.20532e+04    6.71386e+05   -2.43865e+04   -3.81912e+06    5.83798e+03
      Potential    Kinetic En.   Total Energy  Conserved En.    Temperature
   -3.17868e+06    1.63465e+04   -3.16233e+06    4.35937e+06    1.08425e+01
 Pres. DC (bar) Pressure (bar)   Constr. rmsd
   -2.46055e+02    1.73827e+03    2.70511e-06

           Step           Time
         495000      990.00000

   Energies (kJ/mol)
           Bond          Angle    Proper Dih. Per. Imp. Dih.          LJ-14
    1.71986e+03    4.82850e+03    1.69888e+04    1.14171e+02    6.11243e+03
     Coulomb-14        LJ (SR)  Disper. corr.   Coulomb (SR)   Coul. recip.
   -4.21237e+04    6.34447e+05   -2.38546e+04   -3.78531e+06    5.92620e+03
      Potential    Kinetic En.   Total Energy  Conserved En.    Temperature
   -3.18115e+06    1.58984e+04   -3.16525e+06    4.45982e+06    1.05453e+01
 Pres. DC (bar) Pressure (bar)   Constr. rmsd
   -2.35448e+02    6.18521e+01    2.70896e-06

           Step           Time
         500000     1000.00000

Writing checkpoint, step 500000 at Mon Nov 10 08:29:10 2025


   Energies (kJ/mol)
           Bond          Angle    Proper Dih. Per. Imp. Dih.          LJ-14
    1.64411e+03    4.83060e+03    1.70303e+04    1.15768e+02    6.08105e+03
     Coulomb-14        LJ (SR)  Disper. corr.   Coulomb (SR)   Coul. recip.
   -4.21422e+04    5.93842e+05   -2.33167e+04   -3.74428e+06    6.01437e+03
      Potential    Kinetic En.   Total Energy  Conserved En.    Temperature
   -3.18018e+06    1.54839e+04   -3.16470e+06    4.56277e+06    1.02704e+01
 Pres. DC (bar) Pressure (bar)   Constr. rmsd
   -2.24962e+02   -1.56717e+03    2.69954e-06


Energy conservation over simulation part #1 of length 1000 ps, time 0 to 1000 ps
  Conserved energy drift: 4.30e-02 kJ/mol/ps per atom


	<======  ###############  ==>
	<====  A V E R A G E S  ====>
	<==  ###############  ======>

	Statistics over 500001 steps using 5001 frames

   Energies (kJ/mol)
           Bond          Angle    Proper Dih. Per. Imp. Dih.          LJ-14
    1.43116e+03    4.69516e+03    1.70233e+04    1.13635e+02    6.17339e+03
     Coulomb-14        LJ (SR)  Disper. corr.   Coulomb (SR)   Coul. recip.
   -4.20055e+04    6.29216e+05   -2.37849e+04   -3.77450e+06    6.14608e+03
      Potential    Kinetic En.   Total Energy  Conserved En.    Temperature
   -3.17549e+06    1.58524e+04   -3.15964e+06    3.98793e+05    1.05149e+01
 Pres. DC (bar) Pressure (bar)   Constr. rmsd
   -2.34176e+02    1.81749e+01    0.00000e+00

          Box-X          Box-Y          Box-Z
    1.33692e+01    1.33692e+01    9.45348e+00

   Total Virial (kJ/mol)
    4.19300e+03   -4.80489e+03    3.23217e+03
   -4.80278e+03    4.33805e+03   -8.73567e+02
    3.22957e+03   -8.78076e+02    9.05379e+03

   Pressure (bar)
    5.14873e+01    9.39544e+01   -6.26379e+01
    9.39129e+01    4.78979e+01    1.67974e+01
   -6.25866e+01    1.68861e+01   -4.48606e+01

      T-Protein  T-non-Protein
    1.19012e+01    1.05006e+01


	M E G A - F L O P S   A C C O U N T I N G

 NB=Group-cutoff nonbonded kernels    NxN=N-by-N cluster Verlet kernels
 RF=Reaction-Field  VdW=Van der Waals  QSTab=quadratic-spline table
 W3=SPC/TIP3p  W4=TIP4p (single or pairs)
 V&F=Potential and force  V=Potential only  F=Force only

 Computing:                               M-Number         M-Flops  % Flops
-----------------------------------------------------------------------------
 Pair Search distance check          303007.280670     2727065.526     0.1
 NxN Ewald Elec. + LJ [F]          24349977.382896  1607098507.271    50.0
 NxN Ewald Elec. + LJ [V&F]          246007.740000    26322828.180     0.8
 NxN Ewald Elec. [F]               22675302.170928  1383193432.427    43.1
 NxN Ewald Elec. [V&F]               229088.485248    19243432.761     0.6
 1,4 nonbonded interactions            7807.015614      702631.405     0.0
 Calc Weights                        269040.538080     9685459.371     0.3
 Spread Q Bspline                   5739531.479040    11479062.958     0.4
 Gather F Bspline                   5739531.479040    34437188.874     1.1
 3D-FFT                            11366278.732512    90930229.860     2.8
 Solve PME                           151704.303408     9709075.418     0.3
 Reset In Box                           896.800000        2690.400     0.0
 CG-CoM                                 896.979360        2690.938     0.0
 Bonds                                 2102.004204      124018.248     0.0
 Angles                                5825.011650      978601.957     0.0
 Propers                              10102.020204     2313362.627     0.1
 Impropers                              546.001092      113568.227     0.0
 Virial                                1794.229405       32296.129     0.0
 Stop-CM                                896.979360        8969.794     0.0
 Calc-Ekin                            17936.358720      484281.685     0.0
 Lincs                                 1145.002290       68700.137     0.0
 Lincs-Mat                             3516.007032       14064.028     0.0
 Constraint-V                         88858.177716      799723.599     0.0
 Constraint-Vir                        1754.435426       42106.450     0.0
 Settle                               28856.057712    10676741.353     0.3
-----------------------------------------------------------------------------
 Total                                              3211190729.625   100.0
-----------------------------------------------------------------------------


    D O M A I N   D E C O M P O S I T I O N   S T A T I S T I C S

 av. #atoms communicated per step for force:  2 x 0.0


      R E A L   C Y C L E   A N D   T I M E   A C C O U N T I N G

On 1 MPI rank, each using 8 OpenMP threads

 Activity:              Num   Num      Call    Wall time         Giga-Cycles
                        Ranks Threads  Count      (s)         total sum    %
--------------------------------------------------------------------------------
 Domain decomp.            1    8       5000     265.351       6156.129   0.9
 Neighbor search           1    8       5001     588.739      13658.710   2.1
 Force                     1    8     500001   17905.116     415397.343  62.7
 PME mesh                  1    8     500001    8203.815     190327.881  28.7
 NB X/F buffer ops.        1    8     995001     624.320      14484.179   2.2
 Write traj.               1    8        131       5.782        134.139   0.0
 Update                    1    8     500001     413.356       9589.839   1.4
 Constraints               1    8     500001     484.645      11243.726   1.7
 Rest                                             74.378       1725.573   0.3
--------------------------------------------------------------------------------
 Total                                         28565.503     662717.519 100.0
--------------------------------------------------------------------------------
 Breakdown of PME mesh activities
--------------------------------------------------------------------------------
 PME spread                1    8     500001    2518.977      58440.076   8.8
 PME gather                1    8     500001    3909.787      90706.757  13.7
 PME 3D-FFT                1    8    1000002    1644.571      38153.918   5.8
 PME solve Elec            1    8     500001      98.142       2276.897   0.3
--------------------------------------------------------------------------------

               Core t (s)   Wall t (s)        (%)
       Time:   228523.967    28565.503      800.0
                         7h56:05
                 (ns/day)    (hour/ns)
Performance:        3.025        7.935
Finished mdrun on rank 0 Mon Nov 10 08:29:10 2025

